error TS2468: Cannot find global value 'Promise'.
node_modules/@dnd-kit/core/dist/components/DndContext/DndContext.d.ts(1,8): error TS1259: Module '"C:/code_visual_xanh/lab60622/lab60622/node_modules/@types/react/index"' can only be default-imported using the 'esModuleInterop' flag
node_modules/@dnd-kit/core/dist/components/DragOverlay/components/AnimationManager/AnimationManager.d.ts(1,8): error TS1259: Module '"C:/code_visual_xanh/lab60622/lab60622/node_modules/@types/react/index"' can only be default-imported using the 'esModuleInterop' flag
node_modules/@dnd-kit/core/dist/components/DragOverlay/components/NullifiedContextProvider/NullifiedContextProvider.d.ts(1,8): error TS1259: Module '"C:/code_visual_xanh/lab60622/lab60622/node_modules/@types/react/index"' can only be default-imported using the 'esModuleInterop' flag
node_modules/@dnd-kit/core/dist/components/DragOverlay/components/PositionedOverlay/PositionedOverlay.d.ts(1,8): error TS1259: Module '"C:/code_visual_xanh/lab60622/lab60622/node_modules/@types/react/index"' can only be default-imported using the 'esModuleInterop' flag
node_modules/@dnd-kit/core/dist/components/DragOverlay/DragOverlay.d.ts(1,8): error TS1259: Module '"C:/code_visual_xanh/lab60622/lab60622/node_modules/@types/react/index"' can only be default-imported using the 'esModuleInterop' flag
node_modules/@dnd-kit/core/dist/store/constructors.d.ts(4,53): error TS2583: Cannot find name 'Map'. Do you need to change your target library? Try changing the 'lib' compiler option to 'es2015' or later.
node_modules/@dnd-kit/core/dist/store/types.d.ts(48,38): error TS2583: Cannot find name 'Map'. Do you need to change your target library? Try changing the 'lib' compiler option to 'es2015' or later.
node_modules/@dnd-kit/core/dist/store/types.d.ts(50,31): error TS2583: Cannot find name 'Map'. Do you need to change your target library? Try changing the 'lib' compiler option to 'es2015' or later.
node_modules/@dnd-kit/sortable/dist/components/SortableContext.d.ts(1,8): error TS1259: Module '"C:/code_visual_xanh/lab60622/lab60622/node_modules/@types/react/index"' can only be default-imported using the 'esModuleInterop' flag
node_modules/@tanstack/query-core/build/legacy/focusManager.d.ts(6,5): error TS18028: Private identifiers are only available when targeting ECMAScript 2015 and higher.
node_modules/@tanstack/query-core/build/legacy/hydration-BlEVG2Lp.d.ts(9,5): error TS18028: Private identifiers are only available when targeting ECMAScript 2015 and higher.
node_modules/@tanstack/query-core/build/legacy/hydration-BlEVG2Lp.d.ts(115,5): error TS18028: Private identifiers are only available when targeting ECMAScript 2015 and higher.
node_modules/@tanstack/query-core/build/legacy/hydration-BlEVG2Lp.d.ts(156,5): error TS18028: Private identifiers are only available when targeting ECMAScript 2015 and higher.
node_modules/@tanstack/query-core/build/legacy/hydration-BlEVG2Lp.d.ts(205,5): error TS18028: Private identifiers are only available when targeting ECMAScript 2015 and higher.
node_modules/@tanstack/query-core/build/legacy/hydration-BlEVG2Lp.d.ts(266,5): error TS18028: Private identifiers are only available when targeting ECMAScript 2015 and higher.
node_modules/@tanstack/query-core/build/legacy/hydration-BlEVG2Lp.d.ts(424,19): error TS2304: Cannot find name 'IterableIterator'.
node_modules/@tanstack/query-core/build/legacy/hydration-BlEVG2Lp.d.ts(427,5): error TS18028: Private identifiers are only available when targeting ECMAScript 2015 and higher.
node_modules/@tanstack/query-core/build/legacy/hydration-BlEVG2Lp.d.ts(444,5): error TS18028: Private identifiers are only available when targeting ECMAScript 2015 and higher.
node_modules/@tanstack/query-core/build/legacy/onlineManager.d.ts(6,5): error TS18028: Private identifiers are only available when targeting ECMAScript 2015 and higher.
node_modules/@tanstack/query-core/build/legacy/queriesObserver.d.ts(11,5): error TS18028: Private identifiers are only available when targeting ECMAScript 2015 and higher.
node_modules/@tanstack/query-core/build/legacy/removable.d.ts(2,5): error TS18028: Private identifiers are only available when targeting ECMAScript 2015 and higher.
node_modules/@tanstack/query-core/build/legacy/streamedQuery.d.ts(6,61): error TS2583: Cannot find name 'AsyncIterable'. Do you need to change your target library? Try changing the 'lib' compiler option to 'es2018' or later.
node_modules/@tanstack/query-core/build/legacy/streamedQuery.d.ts(6,99): error TS2583: Cannot find name 'AsyncIterable'. Do you need to change your target library? Try changing the 'lib' compiler option to 'es2018' or later.
node_modules/@tanstack/query-core/build/legacy/subscribable.d.ts(2,26): error TS2583: Cannot find name 'Set'. Do you need to change your target library? Try changing the 'lib' compiler option to 'es2015' or later.
node_modules/@tanstack/query-core/build/legacy/timeoutManager.d.ts(17,6): error TS2585: 'Symbol' only refers to a type, but is being used as a value here. Do you need to change your target library? Try changing the 'lib' compiler option to es2015 or later.
node_modules/@tanstack/query-core/build/legacy/timeoutManager.d.ts(41,5): error TS18028: Private identifiers are only available when targeting ECMAScript 2015 and higher.
node_modules/@tanstack/table-core/build/lib/features/ColumnFaceting.d.ts(6,37): error TS2583: Cannot find name 'Map'. Do you need to change your target library? Try changing the 'lib' compiler option to 'es2015' or later.
node_modules/@tanstack/table-core/build/lib/features/ColumnFaceting.d.ts(27,35): error TS2583: Cannot find name 'Map'. Do you need to change your target library? Try changing the 'lib' compiler option to 'es2015' or later.
node_modules/@tanstack/table-core/build/lib/features/ColumnFaceting.d.ts(32,79): error TS2583: Cannot find name 'Map'. Do you need to change your target library? Try changing the 'lib' compiler option to 'es2015' or later.
node_modules/@tanstack/table-core/build/lib/features/GlobalFaceting.d.ts(6,43): error TS2583: Cannot find name 'Map'. Do you need to change your target library? Try changing the 'lib' compiler option to 'es2015' or later.
node_modules/@tanstack/table-core/build/lib/features/GlobalFaceting.d.ts(24,41): error TS2583: Cannot find name 'Map'. Do you need to change your target library? Try changing the 'lib' compiler option to 'es2015' or later.
node_modules/@tanstack/table-core/build/lib/utils/getFacetedUniqueValues.d.ts(2,123): error TS2583: Cannot find name 'Map'. Do you need to change your target library? Try changing the 'lib' compiler option to 'es2015' or later.
node_modules/@tiptap/core/dist/packages/core/src/NodeView.d.ts(21,5): error TS2416: Property 'ignoreMutation' in type 'NodeView<Component, NodeEditor, Options>' is not assignable to the same property in base type 'NodeView'.
  Type '(mutation: MutationRecord | { type: "selection"; target: Element; }) => boolean' is not assignable to type '(mutation: ViewMutationRecord) => boolean'.
    Types of parameters 'mutation' and 'mutation' are incompatible.
      Type 'ViewMutationRecord' is not assignable to type 'MutationRecord | { type: "selection"; target: Element; }'.
        Type '{ type: "selection"; target: Node; }' is not assignable to type 'MutationRecord | { type: "selection"; target: Element; }'.
          Type '{ type: "selection"; target: Node; }' is not assignable to type '{ type: "selection"; target: Element; }'.
            Types of property 'target' are incompatible.
              Type 'Node' is missing the following properties from type 'Element': attributes, classList, className, clientHeight, and 131 more.
node_modules/@tiptap/react/dist/packages/react/src/BubbleMenu.d.ts(2,8): error TS1259: Module '"C:/code_visual_xanh/lab60622/lab60622/node_modules/@types/react/index"' can only be default-imported using the 'esModuleInterop' flag
node_modules/@tiptap/react/dist/packages/react/src/Context.d.ts(2,8): error TS1259: Module '"C:/code_visual_xanh/lab60622/lab60622/node_modules/@types/react/index"' can only be default-imported using the 'esModuleInterop' flag
node_modules/@tiptap/react/dist/packages/react/src/Editor.d.ts(2,8): error TS1259: Module '"C:/code_visual_xanh/lab60622/lab60622/node_modules/@types/react/index"' can only be default-imported using the 'esModuleInterop' flag
node_modules/@tiptap/react/dist/packages/react/src/EditorContent.d.ts(1,8): error TS1259: Module '"C:/code_visual_xanh/lab60622/lab60622/node_modules/@types/react/index"' can only be default-imported using the 'esModuleInterop' flag
node_modules/@tiptap/react/dist/packages/react/src/FloatingMenu.d.ts(2,8): error TS1259: Module '"C:/code_visual_xanh/lab60622/lab60622/node_modules/@types/react/index"' can only be default-imported using the 'esModuleInterop' flag
node_modules/@tiptap/react/dist/packages/react/src/NodeViewContent.d.ts(1,8): error TS1259: Module '"C:/code_visual_xanh/lab60622/lab60622/node_modules/@types/react/index"' can only be default-imported using the 'esModuleInterop' flag
node_modules/@tiptap/react/dist/packages/react/src/NodeViewWrapper.d.ts(1,8): error TS1259: Module '"C:/code_visual_xanh/lab60622/lab60622/node_modules/@types/react/index"' can only be default-imported using the 'esModuleInterop' flag
node_modules/@tiptap/react/dist/packages/react/src/ReactRenderer.d.ts(2,8): error TS1259: Module '"C:/code_visual_xanh/lab60622/lab60622/node_modules/@types/react/index"' can only be default-imported using the 'esModuleInterop' flag
node_modules/@types/d3-scale/index.d.ts(75,20): error TS2304: Cannot find name 'Iterable'.
node_modules/@types/d3-scale/index.d.ts(89,18): error TS2304: Cannot find name 'Iterable'.
node_modules/@types/d3-scale/index.d.ts(102,23): error TS2304: Cannot find name 'Iterable'.
node_modules/@types/d3-scale/index.d.ts(267,13): error TS2304: Cannot find name 'Iterable'.
node_modules/@types/d3-scale/index.d.ts(288,13): error TS2304: Cannot find name 'Iterable'.
node_modules/@types/d3-scale/index.d.ts(289,12): error TS2304: Cannot find name 'Iterable'.
node_modules/@types/d3-scale/index.d.ts(396,13): error TS2304: Cannot find name 'Iterable'.
node_modules/@types/d3-scale/index.d.ts(418,13): error TS2304: Cannot find name 'Iterable'.
node_modules/@types/d3-scale/index.d.ts(419,12): error TS2304: Cannot find name 'Iterable'.
node_modules/@types/d3-scale/index.d.ts(443,13): error TS2304: Cannot find name 'Iterable'.
node_modules/@types/d3-scale/index.d.ts(465,13): error TS2304: Cannot find name 'Iterable'.
node_modules/@types/d3-scale/index.d.ts(466,12): error TS2304: Cannot find name 'Iterable'.
node_modules/@types/d3-scale/index.d.ts(521,20): error TS2304: Cannot find name 'Iterable'.
node_modules/@types/d3-scale/index.d.ts(641,13): error TS2304: Cannot find name 'Iterable'.
node_modules/@types/d3-scale/index.d.ts(662,13): error TS2304: Cannot find name 'Iterable'.
node_modules/@types/d3-scale/index.d.ts(663,12): error TS2304: Cannot find name 'Iterable'.
node_modules/@types/d3-scale/index.d.ts(751,13): error TS2304: Cannot find name 'Iterable'.
node_modules/@types/d3-scale/index.d.ts(772,13): error TS2304: Cannot find name 'Iterable'.
node_modules/@types/d3-scale/index.d.ts(773,12): error TS2304: Cannot find name 'Iterable'.
node_modules/@types/d3-scale/index.d.ts(829,20): error TS2304: Cannot find name 'Iterable'.
node_modules/@types/d3-scale/index.d.ts(843,18): error TS2304: Cannot find name 'Iterable'.
node_modules/@types/d3-scale/index.d.ts(911,56): error TS2304: Cannot find name 'Iterable'.
node_modules/@types/d3-scale/index.d.ts(943,13): error TS2304: Cannot find name 'Iterable'.
node_modules/@types/d3-scale/index.d.ts(958,13): error TS2304: Cannot find name 'Iterable'.
node_modules/@types/d3-scale/index.d.ts(959,12): error TS2304: Cannot find name 'Iterable'.
node_modules/@types/d3-scale/index.d.ts(1027,20): error TS2304: Cannot find name 'Iterable'.
node_modules/@types/d3-scale/index.d.ts(1041,18): error TS2304: Cannot find name 'Iterable'.
node_modules/@types/d3-scale/index.d.ts(1054,23): error TS2304: Cannot find name 'Iterable'.
node_modules/@types/d3-scale/index.d.ts(1228,13): error TS2304: Cannot find name 'Iterable'.
node_modules/@types/d3-scale/index.d.ts(1249,13): error TS2304: Cannot find name 'Iterable'.
node_modules/@types/d3-scale/index.d.ts(1250,12): error TS2304: Cannot find name 'Iterable'.
node_modules/@types/d3-scale/index.d.ts(1273,13): error TS2304: Cannot find name 'Iterable'.
node_modules/@types/d3-scale/index.d.ts(1294,13): error TS2304: Cannot find name 'Iterable'.
node_modules/@types/d3-scale/index.d.ts(1295,12): error TS2304: Cannot find name 'Iterable'.
node_modules/@types/d3-scale/index.d.ts(1332,20): error TS2304: Cannot find name 'Iterable'.
node_modules/@types/d3-scale/index.d.ts(1358,18): error TS2304: Cannot find name 'Iterable'.
node_modules/@types/d3-scale/index.d.ts(1366,23): error TS2304: Cannot find name 'Iterable'.
node_modules/@types/d3-scale/index.d.ts(1421,46): error TS2304: Cannot find name 'Iterable'.
node_modules/@types/d3-scale/index.d.ts(1437,13): error TS2304: Cannot find name 'Iterable'.
node_modules/@types/d3-scale/index.d.ts(1438,45): error TS2304: Cannot find name 'Iterable'.
node_modules/@types/d3-scale/index.d.ts(1464,13): error TS2304: Cannot find name 'Iterable'.
node_modules/@types/d3-scale/index.d.ts(1491,13): error TS2304: Cannot find name 'Iterable'.
node_modules/@types/d3-scale/index.d.ts(1518,13): error TS2304: Cannot find name 'Iterable'.
node_modules/@types/d3-scale/index.d.ts(1545,13): error TS2304: Cannot find name 'Iterable'.
node_modules/@types/d3-scale/index.d.ts(1610,13): error TS2304: Cannot find name 'Iterable'.
node_modules/@types/d3-scale/index.d.ts(1649,20): error TS2304: Cannot find name 'Iterable'.
node_modules/@types/d3-scale/index.d.ts(1686,18): error TS2304: Cannot find name 'Iterable'.
node_modules/@types/d3-scale/index.d.ts(1694,23): error TS2304: Cannot find name 'Iterable'.
node_modules/@types/d3-scale/index.d.ts(1729,46): error TS2304: Cannot find name 'Iterable'.
node_modules/@types/d3-scale/index.d.ts(1746,13): error TS2304: Cannot find name 'Iterable'.
node_modules/@types/d3-scale/index.d.ts(1747,45): error TS2304: Cannot find name 'Iterable'.
node_modules/@types/d3-scale/index.d.ts(1773,13): error TS2304: Cannot find name 'Iterable'.
node_modules/@types/d3-scale/index.d.ts(1800,13): error TS2304: Cannot find name 'Iterable'.
node_modules/@types/d3-scale/index.d.ts(1827,13): error TS2304: Cannot find name 'Iterable'.
node_modules/@types/d3-scale/index.d.ts(1854,13): error TS2304: Cannot find name 'Iterable'.
node_modules/@types/d3-scale/index.d.ts(1898,20): error TS2304: Cannot find name 'Iterable'.
node_modules/@types/d3-scale/index.d.ts(1909,18): error TS2304: Cannot find name 'Iterable'.
node_modules/@types/d3-scale/index.d.ts(1985,72): error TS2304: Cannot find name 'Iterable'.
node_modules/@types/d3-scale/index.d.ts(2000,13): error TS2304: Cannot find name 'Iterable'.
node_modules/@types/d3-scale/index.d.ts(2001,12): error TS2304: Cannot find name 'Iterable'.
node_modules/@types/d3-scale/index.d.ts(2047,20): error TS2304: Cannot find name 'Iterable'.
node_modules/@types/d3-scale/index.d.ts(2061,18): error TS2304: Cannot find name 'Iterable'.
node_modules/@types/d3-scale/index.d.ts(2100,72): error TS2304: Cannot find name 'Iterable'.
node_modules/@types/d3-scale/index.d.ts(2113,13): error TS2304: Cannot find name 'Iterable'.
node_modules/@types/d3-scale/index.d.ts(2114,12): error TS2304: Cannot find name 'Iterable'.
node_modules/@types/d3-scale/index.d.ts(2162,20): error TS2304: Cannot find name 'Iterable'.
node_modules/@types/d3-scale/index.d.ts(2175,18): error TS2304: Cannot find name 'Iterable'.
node_modules/@types/d3-scale/index.d.ts(2208,13): error TS2304: Cannot find name 'Iterable'.
node_modules/@types/d3-scale/index.d.ts(2223,13): error TS2304: Cannot find name 'Iterable'.
node_modules/@types/d3-scale/index.d.ts(2224,12): error TS2304: Cannot find name 'Iterable'.
node_modules/@types/d3-scale/index.d.ts(2272,20): error TS2304: Cannot find name 'Iterable'.
node_modules/@types/d3-scale/index.d.ts(2287,18): error TS2304: Cannot find name 'Iterable'.
node_modules/@types/d3-scale/index.d.ts(2319,45): error TS2304: Cannot find name 'Iterable'.
node_modules/@types/d3-scale/index.d.ts(2333,13): error TS2304: Cannot find name 'Iterable'.
node_modules/@types/d3-scale/index.d.ts(2347,13): error TS2304: Cannot find name 'Iterable'.
node_modules/@types/d3-scale/index.d.ts(2348,12): error TS2304: Cannot find name 'Iterable'.
node_modules/@types/d3-scale/index.d.ts(2388,20): error TS2304: Cannot find name 'Iterable'.
node_modules/@types/d3-scale/index.d.ts(2400,18): error TS2304: Cannot find name 'Iterable'.
node_modules/@types/d3-scale/index.d.ts(2410,23): error TS2304: Cannot find name 'Iterable'.
node_modules/@types/d3-scale/index.d.ts(2509,13): error TS2304: Cannot find name 'Iterable'.
node_modules/@types/d3-scale/index.d.ts(2520,13): error TS2304: Cannot find name 'Iterable'.
node_modules/@types/d3-scale/index.d.ts(2521,12): error TS2304: Cannot find name 'Iterable'.
node_modules/@types/d3-scale/index.d.ts(2555,20): error TS2304: Cannot find name 'Iterable'.
node_modules/@types/d3-scale/index.d.ts(2568,18): error TS2304: Cannot find name 'Iterable'.
node_modules/@types/d3-scale/index.d.ts(2578,23): error TS2304: Cannot find name 'Iterable'.
node_modules/@types/d3-scale/index.d.ts(2655,13): error TS2304: Cannot find name 'Iterable'.
node_modules/@types/d3-scale/index.d.ts(2667,13): error TS2304: Cannot find name 'Iterable'.
node_modules/@types/d3-scale/index.d.ts(2668,12): error TS2304: Cannot find name 'Iterable'.
node_modules/@types/d3-shape/index.d.ts(627,12): error TS2304: Cannot find name 'Iterable'.
node_modules/@types/d3-shape/index.d.ts(637,12): error TS2304: Cannot find name 'Iterable'.
node_modules/@types/d3-shape/index.d.ts(789,12): error TS2304: Cannot find name 'Iterable'.
node_modules/@types/d3-shape/index.d.ts(799,12): error TS2304: Cannot find name 'Iterable'.
node_modules/@types/d3-shape/index.d.ts(975,12): error TS2304: Cannot find name 'Iterable'.
node_modules/@types/d3-shape/index.d.ts(985,12): error TS2304: Cannot find name 'Iterable'.
node_modules/@types/d3-shape/index.d.ts(1244,12): error TS2304: Cannot find name 'Iterable'.
node_modules/@types/d3-shape/index.d.ts(1253,12): error TS2304: Cannot find name 'Iterable'.
node_modules/@types/d3-shape/index.d.ts(2485,12): error TS2304: Cannot find name 'Iterable'.
node_modules/@types/d3-shape/index.d.ts(2497,16): error TS2304: Cannot find name 'Iterable'.
node_modules/@types/d3-shape/index.d.ts(2522,46): error TS2304: Cannot find name 'Iterable'.
node_modules/@types/d3-shape/index.d.ts(2526,25): error TS2304: Cannot find name 'Iterable'.
node_modules/@types/d3-shape/index.d.ts(2537,50): error TS2304: Cannot find name 'Iterable'.
node_modules/@types/d3-shape/index.d.ts(2647,70): error TS2304: Cannot find name 'Iterable'.
node_modules/@types/d3-shape/index.d.ts(2655,73): error TS2304: Cannot find name 'Iterable'.
node_modules/@types/d3-shape/index.d.ts(2663,68): error TS2304: Cannot find name 'Iterable'.
node_modules/@types/d3-shape/index.d.ts(2671,74): error TS2304: Cannot find name 'Iterable'.
node_modules/@types/d3-shape/index.d.ts(2680,70): error TS2304: Cannot find name 'Iterable'.
node_modules/@types/prop-types/index.d.ts(16,38): error TS2304: Cannot find name 'Iterable'.
node_modules/@types/react/index.d.ts(448,26): error TS2304: Cannot find name 'Iterable'.
node_modules/@types/react/index.d.ts(486,10): error TS2456: Type alias 'ReactNode' circularly references itself.
node_modules/@types/react/index.d.ts(490,11): error TS2304: Cannot find name 'Iterable'.
node_modules/axios/index.d.ts(79,4): error TS2585: 'Symbol' only refers to a type, but is being used as a value here. Do you need to change your target library? Try changing the 'lib' compiler option to es2015 or later.
node_modules/axios/index.d.ts(79,24): error TS2304: Cannot find name 'IterableIterator'.
node_modules/date-fns/intlFormatDistance.d.ts(9,12): error TS2694: Namespace 'Intl' has no exported member 'UnicodeBCP47LocaleIdentifier'.
node_modules/date-fns/intlFormatDistance.d.ts(10,12): error TS2694: Namespace 'Intl' has no exported member 'UnicodeBCP47LocaleIdentifier'.
node_modules/date-fns/intlFormatDistance.d.ts(12,24): error TS2694: Namespace 'Intl' has no exported member 'RelativeTimeFormatLocaleMatcher'.
node_modules/date-fns/intlFormatDistance.d.ts(14,18): error TS2694: Namespace 'Intl' has no exported member 'RelativeTimeFormatNumeric'.
node_modules/date-fns/intlFormatDistance.d.ts(16,16): error TS2694: Namespace 'Intl' has no exported member 'RelativeTimeFormatStyle'.
node_modules/qrcode.react/lib/index.d.ts(1,8): error TS1259: Module '"C:/code_visual_xanh/lab60622/lab60622/node_modules/@types/react/index"' can only be default-imported using the 'esModuleInterop' flag
node_modules/react-confetti/dist/react-confetti.d.cts(1,8): error TS1259: Module '"C:/code_visual_xanh/lab60622/lab60622/node_modules/@types/react/index"' can only be default-imported using the 'esModuleInterop' flag
node_modules/react-hook-form/dist/form.d.ts(1,8): error TS1259: Module '"C:/code_visual_xanh/lab60622/lab60622/node_modules/@types/react/index"' can only be default-imported using the 'esModuleInterop' flag
node_modules/react-hook-form/dist/types/controller.d.ts(1,13): error TS1259: Module '"C:/code_visual_xanh/lab60622/lab60622/node_modules/@types/react/index"' can only be default-imported using the 'esModuleInterop' flag
node_modules/react-hook-form/dist/types/form.d.ts(1,13): error TS1259: Module '"C:/code_visual_xanh/lab60622/lab60622/node_modules/@types/react/index"' can only be default-imported using the 'esModuleInterop' flag
node_modules/react-hook-form/dist/types/form.d.ts(20,31): error TS2583: Cannot find name 'Set'. Do you need to change your target library? Try changing the 'lib' compiler option to 'es2015' or later.
node_modules/react-hook-form/dist/useFormContext.d.ts(1,8): error TS1259: Module '"C:/code_visual_xanh/lab60622/lab60622/node_modules/@types/react/index"' can only be default-imported using the 'esModuleInterop' flag
node_modules/react-i18next/index.d.ts(64,39): error TS2304: Cannot find name 'Iterable'.
node_modules/react-router-dom/dist/index.d.ts(1,69): error TS2307: Cannot find module 'react-router/dom' or its corresponding type declarations.
  There are types at 'C:/code_visual_xanh/lab60622/lab60622/node_modules/react-router/dist/development/dom-export.d.mts', but this result could not be resolved under your current 'moduleResolution' setting. Consider updating to 'node16', 'nodenext', or 'bundler'.
node_modules/react-router/dist/development/index-react-server-client-C4tCIird.d.ts(27,81): error TS2583: Cannot find name 'Set'. Do you need to change your target library? Try changing the 'lib' compiler option to 'es2015' or later.
node_modules/react-router/dist/development/index-react-server-client-C4tCIird.d.ts(28,284): error TS2583: Cannot find name 'Set'. Do you need to change your target library? Try changing the 'lib' compiler option to 'es2015' or later.
node_modules/react-router/dist/development/index.d.ts(4,8): error TS1259: Module '"C:/code_visual_xanh/lab60622/lab60622/node_modules/@types/react/index"' can only be default-imported using the 'esModuleInterop' flag
node_modules/react-router/dist/development/index.d.ts(1357,63): error TS2304: Cannot find name 'Iterable'.
node_modules/react-router/dist/development/instrumentation--6Pioq_G.d.ts(413,5): error TS18028: Private identifiers are only available when targeting ECMAScript 2015 and higher.
node_modules/react-router/dist/development/instrumentation--6Pioq_G.d.ts(418,24): error TS2583: Cannot find name 'Map'. Do you need to change your target library? Try changing the 'lib' compiler option to 'es2015' or later.
node_modules/react-router/dist/development/instrumentation--6Pioq_G.d.ts(1324,32): error TS2583: Cannot find name 'Map'. Do you need to change your target library? Try changing the 'lib' compiler option to 'es2015' or later.
node_modules/react-router/dist/development/instrumentation--6Pioq_G.d.ts(1386,15): error TS2583: Cannot find name 'Map'. Do you need to change your target library? Try changing the 'lib' compiler option to 'es2015' or later.
node_modules/react-router/dist/development/instrumentation--6Pioq_G.d.ts(1390,15): error TS2583: Cannot find name 'Map'. Do you need to change your target library? Try changing the 'lib' compiler option to 'es2015' or later.
node_modules/react-router/dist/development/instrumentation--6Pioq_G.d.ts(2735,30): error TS2583: Cannot find name 'Map'. Do you need to change your target library? Try changing the 'lib' compiler option to 'es2015' or later.
node_modules/react-router/dist/development/instrumentation--6Pioq_G.d.ts(2903,6): error TS2456: Type alias 'Serializable' circularly references itself.
node_modules/react-router/dist/development/instrumentation--6Pioq_G.d.ts(2905,44): error TS2583: Cannot find name 'Map'. Do you need to change your target library? Try changing the 'lib' compiler option to 'es2015' or later.
node_modules/react-router/dist/development/instrumentation--6Pioq_G.d.ts(2905,78): error TS2583: Cannot find name 'Set'. Do you need to change your target library? Try changing the 'lib' compiler option to 'es2015' or later.
node_modules/react-router/dist/development/instrumentation--6Pioq_G.d.ts(2947,214): error TS2583: Cannot find name 'Map'. Do you need to change your target library? Try changing the 'lib' compiler option to 'es2015' or later.
node_modules/react-router/dist/development/instrumentation--6Pioq_G.d.ts(2947,238): error TS2583: Cannot find name 'Map'. Do you need to change your target library? Try changing the 'lib' compiler option to 'es2015' or later.
node_modules/react-router/dist/development/instrumentation--6Pioq_G.d.ts(2947,282): error TS2304: Cannot find name 'ReadonlyMap'.
node_modules/react-router/dist/development/instrumentation--6Pioq_G.d.ts(2947,314): error TS2304: Cannot find name 'ReadonlyMap'.
node_modules/react-router/dist/development/instrumentation--6Pioq_G.d.ts(2947,366): error TS2583: Cannot find name 'Set'. Do you need to change your target library? Try changing the 'lib' compiler option to 'es2015' or later.
node_modules/react-router/dist/development/instrumentation--6Pioq_G.d.ts(2947,381): error TS2583: Cannot find name 'Set'. Do you need to change your target library? Try changing the 'lib' compiler option to 'es2015' or later.
node_modules/react-router/dist/development/instrumentation--6Pioq_G.d.ts(2947,411): error TS2304: Cannot find name 'ReadonlySet'.
node_modules/react-router/dist/development/instrumentation--6Pioq_G.d.ts(2947,434): error TS2304: Cannot find name 'ReadonlySet'.
node_modules/recharts/types/cartesian/Area.d.ts(4,8): error TS1259: Module '"C:/code_visual_xanh/lab60622/lab60622/node_modules/@types/react/index"' can only be default-imported using the 'esModuleInterop' flag
node_modules/recharts/types/cartesian/Bar.d.ts(4,8): error TS1259: Module '"C:/code_visual_xanh/lab60622/lab60622/node_modules/@types/react/index"' can only be default-imported using the 'esModuleInterop' flag
node_modules/recharts/types/cartesian/Brush.d.ts(4,8): error TS1259: Module '"C:/code_visual_xanh/lab60622/lab60622/node_modules/@types/react/index"' can only be default-imported using the 'esModuleInterop' flag
node_modules/recharts/types/cartesian/CartesianAxis.d.ts(4,8): error TS1259: Module '"C:/code_visual_xanh/lab60622/lab60622/node_modules/@types/react/index"' can only be default-imported using the 'esModuleInterop' flag
node_modules/recharts/types/cartesian/CartesianGrid.d.ts(4,8): error TS1259: Module '"C:/code_visual_xanh/lab60622/lab60622/node_modules/@types/react/index"' can only be default-imported using the 'esModuleInterop' flag
node_modules/recharts/types/cartesian/ErrorBar.d.ts(4,8): error TS1259: Module '"C:/code_visual_xanh/lab60622/lab60622/node_modules/@types/react/index"' can only be default-imported using the 'esModuleInterop' flag
node_modules/recharts/types/cartesian/Line.d.ts(4,8): error TS1259: Module '"C:/code_visual_xanh/lab60622/lab60622/node_modules/@types/react/index"' can only be default-imported using the 'esModuleInterop' flag
node_modules/recharts/types/cartesian/ReferenceArea.d.ts(4,8): error TS1259: Module '"C:/code_visual_xanh/lab60622/lab60622/node_modules/@types/react/index"' can only be default-imported using the 'esModuleInterop' flag
node_modules/recharts/types/cartesian/ReferenceDot.d.ts(4,8): error TS1259: Module '"C:/code_visual_xanh/lab60622/lab60622/node_modules/@types/react/index"' can only be default-imported using the 'esModuleInterop' flag
node_modules/recharts/types/cartesian/ReferenceLine.d.ts(4,8): error TS1259: Module '"C:/code_visual_xanh/lab60622/lab60622/node_modules/@types/react/index"' can only be default-imported using the 'esModuleInterop' flag
node_modules/recharts/types/cartesian/Scatter.d.ts(4,8): error TS1259: Module '"C:/code_visual_xanh/lab60622/lab60622/node_modules/@types/react/index"' can only be default-imported using the 'esModuleInterop' flag
node_modules/recharts/types/chart/generateCategoricalChart.d.ts(1,8): error TS1259: Module '"C:/code_visual_xanh/lab60622/lab60622/node_modules/@types/react/index"' can only be default-imported using the 'esModuleInterop' flag
node_modules/recharts/types/chart/generateCategoricalChart.d.ts(2,36): error TS7016: Could not find a declaration file for module 'lodash'. 'C:/code_visual_xanh/lab60622/lab60622/node_modules/lodash/lodash.js' implicitly has an 'any' type.
  Try `npm i --save-dev @types/lodash` if it exists or add a new declaration (.d.ts) file containing `declare module 'lodash';`
node_modules/recharts/types/chart/Sankey.d.ts(4,8): error TS1259: Module '"C:/code_visual_xanh/lab60622/lab60622/node_modules/@types/react/index"' can only be default-imported using the 'esModuleInterop' flag
node_modules/recharts/types/chart/SunburstChart.d.ts(1,8): error TS1259: Module '"C:/code_visual_xanh/lab60622/lab60622/node_modules/@types/react/index"' can only be default-imported using the 'esModuleInterop' flag
node_modules/recharts/types/chart/Treemap.d.ts(4,8): error TS1259: Module '"C:/code_visual_xanh/lab60622/lab60622/node_modules/@types/react/index"' can only be default-imported using the 'esModuleInterop' flag
node_modules/recharts/types/component/Customized.d.ts(4,8): error TS1259: Module '"C:/code_visual_xanh/lab60622/lab60622/node_modules/@types/react/index"' can only be default-imported using the 'esModuleInterop' flag
node_modules/recharts/types/component/DefaultLegendContent.d.ts(4,8): error TS1259: Module '"C:/code_visual_xanh/lab60622/lab60622/node_modules/@types/react/index"' can only be default-imported using the 'esModuleInterop' flag
node_modules/recharts/types/component/DefaultTooltipContent.d.ts(4,8): error TS1259: Module '"C:/code_visual_xanh/lab60622/lab60622/node_modules/@types/react/index"' can only be default-imported using the 'esModuleInterop' flag
node_modules/recharts/types/component/Label.d.ts(1,8): error TS1259: Module '"C:/code_visual_xanh/lab60622/lab60622/node_modules/@types/react/index"' can only be default-imported using the 'esModuleInterop' flag
node_modules/recharts/types/component/LabelList.d.ts(1,8): error TS1259: Module '"C:/code_visual_xanh/lab60622/lab60622/node_modules/@types/react/index"' can only be default-imported using the 'esModuleInterop' flag
node_modules/recharts/types/component/Legend.d.ts(4,8): error TS1259: Module '"C:/code_visual_xanh/lab60622/lab60622/node_modules/@types/react/index"' can only be default-imported using the 'esModuleInterop' flag
node_modules/recharts/types/component/ResponsiveContainer.d.ts(1,8): error TS1259: Module '"C:/code_visual_xanh/lab60622/lab60622/node_modules/@types/react/index"' can only be default-imported using the 'esModuleInterop' flag
node_modules/recharts/types/component/Text.d.ts(1,8): error TS1259: Module '"C:/code_visual_xanh/lab60622/lab60622/node_modules/@types/react/index"' can only be default-imported using the 'esModuleInterop' flag
node_modules/recharts/types/component/Tooltip.d.ts(4,8): error TS1259: Module '"C:/code_visual_xanh/lab60622/lab60622/node_modules/@types/react/index"' can only be default-imported using the 'esModuleInterop' flag
node_modules/recharts/types/container/Layer.d.ts(1,8): error TS1259: Module '"C:/code_visual_xanh/lab60622/lab60622/node_modules/@types/react/index"' can only be default-imported using the 'esModuleInterop' flag
node_modules/recharts/types/container/Surface.d.ts(4,8): error TS1259: Module '"C:/code_visual_xanh/lab60622/lab60622/node_modules/@types/react/index"' can only be default-imported using the 'esModuleInterop' flag
node_modules/recharts/types/numberAxis/Funnel.d.ts(4,8): error TS1259: Module '"C:/code_visual_xanh/lab60622/lab60622/node_modules/@types/react/index"' can only be default-imported using the 'esModuleInterop' flag
node_modules/recharts/types/polar/Pie.d.ts(4,8): error TS1259: Module '"C:/code_visual_xanh/lab60622/lab60622/node_modules/@types/react/index"' can only be default-imported using the 'esModuleInterop' flag
node_modules/recharts/types/polar/PolarAngleAxis.d.ts(4,8): error TS1259: Module '"C:/code_visual_xanh/lab60622/lab60622/node_modules/@types/react/index"' can only be default-imported using the 'esModuleInterop' flag
node_modules/recharts/types/polar/PolarGrid.d.ts(4,8): error TS1259: Module '"C:/code_visual_xanh/lab60622/lab60622/node_modules/@types/react/index"' can only be default-imported using the 'esModuleInterop' flag
node_modules/recharts/types/polar/PolarRadiusAxis.d.ts(4,8): error TS1259: Module '"C:/code_visual_xanh/lab60622/lab60622/node_modules/@types/react/index"' can only be default-imported using the 'esModuleInterop' flag
node_modules/recharts/types/polar/Radar.d.ts(4,8): error TS1259: Module '"C:/code_visual_xanh/lab60622/lab60622/node_modules/@types/react/index"' can only be default-imported using the 'esModuleInterop' flag
node_modules/recharts/types/polar/RadialBar.d.ts(4,8): error TS1259: Module '"C:/code_visual_xanh/lab60622/lab60622/node_modules/@types/react/index"' can only be default-imported using the 'esModuleInterop' flag
node_modules/recharts/types/shape/Cross.d.ts(4,8): error TS1259: Module '"C:/code_visual_xanh/lab60622/lab60622/node_modules/@types/react/index"' can only be default-imported using the 'esModuleInterop' flag
node_modules/recharts/types/shape/Polygon.d.ts(4,8): error TS1259: Module '"C:/code_visual_xanh/lab60622/lab60622/node_modules/@types/react/index"' can only be default-imported using the 'esModuleInterop' flag
node_modules/recharts/types/shape/Rectangle.d.ts(4,8): error TS1259: Module '"C:/code_visual_xanh/lab60622/lab60622/node_modules/@types/react/index"' can only be default-imported using the 'esModuleInterop' flag
node_modules/recharts/types/shape/Sector.d.ts(4,8): error TS1259: Module '"C:/code_visual_xanh/lab60622/lab60622/node_modules/@types/react/index"' can only be default-imported using the 'esModuleInterop' flag
node_modules/recharts/types/shape/Symbols.d.ts(4,8): error TS1259: Module '"C:/code_visual_xanh/lab60622/lab60622/node_modules/@types/react/index"' can only be default-imported using the 'esModuleInterop' flag
node_modules/recharts/types/shape/Trapezoid.d.ts(4,8): error TS1259: Module '"C:/code_visual_xanh/lab60622/lab60622/node_modules/@types/react/index"' can only be default-imported using the 'esModuleInterop' flag
node_modules/recharts/types/util/BarUtils.d.ts(1,8): error TS1259: Module '"C:/code_visual_xanh/lab60622/lab60622/node_modules/@types/react/index"' can only be default-imported using the 'esModuleInterop' flag
node_modules/sonner/dist/index.d.ts(1,8): error TS1259: Module '"C:/code_visual_xanh/lab60622/lab60622/node_modules/@types/react/index"' can only be default-imported using the 'esModuleInterop' flag
node_modules/vite/types/hot.d.ts(4,4): error TS2585: 'Symbol' only refers to a type, but is being used as a value here. Do you need to change your target library? Try changing the 'lib' compiler option to es2015 or later.
node_modules/zod/v3/helpers/util.d.cts(22,47): error TS2339: Property 'isInteger' does not exist on type 'NumberConstructor'.
node_modules/zod/v3/helpers/util.d.ts(22,47): error TS2339: Property 'isInteger' does not exist on type 'NumberConstructor'.
node_modules/zod/v3/types.d.cts(608,17): error TS2583: Cannot find name 'Map'. Do you need to change your target library? Try changing the 'lib' compiler option to 'es2015' or later.
node_modules/zod/v3/types.d.cts(615,23): error TS2583: Cannot find name 'Map'. Do you need to change your target library? Try changing the 'lib' compiler option to 'es2015' or later.
node_modules/zod/v3/types.d.cts(680,121): error TS2583: Cannot find name 'Map'. Do you need to change your target library? Try changing the 'lib' compiler option to 'es2015' or later.
node_modules/zod/v3/types.d.cts(680,183): error TS2583: Cannot find name 'Map'. Do you need to change your target library? Try changing the 'lib' compiler option to 'es2015' or later.
node_modules/zod/v3/types.d.cts(698,84): error TS2583: Cannot find name 'Set'. Do you need to change your target library? Try changing the 'lib' compiler option to 'es2015' or later.
node_modules/zod/v3/types.d.cts(698,125): error TS2583: Cannot find name 'Set'. Do you need to change your target library? Try changing the 'lib' compiler option to 'es2015' or later.
node_modules/zod/v3/types.d.cts(763,13): error TS2583: Cannot find name 'Set'. Do you need to change your target library? Try changing the 'lib' compiler option to 'es2015' or later.
node_modules/zod/v3/types.d.cts(782,13): error TS2583: Cannot find name 'Set'. Do you need to change your target library? Try changing the 'lib' compiler option to 'es2015' or later.
node_modules/zod/v3/types.d.cts(902,15): error TS2585: 'Symbol' only refers to a type, but is being used as a value here. Do you need to change your target library? Try changing the 'lib' compiler option to es2015 or later.
node_modules/zod/v3/types.d.cts(903,20): error TS2304: Cannot find name 'Generator'.
node_modules/zod/v3/types.d.cts(904,34): error TS2583: Cannot find name 'Map'. Do you need to change your target library? Try changing the 'lib' compiler option to 'es2015' or later.
node_modules/zod/v3/types.d.cts(904,58): error TS2552: Cannot find name 'ReadonlyMap'. Did you mean 'Readonly'?
node_modules/zod/v3/types.d.cts(904,88): error TS2583: Cannot find name 'Set'. Do you need to change your target library? Try changing the 'lib' compiler option to 'es2015' or later.
node_modules/zod/v3/types.d.cts(904,103): error TS2304: Cannot find name 'ReadonlySet'.
node_modules/zod/v3/types.d.ts(608,17): error TS2583: Cannot find name 'Map'. Do you need to change your target library? Try changing the 'lib' compiler option to 'es2015' or later.
node_modules/zod/v3/types.d.ts(615,23): error TS2583: Cannot find name 'Map'. Do you need to change your target library? Try changing the 'lib' compiler option to 'es2015' or later.
node_modules/zod/v3/types.d.ts(680,121): error TS2583: Cannot find name 'Map'. Do you need to change your target library? Try changing the 'lib' compiler option to 'es2015' or later.
node_modules/zod/v3/types.d.ts(680,183): error TS2583: Cannot find name 'Map'. Do you need to change your target library? Try changing the 'lib' compiler option to 'es2015' or later.
node_modules/zod/v3/types.d.ts(698,84): error TS2583: Cannot find name 'Set'. Do you need to change your target library? Try changing the 'lib' compiler option to 'es2015' or later.
node_modules/zod/v3/types.d.ts(698,125): error TS2583: Cannot find name 'Set'. Do you need to change your target library? Try changing the 'lib' compiler option to 'es2015' or later.
node_modules/zod/v3/types.d.ts(763,13): error TS2583: Cannot find name 'Set'. Do you need to change your target library? Try changing the 'lib' compiler option to 'es2015' or later.
node_modules/zod/v3/types.d.ts(782,13): error TS2583: Cannot find name 'Set'. Do you need to change your target library? Try changing the 'lib' compiler option to 'es2015' or later.
node_modules/zod/v3/types.d.ts(902,15): error TS2585: 'Symbol' only refers to a type, but is being used as a value here. Do you need to change your target library? Try changing the 'lib' compiler option to es2015 or later.
node_modules/zod/v3/types.d.ts(903,20): error TS2304: Cannot find name 'Generator'.
node_modules/zod/v3/types.d.ts(904,34): error TS2583: Cannot find name 'Map'. Do you need to change your target library? Try changing the 'lib' compiler option to 'es2015' or later.
node_modules/zod/v3/types.d.ts(904,58): error TS2304: Cannot find name 'ReadonlyMap'.
node_modules/zod/v3/types.d.ts(904,88): error TS2583: Cannot find name 'Set'. Do you need to change your target library? Try changing the 'lib' compiler option to 'es2015' or later.
node_modules/zod/v3/types.d.ts(904,103): error TS2304: Cannot find name 'ReadonlySet'.
node_modules/zod/v4/core/registries.d.ts(16,11): error TS2583: Cannot find name 'Map'. Do you need to change your target library? Try changing the 'lib' compiler option to 'es2015' or later.
node_modules/zod/v4/core/registries.d.ts(17,13): error TS2583: Cannot find name 'Map'. Do you need to change your target library? Try changing the 'lib' compiler option to 'es2015' or later.
node_modules/zod/v4/core/schemas.d.ts(42,13): error TS2583: Cannot find name 'Set'. Do you need to change your target library? Try changing the 'lib' compiler option to 'es2015' or later.
node_modules/zod/v4/core/schemas.d.ts(105,19): error TS2583: Cannot find name 'Set'. Do you need to change your target library? Try changing the 'lib' compiler option to 'es2015' or later.
node_modules/zod/v4/core/schemas.d.ts(706,129): error TS2583: Cannot find name 'Map'. Do you need to change your target library? Try changing the 'lib' compiler option to 'es2015' or later.
node_modules/zod/v4/core/schemas.d.ts(706,172): error TS2583: Cannot find name 'Map'. Do you need to change your target library? Try changing the 'lib' compiler option to 'es2015' or later.
node_modules/zod/v4/core/schemas.d.ts(720,92): error TS2583: Cannot find name 'Set'. Do you need to change your target library? Try changing the 'lib' compiler option to 'es2015' or later.
node_modules/zod/v4/core/schemas.d.ts(720,113): error TS2583: Cannot find name 'Set'. Do you need to change your target library? Try changing the 'lib' compiler option to 'es2015' or later.
node_modules/zod/v4/core/schemas.d.ts(756,13): error TS2583: Cannot find name 'Set'. Do you need to change your target library? Try changing the 'lib' compiler option to 'es2015' or later.
node_modules/zod/v4/core/to-json-schema.d.ts(72,11): error TS2583: Cannot find name 'Map'. Do you need to change your target library? Try changing the 'lib' compiler option to 'es2015' or later.
node_modules/zod/v4/core/util.d.ts(37,15): error TS2585: 'Symbol' only refers to a type, but is being used as a value here. Do you need to change your target library? Try changing the 'lib' compiler option to es2015 or later.
node_modules/zod/v4/core/util.d.ts(38,20): error TS2304: Cannot find name 'Generator'.
node_modules/zod/v4/core/util.d.ts(39,41): error TS2583: Cannot find name 'Map'. Do you need to change your target library? Try changing the 'lib' compiler option to 'es2015' or later.
node_modules/zod/v4/core/util.d.ts(39,65): error TS2304: Cannot find name 'ReadonlyMap'.
node_modules/zod/v4/core/util.d.ts(39,95): error TS2583: Cannot find name 'Set'. Do you need to change your target library? Try changing the 'lib' compiler option to 'es2015' or later.
node_modules/zod/v4/core/util.d.ts(39,110): error TS2304: Cannot find name 'ReadonlySet'.
node_modules/zod/v4/core/util.d.ts(106,41): error TS2583: Cannot find name 'Set'. Do you need to change your target library? Try changing the 'lib' compiler option to 'es2015' or later.
node_modules/zod/v4/core/util.d.ts(107,28): error TS2583: Cannot find name 'Set'. Do you need to change your target library? Try changing the 'lib' compiler option to 'es2015' or later.
node_modules/zod/v4/core/util.d.ts(138,40): error TS2583: Cannot find name 'Set'. Do you need to change your target library? Try changing the 'lib' compiler option to 'es2015' or later.
node_modules/zod/v4/core/util.d.ts(139,38): error TS2583: Cannot find name 'Set'. Do you need to change your target library? Try changing the 'lib' compiler option to 'es2015' or later.
src/App.tsx(1,8): error TS1259: Module '"C:/code_visual_xanh/lab60622/lab60622/node_modules/@types/react/index"' can only be default-imported using the 'esModuleInterop' flag
src/App.tsx(3,30): error TS6142: Module './components/layout/AppProviders' was resolved to 'C:/code_visual_xanh/lab60622/lab60622/src/components/layout/AppProviders.tsx', but '--jsx' is not set.
src/App.tsx(4,28): error TS6142: Module './routes/ProtectedRoute' was resolved to 'C:/code_visual_xanh/lab60622/lab60622/src/routes/ProtectedRoute.tsx', but '--jsx' is not set.
src/App.tsx(5,29): error TS6142: Module './components/auth/PortalAuthGuard' was resolved to 'C:/code_visual_xanh/lab60622/lab60622/src/components/auth/PortalAuthGuard.tsx', but '--jsx' is not set.
src/App.tsx(6,43): error TS6142: Module './views/layouts/Layouts' was resolved to 'C:/code_visual_xanh/lab60622/lab60622/src/views/layouts/Layouts.tsx', but '--jsx' is not set.
src/App.tsx(7,26): error TS6142: Module './components/layout/PortalLayout' was resolved to 'C:/code_visual_xanh/lab60622/lab60622/src/components/layout/PortalLayout.tsx', but '--jsx' is not set.
src/App.tsx(8,25): error TS6142: Module './components/ui/Feedback' was resolved to 'C:/code_visual_xanh/lab60622/lab60622/src/components/ui/Feedback.tsx', but '--jsx' is not set.
src/App.tsx(11,32): error TS2712: A dynamic import call in ES5 requires the 'Promise' constructor.  Make sure you have a declaration for the 'Promise' constructor or include 'ES2015' in your '--lib' option.
src/App.tsx(11,39): error TS2307: Cannot find module '@/views/public/LandingPage' or its corresponding type declarations.
src/App.tsx(12,30): error TS2712: A dynamic import call in ES5 requires the 'Promise' constructor.  Make sure you have a declaration for the 'Promise' constructor or include 'ES2015' in your '--lib' option.
src/App.tsx(12,37): error TS2307: Cannot find module '@/views/auth/LoginPage' or its corresponding type declarations.
src/App.tsx(13,39): error TS2712: A dynamic import call in ES5 requires the 'Promise' constructor.  Make sure you have a declaration for the 'Promise' constructor or include 'ES2015' in your '--lib' option.
src/App.tsx(13,46): error TS2307: Cannot find module '@/views/auth/ForgotPasswordPage' or its corresponding type declarations.
src/App.tsx(14,33): error TS2712: A dynamic import call in ES5 requires the 'Promise' constructor.  Make sure you have a declaration for the 'Promise' constructor or include 'ES2015' in your '--lib' option.
src/App.tsx(14,40): error TS2307: Cannot find module '@/views/auth/RegisterPage' or its corresponding type declarations.
src/App.tsx(15,38): error TS2712: A dynamic import call in ES5 requires the 'Promise' constructor.  Make sure you have a declaration for the 'Promise' constructor or include 'ES2015' in your '--lib' option.
src/App.tsx(15,45): error TS2307: Cannot find module '@/views/auth/ResetPasswordPage' or its corresponding type declarations.
src/App.tsx(16,39): error TS2712: A dynamic import call in ES5 requires the 'Promise' constructor.  Make sure you have a declaration for the 'Promise' constructor or include 'ES2015' in your '--lib' option.
src/App.tsx(16,46): error TS2307: Cannot find module '@/views/auth/ChangePasswordPage' or its corresponding type declarations.
src/App.tsx(17,7): error TS6133: 'OTPVerifyPage' is declared but its value is never read.
src/App.tsx(17,34): error TS2712: A dynamic import call in ES5 requires the 'Promise' constructor.  Make sure you have a declaration for the 'Promise' constructor or include 'ES2015' in your '--lib' option.
src/App.tsx(17,41): error TS2307: Cannot find module '@/views/auth/OTPVerifyPage' or its corresponding type declarations.
src/App.tsx(20,34): error TS2712: A dynamic import call in ES5 requires the 'Promise' constructor.  Make sure you have a declaration for the 'Promise' constructor or include 'ES2015' in your '--lib' option.
src/App.tsx(20,41): error TS2307: Cannot find module '@/views/admin/finance/PaymentDetail' or its corresponding type declarations.
src/App.tsx(21,32): error TS2712: A dynamic import call in ES5 requires the 'Promise' constructor.  Make sure you have a declaration for the 'Promise' constructor or include 'ES2015' in your '--lib' option.
src/App.tsx(21,39): error TS2307: Cannot find module '@/views/admin/owners/OwnerDetail' or its corresponding type declarations.
src/App.tsx(22,40): error TS2712: A dynamic import call in ES5 requires the 'Promise' constructor.  Make sure you have a declaration for the 'Promise' constructor or include 'ES2015' in your '--lib' option.
src/App.tsx(22,47): error TS2307: Cannot find module '@/views/admin/meters/MeterReadingConfirm' or its corresponding type declarations.
src/App.tsx(23,33): error TS2712: A dynamic import call in ES5 requires the 'Promise' constructor.  Make sure you have a declaration for the 'Promise' constructor or include 'ES2015' in your '--lib' option.
src/App.tsx(23,40): error TS2307: Cannot find module '@/views/admin/contracts/AddendumListPage' or its corresponding type declarations.
src/App.tsx(24,35): error TS2712: A dynamic import call in ES5 requires the 'Promise' constructor.  Make sure you have a declaration for the 'Promise' constructor or include 'ES2015' in your '--lib' option.
src/App.tsx(24,42): error TS2307: Cannot find module '@/views/admin/staff/StaffDashboard' or its corresponding type declarations.
src/App.tsx(25,37): error TS2712: A dynamic import call in ES5 requires the 'Promise' constructor.  Make sure you have a declaration for the 'Promise' constructor or include 'ES2015' in your '--lib' option.
src/App.tsx(25,44): error TS2307: Cannot find module '@/views/admin/communications/AnnouncementPage/index' or its corresponding type declarations.
src/App.tsx(26,37): error TS2712: A dynamic import call in ES5 requires the 'Promise' constructor.  Make sure you have a declaration for the 'Promise' constructor or include 'ES2015' in your '--lib' option.
src/App.tsx(26,44): error TS2307: Cannot find module '@/views/admin/communications/NotificationPage' or its corresponding type declarations.
src/App.tsx(29,30): error TS2712: A dynamic import call in ES5 requires the 'Promise' constructor.  Make sure you have a declaration for the 'Promise' constructor or include 'ES2015' in your '--lib' option.
src/App.tsx(29,37): error TS2307: Cannot find module '@/views/portal/profile/Documents' or its corresponding type declarations.
src/App.tsx(31,29): error TS6142: Module './routes/adminRoutes' was resolved to 'C:/code_visual_xanh/lab60622/lab60622/src/routes/adminRoutes.tsx', but '--jsx' is not set.
src/App.tsx(33,61): error TS6142: Module './routes/portalRoutes' was resolved to 'C:/code_visual_xanh/lab60622/lab60622/src/routes/portalRoutes.tsx', but '--jsx' is not set.
src/App.tsx(43,12): error TS17004: Cannot use JSX unless the '--jsx' flag is provided.
src/App.tsx(45,10): error TS17004: Cannot use JSX unless the '--jsx' flag is provided.
src/App.tsx(51,63): error TS6142: Module './views/error/ErrorPages' was resolved to 'C:/code_visual_xanh/lab60622/lab60622/src/views/error/ErrorPages.tsx', but '--jsx' is not set.
src/App.tsx(52,27): error TS6142: Module './components/ErrorBoundary' was resolved to 'C:/code_visual_xanh/lab60622/lab60622/src/components/ErrorBoundary.tsx', but '--jsx' is not set.
src/App.tsx(53,25): error TS6133: 'PageSkeleton' is declared but its value is never read.
src/App.tsx(53,45): error TS6142: Module './components/ui/StatusStates' was resolved to 'C:/code_visual_xanh/lab60622/lab60622/src/components/ui/StatusStates.tsx', but '--jsx' is not set.
src/App.tsx(58,3): error TS17004: Cannot use JSX unless the '--jsx' flag is provided.
src/App.tsx(61,16): error TS17004: Cannot use JSX unless the '--jsx' flag is provided.
src/App.tsx(64,9): error TS17004: Cannot use JSX unless the '--jsx' flag is provided.
src/App.tsx(65,30): error TS17004: Cannot use JSX unless the '--jsx' flag is provided.
src/App.tsx(74,5): error TS17004: Cannot use JSX unless the '--jsx' flag is provided.
src/App.tsx(75,7): error TS17004: Cannot use JSX unless the '--jsx' flag is provided.
src/App.tsx(76,9): error TS17004: Cannot use JSX unless the '--jsx' flag is provided.
src/App.tsx(77,9): error TS17004: Cannot use JSX unless the '--jsx' flag is provided.
src/App.tsx(78,11): error TS17004: Cannot use JSX unless the '--jsx' flag is provided.
src/App.tsx(79,13): error TS17004: Cannot use JSX unless the '--jsx' flag is provided.
src/App.tsx(80,15): error TS17004: Cannot use JSX unless the '--jsx' flag is provided.
src/App.tsx(81,17): error TS17004: Cannot use JSX unless the '--jsx' flag is provided.
src/App.tsx(82,17): error TS17004: Cannot use JSX unless the '--jsx' flag is provided.
src/App.tsx(86,13): error TS17004: Cannot use JSX unless the '--jsx' flag is provided.
src/App.tsx(88,15): error TS17004: Cannot use JSX unless the '--jsx' flag is provided.
src/App.tsx(89,17): error TS17004: Cannot use JSX unless the '--jsx' flag is provided.
src/App.tsx(90,19): error TS17004: Cannot use JSX unless the '--jsx' flag is provided.
src/App.tsx(95,15): error TS17004: Cannot use JSX unless the '--jsx' flag is provided.
src/App.tsx(95,46): error TS17004: Cannot use JSX unless the '--jsx' flag is provided.
src/App.tsx(96,17): error TS17004: Cannot use JSX unless the '--jsx' flag is provided.
src/App.tsx(96,46): error TS17004: Cannot use JSX unless the '--jsx' flag is provided.
src/App.tsx(97,17): error TS17004: Cannot use JSX unless the '--jsx' flag is provided.
src/App.tsx(97,56): error TS17004: Cannot use JSX unless the '--jsx' flag is provided.
src/App.tsx(98,17): error TS17004: Cannot use JSX unless the '--jsx' flag is provided.
src/App.tsx(98,55): error TS17004: Cannot use JSX unless the '--jsx' flag is provided.
src/App.tsx(99,17): error TS17004: Cannot use JSX unless the '--jsx' flag is provided.
src/App.tsx(99,56): error TS17004: Cannot use JSX unless the '--jsx' flag is provided.
src/App.tsx(100,17): error TS17004: Cannot use JSX unless the '--jsx' flag is provided.
src/App.tsx(100,49): error TS17004: Cannot use JSX unless the '--jsx' flag is provided.
src/App.tsx(104,15): error TS17004: Cannot use JSX unless the '--jsx' flag is provided.
src/App.tsx(104,45): error TS17004: Cannot use JSX unless the '--jsx' flag is provided.
src/App.tsx(107,15): error TS17004: Cannot use JSX unless the '--jsx' flag is provided.
src/App.tsx(107,31): error TS17004: Cannot use JSX unless the '--jsx' flag is provided.
src/App.tsx(108,19): error TS17004: Cannot use JSX unless the '--jsx' flag is provided.
src/App.tsx(108,35): error TS17004: Cannot use JSX unless the '--jsx' flag is provided.
src/App.tsx(109,21): error TS17004: Cannot use JSX unless the '--jsx' flag is provided.
src/App.tsx(112,21): error TS17004: Cannot use JSX unless the '--jsx' flag is provided.
src/App.tsx(112,57): error TS17004: Cannot use JSX unless the '--jsx' flag is provided.
src/App.tsx(113,21): error TS17004: Cannot use JSX unless the '--jsx' flag is provided.
src/App.tsx(113,55): error TS17004: Cannot use JSX unless the '--jsx' flag is provided.
src/App.tsx(114,21): error TS17004: Cannot use JSX unless the '--jsx' flag is provided.
src/App.tsx(114,59): error TS17004: Cannot use JSX unless the '--jsx' flag is provided.
src/App.tsx(115,21): error TS17004: Cannot use JSX unless the '--jsx' flag is provided.
src/App.tsx(115,64): error TS17004: Cannot use JSX unless the '--jsx' flag is provided.
src/App.tsx(116,21): error TS17004: Cannot use JSX unless the '--jsx' flag is provided.
src/App.tsx(116,60): error TS17004: Cannot use JSX unless the '--jsx' flag is provided.
src/App.tsx(117,21): error TS17004: Cannot use JSX unless the '--jsx' flag is provided.
src/App.tsx(117,58): error TS17004: Cannot use JSX unless the '--jsx' flag is provided.
src/App.tsx(118,21): error TS17004: Cannot use JSX unless the '--jsx' flag is provided.
src/App.tsx(118,58): error TS17004: Cannot use JSX unless the '--jsx' flag is provided.
src/App.tsx(121,20): error TS17004: Cannot use JSX unless the '--jsx' flag is provided.
src/App.tsx(121,45): error TS17004: Cannot use JSX unless the '--jsx' flag is provided.
src/App.tsx(124,15): error TS17004: Cannot use JSX unless the '--jsx' flag is provided.
src/App.tsx(127,19): error TS17004: Cannot use JSX unless the '--jsx' flag is provided.
src/App.tsx(135,17): error TS17004: Cannot use JSX unless the '--jsx' flag is provided.
src/App.tsx(135,33): error TS17004: Cannot use JSX unless the '--jsx' flag is provided.
src/App.tsx(136,19): error TS17004: Cannot use JSX unless the '--jsx' flag is provided.
src/App.tsx(136,35): error TS17004: Cannot use JSX unless the '--jsx' flag is provided.
src/App.tsx(137,21): error TS17004: Cannot use JSX unless the '--jsx' flag is provided.
src/App.tsx(139,21): error TS17004: Cannot use JSX unless the '--jsx' flag is provided.
src/App.tsx(139,54): error TS17004: Cannot use JSX unless the '--jsx' flag is provided.
src/App.tsx(141,19): error TS17004: Cannot use JSX unless the '--jsx' flag is provided.
src/App.tsx(141,53): error TS17004: Cannot use JSX unless the '--jsx' flag is provided.
src/App.tsx(146,15): error TS17004: Cannot use JSX unless the '--jsx' flag is provided.
src/App.tsx(146,43): error TS17004: Cannot use JSX unless the '--jsx' flag is provided.
src/App.tsx(147,15): error TS17004: Cannot use JSX unless the '--jsx' flag is provided.
src/App.tsx(147,43): error TS17004: Cannot use JSX unless the '--jsx' flag is provided.
src/App.tsx(148,15): error TS17004: Cannot use JSX unless the '--jsx' flag is provided.
src/App.tsx(148,51): error TS17004: Cannot use JSX unless the '--jsx' flag is provided.
src/App.tsx(149,15): error TS17004: Cannot use JSX unless the '--jsx' flag is provided.
src/App.tsx(149,43): error TS17004: Cannot use JSX unless the '--jsx' flag is provided.
src/App.tsx(151,15): error TS17004: Cannot use JSX unless the '--jsx' flag is provided.
src/App.tsx(151,40): error TS17004: Cannot use JSX unless the '--jsx' flag is provided.
src/components/auth/PortalAuthGuard.tsx(1,8): error TS1259: Module '"C:/code_visual_xanh/lab60622/lab60622/node_modules/@types/react/index"' can only be default-imported using the 'esModuleInterop' flag
src/components/auth/PortalAuthGuard.tsx(3,26): error TS2307: Cannot find module '@/stores/authStore' or its corresponding type declarations.
src/components/auth/PortalAuthGuard.tsx(20,12): error TS17004: Cannot use JSX unless the '--jsx' flag is provided.
src/components/auth/PortalAuthGuard.tsx(25,12): error TS17004: Cannot use JSX unless the '--jsx' flag is provided.
src/components/auth/PortalAuthGuard.tsx(31,12): error TS17004: Cannot use JSX unless the '--jsx' flag is provided.
src/components/auth/PortalAuthGuard.tsx(40,12): error TS17004: Cannot use JSX unless the '--jsx' flag is provided.
src/components/auth/PortalAuthGuard.tsx(45,12): error TS17004: Cannot use JSX unless the '--jsx' flag is provided.
src/components/auth/PortalAuthGuard.tsx(48,10): error TS17004: Cannot use JSX unless the '--jsx' flag is provided.
src/components/buildings/BuildingModal.tsx(1,8): error TS1259: Module '"C:/code_visual_xanh/lab60622/lab60622/node_modules/@types/react/index"' can only be default-imported using the 'esModuleInterop' flag
src/components/buildings/BuildingModal.tsx(1,28): error TS6133: 'useMemo' is declared but its value is never read.
src/components/buildings/BuildingModal.tsx(8,50): error TS2307: Cannot find module '@/schemas/buildingSchema' or its corresponding type declarations.
src/components/buildings/BuildingModal.tsx(9,32): error TS2307: Cannot find module '@/models/Building' or its corresponding type declarations.
src/components/buildings/BuildingModal.tsx(10,33): error TS2307: Cannot find module '@/services/buildingService' or its corresponding type declarations.
src/components/buildings/BuildingModal.tsx(11,20): error TS2307: Cannot find module '@/utils' or its corresponding type declarations.
src/components/buildings/BuildingModal.tsx(13,25): error TS2307: Cannot find module '@/components/ui/Feedback' or its corresponding type declarations.
src/components/buildings/BuildingModal.tsx(31,26): error TS6133: 'isSubmitting' is declared but its value is never read.
src/components/buildings/BuildingModal.tsx(108,5): error TS17004: Cannot use JSX unless the '--jsx' flag is provided.
src/components/buildings/BuildingModal.tsx(109,7): error TS17004: Cannot use JSX unless the '--jsx' flag is provided.
src/components/buildings/BuildingModal.tsx(110,9): error TS17004: Cannot use JSX unless the '--jsx' flag is provided.
src/components/buildings/BuildingModal.tsx(111,12): error TS17004: Cannot use JSX unless the '--jsx' flag is provided.
src/components/buildings/BuildingModal.tsx(112,15): error TS17004: Cannot use JSX unless the '--jsx' flag is provided.
src/components/buildings/BuildingModal.tsx(112,99): error TS17004: Cannot use JSX unless the '--jsx' flag is provided.
src/components/buildings/BuildingModal.tsx(113,15): error TS17004: Cannot use JSX unless the '--jsx' flag is provided.
src/components/buildings/BuildingModal.tsx(114,18): error TS17004: Cannot use JSX unless the '--jsx' flag is provided.
src/components/buildings/BuildingModal.tsx(115,18): error TS17004: Cannot use JSX unless the '--jsx' flag is provided.
src/components/buildings/BuildingModal.tsx(118,12): error TS17004: Cannot use JSX unless the '--jsx' flag is provided.
src/components/buildings/BuildingModal.tsx(118,100): error TS17004: Cannot use JSX unless the '--jsx' flag is provided.
src/components/buildings/BuildingModal.tsx(121,9): error TS17004: Cannot use JSX unless the '--jsx' flag is provided.
src/components/buildings/BuildingModal.tsx(122,12): error TS17004: Cannot use JSX unless the '--jsx' flag is provided.
src/components/buildings/BuildingModal.tsx(123,15): error TS17004: Cannot use JSX unless the '--jsx' flag is provided.
src/components/buildings/BuildingModal.tsx(124,18): error TS17004: Cannot use JSX unless the '--jsx' flag is provided.
src/components/buildings/BuildingModal.tsx(124,41): error TS17004: Cannot use JSX unless the '--jsx' flag is provided.
src/components/buildings/BuildingModal.tsx(126,15): error TS17004: Cannot use JSX unless the '--jsx' flag is provided.
src/components/buildings/BuildingModal.tsx(127,18): error TS17004: Cannot use JSX unless the '--jsx' flag is provided.
src/components/buildings/BuildingModal.tsx(128,21): error TS17004: Cannot use JSX unless the '--jsx' flag is provided.
src/components/buildings/BuildingModal.tsx(129,21): error TS17004: Cannot use JSX unless the '--jsx' flag is provided.
src/components/buildings/BuildingModal.tsx(130,54): error TS17004: Cannot use JSX unless the '--jsx' flag is provided.
src/components/buildings/BuildingModal.tsx(132,18): error TS17004: Cannot use JSX unless the '--jsx' flag is provided.
src/components/buildings/BuildingModal.tsx(133,21): error TS17004: Cannot use JSX unless the '--jsx' flag is provided.
src/components/buildings/BuildingModal.tsx(134,21): error TS17004: Cannot use JSX unless the '--jsx' flag is provided.
src/components/buildings/BuildingModal.tsx(135,54): error TS17004: Cannot use JSX unless the '--jsx' flag is provided.
src/components/buildings/BuildingModal.tsx(138,15): error TS17004: Cannot use JSX unless the '--jsx' flag is provided.
src/components/buildings/BuildingModal.tsx(139,18): error TS17004: Cannot use JSX unless the '--jsx' flag is provided.
src/components/buildings/BuildingModal.tsx(140,21): error TS17004: Cannot use JSX unless the '--jsx' flag is provided.
src/components/buildings/BuildingModal.tsx(141,21): error TS17004: Cannot use JSX unless the '--jsx' flag is provided.
src/components/buildings/BuildingModal.tsx(142,24): error TS17004: Cannot use JSX unless the '--jsx' flag is provided.
src/components/buildings/BuildingModal.tsx(142,65): error TS17004: Cannot use JSX unless the '--jsx' flag is provided.
src/components/buildings/BuildingModal.tsx(143,24): error TS17004: Cannot use JSX unless the '--jsx' flag is provided.
src/components/buildings/BuildingModal.tsx(143,62): error TS17004: Cannot use JSX unless the '--jsx' flag is provided.
src/components/buildings/BuildingModal.tsx(146,18): error TS17004: Cannot use JSX unless the '--jsx' flag is provided.
src/components/buildings/BuildingModal.tsx(147,21): error TS17004: Cannot use JSX unless the '--jsx' flag is provided.
src/components/buildings/BuildingModal.tsx(148,21): error TS17004: Cannot use JSX unless the '--jsx' flag is provided.
src/components/buildings/BuildingModal.tsx(153,12): error TS17004: Cannot use JSX unless the '--jsx' flag is provided.
src/components/buildings/BuildingModal.tsx(154,15): error TS17004: Cannot use JSX unless the '--jsx' flag is provided.
src/components/buildings/BuildingModal.tsx(155,18): error TS17004: Cannot use JSX unless the '--jsx' flag is provided.
src/components/buildings/BuildingModal.tsx(155,38): error TS17004: Cannot use JSX unless the '--jsx' flag is provided.
src/components/buildings/BuildingModal.tsx(157,15): error TS17004: Cannot use JSX unless the '--jsx' flag is provided.
src/components/buildings/BuildingModal.tsx(158,18): error TS17004: Cannot use JSX unless the '--jsx' flag is provided.
src/components/buildings/BuildingModal.tsx(159,21): error TS17004: Cannot use JSX unless the '--jsx' flag is provided.
src/components/buildings/BuildingModal.tsx(160,21): error TS17004: Cannot use JSX unless the '--jsx' flag is provided.
src/components/buildings/BuildingModal.tsx(161,24): error TS17004: Cannot use JSX unless the '--jsx' flag is provided.
src/components/buildings/BuildingModal.tsx(162,51): error TS17004: Cannot use JSX unless the '--jsx' flag is provided.
src/components/buildings/BuildingModal.tsx(165,18): error TS17004: Cannot use JSX unless the '--jsx' flag is provided.
src/components/buildings/BuildingModal.tsx(166,21): error TS17004: Cannot use JSX unless the '--jsx' flag is provided.
src/components/buildings/BuildingModal.tsx(167,21): error TS17004: Cannot use JSX unless the '--jsx' flag is provided.
src/components/buildings/BuildingModal.tsx(168,24): error TS17004: Cannot use JSX unless the '--jsx' flag is provided.
src/components/buildings/BuildingModal.tsx(169,51): error TS17004: Cannot use JSX unless the '--jsx' flag is provided.
src/components/buildings/BuildingModal.tsx(172,18): error TS17004: Cannot use JSX unless the '--jsx' flag is provided.
src/components/buildings/BuildingModal.tsx(173,21): error TS17004: Cannot use JSX unless the '--jsx' flag is provided.
src/components/buildings/BuildingModal.tsx(174,21): error TS17004: Cannot use JSX unless the '--jsx' flag is provided.
src/components/buildings/BuildingModal.tsx(175,24): error TS17004: Cannot use JSX unless the '--jsx' flag is provided.
src/components/buildings/BuildingModal.tsx(176,47): error TS17004: Cannot use JSX unless the '--jsx' flag is provided.
src/components/buildings/BuildingModal.tsx(180,15): error TS17004: Cannot use JSX unless the '--jsx' flag is provided.
src/components/buildings/BuildingModal.tsx(181,18): error TS17004: Cannot use JSX unless the '--jsx' flag is provided.
src/components/buildings/BuildingModal.tsx(182,18): error TS17004: Cannot use JSX unless the '--jsx' flag is provided.
src/components/buildings/BuildingModal.tsx(186,12): error TS17004: Cannot use JSX unless the '--jsx' flag is provided.
src/components/buildings/BuildingModal.tsx(187,15): error TS17004: Cannot use JSX unless the '--jsx' flag is provided.
src/components/buildings/BuildingModal.tsx(188,18): error TS17004: Cannot use JSX unless the '--jsx' flag is provided.
src/components/buildings/BuildingModal.tsx(188,43): error TS17004: Cannot use JSX unless the '--jsx' flag is provided.
src/components/buildings/BuildingModal.tsx(190,15): error TS17004: Cannot use JSX unless the '--jsx' flag is provided.
src/components/buildings/BuildingModal.tsx(192,21): error TS17004: Cannot use JSX unless the '--jsx' flag is provided.
src/components/buildings/BuildingModal.tsx(196,24): error TS17004: Cannot use JSX unless the '--jsx' flag is provided.
src/components/buildings/BuildingModal.tsx(205,24): error TS17004: Cannot use JSX unless the '--jsx' flag is provided.
src/components/buildings/BuildingModal.tsx(209,15): error TS17004: Cannot use JSX unless the '--jsx' flag is provided.
src/components/buildings/BuildingModal.tsx(210,18): error TS17004: Cannot use JSX unless the '--jsx' flag is provided.
src/components/buildings/BuildingModal.tsx(211,21): error TS17004: Cannot use JSX unless the '--jsx' flag is provided.
src/components/buildings/BuildingModal.tsx(212,21): error TS17004: Cannot use JSX unless the '--jsx' flag is provided.
src/components/buildings/BuildingModal.tsx(214,18): error TS17004: Cannot use JSX unless the '--jsx' flag is provided.
src/components/buildings/BuildingModal.tsx(215,21): error TS17004: Cannot use JSX unless the '--jsx' flag is provided.
src/components/buildings/BuildingModal.tsx(216,21): error TS17004: Cannot use JSX unless the '--jsx' flag is provided.
src/components/buildings/BuildingModal.tsx(217,57): error TS17004: Cannot use JSX unless the '--jsx' flag is provided.
src/components/buildings/BuildingModal.tsx(223,9): error TS17004: Cannot use JSX unless the '--jsx' flag is provided.
src/components/buildings/BuildingModal.tsx(224,12): error TS17004: Cannot use JSX unless the '--jsx' flag is provided.
src/components/buildings/BuildingModal.tsx(225,12): error TS17004: Cannot use JSX unless the '--jsx' flag is provided.
src/components/buildings/BuildingModal.tsx(226,74): error TS17004: Cannot use JSX unless the '--jsx' flag is provided.
src/components/buildings/OwnershipModal.tsx(1,8): error TS1259: Module '"C:/code_visual_xanh/lab60622/lab60622/node_modules/@types/react/index"' can only be default-imported using the 'esModuleInterop' flag
src/components/buildings/OwnershipModal.tsx(2,23): error TS6133: 'Plus' is declared but its value is never read.
src/components/buildings/OwnershipModal.tsx(2,32): error TS6133: 'Search' is declared but its value is never read.
src/components/buildings/OwnershipModal.tsx(3,33): error TS2307: Cannot find module '@/services/buildingService' or its corresponding type declarations.
src/components/buildings/OwnershipModal.tsx(5,1): error TS6133: 'Spinner' is declared but its value is never read.
src/components/buildings/OwnershipModal.tsx(5,25): error TS2307: Cannot find module '@/components/ui/Feedback' or its corresponding type declarations.
src/components/buildings/OwnershipModal.tsx(6,20): error TS2307: Cannot find module '@/utils' or its corresponding type declarations.
src/components/buildings/OwnershipModal.tsx(16,51): error TS6133: 'buildingId' is declared but its value is never read.
src/components/buildings/OwnershipModal.tsx(18,10): error TS6133: 'isLoadingOwners' is declared but its value is never read.
src/components/buildings/OwnershipModal.tsx(19,10): error TS6133: 'search' is declared but its value is never read.
src/components/buildings/OwnershipModal.tsx(19,18): error TS6133: 'setSearch' is declared but its value is never read.
src/components/buildings/OwnershipModal.tsx(35,40): error TS7006: Parameter 'data' implicitly has an 'any' type.
src/components/buildings/OwnershipModal.tsx(42,24): error TS2705: An async function or method in ES5 requires the 'Promise' constructor.  Make sure you have a declaration for the 'Promise' constructor or include 'ES2015' in your '--lib' option.
src/components/buildings/OwnershipModal.tsx(63,17): error TS2585: 'Promise' only refers to a type, but is being used as a value here. Do you need to change your target library? Try changing the 'lib' compiler option to es2015 or later.
src/components/buildings/OwnershipModal.tsx(63,25): error TS7006: Parameter 'r' implicitly has an 'any' type.
src/components/buildings/OwnershipModal.tsx(75,5): error TS17004: Cannot use JSX unless the '--jsx' flag is provided.
src/components/buildings/OwnershipModal.tsx(76,7): error TS17004: Cannot use JSX unless the '--jsx' flag is provided.
src/components/buildings/OwnershipModal.tsx(77,9): error TS17004: Cannot use JSX unless the '--jsx' flag is provided.
src/components/buildings/OwnershipModal.tsx(78,12): error TS17004: Cannot use JSX unless the '--jsx' flag is provided.
src/components/buildings/OwnershipModal.tsx(79,15): error TS17004: Cannot use JSX unless the '--jsx' flag is provided.
src/components/buildings/OwnershipModal.tsx(80,15): error TS17004: Cannot use JSX unless the '--jsx' flag is provided.
src/components/buildings/OwnershipModal.tsx(82,12): error TS17004: Cannot use JSX unless the '--jsx' flag is provided.
src/components/buildings/OwnershipModal.tsx(83,15): error TS17004: Cannot use JSX unless the '--jsx' flag is provided.
src/components/buildings/OwnershipModal.tsx(87,9): error TS17004: Cannot use JSX unless the '--jsx' flag is provided.
src/components/buildings/OwnershipModal.tsx(89,12): error TS17004: Cannot use JSX unless the '--jsx' flag is provided.
src/components/buildings/OwnershipModal.tsx(93,15): error TS17004: Cannot use JSX unless the '--jsx' flag is provided.
src/components/buildings/OwnershipModal.tsx(94,18): error TS17004: Cannot use JSX unless the '--jsx' flag is provided.
src/components/buildings/OwnershipModal.tsx(95,18): error TS17004: Cannot use JSX unless the '--jsx' flag is provided.
src/components/buildings/OwnershipModal.tsx(97,15): error TS17004: Cannot use JSX unless the '--jsx' flag is provided.
src/components/buildings/OwnershipModal.tsx(100,12): error TS17004: Cannot use JSX unless the '--jsx' flag is provided.
src/components/buildings/OwnershipModal.tsx(101,15): error TS17004: Cannot use JSX unless the '--jsx' flag is provided.
src/components/buildings/OwnershipModal.tsx(102,15): error TS17004: Cannot use JSX unless the '--jsx' flag is provided.
src/components/buildings/OwnershipModal.tsx(103,18): error TS17004: Cannot use JSX unless the '--jsx' flag is provided.
src/components/buildings/OwnershipModal.tsx(104,18): error TS17004: Cannot use JSX unless the '--jsx' flag is provided.
src/components/buildings/OwnershipModal.tsx(110,21): error TS17004: Cannot use JSX unless the '--jsx' flag is provided.
src/components/buildings/OwnershipModal.tsx(112,23): error TS17004: Cannot use JSX unless the '--jsx' flag is provided.
src/components/buildings/OwnershipModal.tsx(118,12): error TS17004: Cannot use JSX unless the '--jsx' flag is provided.
src/components/buildings/OwnershipModal.tsx(119,15): error TS17004: Cannot use JSX unless the '--jsx' flag is provided.
src/components/buildings/OwnershipModal.tsx(120,18): error TS17004: Cannot use JSX unless the '--jsx' flag is provided.
src/components/buildings/OwnershipModal.tsx(121,18): error TS17004: Cannot use JSX unless the '--jsx' flag is provided.
src/components/buildings/OwnershipModal.tsx(128,15): error TS17004: Cannot use JSX unless the '--jsx' flag is provided.
src/components/buildings/OwnershipModal.tsx(129,18): error TS17004: Cannot use JSX unless the '--jsx' flag is provided.
src/components/buildings/OwnershipModal.tsx(130,18): error TS17004: Cannot use JSX unless the '--jsx' flag is provided.
src/components/buildings/OwnershipModal.tsx(135,21): error TS17004: Cannot use JSX unless the '--jsx' flag is provided.
src/components/buildings/OwnershipModal.tsx(136,21): error TS17004: Cannot use JSX unless the '--jsx' flag is provided.
src/components/buildings/OwnershipModal.tsx(137,21): error TS17004: Cannot use JSX unless the '--jsx' flag is provided.
src/components/buildings/OwnershipModal.tsx(142,12): error TS17004: Cannot use JSX unless the '--jsx' flag is provided.
src/components/buildings/OwnershipModal.tsx(143,15): error TS17004: Cannot use JSX unless the '--jsx' flag is provided.
src/components/buildings/OwnershipModal.tsx(144,15): error TS17004: Cannot use JSX unless the '--jsx' flag is provided.
src/components/buildings/OwnershipModal.tsx(152,12): error TS17004: Cannot use JSX unless the '--jsx' flag is provided.
src/components/buildings/OwnershipModal.tsx(153,15): error TS17004: Cannot use JSX unless the '--jsx' flag is provided.
src/components/buildings/OwnershipModal.tsx(154,15): error TS17004: Cannot use JSX unless the '--jsx' flag is provided.
src/components/buildings/OwnershipModal.tsx(161,12): error TS17004: Cannot use JSX unless the '--jsx' flag is provided.
src/components/buildings/OwnershipModal.tsx(162,15): error TS17004: Cannot use JSX unless the '--jsx' flag is provided.
src/components/buildings/OwnershipModal.tsx(163,15): error TS17004: Cannot use JSX unless the '--jsx' flag is provided.
src/components/contracts/ContractTimelineBar.tsx(1,8): error TS1259: Module '"C:/code_visual_xanh/lab60622/lab60622/node_modules/@types/react/index"' can only be default-imported using the 'esModuleInterop' flag
src/components/contracts/ContractTimelineBar.tsx(2,20): error TS2307: Cannot find module '@/utils' or its corresponding type declarations.
src/components/contracts/ContractTimelineBar.tsx(28,5): error TS17004: Cannot use JSX unless the '--jsx' flag is provided.
src/components/contracts/ContractTimelineBar.tsx(29,7): error TS17004: Cannot use JSX unless the '--jsx' flag is provided.
src/components/contracts/ContractTimelineBar.tsx(30,9): error TS17004: Cannot use JSX unless the '--jsx' flag is provided.
src/components/contracts/ContractTimelineBar.tsx(32,11): error TS17004: Cannot use JSX unless the '--jsx' flag is provided.
src/components/contracts/ContractTimelineBar.tsx(34,11): error TS17004: Cannot use JSX unless the '--jsx' flag is provided.
src/components/contracts/ContractTimelineBar.tsx(36,11): error TS17004: Cannot use JSX unless the '--jsx' flag is provided.
src/components/contracts/ContractTimelineBar.tsx(38,9): error TS17004: Cannot use JSX unless the '--jsx' flag is provided.
src/components/contracts/ContractTimelineBar.tsx(41,7): error TS17004: Cannot use JSX unless the '--jsx' flag is provided.
src/components/contracts/ContractTimelineBar.tsx(42,9): error TS17004: Cannot use JSX unless the '--jsx' flag is provided.
src/components/contracts/ContractTimelineBar.tsx(50,13): error TS17004: Cannot use JSX unless the '--jsx' flag is provided.
src/components/contracts/ContractTimelineBar.tsx(55,9): error TS17004: Cannot use JSX unless the '--jsx' flag is provided.
src/components/contracts/ContractTimelineBar.tsx(56,12): error TS17004: Cannot use JSX unless the '--jsx' flag is provided.
src/components/contracts/modals/CreateAddendumModal.tsx(1,8): error TS1259: Module '"C:/code_visual_xanh/lab60622/lab60622/node_modules/@types/react/index"' can only be default-imported using the 'esModuleInterop' flag
src/components/contracts/modals/CreateAddendumModal.tsx(3,20): error TS2307: Cannot find module '@/utils' or its corresponding type declarations.
src/components/contracts/modals/CreateAddendumModal.tsx(37,5): error TS17004: Cannot use JSX unless the '--jsx' flag is provided.
src/components/contracts/modals/CreateAddendumModal.tsx(38,7): error TS17004: Cannot use JSX unless the '--jsx' flag is provided.
src/components/contracts/modals/CreateAddendumModal.tsx(40,7): error TS17004: Cannot use JSX unless the '--jsx' flag is provided.
src/components/contracts/modals/CreateAddendumModal.tsx(41,9): error TS17004: Cannot use JSX unless the '--jsx' flag is provided.
src/components/contracts/modals/CreateAddendumModal.tsx(42,11): error TS17004: Cannot use JSX unless the '--jsx' flag is provided.
src/components/contracts/modals/CreateAddendumModal.tsx(43,13): error TS17004: Cannot use JSX unless the '--jsx' flag is provided.
src/components/contracts/modals/CreateAddendumModal.tsx(45,11): error TS17004: Cannot use JSX unless the '--jsx' flag is provided.
src/components/contracts/modals/CreateAddendumModal.tsx(46,13): error TS17004: Cannot use JSX unless the '--jsx' flag is provided.
src/components/contracts/modals/CreateAddendumModal.tsx(50,9): error TS17004: Cannot use JSX unless the '--jsx' flag is provided.
src/components/contracts/modals/CreateAddendumModal.tsx(52,13): error TS17004: Cannot use JSX unless the '--jsx' flag is provided.
src/components/contracts/modals/CreateAddendumModal.tsx(53,15): error TS17004: Cannot use JSX unless the '--jsx' flag is provided.
src/components/contracts/modals/CreateAddendumModal.tsx(54,15): error TS17004: Cannot use JSX unless the '--jsx' flag is provided.
src/components/contracts/modals/CreateAddendumModal.tsx(60,11): error TS17004: Cannot use JSX unless the '--jsx' flag is provided.
src/components/contracts/modals/CreateAddendumModal.tsx(61,13): error TS17004: Cannot use JSX unless the '--jsx' flag is provided.
src/components/contracts/modals/CreateAddendumModal.tsx(62,15): error TS17004: Cannot use JSX unless the '--jsx' flag is provided.
src/components/contracts/modals/CreateAddendumModal.tsx(63,15): error TS17004: Cannot use JSX unless the '--jsx' flag is provided.
src/components/contracts/modals/CreateAddendumModal.tsx(65,13): error TS17004: Cannot use JSX unless the '--jsx' flag is provided.
src/components/contracts/modals/CreateAddendumModal.tsx(66,15): error TS17004: Cannot use JSX unless the '--jsx' flag is provided.
src/components/contracts/modals/CreateAddendumModal.tsx(67,15): error TS17004: Cannot use JSX unless the '--jsx' flag is provided.
src/components/contracts/modals/CreateAddendumModal.tsx(68,17): error TS17004: Cannot use JSX unless the '--jsx' flag is provided.
src/components/contracts/modals/CreateAddendumModal.tsx(69,17): error TS17004: Cannot use JSX unless the '--jsx' flag is provided.
src/components/contracts/modals/CreateAddendumModal.tsx(70,17): error TS17004: Cannot use JSX unless the '--jsx' flag is provided.
src/components/contracts/modals/CreateAddendumModal.tsx(71,17): error TS17004: Cannot use JSX unless the '--jsx' flag is provided.
src/components/contracts/modals/CreateAddendumModal.tsx(76,11): error TS17004: Cannot use JSX unless the '--jsx' flag is provided.
src/components/contracts/modals/CreateAddendumModal.tsx(77,13): error TS17004: Cannot use JSX unless the '--jsx' flag is provided.
src/components/contracts/modals/CreateAddendumModal.tsx(78,13): error TS17004: Cannot use JSX unless the '--jsx' flag is provided.
src/components/contracts/modals/CreateAddendumModal.tsx(87,11): error TS17004: Cannot use JSX unless the '--jsx' flag is provided.
src/components/contracts/modals/CreateAddendumModal.tsx(88,13): error TS17004: Cannot use JSX unless the '--jsx' flag is provided.
src/components/contracts/modals/CreateAddendumModal.tsx(89,15): error TS17004: Cannot use JSX unless the '--jsx' flag is provided.
src/components/contracts/modals/CreateAddendumModal.tsx(90,15): error TS17004: Cannot use JSX unless the '--jsx' flag is provided.
src/components/contracts/modals/CreateAddendumModal.tsx(92,13): error TS17004: Cannot use JSX unless the '--jsx' flag is provided.
src/components/contracts/modals/CreateAddendumModal.tsx(93,15): error TS17004: Cannot use JSX unless the '--jsx' flag is provided.
src/components/contracts/modals/CreateAddendumModal.tsx(94,15): error TS17004: Cannot use JSX unless the '--jsx' flag is provided.
src/components/contracts/modals/CreateAddendumModal.tsx(99,17): error TS17004: Cannot use JSX unless the '--jsx' flag is provided.
src/components/contracts/modals/CreateAddendumModal.tsx(100,17): error TS17004: Cannot use JSX unless the '--jsx' flag is provided.
src/components/contracts/modals/CreateAddendumModal.tsx(101,17): error TS17004: Cannot use JSX unless the '--jsx' flag is provided.
src/components/contracts/modals/CreateAddendumModal.tsx(106,11): error TS17004: Cannot use JSX unless the '--jsx' flag is provided.
src/components/contracts/modals/CreateAddendumModal.tsx(107,13): error TS17004: Cannot use JSX unless the '--jsx' flag is provided.
src/components/contracts/modals/CreateAddendumModal.tsx(108,13): error TS17004: Cannot use JSX unless the '--jsx' flag is provided.
src/components/contracts/modals/CreateAddendumModal.tsx(113,17): error TS17004: Cannot use JSX unless the '--jsx' flag is provided.
src/components/contracts/modals/CreateAddendumModal.tsx(114,19): error TS17004: Cannot use JSX unless the '--jsx' flag is provided.
src/components/contracts/modals/CreateAddendumModal.tsx(115,19): error TS17004: Cannot use JSX unless the '--jsx' flag is provided.
src/components/contracts/modals/CreateAddendumModal.tsx(116,19): error TS17004: Cannot use JSX unless the '--jsx' flag is provided.
src/components/contracts/modals/CreateAddendumModal.tsx(119,17): error TS17004: Cannot use JSX unless the '--jsx' flag is provided.
src/components/contracts/modals/CreateAddendumModal.tsx(120,19): error TS17004: Cannot use JSX unless the '--jsx' flag is provided.
src/components/contracts/modals/CreateAddendumModal.tsx(121,19): error TS17004: Cannot use JSX unless the '--jsx' flag is provided.
src/components/contracts/modals/CreateAddendumModal.tsx(121,93): error TS17004: Cannot use JSX unless the '--jsx' flag is provided.
src/components/contracts/modals/CreateAddendumModal.tsx(122,19): error TS17004: Cannot use JSX unless the '--jsx' flag is provided.
src/components/contracts/modals/CreateAddendumModal.tsx(129,9): error TS17004: Cannot use JSX unless the '--jsx' flag is provided.
src/components/contracts/modals/CreateAddendumModal.tsx(130,11): error TS17004: Cannot use JSX unless the '--jsx' flag is provided.
src/components/contracts/modals/CreateAddendumModal.tsx(131,11): error TS17004: Cannot use JSX unless the '--jsx' flag is provided.
src/components/contracts/modals/ExtendContractModal.tsx(1,8): error TS1259: Module '"C:/code_visual_xanh/lab60622/lab60622/node_modules/@types/react/index"' can only be default-imported using the 'esModuleInterop' flag
src/components/contracts/modals/ExtendContractModal.tsx(2,35): error TS6133: 'FileEdit' is declared but its value is never read.
src/components/contracts/modals/ExtendContractModal.tsx(3,10): error TS6133: 'cn' is declared but its value is never read.
src/components/contracts/modals/ExtendContractModal.tsx(3,31): error TS2307: Cannot find module '@/utils' or its corresponding type declarations.
src/components/contracts/modals/ExtendContractModal.tsx(22,5): error TS17004: Cannot use JSX unless the '--jsx' flag is provided.
src/components/contracts/modals/ExtendContractModal.tsx(23,7): error TS17004: Cannot use JSX unless the '--jsx' flag is provided.
src/components/contracts/modals/ExtendContractModal.tsx(25,7): error TS17004: Cannot use JSX unless the '--jsx' flag is provided.
src/components/contracts/modals/ExtendContractModal.tsx(26,9): error TS17004: Cannot use JSX unless the '--jsx' flag is provided.
src/components/contracts/modals/ExtendContractModal.tsx(27,11): error TS17004: Cannot use JSX unless the '--jsx' flag is provided.
src/components/contracts/modals/ExtendContractModal.tsx(28,13): error TS17004: Cannot use JSX unless the '--jsx' flag is provided.
src/components/contracts/modals/ExtendContractModal.tsx(30,11): error TS17004: Cannot use JSX unless the '--jsx' flag is provided.
src/components/contracts/modals/ExtendContractModal.tsx(31,13): error TS17004: Cannot use JSX unless the '--jsx' flag is provided.
src/components/contracts/modals/ExtendContractModal.tsx(35,9): error TS17004: Cannot use JSX unless the '--jsx' flag is provided.
src/components/contracts/modals/ExtendContractModal.tsx(36,11): error TS17004: Cannot use JSX unless the '--jsx' flag is provided.
src/components/contracts/modals/ExtendContractModal.tsx(37,13): error TS17004: Cannot use JSX unless the '--jsx' flag is provided.
src/components/contracts/modals/ExtendContractModal.tsx(38,13): error TS17004: Cannot use JSX unless the '--jsx' flag is provided.
src/components/contracts/modals/ExtendContractModal.tsx(43,11): error TS17004: Cannot use JSX unless the '--jsx' flag is provided.
src/components/contracts/modals/ExtendContractModal.tsx(44,14): error TS17004: Cannot use JSX unless the '--jsx' flag is provided.
src/components/contracts/modals/ExtendContractModal.tsx(45,16): error TS17004: Cannot use JSX unless the '--jsx' flag is provided.
src/components/contracts/modals/ExtendContractModal.tsx(46,16): error TS17004: Cannot use JSX unless the '--jsx' flag is provided.
src/components/contracts/modals/ExtendContractModal.tsx(48,14): error TS17004: Cannot use JSX unless the '--jsx' flag is provided.
src/components/contracts/modals/ExtendContractModal.tsx(49,16): error TS17004: Cannot use JSX unless the '--jsx' flag is provided.
src/components/contracts/modals/ExtendContractModal.tsx(50,16): error TS17004: Cannot use JSX unless the '--jsx' flag is provided.
src/components/contracts/modals/ExtendContractModal.tsx(59,11): error TS17004: Cannot use JSX unless the '--jsx' flag is provided.
src/components/contracts/modals/ExtendContractModal.tsx(60,13): error TS17004: Cannot use JSX unless the '--jsx' flag is provided.
src/components/contracts/modals/ExtendContractModal.tsx(61,13): error TS17004: Cannot use JSX unless the '--jsx' flag is provided.
src/components/contracts/modals/ExtendContractModal.tsx(62,15): error TS17004: Cannot use JSX unless the '--jsx' flag is provided.
src/components/contracts/modals/ExtendContractModal.tsx(63,15): error TS17004: Cannot use JSX unless the '--jsx' flag is provided.
src/components/contracts/modals/ExtendContractModal.tsx(70,13): error TS17004: Cannot use JSX unless the '--jsx' flag is provided.
src/components/contracts/modals/ExtendContractModal.tsx(73,11): error TS17004: Cannot use JSX unless the '--jsx' flag is provided.
src/components/contracts/modals/ExtendContractModal.tsx(74,13): error TS17004: Cannot use JSX unless the '--jsx' flag is provided.
src/components/contracts/modals/ExtendContractModal.tsx(75,13): error TS17004: Cannot use JSX unless the '--jsx' flag is provided.
src/components/contracts/modals/ExtendContractModal.tsx(84,9): error TS17004: Cannot use JSX unless the '--jsx' flag is provided.
src/components/contracts/modals/ExtendContractModal.tsx(85,11): error TS17004: Cannot use JSX unless the '--jsx' flag is provided.
src/components/contracts/modals/ExtendContractModal.tsx(86,11): error TS17004: Cannot use JSX unless the '--jsx' flag is provided.
src/components/contracts/modals/LiquidationModal.tsx(1,8): error TS1259: Module '"C:/code_visual_xanh/lab60622/lab60622/node_modules/@types/react/index"' can only be default-imported using the 'esModuleInterop' flag
src/components/contracts/modals/LiquidationModal.tsx(1,27): error TS6133: 'useEffect' is declared but its value is never read.
src/components/contracts/modals/LiquidationModal.tsx(3,31): error TS2307: Cannot find module '@/utils' or its corresponding type declarations.
src/components/contracts/modals/LiquidationModal.tsx(33,5): error TS17004: Cannot use JSX unless the '--jsx' flag is provided.
src/components/contracts/modals/LiquidationModal.tsx(34,7): error TS17004: Cannot use JSX unless the '--jsx' flag is provided.
src/components/contracts/modals/LiquidationModal.tsx(36,7): error TS17004: Cannot use JSX unless the '--jsx' flag is provided.
src/components/contracts/modals/LiquidationModal.tsx(37,9): error TS17004: Cannot use JSX unless the '--jsx' flag is provided.
src/components/contracts/modals/LiquidationModal.tsx(38,11): error TS17004: Cannot use JSX unless the '--jsx' flag is provided.
src/components/contracts/modals/LiquidationModal.tsx(39,13): error TS17004: Cannot use JSX unless the '--jsx' flag is provided.
src/components/contracts/modals/LiquidationModal.tsx(41,11): error TS17004: Cannot use JSX unless the '--jsx' flag is provided.
src/components/contracts/modals/LiquidationModal.tsx(42,13): error TS17004: Cannot use JSX unless the '--jsx' flag is provided.
src/components/contracts/modals/LiquidationModal.tsx(46,9): error TS17004: Cannot use JSX unless the '--jsx' flag is provided.
src/components/contracts/modals/LiquidationModal.tsx(47,11): error TS17004: Cannot use JSX unless the '--jsx' flag is provided.
src/components/contracts/modals/LiquidationModal.tsx(48,13): error TS17004: Cannot use JSX unless the '--jsx' flag is provided.
src/components/contracts/modals/LiquidationModal.tsx(49,16): error TS17004: Cannot use JSX unless the '--jsx' flag is provided.
src/components/contracts/modals/LiquidationModal.tsx(50,19): error TS17004: Cannot use JSX unless the '--jsx' flag is provided.
src/components/contracts/modals/LiquidationModal.tsx(51,19): error TS17004: Cannot use JSX unless the '--jsx' flag is provided.
src/components/contracts/modals/LiquidationModal.tsx(54,16): error TS17004: Cannot use JSX unless the '--jsx' flag is provided.
src/components/contracts/modals/LiquidationModal.tsx(55,19): error TS17004: Cannot use JSX unless the '--jsx' flag is provided.
src/components/contracts/modals/LiquidationModal.tsx(56,21): error TS17004: Cannot use JSX unless the '--jsx' flag is provided.
src/components/contracts/modals/LiquidationModal.tsx(57,21): error TS17004: Cannot use JSX unless the '--jsx' flag is provided.
src/components/contracts/modals/LiquidationModal.tsx(59,19): error TS17004: Cannot use JSX unless the '--jsx' flag is provided.
src/components/contracts/modals/LiquidationModal.tsx(60,21): error TS17004: Cannot use JSX unless the '--jsx' flag is provided.
src/components/contracts/modals/LiquidationModal.tsx(61,21): error TS17004: Cannot use JSX unless the '--jsx' flag is provided.
src/components/contracts/modals/LiquidationModal.tsx(68,19): error TS17004: Cannot use JSX unless the '--jsx' flag is provided.
src/components/contracts/modals/LiquidationModal.tsx(69,21): error TS17004: Cannot use JSX unless the '--jsx' flag is provided.
src/components/contracts/modals/LiquidationModal.tsx(70,21): error TS17004: Cannot use JSX unless the '--jsx' flag is provided.
src/components/contracts/modals/LiquidationModal.tsx(80,13): error TS17004: Cannot use JSX unless the '--jsx' flag is provided.
src/components/contracts/modals/LiquidationModal.tsx(81,15): error TS17004: Cannot use JSX unless the '--jsx' flag is provided.
src/components/contracts/modals/LiquidationModal.tsx(82,18): error TS17004: Cannot use JSX unless the '--jsx' flag is provided.
src/components/contracts/modals/LiquidationModal.tsx(83,18): error TS17004: Cannot use JSX unless the '--jsx' flag is provided.
src/components/contracts/modals/LiquidationModal.tsx(84,18): error TS17004: Cannot use JSX unless the '--jsx' flag is provided.
src/components/contracts/modals/LiquidationModal.tsx(92,15): error TS17004: Cannot use JSX unless the '--jsx' flag is provided.
src/components/contracts/modals/LiquidationModal.tsx(93,17): error TS17004: Cannot use JSX unless the '--jsx' flag is provided.
src/components/contracts/modals/LiquidationModal.tsx(94,17): error TS17004: Cannot use JSX unless the '--jsx' flag is provided.
src/components/contracts/modals/LiquidationModal.tsx(105,9): error TS17004: Cannot use JSX unless the '--jsx' flag is provided.
src/components/contracts/modals/LiquidationModal.tsx(106,11): error TS17004: Cannot use JSX unless the '--jsx' flag is provided.
src/components/contracts/modals/LiquidationModal.tsx(107,13): error TS17004: Cannot use JSX unless the '--jsx' flag is provided.
src/components/contracts/modals/LiquidationModal.tsx(108,13): error TS17004: Cannot use JSX unless the '--jsx' flag is provided.
src/components/contracts/modals/LiquidationModal.tsx(110,11): error TS17004: Cannot use JSX unless the '--jsx' flag is provided.
src/components/contracts/modals/LiquidationModal.tsx(111,13): error TS17004: Cannot use JSX unless the '--jsx' flag is provided.
src/components/contracts/modals/LiquidationModal.tsx(112,13): error TS17004: Cannot use JSX unless the '--jsx' flag is provided.
src/components/contracts/modals/LiquidationModal.tsx(113,16): error TS17004: Cannot use JSX unless the '--jsx' flag is provided.
src/components/contracts/modals/TerminateContractModal.tsx(1,8): error TS1259: Module '"C:/code_visual_xanh/lab60622/lab60622/node_modules/@types/react/index"' can only be default-imported using the 'esModuleInterop' flag
src/components/contracts/modals/TerminateContractModal.tsx(3,1): error TS6192: All imports in import declaration are unused.
src/components/contracts/modals/TerminateContractModal.tsx(3,31): error TS2307: Cannot find module '@/utils' or its corresponding type declarations.
src/components/contracts/modals/TerminateContractModal.tsx(23,5): error TS17004: Cannot use JSX unless the '--jsx' flag is provided.
src/components/contracts/modals/TerminateContractModal.tsx(24,7): error TS17004: Cannot use JSX unless the '--jsx' flag is provided.
src/components/contracts/modals/TerminateContractModal.tsx(26,7): error TS17004: Cannot use JSX unless the '--jsx' flag is provided.
src/components/contracts/modals/TerminateContractModal.tsx(27,9): error TS17004: Cannot use JSX unless the '--jsx' flag is provided.
src/components/contracts/modals/TerminateContractModal.tsx(28,11): error TS17004: Cannot use JSX unless the '--jsx' flag is provided.
src/components/contracts/modals/TerminateContractModal.tsx(29,13): error TS17004: Cannot use JSX unless the '--jsx' flag is provided.
src/components/contracts/modals/TerminateContractModal.tsx(31,11): error TS17004: Cannot use JSX unless the '--jsx' flag is provided.
src/components/contracts/modals/TerminateContractModal.tsx(32,13): error TS17004: Cannot use JSX unless the '--jsx' flag is provided.
src/components/contracts/modals/TerminateContractModal.tsx(36,9): error TS17004: Cannot use JSX unless the '--jsx' flag is provided.
src/components/contracts/modals/TerminateContractModal.tsx(38,13): error TS17004: Cannot use JSX unless the '--jsx' flag is provided.
src/components/contracts/modals/TerminateContractModal.tsx(39,15): error TS17004: Cannot use JSX unless the '--jsx' flag is provided.
src/components/contracts/modals/TerminateContractModal.tsx(40,17): error TS17004: Cannot use JSX unless the '--jsx' flag is provided.
src/components/contracts/modals/TerminateContractModal.tsx(42,15): error TS17004: Cannot use JSX unless the '--jsx' flag is provided.
src/components/contracts/modals/TerminateContractModal.tsx(43,17): error TS17004: Cannot use JSX unless the '--jsx' flag is provided.
src/components/contracts/modals/TerminateContractModal.tsx(44,17): error TS17004: Cannot use JSX unless the '--jsx' flag is provided.
src/components/contracts/modals/TerminateContractModal.tsx(44,62): error TS17004: Cannot use JSX unless the '--jsx' flag is provided.
src/components/contracts/modals/TerminateContractModal.tsx(47,15): error TS17004: Cannot use JSX unless the '--jsx' flag is provided.
src/components/contracts/modals/TerminateContractModal.tsx(48,17): error TS17004: Cannot use JSX unless the '--jsx' flag is provided.
src/components/contracts/modals/TerminateContractModal.tsx(49,17): error TS17004: Cannot use JSX unless the '--jsx' flag is provided.
src/components/contracts/modals/TerminateContractModal.tsx(53,13): error TS17004: Cannot use JSX unless the '--jsx' flag is provided.
src/components/contracts/modals/TerminateContractModal.tsx(54,15): error TS17004: Cannot use JSX unless the '--jsx' flag is provided.
src/components/contracts/modals/TerminateContractModal.tsx(55,17): error TS17004: Cannot use JSX unless the '--jsx' flag is provided.
src/components/contracts/modals/TerminateContractModal.tsx(56,17): error TS17004: Cannot use JSX unless the '--jsx' flag is provided.
src/components/contracts/modals/TerminateContractModal.tsx(59,15): error TS17004: Cannot use JSX unless the '--jsx' flag is provided.
src/components/contracts/modals/TerminateContractModal.tsx(60,17): error TS17004: Cannot use JSX unless the '--jsx' flag is provided.
src/components/contracts/modals/TerminateContractModal.tsx(61,17): error TS17004: Cannot use JSX unless the '--jsx' flag is provided.
src/components/contracts/modals/TerminateContractModal.tsx(62,19): error TS17004: Cannot use JSX unless the '--jsx' flag is provided.
src/components/contracts/modals/TerminateContractModal.tsx(63,19): error TS17004: Cannot use JSX unless the '--jsx' flag is provided.
src/components/contracts/modals/TerminateContractModal.tsx(64,19): error TS17004: Cannot use JSX unless the '--jsx' flag is provided.
src/components/contracts/modals/TerminateContractModal.tsx(65,19): error TS17004: Cannot use JSX unless the '--jsx' flag is provided.
src/components/contracts/modals/TerminateContractModal.tsx(66,19): error TS17004: Cannot use JSX unless the '--jsx' flag is provided.
src/components/contracts/modals/TerminateContractModal.tsx(70,15): error TS17004: Cannot use JSX unless the '--jsx' flag is provided.
src/components/contracts/modals/TerminateContractModal.tsx(71,17): error TS17004: Cannot use JSX unless the '--jsx' flag is provided.
src/components/contracts/modals/TerminateContractModal.tsx(72,17): error TS17004: Cannot use JSX unless the '--jsx' flag is provided.
src/components/contracts/modals/TerminateContractModal.tsx(75,15): error TS17004: Cannot use JSX unless the '--jsx' flag is provided.
src/components/contracts/modals/TerminateContractModal.tsx(76,17): error TS17004: Cannot use JSX unless the '--jsx' flag is provided.
src/components/contracts/modals/TerminateContractModal.tsx(77,17): error TS17004: Cannot use JSX unless the '--jsx' flag is provided.
src/components/contracts/modals/TerminateContractModal.tsx(83,9): error TS17004: Cannot use JSX unless the '--jsx' flag is provided.
src/components/contracts/modals/TerminateContractModal.tsx(85,13): error TS17004: Cannot use JSX unless the '--jsx' flag is provided.
src/components/contracts/modals/TerminateContractModal.tsx(86,15): error TS17004: Cannot use JSX unless the '--jsx' flag is provided.
src/components/contracts/modals/TerminateContractModal.tsx(87,15): error TS17004: Cannot use JSX unless the '--jsx' flag is provided.
src/components/contracts/modals/TerminateContractModal.tsx(90,13): error TS17004: Cannot use JSX unless the '--jsx' flag is provided.
src/components/contracts/modals/TerminateContractModal.tsx(91,15): error TS17004: Cannot use JSX unless the '--jsx' flag is provided.
src/components/contracts/modals/TerminateContractModal.tsx(92,15): error TS17004: Cannot use JSX unless the '--jsx' flag is provided.
src/components/data/ElectricityChart.tsx(1,8): error TS1259: Module '"C:/code_visual_xanh/lab60622/lab60622/node_modules/@types/react/index"' can only be default-imported using the 'esModuleInterop' flag
src/components/data/ElectricityChart.tsx(12,38): error TS2307: Cannot find module '@/models/Dashboard' or its corresponding type declarations.
src/components/data/ElectricityChart.tsx(26,12): error TS17004: Cannot use JSX unless the '--jsx' flag is provided.
src/components/data/ElectricityChart.tsx(37,5): error TS17004: Cannot use JSX unless the '--jsx' flag is provided.
src/components/data/ElectricityChart.tsx(38,7): error TS17004: Cannot use JSX unless the '--jsx' flag is provided.
src/components/data/ElectricityChart.tsx(39,9): error TS17004: Cannot use JSX unless the '--jsx' flag is provided.
src/components/data/ElectricityChart.tsx(43,11): error TS17004: Cannot use JSX unless the '--jsx' flag is provided.
src/components/data/ElectricityChart.tsx(44,11): error TS17004: Cannot use JSX unless the '--jsx' flag is provided.
src/components/data/ElectricityChart.tsx(51,11): error TS17004: Cannot use JSX unless the '--jsx' flag is provided.
src/components/data/ElectricityChart.tsx(57,11): error TS17004: Cannot use JSX unless the '--jsx' flag is provided.
src/components/data/ElectricityChart.tsx(61,11): error TS17004: Cannot use JSX unless the '--jsx' flag is provided.
src/components/data/ElectricityChart.tsx(68,13): error TS17004: Cannot use JSX unless the '--jsx' flag is provided.
src/components/data/KPICard.tsx(1,8): error TS1259: Module '"C:/code_visual_xanh/lab60622/lab60622/node_modules/@types/react/index"' can only be default-imported using the 'esModuleInterop' flag
src/components/data/KPICard.tsx(3,31): error TS2307: Cannot find module '@/utils' or its corresponding type declarations.
src/components/data/KPICard.tsx(32,7): error TS17004: Cannot use JSX unless the '--jsx' flag is provided.
src/components/data/KPICard.tsx(33,9): error TS17004: Cannot use JSX unless the '--jsx' flag is provided.
src/components/data/KPICard.tsx(34,11): error TS17004: Cannot use JSX unless the '--jsx' flag is provided.
src/components/data/KPICard.tsx(35,11): error TS17004: Cannot use JSX unless the '--jsx' flag is provided.
src/components/data/KPICard.tsx(37,9): error TS17004: Cannot use JSX unless the '--jsx' flag is provided.
src/components/data/KPICard.tsx(38,9): error TS17004: Cannot use JSX unless the '--jsx' flag is provided.
src/components/data/KPICard.tsx(56,5): error TS17004: Cannot use JSX unless the '--jsx' flag is provided.
src/components/data/KPICard.tsx(63,7): error TS17004: Cannot use JSX unless the '--jsx' flag is provided.
src/components/data/KPICard.tsx(64,9): error TS17004: Cannot use JSX unless the '--jsx' flag is provided.
src/components/data/KPICard.tsx(65,11): error TS17004: Cannot use JSX unless the '--jsx' flag is provided.
src/components/data/KPICard.tsx(68,11): error TS17004: Cannot use JSX unless the '--jsx' flag is provided.
src/components/data/KPICard.tsx(72,27): error TS17004: Cannot use JSX unless the '--jsx' flag is provided.
src/components/data/KPICard.tsx(72,54): error TS17004: Cannot use JSX unless the '--jsx' flag is provided.
src/components/data/KPICard.tsx(78,7): error TS17004: Cannot use JSX unless the '--jsx' flag is provided.
src/components/data/KPICard.tsx(79,9): error TS17004: Cannot use JSX unless the '--jsx' flag is provided.
src/components/data/KPICard.tsx(80,11): error TS17004: Cannot use JSX unless the '--jsx' flag is provided.
src/components/data/KPICard.tsx(81,24): error TS17004: Cannot use JSX unless the '--jsx' flag is provided.
src/components/data/KPICard.tsx(83,9): error TS17004: Cannot use JSX unless the '--jsx' flag is provided.
src/components/data/KPICard.tsx(89,7): error TS17004: Cannot use JSX unless the '--jsx' flag is provided.
src/components/data/KPICard.tsx(90,9): error TS17004: Cannot use JSX unless the '--jsx' flag is provided.
src/components/data/OccupancyChart.tsx(1,8): error TS1259: Module '"C:/code_visual_xanh/lab60622/lab60622/node_modules/@types/react/index"' can only be default-imported using the 'esModuleInterop' flag
src/components/data/OccupancyChart.tsx(10,31): error TS2307: Cannot find module '@/models/Dashboard' or its corresponding type declarations.
src/components/data/OccupancyChart.tsx(26,12): error TS17004: Cannot use JSX unless the '--jsx' flag is provided.
src/components/data/OccupancyChart.tsx(37,5): error TS17004: Cannot use JSX unless the '--jsx' flag is provided.
src/components/data/OccupancyChart.tsx(38,7): error TS17004: Cannot use JSX unless the '--jsx' flag is provided.
src/components/data/OccupancyChart.tsx(39,9): error TS17004: Cannot use JSX unless the '--jsx' flag is provided.
src/components/data/OccupancyChart.tsx(40,11): error TS17004: Cannot use JSX unless the '--jsx' flag is provided.
src/components/data/OccupancyChart.tsx(41,13): error TS17004: Cannot use JSX unless the '--jsx' flag is provided.
src/components/data/OccupancyChart.tsx(51,17): error TS17004: Cannot use JSX unless the '--jsx' flag is provided.
src/components/data/OccupancyChart.tsx(54,13): error TS17004: Cannot use JSX unless the '--jsx' flag is provided.
src/components/data/OccupancyChart.tsx(57,13): error TS17004: Cannot use JSX unless the '--jsx' flag is provided.
src/components/data/OccupancyChart.tsx(68,9): error TS17004: Cannot use JSX unless the '--jsx' flag is provided.
src/components/data/OccupancyChart.tsx(69,11): error TS17004: Cannot use JSX unless the '--jsx' flag is provided.
src/components/data/OccupancyChart.tsx(70,11): error TS17004: Cannot use JSX unless the '--jsx' flag is provided.
src/components/data/RevenueChart.tsx(1,8): error TS1259: Module '"C:/code_visual_xanh/lab60622/lab60622/node_modules/@types/react/index"' can only be default-imported using the 'esModuleInterop' flag
src/components/data/RevenueChart.tsx(13,34): error TS2307: Cannot find module '@/models/Dashboard' or its corresponding type declarations.
src/components/data/RevenueChart.tsx(14,27): error TS2307: Cannot find module '@/utils' or its corresponding type declarations.
src/components/data/RevenueChart.tsx(32,12): error TS17004: Cannot use JSX unless the '--jsx' flag is provided.
src/components/data/RevenueChart.tsx(45,5): error TS17004: Cannot use JSX unless the '--jsx' flag is provided.
src/components/data/RevenueChart.tsx(46,7): error TS17004: Cannot use JSX unless the '--jsx' flag is provided.
src/components/data/RevenueChart.tsx(47,9): error TS17004: Cannot use JSX unless the '--jsx' flag is provided.
src/components/data/RevenueChart.tsx(52,11): error TS17004: Cannot use JSX unless the '--jsx' flag is provided.
src/components/data/RevenueChart.tsx(53,11): error TS17004: Cannot use JSX unless the '--jsx' flag is provided.
src/components/data/RevenueChart.tsx(60,11): error TS17004: Cannot use JSX unless the '--jsx' flag is provided.
src/components/data/RevenueChart.tsx(68,13): error TS17004: Cannot use JSX unless the '--jsx' flag is provided.
src/components/data/RevenueChart.tsx(77,11): error TS17004: Cannot use JSX unless the '--jsx' flag is provided.
src/components/data/RevenueChart.tsx(82,11): error TS17004: Cannot use JSX unless the '--jsx' flag is provided.
src/components/data/RevenueChart.tsx(88,11): error TS17004: Cannot use JSX unless the '--jsx' flag is provided.
src/components/data/RevenueChart.tsx(98,13): error TS17004: Cannot use JSX unless the '--jsx' flag is provided.
src/components/ErrorBoundary.tsx(1,8): error TS1259: Module '"C:/code_visual_xanh/lab60622/lab60622/node_modules/@types/react/index"' can only be default-imported using the 'esModuleInterop' flag
src/components/ErrorBoundary.tsx(37,9): error TS17004: Cannot use JSX unless the '--jsx' flag is provided.
src/components/ErrorBoundary.tsx(38,11): error TS17004: Cannot use JSX unless the '--jsx' flag is provided.
src/components/ErrorBoundary.tsx(39,13): error TS17004: Cannot use JSX unless the '--jsx' flag is provided.
src/components/ErrorBoundary.tsx(40,15): error TS17004: Cannot use JSX unless the '--jsx' flag is provided.
src/components/ErrorBoundary.tsx(42,13): error TS17004: Cannot use JSX unless the '--jsx' flag is provided.
src/components/ErrorBoundary.tsx(43,15): error TS17004: Cannot use JSX unless the '--jsx' flag is provided.
src/components/ErrorBoundary.tsx(44,15): error TS17004: Cannot use JSX unless the '--jsx' flag is provided.
src/components/ErrorBoundary.tsx(48,17): error TS17004: Cannot use JSX unless the '--jsx' flag is provided.
src/components/ErrorBoundary.tsx(49,19): error TS17004: Cannot use JSX unless the '--jsx' flag is provided.
src/components/ErrorBoundary.tsx(53,13): error TS17004: Cannot use JSX unless the '--jsx' flag is provided.
src/components/ErrorBoundary.tsx(57,15): error TS17004: Cannot use JSX unless the '--jsx' flag is provided.
src/components/forms/MeterReadingModal.tsx(1,8): error TS1259: Module '"C:/code_visual_xanh/lab60622/lab60622/node_modules/@types/react/index"' can only be default-imported using the 'esModuleInterop' flag
src/components/forms/MeterReadingModal.tsx(5,3): error TS6133: 'History' is declared but its value is never read.
src/components/forms/MeterReadingModal.tsx(7,3): error TS6133: 'ArrowRight' is declared but its value is never read.
src/components/forms/MeterReadingModal.tsx(9,20): error TS2307: Cannot find module '@/utils' or its corresponding type declarations.
src/components/forms/MeterReadingModal.tsx(10,43): error TS2307: Cannot find module '@/models/Meter' or its corresponding type declarations.
src/components/forms/MeterReadingModal.tsx(11,30): error TS2307: Cannot find module '@/services/meterService' or its corresponding type declarations.
src/components/forms/MeterReadingModal.tsx(13,25): error TS2307: Cannot find module '@/components/ui/Feedback' or its corresponding type declarations.
src/components/forms/MeterReadingModal.tsx(14,24): error TS2307: Cannot find module '@/components/ui/Select' or its corresponding type declarations.
src/components/forms/MeterReadingModal.tsx(35,63): error TS6133: 'errors' is declared but its value is never read.
src/components/forms/MeterReadingModal.tsx(66,28): error TS2705: An async function or method in ES5 requires the 'Promise' constructor.  Make sure you have a declaration for the 'Promise' constructor or include 'ES2015' in your '--lib' option.
src/components/forms/MeterReadingModal.tsx(81,24): error TS2705: An async function or method in ES5 requires the 'Promise' constructor.  Make sure you have a declaration for the 'Promise' constructor or include 'ES2015' in your '--lib' option.
src/components/forms/MeterReadingModal.tsx(113,5): error TS17004: Cannot use JSX unless the '--jsx' flag is provided.
src/components/forms/MeterReadingModal.tsx(114,7): error TS17004: Cannot use JSX unless the '--jsx' flag is provided.
src/components/forms/MeterReadingModal.tsx(116,7): error TS17004: Cannot use JSX unless the '--jsx' flag is provided.
src/components/forms/MeterReadingModal.tsx(117,10): error TS17004: Cannot use JSX unless the '--jsx' flag is provided.
src/components/forms/MeterReadingModal.tsx(119,13): error TS17004: Cannot use JSX unless the '--jsx' flag is provided.
src/components/forms/MeterReadingModal.tsx(120,16): error TS17004: Cannot use JSX unless the '--jsx' flag is provided.
src/components/forms/MeterReadingModal.tsx(121,19): error TS17004: Cannot use JSX unless the '--jsx' flag is provided.
src/components/forms/MeterReadingModal.tsx(125,59): error TS17004: Cannot use JSX unless the '--jsx' flag is provided.
src/components/forms/MeterReadingModal.tsx(125,99): error TS17004: Cannot use JSX unless the '--jsx' flag is provided.
src/components/forms/MeterReadingModal.tsx(127,19): error TS17004: Cannot use JSX unless the '--jsx' flag is provided.
src/components/forms/MeterReadingModal.tsx(128,22): error TS17004: Cannot use JSX unless the '--jsx' flag is provided.
src/components/forms/MeterReadingModal.tsx(129,22): error TS17004: Cannot use JSX unless the '--jsx' flag is provided.
src/components/forms/MeterReadingModal.tsx(132,16): error TS17004: Cannot use JSX unless the '--jsx' flag is provided.
src/components/forms/MeterReadingModal.tsx(132,108): error TS17004: Cannot use JSX unless the '--jsx' flag is provided.
src/components/forms/MeterReadingModal.tsx(136,13): error TS17004: Cannot use JSX unless the '--jsx' flag is provided.
src/components/forms/MeterReadingModal.tsx(137,16): error TS17004: Cannot use JSX unless the '--jsx' flag is provided.
src/components/forms/MeterReadingModal.tsx(138,19): error TS17004: Cannot use JSX unless the '--jsx' flag is provided.
src/components/forms/MeterReadingModal.tsx(139,22): error TS17004: Cannot use JSX unless the '--jsx' flag is provided.
src/components/forms/MeterReadingModal.tsx(149,35): error TS7006: Parameter 'val' implicitly has an 'any' type.
src/components/forms/MeterReadingModal.tsx(152,22): error TS17004: Cannot use JSX unless the '--jsx' flag is provided.
src/components/forms/MeterReadingModal.tsx(153,25): error TS17004: Cannot use JSX unless the '--jsx' flag is provided.
src/components/forms/MeterReadingModal.tsx(154,25): error TS17004: Cannot use JSX unless the '--jsx' flag is provided.
src/components/forms/MeterReadingModal.tsx(155,28): error TS17004: Cannot use JSX unless the '--jsx' flag is provided.
src/components/forms/MeterReadingModal.tsx(156,28): error TS17004: Cannot use JSX unless the '--jsx' flag is provided.
src/components/forms/MeterReadingModal.tsx(165,19): error TS17004: Cannot use JSX unless the '--jsx' flag is provided.
src/components/forms/MeterReadingModal.tsx(166,22): error TS17004: Cannot use JSX unless the '--jsx' flag is provided.
src/components/forms/MeterReadingModal.tsx(167,25): error TS17004: Cannot use JSX unless the '--jsx' flag is provided.
src/components/forms/MeterReadingModal.tsx(168,25): error TS17004: Cannot use JSX unless the '--jsx' flag is provided.
src/components/forms/MeterReadingModal.tsx(169,28): error TS17004: Cannot use JSX unless the '--jsx' flag is provided.
src/components/forms/MeterReadingModal.tsx(172,28): error TS17004: Cannot use JSX unless the '--jsx' flag is provided.
src/components/forms/MeterReadingModal.tsx(176,22): error TS17004: Cannot use JSX unless the '--jsx' flag is provided.
src/components/forms/MeterReadingModal.tsx(177,25): error TS17004: Cannot use JSX unless the '--jsx' flag is provided.
src/components/forms/MeterReadingModal.tsx(178,25): error TS17004: Cannot use JSX unless the '--jsx' flag is provided.
src/components/forms/MeterReadingModal.tsx(179,28): error TS17004: Cannot use JSX unless the '--jsx' flag is provided.
src/components/forms/MeterReadingModal.tsx(189,28): error TS17004: Cannot use JSX unless the '--jsx' flag is provided.
src/components/forms/MeterReadingModal.tsx(190,31): error TS17004: Cannot use JSX unless the '--jsx' flag is provided.
src/components/forms/MeterReadingModal.tsx(198,16): error TS17004: Cannot use JSX unless the '--jsx' flag is provided.
src/components/forms/MeterReadingModal.tsx(204,19): error TS17004: Cannot use JSX unless the '--jsx' flag is provided.
src/components/forms/MeterReadingModal.tsx(205,22): error TS17004: Cannot use JSX unless the '--jsx' flag is provided.
src/components/forms/MeterReadingModal.tsx(209,36): error TS17004: Cannot use JSX unless the '--jsx' flag is provided.
src/components/forms/MeterReadingModal.tsx(209,78): error TS17004: Cannot use JSX unless the '--jsx' flag is provided.
src/components/forms/MeterReadingModal.tsx(209,99): error TS17004: Cannot use JSX unless the '--jsx' flag is provided.
src/components/forms/MeterReadingModal.tsx(211,22): error TS17004: Cannot use JSX unless the '--jsx' flag is provided.
src/components/forms/MeterReadingModal.tsx(212,25): error TS17004: Cannot use JSX unless the '--jsx' flag is provided.
src/components/forms/MeterReadingModal.tsx(213,25): error TS17004: Cannot use JSX unless the '--jsx' flag is provided.
src/components/forms/MeterReadingModal.tsx(217,22): error TS17004: Cannot use JSX unless the '--jsx' flag is provided.
src/components/forms/MeterReadingModal.tsx(219,22): error TS17004: Cannot use JSX unless the '--jsx' flag is provided.
src/components/forms/MeterReadingModal.tsx(220,25): error TS17004: Cannot use JSX unless the '--jsx' flag is provided.
src/components/forms/MeterReadingModal.tsx(221,25): error TS17004: Cannot use JSX unless the '--jsx' flag is provided.
src/components/forms/MeterReadingModal.tsx(224,22): error TS17004: Cannot use JSX unless the '--jsx' flag is provided.
src/components/forms/MeterReadingModal.tsx(229,16): error TS17004: Cannot use JSX unless the '--jsx' flag is provided.
src/components/forms/MeterReadingModal.tsx(230,19): error TS17004: Cannot use JSX unless the '--jsx' flag is provided.
src/components/forms/MeterReadingModal.tsx(231,22): error TS17004: Cannot use JSX unless the '--jsx' flag is provided.
src/components/forms/MeterReadingModal.tsx(232,22): error TS17004: Cannot use JSX unless the '--jsx' flag is provided.
src/components/forms/MeterReadingModal.tsx(240,19): error TS17004: Cannot use JSX unless the '--jsx' flag is provided.
src/components/forms/MeterReadingModal.tsx(241,22): error TS17004: Cannot use JSX unless the '--jsx' flag is provided.
src/components/forms/MeterReadingModal.tsx(242,25): error TS17004: Cannot use JSX unless the '--jsx' flag is provided.
src/components/forms/MeterReadingModal.tsx(244,22): error TS17004: Cannot use JSX unless the '--jsx' flag is provided.
src/components/forms/MeterReadingModal.tsx(245,25): error TS17004: Cannot use JSX unless the '--jsx' flag is provided.
src/components/forms/MeterReadingModal.tsx(246,25): error TS17004: Cannot use JSX unless the '--jsx' flag is provided.
src/components/forms/MeterReadingModal.tsx(248,22): error TS17004: Cannot use JSX unless the '--jsx' flag is provided.
src/components/forms/MeterReadingModal.tsx(253,16): error TS17004: Cannot use JSX unless the '--jsx' flag is provided.
src/components/forms/MeterReadingModal.tsx(254,19): error TS17004: Cannot use JSX unless the '--jsx' flag is provided.
src/components/forms/MeterReadingModal.tsx(262,38): error TS17004: Cannot use JSX unless the '--jsx' flag is provided.
src/components/forms/MeterReadingModal.tsx(263,25): error TS17004: Cannot use JSX unless the '--jsx' flag is provided.
src/components/forms/MeterReadingModal.tsx(264,28): error TS17004: Cannot use JSX unless the '--jsx' flag is provided.
src/components/forms/MeterReadingModal.tsx(265,28): error TS17004: Cannot use JSX unless the '--jsx' flag is provided.
src/components/forms/TenantFormModal.tsx(1,8): error TS1259: Module '"C:/code_visual_xanh/lab60622/lab60622/node_modules/@types/react/index"' can only be default-imported using the 'esModuleInterop' flag
src/components/forms/TenantFormModal.tsx(4,20): error TS2307: Cannot find module '@/utils' or its corresponding type declarations.
src/components/forms/TenantFormModal.tsx(39,5): error TS17004: Cannot use JSX unless the '--jsx' flag is provided.
src/components/forms/TenantFormModal.tsx(40,7): error TS17004: Cannot use JSX unless the '--jsx' flag is provided.
src/components/forms/TenantFormModal.tsx(42,7): error TS17004: Cannot use JSX unless the '--jsx' flag is provided.
src/components/forms/TenantFormModal.tsx(44,9): error TS17004: Cannot use JSX unless the '--jsx' flag is provided.
src/components/forms/TenantFormModal.tsx(45,12): error TS17004: Cannot use JSX unless the '--jsx' flag is provided.
src/components/forms/TenantFormModal.tsx(46,15): error TS17004: Cannot use JSX unless the '--jsx' flag is provided.
src/components/forms/TenantFormModal.tsx(47,18): error TS17004: Cannot use JSX unless the '--jsx' flag is provided.
src/components/forms/TenantFormModal.tsx(49,15): error TS17004: Cannot use JSX unless the '--jsx' flag is provided.
src/components/forms/TenantFormModal.tsx(50,15): error TS17004: Cannot use JSX unless the '--jsx' flag is provided.
src/components/forms/TenantFormModal.tsx(53,12): error TS17004: Cannot use JSX unless the '--jsx' flag is provided.
src/components/forms/TenantFormModal.tsx(54,15): error TS17004: Cannot use JSX unless the '--jsx' flag is provided.
src/components/forms/TenantFormModal.tsx(55,15): error TS17004: Cannot use JSX unless the '--jsx' flag is provided.
src/components/forms/TenantFormModal.tsx(58,12): error TS17004: Cannot use JSX unless the '--jsx' flag is provided.
src/components/forms/TenantFormModal.tsx(62,9): error TS17004: Cannot use JSX unless the '--jsx' flag is provided.
src/components/forms/TenantFormModal.tsx(63,12): error TS17004: Cannot use JSX unless the '--jsx' flag is provided.
src/components/forms/TenantFormModal.tsx(64,15): error TS17004: Cannot use JSX unless the '--jsx' flag is provided.
src/components/forms/TenantFormModal.tsx(66,18): error TS17004: Cannot use JSX unless the '--jsx' flag is provided.
src/components/forms/TenantFormModal.tsx(67,21): error TS17004: Cannot use JSX unless the '--jsx' flag is provided.
src/components/forms/TenantFormModal.tsx(68,21): error TS17004: Cannot use JSX unless the '--jsx' flag is provided.
src/components/forms/TenantFormModal.tsx(69,24): error TS17004: Cannot use JSX unless the '--jsx' flag is provided.
src/components/forms/TenantFormModal.tsx(70,24): error TS17004: Cannot use JSX unless the '--jsx' flag is provided.
src/components/forms/TenantFormModal.tsx(79,41): error TS17004: Cannot use JSX unless the '--jsx' flag is provided.
src/components/forms/TenantFormModal.tsx(83,18): error TS17004: Cannot use JSX unless the '--jsx' flag is provided.
src/components/forms/TenantFormModal.tsx(84,21): error TS17004: Cannot use JSX unless the '--jsx' flag is provided.
src/components/forms/TenantFormModal.tsx(85,21): error TS17004: Cannot use JSX unless the '--jsx' flag is provided.
src/components/forms/TenantFormModal.tsx(86,24): error TS17004: Cannot use JSX unless the '--jsx' flag is provided.
src/components/forms/TenantFormModal.tsx(87,24): error TS17004: Cannot use JSX unless the '--jsx' flag is provided.
src/components/forms/TenantFormModal.tsx(101,38): error TS17004: Cannot use JSX unless the '--jsx' flag is provided.
src/components/forms/TenantFormModal.tsx(105,18): error TS17004: Cannot use JSX unless the '--jsx' flag is provided.
src/components/forms/TenantFormModal.tsx(106,21): error TS17004: Cannot use JSX unless the '--jsx' flag is provided.
src/components/forms/TenantFormModal.tsx(107,21): error TS17004: Cannot use JSX unless the '--jsx' flag is provided.
src/components/forms/TenantFormModal.tsx(108,24): error TS17004: Cannot use JSX unless the '--jsx' flag is provided.
src/components/forms/TenantFormModal.tsx(109,24): error TS17004: Cannot use JSX unless the '--jsx' flag is provided.
src/components/forms/TenantFormModal.tsx(124,37): error TS17004: Cannot use JSX unless the '--jsx' flag is provided.
src/components/forms/TenantFormModal.tsx(128,18): error TS17004: Cannot use JSX unless the '--jsx' flag is provided.
src/components/forms/TenantFormModal.tsx(129,21): error TS17004: Cannot use JSX unless the '--jsx' flag is provided.
src/components/forms/TenantFormModal.tsx(130,21): error TS17004: Cannot use JSX unless the '--jsx' flag is provided.
src/components/forms/TenantFormModal.tsx(131,24): error TS17004: Cannot use JSX unless the '--jsx' flag is provided.
src/components/forms/TenantFormModal.tsx(132,24): error TS17004: Cannot use JSX unless the '--jsx' flag is provided.
src/components/forms/TenantFormModal.tsx(137,18): error TS17004: Cannot use JSX unless the '--jsx' flag is provided.
src/components/forms/TenantFormModal.tsx(138,21): error TS17004: Cannot use JSX unless the '--jsx' flag is provided.
src/components/forms/TenantFormModal.tsx(139,21): error TS17004: Cannot use JSX unless the '--jsx' flag is provided.
src/components/forms/TenantFormModal.tsx(140,24): error TS17004: Cannot use JSX unless the '--jsx' flag is provided.
src/components/forms/TenantFormModal.tsx(141,24): error TS17004: Cannot use JSX unless the '--jsx' flag is provided.
src/components/forms/TenantFormModal.tsx(142,24): error TS17004: Cannot use JSX unless the '--jsx' flag is provided.
src/components/forms/TenantFormModal.tsx(147,19): error TS17004: Cannot use JSX unless the '--jsx' flag is provided.
src/components/forms/TenantFormModal.tsx(148,22): error TS17004: Cannot use JSX unless the '--jsx' flag is provided.
src/components/forms/TenantFormModal.tsx(149,22): error TS17004: Cannot use JSX unless the '--jsx' flag is provided.
src/components/forms/TenantFormModal.tsx(150,25): error TS17004: Cannot use JSX unless the '--jsx' flag is provided.
src/components/forms/TenantFormModal.tsx(151,25): error TS17004: Cannot use JSX unless the '--jsx' flag is provided.
src/components/forms/TenantFormModal.tsx(163,45): error TS17004: Cannot use JSX unless the '--jsx' flag is provided.
src/components/forms/TenantFormModal.tsx(167,19): error TS17004: Cannot use JSX unless the '--jsx' flag is provided.
src/components/forms/TenantFormModal.tsx(168,21): error TS17004: Cannot use JSX unless the '--jsx' flag is provided.
src/components/forms/TenantFormModal.tsx(169,23): error TS17004: Cannot use JSX unless the '--jsx' flag is provided.
src/components/forms/TenantFormModal.tsx(170,23): error TS17004: Cannot use JSX unless the '--jsx' flag is provided.
src/components/forms/TenantFormModal.tsx(172,21): error TS17004: Cannot use JSX unless the '--jsx' flag is provided.
src/components/forms/TenantFormModal.tsx(173,23): error TS17004: Cannot use JSX unless the '--jsx' flag is provided.
src/components/forms/TenantFormModal.tsx(174,23): error TS17004: Cannot use JSX unless the '--jsx' flag is provided.
src/components/forms/TenantFormModal.tsx(179,19): error TS17004: Cannot use JSX unless the '--jsx' flag is provided.
src/components/forms/TenantFormModal.tsx(180,21): error TS17004: Cannot use JSX unless the '--jsx' flag is provided.
src/components/forms/TenantFormModal.tsx(181,21): error TS17004: Cannot use JSX unless the '--jsx' flag is provided.
src/components/forms/TenantFormModal.tsx(182,24): error TS17004: Cannot use JSX unless the '--jsx' flag is provided.
src/components/forms/TenantFormModal.tsx(183,24): error TS17004: Cannot use JSX unless the '--jsx' flag is provided.
src/components/forms/TenantFormModal.tsx(188,19): error TS17004: Cannot use JSX unless the '--jsx' flag is provided.
src/components/forms/TenantFormModal.tsx(189,21): error TS17004: Cannot use JSX unless the '--jsx' flag is provided.
src/components/forms/TenantFormModal.tsx(190,21): error TS17004: Cannot use JSX unless the '--jsx' flag is provided.
src/components/forms/TenantFormModal.tsx(191,24): error TS17004: Cannot use JSX unless the '--jsx' flag is provided.
src/components/forms/TenantFormModal.tsx(192,24): error TS17004: Cannot use JSX unless the '--jsx' flag is provided.
src/components/forms/TenantFormModal.tsx(197,19): error TS17004: Cannot use JSX unless the '--jsx' flag is provided.
src/components/forms/TenantFormModal.tsx(198,21): error TS17004: Cannot use JSX unless the '--jsx' flag is provided.
src/components/forms/TenantFormModal.tsx(199,21): error TS17004: Cannot use JSX unless the '--jsx' flag is provided.
src/components/forms/TenantFormModal.tsx(200,24): error TS17004: Cannot use JSX unless the '--jsx' flag is provided.
src/components/forms/TenantFormModal.tsx(201,24): error TS17004: Cannot use JSX unless the '--jsx' flag is provided.
src/components/forms/TenantFormModal.tsx(206,19): error TS17004: Cannot use JSX unless the '--jsx' flag is provided.
src/components/forms/TenantFormModal.tsx(207,21): error TS17004: Cannot use JSX unless the '--jsx' flag is provided.
src/components/forms/TenantFormModal.tsx(208,21): error TS17004: Cannot use JSX unless the '--jsx' flag is provided.
src/components/forms/TenantFormModal.tsx(209,24): error TS17004: Cannot use JSX unless the '--jsx' flag is provided.
src/components/forms/TenantFormModal.tsx(210,27): error TS17004: Cannot use JSX unless the '--jsx' flag is provided.
src/components/forms/TenantFormModal.tsx(212,24): error TS17004: Cannot use JSX unless the '--jsx' flag is provided.
src/components/forms/TenantFormModal.tsx(213,27): error TS17004: Cannot use JSX unless the '--jsx' flag is provided.
src/components/forms/TenantFormModal.tsx(214,27): error TS17004: Cannot use JSX unless the '--jsx' flag is provided.
src/components/forms/TenantFormModal.tsx(220,19): error TS17004: Cannot use JSX unless the '--jsx' flag is provided.
src/components/forms/TenantFormModal.tsx(221,22): error TS17004: Cannot use JSX unless the '--jsx' flag is provided.
src/components/forms/TenantFormModal.tsx(222,22): error TS17004: Cannot use JSX unless the '--jsx' flag is provided.
src/components/forms/TenantFormModal.tsx(223,38): error TS7006: Parameter 'p' implicitly has an 'any' type.
src/components/forms/TenantFormModal.tsx(223,41): error TS7006: Parameter 'i' implicitly has an 'any' type.
src/components/forms/TenantFormModal.tsx(224,27): error TS17004: Cannot use JSX unless the '--jsx' flag is provided.
src/components/forms/TenantFormModal.tsx(227,53): error TS7006: Parameter 'prev' implicitly has an 'any' type.
src/components/forms/TenantFormModal.tsx(227,73): error TS7006: Parameter 'x' implicitly has an 'any' type.
src/components/forms/TenantFormModal.tsx(233,25): error TS17004: Cannot use JSX unless the '--jsx' flag is provided.
src/components/forms/TenantFormModal.tsx(234,28): error TS17004: Cannot use JSX unless the '--jsx' flag is provided.
src/components/forms/TenantFormModal.tsx(255,15): error TS17004: Cannot use JSX unless the '--jsx' flag is provided.
src/components/forms/TenantFormModal.tsx(256,18): error TS17004: Cannot use JSX unless the '--jsx' flag is provided.
src/components/forms/TenantFormModal.tsx(257,18): error TS17004: Cannot use JSX unless the '--jsx' flag is provided.
src/components/forms/TenantFormModal.tsx(262,9): error TS17004: Cannot use JSX unless the '--jsx' flag is provided.
src/components/forms/TenantFormModal.tsx(262,125): error TS17004: Cannot use JSX unless the '--jsx' flag is provided.
src/components/forms/TicketFormModal.tsx(1,8): error TS1259: Module '"C:/code_visual_xanh/lab60622/lab60622/node_modules/@types/react/index"' can only be default-imported using the 'esModuleInterop' flag
src/components/forms/TicketFormModal.tsx(1,17): error TS6133: 'useState' is declared but its value is never read.
src/components/forms/TicketFormModal.tsx(5,15): error TS6133: 'Calendar' is declared but its value is never read.
src/components/forms/TicketFormModal.tsx(6,11): error TS6133: 'Paperclip' is declared but its value is never read.
src/components/forms/TicketFormModal.tsx(8,20): error TS2307: Cannot find module '@/utils' or its corresponding type declarations.
src/components/forms/TicketFormModal.tsx(9,44): error TS2307: Cannot find module '@/models/Ticket' or its corresponding type declarations.
src/components/forms/TicketFormModal.tsx(10,29): error TS2307: Cannot find module '@/components/ui/SelectAsync' or its corresponding type declarations.
src/components/forms/TicketFormModal.tsx(11,1): error TS6133: 'toast' is declared but its value is never read.
src/components/forms/TicketFormModal.tsx(41,9): error TS6133: 'selectedRoom' is declared but its value is never read.
src/components/forms/TicketFormModal.tsx(53,5): error TS17004: Cannot use JSX unless the '--jsx' flag is provided.
src/components/forms/TicketFormModal.tsx(54,7): error TS17004: Cannot use JSX unless the '--jsx' flag is provided.
src/components/forms/TicketFormModal.tsx(56,7): error TS17004: Cannot use JSX unless the '--jsx' flag is provided.
src/components/forms/TicketFormModal.tsx(58,9): error TS17004: Cannot use JSX unless the '--jsx' flag is provided.
src/components/forms/TicketFormModal.tsx(59,12): error TS17004: Cannot use JSX unless the '--jsx' flag is provided.
src/components/forms/TicketFormModal.tsx(60,15): error TS17004: Cannot use JSX unless the '--jsx' flag is provided.
src/components/forms/TicketFormModal.tsx(61,18): error TS17004: Cannot use JSX unless the '--jsx' flag is provided.
src/components/forms/TicketFormModal.tsx(63,15): error TS17004: Cannot use JSX unless the '--jsx' flag is provided.
src/components/forms/TicketFormModal.tsx(64,18): error TS17004: Cannot use JSX unless the '--jsx' flag is provided.
src/components/forms/TicketFormModal.tsx(65,18): error TS17004: Cannot use JSX unless the '--jsx' flag is provided.
src/components/forms/TicketFormModal.tsx(69,12): error TS17004: Cannot use JSX unless the '--jsx' flag is provided.
src/components/forms/TicketFormModal.tsx(70,15): error TS17004: Cannot use JSX unless the '--jsx' flag is provided.
src/components/forms/TicketFormModal.tsx(71,15): error TS17004: Cannot use JSX unless the '--jsx' flag is provided.
src/components/forms/TicketFormModal.tsx(74,12): error TS17004: Cannot use JSX unless the '--jsx' flag is provided.
src/components/forms/TicketFormModal.tsx(78,9): error TS17004: Cannot use JSX unless the '--jsx' flag is provided.
src/components/forms/TicketFormModal.tsx(79,12): error TS17004: Cannot use JSX unless the '--jsx' flag is provided.
src/components/forms/TicketFormModal.tsx(81,15): error TS17004: Cannot use JSX unless the '--jsx' flag is provided.
src/components/forms/TicketFormModal.tsx(82,18): error TS17004: Cannot use JSX unless the '--jsx' flag is provided.
src/components/forms/TicketFormModal.tsx(83,21): error TS17004: Cannot use JSX unless the '--jsx' flag is provided.
src/components/forms/TicketFormModal.tsx(84,21): error TS17004: Cannot use JSX unless the '--jsx' flag is provided.
src/components/forms/TicketFormModal.tsx(89,26): error TS17004: Cannot use JSX unless the '--jsx' flag is provided.
src/components/forms/TicketFormModal.tsx(104,18): error TS17004: Cannot use JSX unless the '--jsx' flag is provided.
src/components/forms/TicketFormModal.tsx(105,21): error TS17004: Cannot use JSX unless the '--jsx' flag is provided.
src/components/forms/TicketFormModal.tsx(106,21): error TS17004: Cannot use JSX unless the '--jsx' flag is provided.
src/components/forms/TicketFormModal.tsx(110,26): error TS17004: Cannot use JSX unless the '--jsx' flag is provided.
src/components/forms/TicketFormModal.tsx(126,15): error TS17004: Cannot use JSX unless the '--jsx' flag is provided.
src/components/forms/TicketFormModal.tsx(127,18): error TS17004: Cannot use JSX unless the '--jsx' flag is provided.
src/components/forms/TicketFormModal.tsx(128,21): error TS17004: Cannot use JSX unless the '--jsx' flag is provided.
src/components/forms/TicketFormModal.tsx(129,21): error TS17004: Cannot use JSX unless the '--jsx' flag is provided.
src/components/forms/TicketFormModal.tsx(130,24): error TS17004: Cannot use JSX unless the '--jsx' flag is provided.
src/components/forms/TicketFormModal.tsx(131,24): error TS17004: Cannot use JSX unless the '--jsx' flag is provided.
src/components/forms/TicketFormModal.tsx(135,27): error TS17004: Cannot use JSX unless the '--jsx' flag is provided.
src/components/forms/TicketFormModal.tsx(136,27): error TS17004: Cannot use JSX unless the '--jsx' flag is provided.
src/components/forms/TicketFormModal.tsx(137,27): error TS17004: Cannot use JSX unless the '--jsx' flag is provided.
src/components/forms/TicketFormModal.tsx(138,27): error TS17004: Cannot use JSX unless the '--jsx' flag is provided.
src/components/forms/TicketFormModal.tsx(139,27): error TS17004: Cannot use JSX unless the '--jsx' flag is provided.
src/components/forms/TicketFormModal.tsx(144,18): error TS17004: Cannot use JSX unless the '--jsx' flag is provided.
src/components/forms/TicketFormModal.tsx(145,21): error TS17004: Cannot use JSX unless the '--jsx' flag is provided.
src/components/forms/TicketFormModal.tsx(146,21): error TS17004: Cannot use JSX unless the '--jsx' flag is provided.
src/components/forms/TicketFormModal.tsx(147,24): error TS17004: Cannot use JSX unless the '--jsx' flag is provided.
src/components/forms/TicketFormModal.tsx(148,24): error TS17004: Cannot use JSX unless the '--jsx' flag is provided.
src/components/forms/TicketFormModal.tsx(156,27): error TS17004: Cannot use JSX unless the '--jsx' flag is provided.
src/components/forms/TicketFormModal.tsx(157,27): error TS17004: Cannot use JSX unless the '--jsx' flag is provided.
src/components/forms/TicketFormModal.tsx(158,27): error TS17004: Cannot use JSX unless the '--jsx' flag is provided.
src/components/forms/TicketFormModal.tsx(159,27): error TS17004: Cannot use JSX unless the '--jsx' flag is provided.
src/components/forms/TicketFormModal.tsx(166,15): error TS17004: Cannot use JSX unless the '--jsx' flag is provided.
src/components/forms/TicketFormModal.tsx(167,18): error TS17004: Cannot use JSX unless the '--jsx' flag is provided.
src/components/forms/TicketFormModal.tsx(168,21): error TS17004: Cannot use JSX unless the '--jsx' flag is provided.
src/components/forms/TicketFormModal.tsx(169,21): error TS17004: Cannot use JSX unless the '--jsx' flag is provided.
src/components/forms/TicketFormModal.tsx(173,26): error TS17004: Cannot use JSX unless the '--jsx' flag is provided.
src/components/forms/TicketFormModal.tsx(187,18): error TS17004: Cannot use JSX unless the '--jsx' flag is provided.
src/components/forms/TicketFormModal.tsx(188,21): error TS17004: Cannot use JSX unless the '--jsx' flag is provided.
src/components/forms/TicketFormModal.tsx(189,21): error TS17004: Cannot use JSX unless the '--jsx' flag is provided.
src/components/forms/TicketFormModal.tsx(193,26): error TS17004: Cannot use JSX unless the '--jsx' flag is provided.
src/components/forms/TicketFormModal.tsx(209,15): error TS17004: Cannot use JSX unless the '--jsx' flag is provided.
src/components/forms/TicketFormModal.tsx(210,18): error TS17004: Cannot use JSX unless the '--jsx' flag is provided.
src/components/forms/TicketFormModal.tsx(211,18): error TS17004: Cannot use JSX unless the '--jsx' flag is provided.
src/components/forms/TicketFormModal.tsx(212,21): error TS17004: Cannot use JSX unless the '--jsx' flag is provided.
src/components/forms/TicketFormModal.tsx(213,21): error TS17004: Cannot use JSX unless the '--jsx' flag is provided.
src/components/forms/TicketFormModal.tsx(222,35): error TS17004: Cannot use JSX unless the '--jsx' flag is provided.
src/components/forms/TicketFormModal.tsx(226,15): error TS17004: Cannot use JSX unless the '--jsx' flag is provided.
src/components/forms/TicketFormModal.tsx(227,18): error TS17004: Cannot use JSX unless the '--jsx' flag is provided.
src/components/forms/TicketFormModal.tsx(228,18): error TS17004: Cannot use JSX unless the '--jsx' flag is provided.
src/components/forms/TicketFormModal.tsx(236,15): error TS17004: Cannot use JSX unless the '--jsx' flag is provided.
src/components/forms/TicketFormModal.tsx(237,18): error TS17004: Cannot use JSX unless the '--jsx' flag is provided.
src/components/forms/TicketFormModal.tsx(238,21): error TS17004: Cannot use JSX unless the '--jsx' flag is provided.
src/components/forms/TicketFormModal.tsx(239,21): error TS17004: Cannot use JSX unless the '--jsx' flag is provided.
src/components/forms/TicketFormModal.tsx(240,24): error TS17004: Cannot use JSX unless the '--jsx' flag is provided.
src/components/forms/TicketFormModal.tsx(241,24): error TS17004: Cannot use JSX unless the '--jsx' flag is provided.
src/components/forms/TicketFormModal.tsx(249,18): error TS17004: Cannot use JSX unless the '--jsx' flag is provided.
src/components/forms/TicketFormModal.tsx(250,21): error TS17004: Cannot use JSX unless the '--jsx' flag is provided.
src/components/forms/TicketFormModal.tsx(251,21): error TS17004: Cannot use JSX unless the '--jsx' flag is provided.
src/components/forms/TicketFormModal.tsx(252,24): error TS17004: Cannot use JSX unless the '--jsx' flag is provided.
src/components/forms/TicketFormModal.tsx(253,27): error TS17004: Cannot use JSX unless the '--jsx' flag is provided.
src/components/forms/TicketFormModal.tsx(255,24): error TS17004: Cannot use JSX unless the '--jsx' flag is provided.
src/components/forms/TicketFormModal.tsx(256,27): error TS17004: Cannot use JSX unless the '--jsx' flag is provided.
src/components/forms/TicketFormModal.tsx(257,27): error TS17004: Cannot use JSX unless the '--jsx' flag is provided.
src/components/forms/TicketFormModal.tsx(264,15): error TS17004: Cannot use JSX unless the '--jsx' flag is provided.
src/components/forms/TicketFormModal.tsx(265,18): error TS17004: Cannot use JSX unless the '--jsx' flag is provided.
src/components/forms/TicketFormModal.tsx(272,18): error TS17004: Cannot use JSX unless the '--jsx' flag is provided.
src/components/forms/TicketFormModal.tsx(276,21): error TS17004: Cannot use JSX unless the '--jsx' flag is provided.
src/components/forms/TicketFormModal.tsx(277,21): error TS17004: Cannot use JSX unless the '--jsx' flag is provided.
src/components/forms/TicketFormModal.tsx(283,9): error TS17004: Cannot use JSX unless the '--jsx' flag is provided.
src/components/forms/TicketFormModal.tsx(283,124): error TS17004: Cannot use JSX unless the '--jsx' flag is provided.
src/components/forms/TicketFormModal.tsx(290,51): error TS17004: Cannot use JSX unless the '--jsx' flag is provided.
src/components/invoices/modals/BulkInvoiceModal.tsx(1,8): error TS1259: Module '"C:/code_visual_xanh/lab60622/lab60622/node_modules/@types/react/index"' can only be default-imported using the 'esModuleInterop' flag
src/components/invoices/modals/BulkInvoiceModal.tsx(3,6): error TS6133: 'Layers' is declared but its value is never read.
src/components/invoices/modals/BulkInvoiceModal.tsx(5,18): error TS6133: 'XCircle' is declared but its value is never read.
src/components/invoices/modals/BulkInvoiceModal.tsx(5,27): error TS6133: 'Loader2' is declared but its value is never read.
src/components/invoices/modals/BulkInvoiceModal.tsx(7,31): error TS2307: Cannot find module '@/utils' or its corresponding type declarations.
src/components/invoices/modals/BulkInvoiceModal.tsx(22,5): error TS17004: Cannot use JSX unless the '--jsx' flag is provided.
src/components/invoices/modals/BulkInvoiceModal.tsx(23,7): error TS17004: Cannot use JSX unless the '--jsx' flag is provided.
src/components/invoices/modals/BulkInvoiceModal.tsx(25,7): error TS17004: Cannot use JSX unless the '--jsx' flag is provided.
src/components/invoices/modals/BulkInvoiceModal.tsx(27,9): error TS17004: Cannot use JSX unless the '--jsx' flag is provided.
src/components/invoices/modals/BulkInvoiceModal.tsx(28,11): error TS17004: Cannot use JSX unless the '--jsx' flag is provided.
src/components/invoices/modals/BulkInvoiceModal.tsx(29,13): error TS17004: Cannot use JSX unless the '--jsx' flag is provided.
src/components/invoices/modals/BulkInvoiceModal.tsx(30,13): error TS17004: Cannot use JSX unless the '--jsx' flag is provided.
src/components/invoices/modals/BulkInvoiceModal.tsx(32,11): error TS17004: Cannot use JSX unless the '--jsx' flag is provided.
src/components/invoices/modals/BulkInvoiceModal.tsx(33,13): error TS17004: Cannot use JSX unless the '--jsx' flag is provided.
src/components/invoices/modals/BulkInvoiceModal.tsx(38,9): error TS17004: Cannot use JSX unless the '--jsx' flag is provided.
src/components/invoices/modals/BulkInvoiceModal.tsx(40,14): error TS17004: Cannot use JSX unless the '--jsx' flag is provided.
src/components/invoices/modals/BulkInvoiceModal.tsx(41,17): error TS17004: Cannot use JSX unless the '--jsx' flag is provided.
src/components/invoices/modals/BulkInvoiceModal.tsx(46,31): error TS17004: Cannot use JSX unless the '--jsx' flag is provided.
src/components/invoices/modals/BulkInvoiceModal.tsx(48,17): error TS17004: Cannot use JSX unless the '--jsx' flag is provided.
src/components/invoices/modals/BulkInvoiceModal.tsx(55,9): error TS17004: Cannot use JSX unless the '--jsx' flag is provided.
src/components/invoices/modals/BulkInvoiceModal.tsx(58,14): error TS17004: Cannot use JSX unless the '--jsx' flag is provided.
src/components/invoices/modals/BulkInvoiceModal.tsx(59,17): error TS17004: Cannot use JSX unless the '--jsx' flag is provided.
src/components/invoices/modals/BulkInvoiceModal.tsx(60,20): error TS17004: Cannot use JSX unless the '--jsx' flag is provided.
src/components/invoices/modals/BulkInvoiceModal.tsx(61,23): error TS17004: Cannot use JSX unless the '--jsx' flag is provided.
src/components/invoices/modals/BulkInvoiceModal.tsx(61,96): error TS17004: Cannot use JSX unless the '--jsx' flag is provided.
src/components/invoices/modals/BulkInvoiceModal.tsx(62,23): error TS17004: Cannot use JSX unless the '--jsx' flag is provided.
src/components/invoices/modals/BulkInvoiceModal.tsx(63,26): error TS17004: Cannot use JSX unless the '--jsx' flag is provided.
src/components/invoices/modals/BulkInvoiceModal.tsx(64,26): error TS17004: Cannot use JSX unless the '--jsx' flag is provided.
src/components/invoices/modals/BulkInvoiceModal.tsx(66,23): error TS17004: Cannot use JSX unless the '--jsx' flag is provided.
src/components/invoices/modals/BulkInvoiceModal.tsx(67,26): error TS17004: Cannot use JSX unless the '--jsx' flag is provided.
src/components/invoices/modals/BulkInvoiceModal.tsx(68,26): error TS17004: Cannot use JSX unless the '--jsx' flag is provided.
src/components/invoices/modals/BulkInvoiceModal.tsx(71,20): error TS17004: Cannot use JSX unless the '--jsx' flag is provided.
src/components/invoices/modals/BulkInvoiceModal.tsx(72,23): error TS17004: Cannot use JSX unless the '--jsx' flag is provided.
src/components/invoices/modals/BulkInvoiceModal.tsx(72,96): error TS17004: Cannot use JSX unless the '--jsx' flag is provided.
src/components/invoices/modals/BulkInvoiceModal.tsx(73,23): error TS17004: Cannot use JSX unless the '--jsx' flag is provided.
src/components/invoices/modals/BulkInvoiceModal.tsx(74,26): error TS17004: Cannot use JSX unless the '--jsx' flag is provided.
src/components/invoices/modals/BulkInvoiceModal.tsx(75,26): error TS17004: Cannot use JSX unless the '--jsx' flag is provided.
src/components/invoices/modals/BulkInvoiceModal.tsx(76,29): error TS17004: Cannot use JSX unless the '--jsx' flag is provided.
src/components/invoices/modals/BulkInvoiceModal.tsx(77,29): error TS17004: Cannot use JSX unless the '--jsx' flag is provided.
src/components/invoices/modals/BulkInvoiceModal.tsx(78,29): error TS17004: Cannot use JSX unless the '--jsx' flag is provided.
src/components/invoices/modals/BulkInvoiceModal.tsx(81,23): error TS17004: Cannot use JSX unless the '--jsx' flag is provided.
src/components/invoices/modals/BulkInvoiceModal.tsx(82,26): error TS17004: Cannot use JSX unless the '--jsx' flag is provided.
src/components/invoices/modals/BulkInvoiceModal.tsx(83,69): error TS17004: Cannot use JSX unless the '--jsx' flag is provided.
src/components/invoices/modals/BulkInvoiceModal.tsx(92,14): error TS17004: Cannot use JSX unless the '--jsx' flag is provided.
src/components/invoices/modals/BulkInvoiceModal.tsx(93,17): error TS17004: Cannot use JSX unless the '--jsx' flag is provided.
src/components/invoices/modals/BulkInvoiceModal.tsx(94,20): error TS17004: Cannot use JSX unless the '--jsx' flag is provided.
src/components/invoices/modals/BulkInvoiceModal.tsx(95,20): error TS17004: Cannot use JSX unless the '--jsx' flag is provided.
src/components/invoices/modals/BulkInvoiceModal.tsx(96,23): error TS17004: Cannot use JSX unless the '--jsx' flag is provided.
src/components/invoices/modals/BulkInvoiceModal.tsx(96,78): error TS17004: Cannot use JSX unless the '--jsx' flag is provided.
src/components/invoices/modals/BulkInvoiceModal.tsx(97,23): error TS17004: Cannot use JSX unless the '--jsx' flag is provided.
src/components/invoices/modals/BulkInvoiceModal.tsx(97,78): error TS17004: Cannot use JSX unless the '--jsx' flag is provided.
src/components/invoices/modals/BulkInvoiceModal.tsx(100,17): error TS17004: Cannot use JSX unless the '--jsx' flag is provided.
src/components/invoices/modals/BulkInvoiceModal.tsx(101,20): error TS17004: Cannot use JSX unless the '--jsx' flag is provided.
src/components/invoices/modals/BulkInvoiceModal.tsx(102,23): error TS17004: Cannot use JSX unless the '--jsx' flag is provided.
src/components/invoices/modals/BulkInvoiceModal.tsx(103,26): error TS17004: Cannot use JSX unless the '--jsx' flag is provided.
src/components/invoices/modals/BulkInvoiceModal.tsx(104,29): error TS17004: Cannot use JSX unless the '--jsx' flag is provided.
src/components/invoices/modals/BulkInvoiceModal.tsx(104,55): error TS17004: Cannot use JSX unless the '--jsx' flag is provided.
src/components/invoices/modals/BulkInvoiceModal.tsx(105,29): error TS17004: Cannot use JSX unless the '--jsx' flag is provided.
src/components/invoices/modals/BulkInvoiceModal.tsx(106,29): error TS17004: Cannot use JSX unless the '--jsx' flag is provided.
src/components/invoices/modals/BulkInvoiceModal.tsx(107,29): error TS17004: Cannot use JSX unless the '--jsx' flag is provided.
src/components/invoices/modals/BulkInvoiceModal.tsx(108,29): error TS17004: Cannot use JSX unless the '--jsx' flag is provided.
src/components/invoices/modals/BulkInvoiceModal.tsx(111,23): error TS17004: Cannot use JSX unless the '--jsx' flag is provided.
src/components/invoices/modals/BulkInvoiceModal.tsx(113,28): error TS17004: Cannot use JSX unless the '--jsx' flag is provided.
src/components/invoices/modals/BulkInvoiceModal.tsx(114,31): error TS17004: Cannot use JSX unless the '--jsx' flag is provided.
src/components/invoices/modals/BulkInvoiceModal.tsx(114,57): error TS17004: Cannot use JSX unless the '--jsx' flag is provided.
src/components/invoices/modals/BulkInvoiceModal.tsx(115,31): error TS17004: Cannot use JSX unless the '--jsx' flag is provided.
src/components/invoices/modals/BulkInvoiceModal.tsx(116,31): error TS17004: Cannot use JSX unless the '--jsx' flag is provided.
src/components/invoices/modals/BulkInvoiceModal.tsx(117,31): error TS17004: Cannot use JSX unless the '--jsx' flag is provided.
src/components/invoices/modals/BulkInvoiceModal.tsx(118,31): error TS17004: Cannot use JSX unless the '--jsx' flag is provided.
src/components/invoices/modals/BulkInvoiceModal.tsx(120,36): error TS17004: Cannot use JSX unless the '--jsx' flag is provided.
src/components/invoices/modals/BulkInvoiceModal.tsx(122,36): error TS17004: Cannot use JSX unless the '--jsx' flag is provided.
src/components/invoices/modals/BulkInvoiceModal.tsx(135,14): error TS17004: Cannot use JSX unless the '--jsx' flag is provided.
src/components/invoices/modals/BulkInvoiceModal.tsx(137,20): error TS17004: Cannot use JSX unless the '--jsx' flag is provided.
src/components/invoices/modals/BulkInvoiceModal.tsx(138,23): error TS17004: Cannot use JSX unless the '--jsx' flag is provided.
src/components/invoices/modals/BulkInvoiceModal.tsx(139,26): error TS17004: Cannot use JSX unless the '--jsx' flag is provided.
src/components/invoices/modals/BulkInvoiceModal.tsx(140,26): error TS17004: Cannot use JSX unless the '--jsx' flag is provided.
src/components/invoices/modals/BulkInvoiceModal.tsx(144,26): error TS17004: Cannot use JSX unless the '--jsx' flag is provided.
src/components/invoices/modals/BulkInvoiceModal.tsx(145,29): error TS17004: Cannot use JSX unless the '--jsx' flag is provided.
src/components/invoices/modals/BulkInvoiceModal.tsx(148,23): error TS17004: Cannot use JSX unless the '--jsx' flag is provided.
src/components/invoices/modals/BulkInvoiceModal.tsx(149,26): error TS17004: Cannot use JSX unless the '--jsx' flag is provided.
src/components/invoices/modals/BulkInvoiceModal.tsx(150,26): error TS17004: Cannot use JSX unless the '--jsx' flag is provided.
src/components/invoices/modals/BulkInvoiceModal.tsx(152,23): error TS17004: Cannot use JSX unless the '--jsx' flag is provided.
src/components/invoices/modals/BulkInvoiceModal.tsx(153,26): error TS17004: Cannot use JSX unless the '--jsx' flag is provided.
src/components/invoices/modals/BulkInvoiceModal.tsx(157,19): error TS17004: Cannot use JSX unless the '--jsx' flag is provided.
src/components/invoices/modals/BulkInvoiceModal.tsx(158,22): error TS17004: Cannot use JSX unless the '--jsx' flag is provided.
src/components/invoices/modals/BulkInvoiceModal.tsx(159,25): error TS17004: Cannot use JSX unless the '--jsx' flag is provided.
src/components/invoices/modals/BulkInvoiceModal.tsx(161,22): error TS17004: Cannot use JSX unless the '--jsx' flag is provided.
src/components/invoices/modals/BulkInvoiceModal.tsx(162,25): error TS17004: Cannot use JSX unless the '--jsx' flag is provided.
src/components/invoices/modals/BulkInvoiceModal.tsx(163,25): error TS17004: Cannot use JSX unless the '--jsx' flag is provided.
src/components/invoices/modals/BulkInvoiceModal.tsx(163,73): error TS17004: Cannot use JSX unless the '--jsx' flag is provided.
src/components/invoices/modals/BulkInvoiceModal.tsx(165,22): error TS17004: Cannot use JSX unless the '--jsx' flag is provided.
src/components/invoices/modals/BulkInvoiceModal.tsx(166,25): error TS17004: Cannot use JSX unless the '--jsx' flag is provided.
src/components/invoices/modals/BulkInvoiceModal.tsx(167,28): error TS17004: Cannot use JSX unless the '--jsx' flag is provided.
src/components/invoices/modals/BulkInvoiceModal.tsx(168,28): error TS17004: Cannot use JSX unless the '--jsx' flag is provided.
src/components/invoices/modals/BulkInvoiceModal.tsx(170,25): error TS17004: Cannot use JSX unless the '--jsx' flag is provided.
src/components/invoices/modals/BulkInvoiceModal.tsx(171,28): error TS17004: Cannot use JSX unless the '--jsx' flag is provided.
src/components/invoices/modals/BulkInvoiceModal.tsx(172,28): error TS17004: Cannot use JSX unless the '--jsx' flag is provided.
src/components/invoices/modals/BulkInvoiceModal.tsx(175,22): error TS17004: Cannot use JSX unless the '--jsx' flag is provided.
src/components/invoices/modals/BulkInvoiceModal.tsx(176,25): error TS17004: Cannot use JSX unless the '--jsx' flag is provided.
src/components/invoices/modals/BulkInvoiceModal.tsx(185,9): error TS17004: Cannot use JSX unless the '--jsx' flag is provided.
src/components/invoices/modals/BulkInvoiceModal.tsx(187,14): error TS17004: Cannot use JSX unless the '--jsx' flag is provided.
src/components/invoices/modals/BulkInvoiceModal.tsx(188,17): error TS17004: Cannot use JSX unless the '--jsx' flag is provided.
src/components/invoices/modals/BulkInvoiceModal.tsx(191,12): error TS17004: Cannot use JSX unless the '--jsx' flag is provided.
src/components/invoices/modals/BulkInvoiceModal.tsx(193,17): error TS17004: Cannot use JSX unless the '--jsx' flag is provided.
src/components/invoices/modals/BulkInvoiceModal.tsx(194,29): error TS17004: Cannot use JSX unless the '--jsx' flag is provided.
src/components/invoices/modals/BulkInvoiceModal.tsx(197,17): error TS17004: Cannot use JSX unless the '--jsx' flag is provided.
src/components/invoices/modals/BulkInvoiceModal.tsx(201,17): error TS17004: Cannot use JSX unless the '--jsx' flag is provided.
src/components/invoices/modals/CreateInvoiceModal.tsx(1,8): error TS1259: Module '"C:/code_visual_xanh/lab60622/lab60622/node_modules/@types/react/index"' can only be default-imported using the 'esModuleInterop' flag
src/components/invoices/modals/CreateInvoiceModal.tsx(1,27): error TS6133: 'useEffect' is declared but its value is never read.
src/components/invoices/modals/CreateInvoiceModal.tsx(3,6): error TS6133: 'Calculator' is declared but its value is never read.
src/components/invoices/modals/CreateInvoiceModal.tsx(3,18): error TS6133: 'Calendar' is declared but its value is never read.
src/components/invoices/modals/CreateInvoiceModal.tsx(3,28): error TS6133: 'FileText' is declared but its value is never read.
src/components/invoices/modals/CreateInvoiceModal.tsx(4,18): error TS6133: 'CheckCircle2' is declared but its value is never read.
src/components/invoices/modals/CreateInvoiceModal.tsx(5,3): error TS6133: 'Info' is declared but its value is never read.
src/components/invoices/modals/CreateInvoiceModal.tsx(7,14): error TS6133: 'formatVND' is declared but its value is never read.
src/components/invoices/modals/CreateInvoiceModal.tsx(7,31): error TS2307: Cannot find module '@/utils' or its corresponding type declarations.
src/components/invoices/modals/CreateInvoiceModal.tsx(15,16): error TS6133: 'setStep' is declared but its value is never read.
src/components/invoices/modals/CreateInvoiceModal.tsx(28,5): error TS17004: Cannot use JSX unless the '--jsx' flag is provided.
src/components/invoices/modals/CreateInvoiceModal.tsx(29,7): error TS17004: Cannot use JSX unless the '--jsx' flag is provided.
src/components/invoices/modals/CreateInvoiceModal.tsx(31,7): error TS17004: Cannot use JSX unless the '--jsx' flag is provided.
src/components/invoices/modals/CreateInvoiceModal.tsx(33,9): error TS17004: Cannot use JSX unless the '--jsx' flag is provided.
src/components/invoices/modals/CreateInvoiceModal.tsx(34,11): error TS17004: Cannot use JSX unless the '--jsx' flag is provided.
src/components/invoices/modals/CreateInvoiceModal.tsx(35,13): error TS17004: Cannot use JSX unless the '--jsx' flag is provided.
src/components/invoices/modals/CreateInvoiceModal.tsx(36,13): error TS17004: Cannot use JSX unless the '--jsx' flag is provided.
src/components/invoices/modals/CreateInvoiceModal.tsx(38,11): error TS17004: Cannot use JSX unless the '--jsx' flag is provided.
src/components/invoices/modals/CreateInvoiceModal.tsx(39,13): error TS17004: Cannot use JSX unless the '--jsx' flag is provided.
src/components/invoices/modals/CreateInvoiceModal.tsx(43,9): error TS17004: Cannot use JSX unless the '--jsx' flag is provided.
src/components/invoices/modals/CreateInvoiceModal.tsx(45,11): error TS17004: Cannot use JSX unless the '--jsx' flag is provided.
src/components/invoices/modals/CreateInvoiceModal.tsx(46,14): error TS17004: Cannot use JSX unless the '--jsx' flag is provided.
src/components/invoices/modals/CreateInvoiceModal.tsx(47,14): error TS17004: Cannot use JSX unless the '--jsx' flag is provided.
src/components/invoices/modals/CreateInvoiceModal.tsx(48,14): error TS17004: Cannot use JSX unless the '--jsx' flag is provided.
src/components/invoices/modals/CreateInvoiceModal.tsx(51,11): error TS17004: Cannot use JSX unless the '--jsx' flag is provided.
src/components/invoices/modals/CreateInvoiceModal.tsx(52,14): error TS17004: Cannot use JSX unless the '--jsx' flag is provided.
src/components/invoices/modals/CreateInvoiceModal.tsx(53,17): error TS17004: Cannot use JSX unless the '--jsx' flag is provided.
src/components/invoices/modals/CreateInvoiceModal.tsx(54,17): error TS17004: Cannot use JSX unless the '--jsx' flag is provided.
src/components/invoices/modals/CreateInvoiceModal.tsx(59,20): error TS17004: Cannot use JSX unless the '--jsx' flag is provided.
src/components/invoices/modals/CreateInvoiceModal.tsx(60,20): error TS17004: Cannot use JSX unless the '--jsx' flag is provided.
src/components/invoices/modals/CreateInvoiceModal.tsx(61,20): error TS17004: Cannot use JSX unless the '--jsx' flag is provided.
src/components/invoices/modals/CreateInvoiceModal.tsx(65,14): error TS17004: Cannot use JSX unless the '--jsx' flag is provided.
src/components/invoices/modals/CreateInvoiceModal.tsx(66,17): error TS17004: Cannot use JSX unless the '--jsx' flag is provided.
src/components/invoices/modals/CreateInvoiceModal.tsx(67,17): error TS17004: Cannot use JSX unless the '--jsx' flag is provided.
src/components/invoices/modals/CreateInvoiceModal.tsx(75,14): error TS17004: Cannot use JSX unless the '--jsx' flag is provided.
src/components/invoices/modals/CreateInvoiceModal.tsx(76,17): error TS17004: Cannot use JSX unless the '--jsx' flag is provided.
src/components/invoices/modals/CreateInvoiceModal.tsx(77,17): error TS17004: Cannot use JSX unless the '--jsx' flag is provided.
src/components/invoices/modals/CreateInvoiceModal.tsx(85,14): error TS17004: Cannot use JSX unless the '--jsx' flag is provided.
src/components/invoices/modals/CreateInvoiceModal.tsx(86,17): error TS17004: Cannot use JSX unless the '--jsx' flag is provided.
src/components/invoices/modals/CreateInvoiceModal.tsx(87,17): error TS17004: Cannot use JSX unless the '--jsx' flag is provided.
src/components/invoices/modals/CreateInvoiceModal.tsx(88,19): error TS17004: Cannot use JSX unless the '--jsx' flag is provided.
src/components/invoices/modals/CreateInvoiceModal.tsx(89,19): error TS17004: Cannot use JSX unless the '--jsx' flag is provided.
src/components/invoices/modals/CreateInvoiceModal.tsx(101,13): error TS17004: Cannot use JSX unless the '--jsx' flag is provided.
src/components/invoices/modals/CreateInvoiceModal.tsx(102,16): error TS17004: Cannot use JSX unless the '--jsx' flag is provided.
src/components/invoices/modals/CreateInvoiceModal.tsx(103,16): error TS17004: Cannot use JSX unless the '--jsx' flag is provided.
src/components/invoices/modals/CreateInvoiceModal.tsx(113,11): error TS17004: Cannot use JSX unless the '--jsx' flag is provided.
src/components/invoices/modals/CreateInvoiceModal.tsx(114,14): error TS17004: Cannot use JSX unless the '--jsx' flag is provided.
src/components/invoices/modals/CreateInvoiceModal.tsx(115,14): error TS17004: Cannot use JSX unless the '--jsx' flag is provided.
src/components/invoices/modals/CreateInvoiceModal.tsx(125,13): error TS17004: Cannot use JSX unless the '--jsx' flag is provided.
src/components/invoices/modals/CreateInvoiceModal.tsx(126,16): error TS17004: Cannot use JSX unless the '--jsx' flag is provided.
src/components/invoices/modals/CreateInvoiceModal.tsx(127,16): error TS17004: Cannot use JSX unless the '--jsx' flag is provided.
src/components/invoices/modals/CreateInvoiceModal.tsx(129,18): error TS17004: Cannot use JSX unless the '--jsx' flag is provided.
src/components/invoices/modals/CreateInvoiceModal.tsx(136,9): error TS17004: Cannot use JSX unless the '--jsx' flag is provided.
src/components/invoices/modals/CreateInvoiceModal.tsx(137,12): error TS17004: Cannot use JSX unless the '--jsx' flag is provided.
src/components/invoices/modals/CreateInvoiceModal.tsx(140,12): error TS17004: Cannot use JSX unless the '--jsx' flag is provided.
src/components/invoices/modals/CreateInvoiceModal.tsx(141,15): error TS17004: Cannot use JSX unless the '--jsx' flag is provided.
src/components/invoices/modals/CreateInvoiceModal.tsx(142,15): error TS17004: Cannot use JSX unless the '--jsx' flag is provided.
src/components/invoices/modals/CreateInvoiceModal.tsx(143,36): error TS17004: Cannot use JSX unless the '--jsx' flag is provided.
src/components/layout/AppProviders.tsx(2,8): error TS1259: Module '"C:/code_visual_xanh/lab60622/lab60622/node_modules/@types/react/index"' can only be default-imported using the 'esModuleInterop' flag
src/components/layout/AppProviders.tsx(3,29): error TS2307: Cannot find module '@/lib/queryClient' or its corresponding type declarations.
src/components/layout/AppProviders.tsx(5,54): error TS6142: Module '../ui/StatusStates' was resolved to 'C:/code_visual_xanh/lab60622/lab60622/src/components/ui/StatusStates.tsx', but '--jsx' is not set.
src/components/layout/AppProviders.tsx(6,26): error TS2307: Cannot find module '@/stores/authStore' or its corresponding type declarations.
src/components/layout/AppProviders.tsx(7,24): error TS2307: Cannot find module '@/stores/uiStore' or its corresponding type declarations.
src/components/layout/AppProviders.tsx(10,11): error TS6133: 'isAuthenticated' is declared but its value is never read.
src/components/layout/AppProviders.tsx(30,5): error TS17004: Cannot use JSX unless the '--jsx' flag is provided.
src/components/layout/AppProviders.tsx(31,7): error TS17004: Cannot use JSX unless the '--jsx' flag is provided.
src/components/layout/AppProviders.tsx(33,26): error TS17004: Cannot use JSX unless the '--jsx' flag is provided.
src/components/layout/AppProviders.tsx(37,7): error TS17004: Cannot use JSX unless the '--jsx' flag is provided.
src/components/layout/BottomNavigation.tsx(1,8): error TS1259: Module '"C:/code_visual_xanh/lab60622/lab60622/node_modules/@types/react/index"' can only be default-imported using the 'esModuleInterop' flag
src/components/layout/BottomNavigation.tsx(4,20): error TS2307: Cannot find module '@/utils' or its corresponding type declarations.
src/components/layout/BottomNavigation.tsx(16,5): error TS17004: Cannot use JSX unless the '--jsx' flag is provided.
src/components/layout/BottomNavigation.tsx(18,9): error TS17004: Cannot use JSX unless the '--jsx' flag is provided.
src/components/layout/BottomNavigation.tsx(28,15): error TS7031: Binding element 'isActive' implicitly has an 'any' type.
src/components/layout/BottomNavigation.tsx(29,13): error TS17004: Cannot use JSX unless the '--jsx' flag is provided.
src/components/layout/BottomNavigation.tsx(31,15): error TS17004: Cannot use JSX unless the '--jsx' flag is provided.
src/components/layout/BottomNavigation.tsx(36,15): error TS17004: Cannot use JSX unless the '--jsx' flag is provided.
src/components/layout/BottomNavigation.tsx(40,17): error TS17004: Cannot use JSX unless the '--jsx' flag is provided.
src/components/layout/BottomNavigation.tsx(47,19): error TS17004: Cannot use JSX unless the '--jsx' flag is provided.
src/components/layout/BottomNavigation.tsx(53,15): error TS17004: Cannot use JSX unless the '--jsx' flag is provided.
src/components/layout/index.ts(1,41): error TS6142: Module './PortalLayout' was resolved to 'C:/code_visual_xanh/lab60622/lab60622/src/components/layout/PortalLayout.tsx', but '--jsx' is not set.
src/components/layout/index.ts(2,45): error TS6142: Module './BottomNavigation' was resolved to 'C:/code_visual_xanh/lab60622/lab60622/src/components/layout/BottomNavigation.tsx', but '--jsx' is not set.
src/components/layout/index.ts(3,15): error TS6142: Module './Sidebar' was resolved to 'C:/code_visual_xanh/lab60622/lab60622/src/components/layout/Sidebar.tsx', but '--jsx' is not set.
src/components/layout/index.ts(4,15): error TS6142: Module './Topbar' was resolved to 'C:/code_visual_xanh/lab60622/lab60622/src/components/layout/Topbar.tsx', but '--jsx' is not set.
src/components/layout/index.ts(5,15): error TS6142: Module './AppProviders' was resolved to 'C:/code_visual_xanh/lab60622/lab60622/src/components/layout/AppProviders.tsx', but '--jsx' is not set.
src/components/layout/index.ts(6,15): error TS6142: Module './PageTitle' was resolved to 'C:/code_visual_xanh/lab60622/lab60622/src/components/layout/PageTitle.tsx', but '--jsx' is not set.
src/components/layout/PageTitle.tsx(31,8): error TS2550: Property 'find' does not exist on type 'string[]'. Do you need to change your target library? Try changing the 'lib' compiler option to 'es2015' or later.
src/components/layout/PageTitle.tsx(31,13): error TS7006: Parameter 'key' implicitly has an 'any' type.
src/components/layout/PageTitle.tsx(31,25): error TS2550: Property 'startsWith' does not exist on type 'string'. Do you need to change your target library? Try changing the 'lib' compiler option to 'es2015' or later.
src/components/layout/PageTitle.tsx(33,51): error TS2550: Property 'includes' does not exist on type 'string'. Do you need to change your target library? Try changing the 'lib' compiler option to 'es2015' or later.
src/components/layout/PortalLayout.tsx(1,8): error TS1259: Module '"C:/code_visual_xanh/lab60622/lab60622/node_modules/@types/react/index"' can only be default-imported using the 'esModuleInterop' flag
src/components/layout/PortalLayout.tsx(4,30): error TS6142: Module './BottomNavigation' was resolved to 'C:/code_visual_xanh/lab60622/lab60622/src/components/layout/BottomNavigation.tsx', but '--jsx' is not set.
src/components/layout/PortalLayout.tsx(13,3): error TS7031: Binding element 'title' implicitly has an 'any' type.
src/components/layout/PortalLayout.tsx(15,3): error TS7031: Binding element 'rightAction' implicitly has an 'any' type.
src/components/layout/PortalLayout.tsx(25,14): error TS2550: Property 'startsWith' does not exist on type 'string'. Do you need to change your target library? Try changing the 'lib' compiler option to 'es2015' or later.
src/components/layout/PortalLayout.tsx(28,14): error TS2550: Property 'startsWith' does not exist on type 'string'. Do you need to change your target library? Try changing the 'lib' compiler option to 'es2015' or later.
src/components/layout/PortalLayout.tsx(45,5): error TS17004: Cannot use JSX unless the '--jsx' flag is provided.
src/components/layout/PortalLayout.tsx(46,7): error TS17004: Cannot use JSX unless the '--jsx' flag is provided.
src/components/layout/PortalLayout.tsx(48,9): error TS17004: Cannot use JSX unless the '--jsx' flag is provided.
src/components/layout/PortalLayout.tsx(49,11): error TS17004: Cannot use JSX unless the '--jsx' flag is provided.
src/components/layout/PortalLayout.tsx(51,15): error TS17004: Cannot use JSX unless the '--jsx' flag is provided.
src/components/layout/PortalLayout.tsx(55,17): error TS17004: Cannot use JSX unless the '--jsx' flag is provided.
src/components/layout/PortalLayout.tsx(60,11): error TS17004: Cannot use JSX unless the '--jsx' flag is provided.
src/components/layout/PortalLayout.tsx(61,13): error TS17004: Cannot use JSX unless the '--jsx' flag is provided.
src/components/layout/PortalLayout.tsx(64,13): error TS17004: Cannot use JSX unless the '--jsx' flag is provided.
src/components/layout/PortalLayout.tsx(65,15): error TS17004: Cannot use JSX unless the '--jsx' flag is provided.
src/components/layout/PortalLayout.tsx(69,11): error TS17004: Cannot use JSX unless the '--jsx' flag is provided.
src/components/layout/PortalLayout.tsx(73,15): error TS17004: Cannot use JSX unless the '--jsx' flag is provided.
src/components/layout/PortalLayout.tsx(77,17): error TS17004: Cannot use JSX unless the '--jsx' flag is provided.
src/components/layout/PortalLayout.tsx(78,17): error TS17004: Cannot use JSX unless the '--jsx' flag is provided.
src/components/layout/PortalLayout.tsx(85,9): error TS17004: Cannot use JSX unless the '--jsx' flag is provided.
src/components/layout/PortalLayout.tsx(86,11): error TS17004: Cannot use JSX unless the '--jsx' flag is provided.
src/components/layout/PortalLayout.tsx(90,9): error TS17004: Cannot use JSX unless the '--jsx' flag is provided.
src/components/layout/Sidebar.tsx(1,8): error TS1259: Module '"C:/code_visual_xanh/lab60622/lab60622/node_modules/@types/react/index"' can only be default-imported using the 'esModuleInterop' flag
src/components/layout/Sidebar.tsx(10,20): error TS2307: Cannot find module '@/utils' or its corresponding type declarations.
src/components/layout/Sidebar.tsx(11,24): error TS2307: Cannot find module '@/stores/uiStore' or its corresponding type declarations.
src/components/layout/Sidebar.tsx(12,26): error TS2307: Cannot find module '@/stores/authStore' or its corresponding type declarations.
src/components/layout/Sidebar.tsx(13,31): error TS2307: Cannot find module '@/hooks/usePermission' or its corresponding type declarations.
src/components/layout/Sidebar.tsx(65,39): error TS6133: 'activeBuildingId' is declared but its value is never read.
src/components/layout/Sidebar.tsx(65,57): error TS6133: 'setBuilding' is declared but its value is never read.
src/components/layout/Sidebar.tsx(73,5): error TS17004: Cannot use JSX unless the '--jsx' flag is provided.
src/components/layout/Sidebar.tsx(78,7): error TS17004: Cannot use JSX unless the '--jsx' flag is provided.
src/components/layout/Sidebar.tsx(79,9): error TS17004: Cannot use JSX unless the '--jsx' flag is provided.
src/components/layout/Sidebar.tsx(80,11): error TS17004: Cannot use JSX unless the '--jsx' flag is provided.
src/components/layout/Sidebar.tsx(81,13): error TS17004: Cannot use JSX unless the '--jsx' flag is provided.
src/components/layout/Sidebar.tsx(84,13): error TS17004: Cannot use JSX unless the '--jsx' flag is provided.
src/components/layout/Sidebar.tsx(85,15): error TS17004: Cannot use JSX unless the '--jsx' flag is provided.
src/components/layout/Sidebar.tsx(86,27): error TS17004: Cannot use JSX unless the '--jsx' flag is provided.
src/components/layout/Sidebar.tsx(88,15): error TS17004: Cannot use JSX unless the '--jsx' flag is provided.
src/components/layout/Sidebar.tsx(95,7): error TS17004: Cannot use JSX unless the '--jsx' flag is provided.
src/components/layout/Sidebar.tsx(96,9): error TS17004: Cannot use JSX unless the '--jsx' flag is provided.
src/components/layout/Sidebar.tsx(97,11): error TS17004: Cannot use JSX unless the '--jsx' flag is provided.
src/components/layout/Sidebar.tsx(98,13): error TS17004: Cannot use JSX unless the '--jsx' flag is provided.
src/components/layout/Sidebar.tsx(100,11): error TS17004: Cannot use JSX unless the '--jsx' flag is provided.
src/components/layout/Sidebar.tsx(101,13): error TS17004: Cannot use JSX unless the '--jsx' flag is provided.
src/components/layout/Sidebar.tsx(102,13): error TS17004: Cannot use JSX unless the '--jsx' flag is provided.
src/components/layout/Sidebar.tsx(108,7): error TS17004: Cannot use JSX unless the '--jsx' flag is provided.
src/components/layout/Sidebar.tsx(123,13): error TS17004: Cannot use JSX unless the '--jsx' flag is provided.
src/components/layout/Sidebar.tsx(125,17): error TS17004: Cannot use JSX unless the '--jsx' flag is provided.
src/components/layout/Sidebar.tsx(130,17): error TS17004: Cannot use JSX unless the '--jsx' flag is provided.
src/components/layout/Sidebar.tsx(141,23): error TS7031: Binding element 'isActive' implicitly has an 'any' type.
src/components/layout/Sidebar.tsx(142,21): error TS17004: Cannot use JSX unless the '--jsx' flag is provided.
src/components/layout/Sidebar.tsx(143,23): error TS17004: Cannot use JSX unless the '--jsx' flag is provided.
src/components/layout/Sidebar.tsx(145,25): error TS17004: Cannot use JSX unless the '--jsx' flag is provided.
src/components/layout/Sidebar.tsx(150,25): error TS17004: Cannot use JSX unless the '--jsx' flag is provided.
src/components/layout/Sidebar.tsx(155,25): error TS17004: Cannot use JSX unless the '--jsx' flag is provided.
src/components/layout/Sidebar.tsx(167,7): error TS17004: Cannot use JSX unless the '--jsx' flag is provided.
src/components/layout/Sidebar.tsx(168,9): error TS17004: Cannot use JSX unless the '--jsx' flag is provided.
src/components/layout/Sidebar.tsx(172,11): error TS17004: Cannot use JSX unless the '--jsx' flag is provided.
src/components/layout/Sidebar.tsx(176,13): error TS17004: Cannot use JSX unless the '--jsx' flag is provided.
src/components/layout/Sidebar.tsx(177,15): error TS17004: Cannot use JSX unless the '--jsx' flag is provided.
src/components/layout/Sidebar.tsx(178,15): error TS17004: Cannot use JSX unless the '--jsx' flag is provided.
src/components/layout/Sidebar.tsx(181,11): error TS17004: Cannot use JSX unless the '--jsx' flag is provided.
src/components/layout/Sidebar.tsx(185,13): error TS17004: Cannot use JSX unless the '--jsx' flag is provided.
src/components/layout/Sidebar.tsx(189,9): error TS17004: Cannot use JSX unless the '--jsx' flag is provided.
src/components/layout/Sidebar.tsx(193,26): error TS17004: Cannot use JSX unless the '--jsx' flag is provided.
src/components/layout/Sidebar.tsx(193,54): error TS17004: Cannot use JSX unless the '--jsx' flag is provided.
src/components/layout/Topbar.tsx(1,8): error TS1259: Module '"C:/code_visual_xanh/lab60622/lab60622/node_modules/@types/react/index"' can only be default-imported using the 'esModuleInterop' flag
src/components/layout/Topbar.tsx(5,24): error TS6133: 'X' is declared but its value is never read.
src/components/layout/Topbar.tsx(7,20): error TS2307: Cannot find module '@/utils' or its corresponding type declarations.
src/components/layout/Topbar.tsx(8,24): error TS2307: Cannot find module '@/stores/uiStore' or its corresponding type declarations.
src/components/layout/Topbar.tsx(9,26): error TS2307: Cannot find module '@/stores/authStore' or its corresponding type declarations.
src/components/layout/Topbar.tsx(27,5): error TS17004: Cannot use JSX unless the '--jsx' flag is provided.
src/components/layout/Topbar.tsx(33,7): error TS17004: Cannot use JSX unless the '--jsx' flag is provided.
src/components/layout/Topbar.tsx(34,9): error TS17004: Cannot use JSX unless the '--jsx' flag is provided.
src/components/layout/Topbar.tsx(38,11): error TS17004: Cannot use JSX unless the '--jsx' flag is provided.
src/components/layout/Topbar.tsx(41,9): error TS17004: Cannot use JSX unless the '--jsx' flag is provided.
src/components/layout/Topbar.tsx(42,11): error TS17004: Cannot use JSX unless the '--jsx' flag is provided.
src/components/layout/Topbar.tsx(44,13): error TS17004: Cannot use JSX unless the '--jsx' flag is provided.
src/components/layout/Topbar.tsx(45,15): error TS17004: Cannot use JSX unless the '--jsx' flag is provided.
src/components/layout/Topbar.tsx(46,15): error TS17004: Cannot use JSX unless the '--jsx' flag is provided.
src/components/layout/Topbar.tsx(61,7): error TS17004: Cannot use JSX unless the '--jsx' flag is provided.
src/components/layout/Topbar.tsx(62,9): error TS17004: Cannot use JSX unless the '--jsx' flag is provided.
src/components/layout/Topbar.tsx(63,9): error TS17004: Cannot use JSX unless the '--jsx' flag is provided.
src/components/layout/Topbar.tsx(68,9): error TS17004: Cannot use JSX unless the '--jsx' flag is provided.
src/components/layout/Topbar.tsx(74,7): error TS17004: Cannot use JSX unless the '--jsx' flag is provided.
src/components/layout/Topbar.tsx(76,9): error TS17004: Cannot use JSX unless the '--jsx' flag is provided.
src/components/layout/Topbar.tsx(81,32): error TS17004: Cannot use JSX unless the '--jsx' flag is provided.
src/components/layout/Topbar.tsx(81,53): error TS17004: Cannot use JSX unless the '--jsx' flag is provided.
src/components/layout/Topbar.tsx(82,11): error TS17004: Cannot use JSX unless the '--jsx' flag is provided.
src/components/layout/Topbar.tsx(88,9): error TS17004: Cannot use JSX unless the '--jsx' flag is provided.
src/components/layout/Topbar.tsx(89,11): error TS17004: Cannot use JSX unless the '--jsx' flag is provided.
src/components/layout/Topbar.tsx(93,9): error TS17004: Cannot use JSX unless the '--jsx' flag is provided.
src/components/layout/Topbar.tsx(94,11): error TS17004: Cannot use JSX unless the '--jsx' flag is provided.
src/components/layout/Topbar.tsx(101,13): error TS17004: Cannot use JSX unless the '--jsx' flag is provided.
src/components/layout/Topbar.tsx(102,13): error TS17004: Cannot use JSX unless the '--jsx' flag is provided.
src/components/layout/Topbar.tsx(106,13): error TS17004: Cannot use JSX unless the '--jsx' flag is provided.
src/components/layout/Topbar.tsx(107,15): error TS17004: Cannot use JSX unless the '--jsx' flag is provided.
src/components/layout/Topbar.tsx(108,17): error TS17004: Cannot use JSX unless the '--jsx' flag is provided.
src/components/layout/Topbar.tsx(109,17): error TS17004: Cannot use JSX unless the '--jsx' flag is provided.
src/components/layout/Topbar.tsx(111,15): error TS17004: Cannot use JSX unless the '--jsx' flag is provided.
src/components/layout/Topbar.tsx(112,17): error TS17004: Cannot use JSX unless the '--jsx' flag is provided.
src/components/layout/Topbar.tsx(119,17): error TS17004: Cannot use JSX unless the '--jsx' flag is provided.
src/components/layout/Topbar.tsx(126,17): error TS17004: Cannot use JSX unless the '--jsx' flag is provided.
src/components/layout/Topbar.tsx(134,15): error TS17004: Cannot use JSX unless the '--jsx' flag is provided.
src/components/layout/Topbar.tsx(135,17): error TS17004: Cannot use JSX unless the '--jsx' flag is provided.
src/components/layout/Topbar.tsx(142,9): error TS17004: Cannot use JSX unless the '--jsx' flag is provided.
src/components/layout/Topbar.tsx(143,11): error TS17004: Cannot use JSX unless the '--jsx' flag is provided.
src/components/layout/Topbar.tsx(150,13): error TS17004: Cannot use JSX unless the '--jsx' flag is provided.
src/components/layout/Topbar.tsx(156,13): error TS17004: Cannot use JSX unless the '--jsx' flag is provided.
src/components/layout/Topbar.tsx(157,15): error TS17004: Cannot use JSX unless the '--jsx' flag is provided.
src/components/layout/Topbar.tsx(158,17): error TS17004: Cannot use JSX unless the '--jsx' flag is provided.
src/components/layout/Topbar.tsx(159,17): error TS17004: Cannot use JSX unless the '--jsx' flag is provided.
src/components/layout/Topbar.tsx(161,15): error TS17004: Cannot use JSX unless the '--jsx' flag is provided.
src/components/layout/Topbar.tsx(162,17): error TS17004: Cannot use JSX unless the '--jsx' flag is provided.
src/components/layout/Topbar.tsx(163,17): error TS17004: Cannot use JSX unless the '--jsx' flag is provided.
src/components/layout/Topbar.tsx(164,17): error TS17004: Cannot use JSX unless the '--jsx' flag is provided.
src/components/layout/Topbar.tsx(165,17): error TS17004: Cannot use JSX unless the '--jsx' flag is provided.
src/components/layout/Topbar.tsx(169,19): error TS17004: Cannot use JSX unless the '--jsx' flag is provided.
src/components/layout/Topbar.tsx(181,3): error TS17004: Cannot use JSX unless the '--jsx' flag is provided.
src/components/layout/Topbar.tsx(182,5): error TS17004: Cannot use JSX unless the '--jsx' flag is provided.
src/components/layout/Topbar.tsx(183,7): error TS17004: Cannot use JSX unless the '--jsx' flag is provided.
src/components/layout/Topbar.tsx(184,9): error TS17004: Cannot use JSX unless the '--jsx' flag is provided.
src/components/layout/Topbar.tsx(186,7): error TS17004: Cannot use JSX unless the '--jsx' flag is provided.
src/components/layout/Topbar.tsx(187,9): error TS17004: Cannot use JSX unless the '--jsx' flag is provided.
src/components/layout/Topbar.tsx(188,11): error TS17004: Cannot use JSX unless the '--jsx' flag is provided.
src/components/layout/Topbar.tsx(189,11): error TS17004: Cannot use JSX unless the '--jsx' flag is provided.
src/components/layout/Topbar.tsx(191,9): error TS17004: Cannot use JSX unless the '--jsx' flag is provided.
src/components/layout/Topbar.tsx(198,3): error TS17004: Cannot use JSX unless the '--jsx' flag is provided.
src/components/layout/Topbar.tsx(199,5): error TS17004: Cannot use JSX unless the '--jsx' flag is provided.
src/components/payments/modals/RecordPaymentModal.tsx(1,8): error TS1259: Module '"C:/code_visual_xanh/lab60622/lab60622/node_modules/@types/react/index"' can only be default-imported using the 'esModuleInterop' flag
src/components/payments/modals/RecordPaymentModal.tsx(4,3): error TS6133: 'CheckCircle2' is declared but its value is never read.
src/components/payments/modals/RecordPaymentModal.tsx(8,31): error TS2307: Cannot find module '@/utils' or its corresponding type declarations.
src/components/payments/modals/RecordPaymentModal.tsx(10,32): error TS2307: Cannot find module '@/services/paymentService' or its corresponding type declarations.
src/components/payments/modals/RecordPaymentModal.tsx(11,31): error TS2307: Cannot find module '@/models/Payment' or its corresponding type declarations.
src/components/payments/modals/RecordPaymentModal.tsx(65,44): error TS17004: Cannot use JSX unless the '--jsx' flag is provided.
src/components/payments/modals/RecordPaymentModal.tsx(66,56): error TS17004: Cannot use JSX unless the '--jsx' flag is provided.
src/components/payments/modals/RecordPaymentModal.tsx(67,42): error TS17004: Cannot use JSX unless the '--jsx' flag is provided.
src/components/payments/modals/RecordPaymentModal.tsx(68,40): error TS17004: Cannot use JSX unless the '--jsx' flag is provided.
src/components/payments/modals/RecordPaymentModal.tsx(72,5): error TS17004: Cannot use JSX unless the '--jsx' flag is provided.
src/components/payments/modals/RecordPaymentModal.tsx(73,7): error TS17004: Cannot use JSX unless the '--jsx' flag is provided.
src/components/payments/modals/RecordPaymentModal.tsx(75,7): error TS17004: Cannot use JSX unless the '--jsx' flag is provided.
src/components/payments/modals/RecordPaymentModal.tsx(77,9): error TS17004: Cannot use JSX unless the '--jsx' flag is provided.
src/components/payments/modals/RecordPaymentModal.tsx(78,11): error TS17004: Cannot use JSX unless the '--jsx' flag is provided.
src/components/payments/modals/RecordPaymentModal.tsx(79,14): error TS17004: Cannot use JSX unless the '--jsx' flag is provided.
src/components/payments/modals/RecordPaymentModal.tsx(80,17): error TS17004: Cannot use JSX unless the '--jsx' flag is provided.
src/components/payments/modals/RecordPaymentModal.tsx(81,20): error TS17004: Cannot use JSX unless the '--jsx' flag is provided.
src/components/payments/modals/RecordPaymentModal.tsx(83,17): error TS17004: Cannot use JSX unless the '--jsx' flag is provided.
src/components/payments/modals/RecordPaymentModal.tsx(84,20): error TS17004: Cannot use JSX unless the '--jsx' flag is provided.
src/components/payments/modals/RecordPaymentModal.tsx(85,20): error TS17004: Cannot use JSX unless the '--jsx' flag is provided.
src/components/payments/modals/RecordPaymentModal.tsx(88,14): error TS17004: Cannot use JSX unless the '--jsx' flag is provided.
src/components/payments/modals/RecordPaymentModal.tsx(89,16): error TS17004: Cannot use JSX unless the '--jsx' flag is provided.
src/components/payments/modals/RecordPaymentModal.tsx(94,13): error TS17004: Cannot use JSX unless the '--jsx' flag is provided.
src/components/payments/modals/RecordPaymentModal.tsx(95,16): error TS17004: Cannot use JSX unless the '--jsx' flag is provided.
src/components/payments/modals/RecordPaymentModal.tsx(96,19): error TS17004: Cannot use JSX unless the '--jsx' flag is provided.
src/components/payments/modals/RecordPaymentModal.tsx(97,21): error TS17004: Cannot use JSX unless the '--jsx' flag is provided.
src/components/payments/modals/RecordPaymentModal.tsx(98,21): error TS17004: Cannot use JSX unless the '--jsx' flag is provided.
src/components/payments/modals/RecordPaymentModal.tsx(99,23): error TS17004: Cannot use JSX unless the '--jsx' flag is provided.
src/components/payments/modals/RecordPaymentModal.tsx(100,23): error TS17004: Cannot use JSX unless the '--jsx' flag is provided.
src/components/payments/modals/RecordPaymentModal.tsx(109,19): error TS17004: Cannot use JSX unless the '--jsx' flag is provided.
src/components/payments/modals/RecordPaymentModal.tsx(110,21): error TS17004: Cannot use JSX unless the '--jsx' flag is provided.
src/components/payments/modals/RecordPaymentModal.tsx(111,21): error TS17004: Cannot use JSX unless the '--jsx' flag is provided.
src/components/payments/modals/RecordPaymentModal.tsx(113,26): error TS17004: Cannot use JSX unless the '--jsx' flag is provided.
src/components/payments/modals/RecordPaymentModal.tsx(127,19): error TS17004: Cannot use JSX unless the '--jsx' flag is provided.
src/components/payments/modals/RecordPaymentModal.tsx(128,21): error TS17004: Cannot use JSX unless the '--jsx' flag is provided.
src/components/payments/modals/RecordPaymentModal.tsx(129,21): error TS17004: Cannot use JSX unless the '--jsx' flag is provided.
src/components/payments/modals/RecordPaymentModal.tsx(135,43): error TS17004: Cannot use JSX unless the '--jsx' flag is provided.
src/components/payments/modals/RecordPaymentModal.tsx(139,16): error TS17004: Cannot use JSX unless the '--jsx' flag is provided.
src/components/payments/modals/RecordPaymentModal.tsx(140,19): error TS17004: Cannot use JSX unless the '--jsx' flag is provided.
src/components/payments/modals/RecordPaymentModal.tsx(141,21): error TS17004: Cannot use JSX unless the '--jsx' flag is provided.
src/components/payments/modals/RecordPaymentModal.tsx(142,21): error TS17004: Cannot use JSX unless the '--jsx' flag is provided.
src/components/payments/modals/RecordPaymentModal.tsx(150,19): error TS17004: Cannot use JSX unless the '--jsx' flag is provided.
src/components/payments/modals/RecordPaymentModal.tsx(151,21): error TS17004: Cannot use JSX unless the '--jsx' flag is provided.
src/components/payments/modals/RecordPaymentModal.tsx(152,21): error TS17004: Cannot use JSX unless the '--jsx' flag is provided.
src/components/payments/modals/RecordPaymentModal.tsx(153,24): error TS17004: Cannot use JSX unless the '--jsx' flag is provided.
src/components/payments/modals/RecordPaymentModal.tsx(154,24): error TS17004: Cannot use JSX unless the '--jsx' flag is provided.
src/components/payments/modals/RecordPaymentModal.tsx(158,19): error TS17004: Cannot use JSX unless the '--jsx' flag is provided.
src/components/payments/modals/RecordPaymentModal.tsx(159,21): error TS17004: Cannot use JSX unless the '--jsx' flag is provided.
src/components/payments/modals/RecordPaymentModal.tsx(160,21): error TS17004: Cannot use JSX unless the '--jsx' flag is provided.
src/components/payments/modals/RecordPaymentModal.tsx(170,13): error TS17004: Cannot use JSX unless the '--jsx' flag is provided.
src/components/payments/modals/RecordPaymentModal.tsx(171,16): error TS17004: Cannot use JSX unless the '--jsx' flag is provided.
src/components/payments/modals/RecordPaymentModal.tsx(172,19): error TS17004: Cannot use JSX unless the '--jsx' flag is provided.
src/components/payments/modals/RecordPaymentModal.tsx(174,16): error TS17004: Cannot use JSX unless the '--jsx' flag is provided.
src/components/payments/modals/RecordPaymentModal.tsx(175,19): error TS17004: Cannot use JSX unless the '--jsx' flag is provided.
src/components/payments/modals/RecordPaymentModal.tsx(176,19): error TS17004: Cannot use JSX unless the '--jsx' flag is provided.
src/components/payments/modals/RecordPaymentModal.tsx(177,39): error TS17004: Cannot use JSX unless the '--jsx' flag is provided.
src/components/payments/modals/RecordPaymentModal.tsx(177,94): error TS17004: Cannot use JSX unless the '--jsx' flag is provided.
src/components/payments/modals/RecordPaymentModal.tsx(178,29): error TS17004: Cannot use JSX unless the '--jsx' flag is provided.
src/components/payments/modals/RecordPaymentModal.tsx(180,19): error TS17004: Cannot use JSX unless the '--jsx' flag is provided.
src/components/payments/modals/RecordPaymentModal.tsx(181,22): error TS17004: Cannot use JSX unless the '--jsx' flag is provided.
src/components/payments/modals/RecordPaymentModal.tsx(185,25): error TS17004: Cannot use JSX unless the '--jsx' flag is provided.
src/components/payments/modals/RecordPaymentModal.tsx(186,25): error TS17004: Cannot use JSX unless the '--jsx' flag is provided.
src/components/payments/modals/RecordPaymentModal.tsx(188,22): error TS17004: Cannot use JSX unless the '--jsx' flag is provided.
src/components/payments/modals/RecordPaymentModal.tsx(192,25): error TS17004: Cannot use JSX unless the '--jsx' flag is provided.
src/components/payments/modals/RecordPaymentModal.tsx(193,25): error TS17004: Cannot use JSX unless the '--jsx' flag is provided.
src/components/payments/modals/RecordPaymentModal.tsx(202,9): error TS17004: Cannot use JSX unless the '--jsx' flag is provided.
src/components/payments/modals/RecordPaymentModal.tsx(203,12): error TS17004: Cannot use JSX unless the '--jsx' flag is provided.
src/components/payments/modals/RecordPaymentModal.tsx(204,15): error TS17004: Cannot use JSX unless the '--jsx' flag is provided.
src/components/payments/modals/RecordPaymentModal.tsx(205,15): error TS17004: Cannot use JSX unless the '--jsx' flag is provided.
src/components/payments/modals/RecordPaymentModal.tsx(208,12): error TS17004: Cannot use JSX unless the '--jsx' flag is provided.
src/components/payments/modals/RecordPaymentModal.tsx(209,15): error TS17004: Cannot use JSX unless the '--jsx' flag is provided.
src/components/payments/modals/RecordPaymentModal.tsx(210,18): error TS17004: Cannot use JSX unless the '--jsx' flag is provided.
src/components/payments/modals/RecordPaymentModal.tsx(211,21): error TS17004: Cannot use JSX unless the '--jsx' flag is provided.
src/components/payments/modals/RecordPaymentModal.tsx(212,21): error TS17004: Cannot use JSX unless the '--jsx' flag is provided.
src/components/payments/modals/RecordPaymentModal.tsx(214,18): error TS17004: Cannot use JSX unless the '--jsx' flag is provided.
src/components/payments/modals/RecordPaymentModal.tsx(215,21): error TS17004: Cannot use JSX unless the '--jsx' flag is provided.
src/components/payments/modals/RecordPaymentModal.tsx(216,21): error TS17004: Cannot use JSX unless the '--jsx' flag is provided.
src/components/payments/modals/RecordPaymentModal.tsx(218,18): error TS17004: Cannot use JSX unless the '--jsx' flag is provided.
src/components/payments/modals/RecordPaymentModal.tsx(219,21): error TS17004: Cannot use JSX unless the '--jsx' flag is provided.
src/components/payments/modals/RecordPaymentModal.tsx(220,21): error TS17004: Cannot use JSX unless the '--jsx' flag is provided.
src/components/payments/modals/RecordPaymentModal.tsx(222,18): error TS17004: Cannot use JSX unless the '--jsx' flag is provided.
src/components/payments/modals/RecordPaymentModal.tsx(223,21): error TS17004: Cannot use JSX unless the '--jsx' flag is provided.
src/components/payments/modals/RecordPaymentModal.tsx(224,21): error TS17004: Cannot use JSX unless the '--jsx' flag is provided.
src/components/payments/modals/RecordPaymentModal.tsx(228,15): error TS17004: Cannot use JSX unless the '--jsx' flag is provided.
src/components/payments/modals/RecordPaymentModal.tsx(229,18): error TS17004: Cannot use JSX unless the '--jsx' flag is provided.
src/components/payments/modals/RecordPaymentModal.tsx(230,21): error TS17004: Cannot use JSX unless the '--jsx' flag is provided.
src/components/payments/modals/RecordPaymentModal.tsx(231,21): error TS17004: Cannot use JSX unless the '--jsx' flag is provided.
src/components/payments/modals/RecordPaymentModal.tsx(233,18): error TS17004: Cannot use JSX unless the '--jsx' flag is provided.
src/components/payments/modals/RecordPaymentModal.tsx(234,21): error TS17004: Cannot use JSX unless the '--jsx' flag is provided.
src/components/payments/modals/RecordPaymentModal.tsx(235,21): error TS17004: Cannot use JSX unless the '--jsx' flag is provided.
src/components/payments/modals/RecordPaymentModal.tsx(245,17): error TS17004: Cannot use JSX unless the '--jsx' flag is provided.
src/components/payments/modals/RecordPaymentModal.tsx(246,20): error TS17004: Cannot use JSX unless the '--jsx' flag is provided.
src/components/payments/modals/RecordPaymentModal.tsx(247,20): error TS17004: Cannot use JSX unless the '--jsx' flag is provided.
src/components/payments/modals/RecordPaymentModal.tsx(248,23): error TS17004: Cannot use JSX unless the '--jsx' flag is provided.
src/components/payments/modals/RecordPaymentModal.tsx(249,23): error TS17004: Cannot use JSX unless the '--jsx' flag is provided.
src/components/payments/modals/RecordPaymentModal.tsx(249,106): error TS17004: Cannot use JSX unless the '--jsx' flag is provided.
src/components/payments/modals/RecordPaymentModal.tsx(255,12): error TS17004: Cannot use JSX unless the '--jsx' flag is provided.
src/components/payments/modals/RecordPaymentModal.tsx(256,15): error TS17004: Cannot use JSX unless the '--jsx' flag is provided.
src/components/payments/modals/RecordPaymentModal.tsx(260,17): error TS17004: Cannot use JSX unless the '--jsx' flag is provided.
src/components/payments/modals/RecordPaymentModal.tsx(262,15): error TS17004: Cannot use JSX unless the '--jsx' flag is provided.
src/components/payments/modals/RecordPaymentModal.tsx(266,17): error TS17004: Cannot use JSX unless the '--jsx' flag is provided.
src/components/policy/CreatePolicyModal.tsx(1,8): error TS1259: Module '"C:/code_visual_xanh/lab60622/lab60622/node_modules/@types/react/index"' can only be default-imported using the 'esModuleInterop' flag
src/components/policy/CreatePolicyModal.tsx(15,8): error TS2307: Cannot find module '@/components/shared' or its corresponding type declarations.
src/components/policy/CreatePolicyModal.tsx(21,8): error TS2307: Cannot find module '@/schemas/policySchema' or its corresponding type declarations.
src/components/policy/CreatePolicyModal.tsx(25,8): error TS2307: Cannot find module '@/types/policy' or its corresponding type declarations.
src/components/policy/CreatePolicyModal.tsx(29,8): error TS2307: Cannot find module '@/services/policyService' or its corresponding type declarations.
src/components/policy/CreatePolicyModal.tsx(30,28): error TS2307: Cannot find module '@/hooks/useConfirm' or its corresponding type declarations.
src/components/policy/CreatePolicyModal.tsx(31,32): error TS2307: Cannot find module '@/utils' or its corresponding type declarations.
src/components/policy/CreatePolicyModal.tsx(58,3): error TS7031: Binding element 'open' implicitly has an 'any' type.
src/components/policy/CreatePolicyModal.tsx(59,3): error TS7031: Binding element 'onClose' implicitly has an 'any' type.
src/components/policy/CreatePolicyModal.tsx(60,3): error TS7031: Binding element 'onSuccess' implicitly has an 'any' type.
src/components/policy/CreatePolicyModal.tsx(61,3): error TS7031: Binding element 'type' implicitly has an 'any' type.
src/components/policy/CreatePolicyModal.tsx(62,3): error TS7031: Binding element 'currentPolicy' implicitly has an 'any' type.
src/components/policy/CreatePolicyModal.tsx(94,20): error TS2705: An async function or method in ES5 requires the 'Promise' constructor.  Make sure you have a declaration for the 'Promise' constructor or include 'ES2015' in your '--lib' option.
src/components/policy/CreatePolicyModal.tsx(101,9): error TS17004: Cannot use JSX unless the '--jsx' flag is provided.
src/components/policy/CreatePolicyModal.tsx(102,11): error TS17004: Cannot use JSX unless the '--jsx' flag is provided.
src/components/policy/CreatePolicyModal.tsx(103,33): error TS17004: Cannot use JSX unless the '--jsx' flag is provided.
src/components/policy/CreatePolicyModal.tsx(103,142): error TS17004: Cannot use JSX unless the '--jsx' flag is provided.
src/components/policy/CreatePolicyModal.tsx(105,11): error TS17004: Cannot use JSX unless the '--jsx' flag is provided.
src/components/policy/CreatePolicyModal.tsx(106,28): error TS17004: Cannot use JSX unless the '--jsx' flag is provided.
src/components/policy/CreatePolicyModal.tsx(106,115): error TS17004: Cannot use JSX unless the '--jsx' flag is provided.
src/components/policy/CreatePolicyModal.tsx(108,11): error TS17004: Cannot use JSX unless the '--jsx' flag is provided.
src/components/policy/CreatePolicyModal.tsx(109,13): error TS17004: Cannot use JSX unless the '--jsx' flag is provided.
src/components/policy/CreatePolicyModal.tsx(112,11): error TS17004: Cannot use JSX unless the '--jsx' flag is provided.
src/components/policy/CreatePolicyModal.tsx(139,5): error TS17004: Cannot use JSX unless the '--jsx' flag is provided.
src/components/policy/CreatePolicyModal.tsx(145,7): error TS17004: Cannot use JSX unless the '--jsx' flag is provided.
src/components/policy/CreatePolicyModal.tsx(147,9): error TS17004: Cannot use JSX unless the '--jsx' flag is provided.
src/components/policy/CreatePolicyModal.tsx(148,11): error TS17004: Cannot use JSX unless the '--jsx' flag is provided.
src/components/policy/CreatePolicyModal.tsx(149,13): error TS17004: Cannot use JSX unless the '--jsx' flag is provided.
src/components/policy/CreatePolicyModal.tsx(151,15): error TS17004: Cannot use JSX unless the '--jsx' flag is provided.
src/components/policy/CreatePolicyModal.tsx(153,13): error TS17004: Cannot use JSX unless the '--jsx' flag is provided.
src/components/policy/CreatePolicyModal.tsx(157,17): error TS17004: Cannot use JSX unless the '--jsx' flag is provided.
src/components/policy/CreatePolicyModal.tsx(167,35): error TS17004: Cannot use JSX unless the '--jsx' flag is provided.
src/components/policy/CreatePolicyModal.tsx(170,11): error TS17004: Cannot use JSX unless the '--jsx' flag is provided.
src/components/policy/CreatePolicyModal.tsx(171,13): error TS17004: Cannot use JSX unless the '--jsx' flag is provided.
src/components/policy/CreatePolicyModal.tsx(172,15): error TS17004: Cannot use JSX unless the '--jsx' flag is provided.
src/components/policy/CreatePolicyModal.tsx(174,15): error TS17004: Cannot use JSX unless the '--jsx' flag is provided.
src/components/policy/CreatePolicyModal.tsx(176,13): error TS17004: Cannot use JSX unless the '--jsx' flag is provided.
src/components/policy/CreatePolicyModal.tsx(180,17): error TS17004: Cannot use JSX unless the '--jsx' flag is provided.
src/components/policy/CreatePolicyModal.tsx(181,20): error TS17004: Cannot use JSX unless the '--jsx' flag is provided.
src/components/policy/CreatePolicyModal.tsx(191,21): error TS17004: Cannot use JSX unless the '--jsx' flag is provided.
src/components/policy/CreatePolicyModal.tsx(192,23): error TS17004: Cannot use JSX unless the '--jsx' flag is provided.
src/components/policy/CreatePolicyModal.tsx(199,38): error TS17004: Cannot use JSX unless the '--jsx' flag is provided.
src/components/policy/CreatePolicyModal.tsx(202,11): error TS17004: Cannot use JSX unless the '--jsx' flag is provided.
src/components/policy/CreatePolicyModal.tsx(203,13): error TS17004: Cannot use JSX unless the '--jsx' flag is provided.
src/components/policy/CreatePolicyModal.tsx(206,13): error TS17004: Cannot use JSX unless the '--jsx' flag is provided.
src/components/policy/CreatePolicyModal.tsx(210,17): error TS17004: Cannot use JSX unless the '--jsx' flag is provided.
src/components/policy/CreatePolicyModal.tsx(218,32): error TS17004: Cannot use JSX unless the '--jsx' flag is provided.
src/components/policy/CreatePolicyModal.tsx(224,11): error TS17004: Cannot use JSX unless the '--jsx' flag is provided.
src/components/policy/CreatePolicyModal.tsx(225,14): error TS17004: Cannot use JSX unless the '--jsx' flag is provided.
src/components/policy/CreatePolicyModal.tsx(226,15): error TS17004: Cannot use JSX unless the '--jsx' flag is provided.
src/components/policy/CreatePolicyModal.tsx(227,15): error TS17004: Cannot use JSX unless the '--jsx' flag is provided.
src/components/policy/CreatePolicyModal.tsx(231,19): error TS17004: Cannot use JSX unless the '--jsx' flag is provided.
src/components/policy/CreatePolicyModal.tsx(238,13): error TS17004: Cannot use JSX unless the '--jsx' flag is provided.
src/components/policy/CreatePolicyModal.tsx(239,15): error TS17004: Cannot use JSX unless the '--jsx' flag is provided.
src/components/policy/CreatePolicyModal.tsx(240,15): error TS17004: Cannot use JSX unless the '--jsx' flag is provided.
src/components/policy/CreatePolicyModal.tsx(244,19): error TS17004: Cannot use JSX unless the '--jsx' flag is provided.
src/components/policy/CreatePolicyModal.tsx(248,13): error TS17004: Cannot use JSX unless the '--jsx' flag is provided.
src/components/policy/CreatePolicyModal.tsx(249,15): error TS17004: Cannot use JSX unless the '--jsx' flag is provided.
src/components/policy/CreatePolicyModal.tsx(250,15): error TS17004: Cannot use JSX unless the '--jsx' flag is provided.
src/components/policy/CreatePolicyModal.tsx(254,19): error TS17004: Cannot use JSX unless the '--jsx' flag is provided.
src/components/policy/CreatePolicyModal.tsx(261,9): error TS17004: Cannot use JSX unless the '--jsx' flag is provided.
src/components/policy/CreatePolicyModal.tsx(262,11): error TS17004: Cannot use JSX unless the '--jsx' flag is provided.
src/components/policy/CreatePolicyModal.tsx(263,11): error TS17004: Cannot use JSX unless the '--jsx' flag is provided.
src/components/policy/CreatePolicyModal.tsx(267,15): error TS17004: Cannot use JSX unless the '--jsx' flag is provided.
src/components/policy/CreatePolicyModal.tsx(278,9): error TS17004: Cannot use JSX unless the '--jsx' flag is provided.
src/components/policy/CreatePolicyModal.tsx(279,11): error TS17004: Cannot use JSX unless the '--jsx' flag is provided.
src/components/policy/CreatePolicyModal.tsx(280,13): error TS17004: Cannot use JSX unless the '--jsx' flag is provided.
src/components/policy/CreatePolicyModal.tsx(283,13): error TS17004: Cannot use JSX unless the '--jsx' flag is provided.
src/components/policy/CreatePolicyModal.tsx(287,17): error TS17004: Cannot use JSX unless the '--jsx' flag is provided.
src/components/policy/CreatePolicyModal.tsx(299,11): error TS17004: Cannot use JSX unless the '--jsx' flag is provided.
src/components/policy/CreatePolicyModal.tsx(300,13): error TS17004: Cannot use JSX unless the '--jsx' flag is provided.
src/components/policy/CreatePolicyModal.tsx(303,13): error TS17004: Cannot use JSX unless the '--jsx' flag is provided.
src/components/policy/CreatePolicyModal.tsx(311,9): error TS17004: Cannot use JSX unless the '--jsx' flag is provided.
src/components/policy/CreatePolicyModal.tsx(312,11): error TS17004: Cannot use JSX unless the '--jsx' flag is provided.
src/components/policy/CreatePolicyModal.tsx(320,11): error TS17004: Cannot use JSX unless the '--jsx' flag is provided.
src/components/policy/CreatePolicyModal.tsx(326,15): error TS17004: Cannot use JSX unless the '--jsx' flag is provided.
src/components/policy/CreatePolicyModal.tsx(327,17): error TS17004: Cannot use JSX unless the '--jsx' flag is provided.
src/components/policy/PolicyHistoryTable.tsx(2,8): error TS1259: Module '"C:/code_visual_xanh/lab60622/lab60622/node_modules/@types/react/index"' can only be default-imported using the 'esModuleInterop' flag
src/components/policy/PolicyHistoryTable.tsx(4,52): error TS2307: Cannot find module '@/components/shared' or its corresponding type declarations.
src/components/policy/PolicyHistoryTable.tsx(5,48): error TS2307: Cannot find module '@/types/policy' or its corresponding type declarations.
src/components/policy/PolicyHistoryTable.tsx(6,32): error TS2307: Cannot find module '@/utils' or its corresponding type declarations.
src/components/policy/PolicyHistoryTable.tsx(14,3): error TS7031: Binding element 'policies' implicitly has an 'any' type.
src/components/policy/PolicyHistoryTable.tsx(15,3): error TS7031: Binding element 'type' implicitly has an 'any' type.
src/components/policy/PolicyHistoryTable.tsx(20,5): error TS17004: Cannot use JSX unless the '--jsx' flag is provided.
src/components/policy/PolicyHistoryTable.tsx(21,7): error TS17004: Cannot use JSX unless the '--jsx' flag is provided.
src/components/policy/PolicyHistoryTable.tsx(22,9): error TS17004: Cannot use JSX unless the '--jsx' flag is provided.
src/components/policy/PolicyHistoryTable.tsx(23,11): error TS17004: Cannot use JSX unless the '--jsx' flag is provided.
src/components/policy/PolicyHistoryTable.tsx(24,13): error TS17004: Cannot use JSX unless the '--jsx' flag is provided.
src/components/policy/PolicyHistoryTable.tsx(25,15): error TS17004: Cannot use JSX unless the '--jsx' flag is provided.
src/components/policy/PolicyHistoryTable.tsx(26,15): error TS17004: Cannot use JSX unless the '--jsx' flag is provided.
src/components/policy/PolicyHistoryTable.tsx(27,15): error TS17004: Cannot use JSX unless the '--jsx' flag is provided.
src/components/policy/PolicyHistoryTable.tsx(28,15): error TS17004: Cannot use JSX unless the '--jsx' flag is provided.
src/components/policy/PolicyHistoryTable.tsx(29,15): error TS17004: Cannot use JSX unless the '--jsx' flag is provided.
src/components/policy/PolicyHistoryTable.tsx(30,15): error TS17004: Cannot use JSX unless the '--jsx' flag is provided.
src/components/policy/PolicyHistoryTable.tsx(33,11): error TS17004: Cannot use JSX unless the '--jsx' flag is provided.
src/components/policy/PolicyHistoryTable.tsx(34,28): error TS7006: Parameter 'policy' implicitly has an 'any' type.
src/components/policy/PolicyHistoryTable.tsx(35,15): error TS17004: Cannot use JSX unless the '--jsx' flag is provided.
src/components/policy/PolicyHistoryTable.tsx(42,17): error TS17004: Cannot use JSX unless the '--jsx' flag is provided.
src/components/policy/PolicyHistoryTable.tsx(43,19): error TS17004: Cannot use JSX unless the '--jsx' flag is provided.
src/components/policy/PolicyHistoryTable.tsx(44,21): error TS17004: Cannot use JSX unless the '--jsx' flag is provided.
src/components/policy/PolicyHistoryTable.tsx(48,25): error TS17004: Cannot use JSX unless the '--jsx' flag is provided.
src/components/policy/PolicyHistoryTable.tsx(49,29): error TS17004: Cannot use JSX unless the '--jsx' flag is provided.
src/components/policy/PolicyHistoryTable.tsx(54,17): error TS17004: Cannot use JSX unless the '--jsx' flag is provided.
src/components/policy/PolicyHistoryTable.tsx(55,19): error TS17004: Cannot use JSX unless the '--jsx' flag is provided.
src/components/policy/PolicyHistoryTable.tsx(59,17): error TS17004: Cannot use JSX unless the '--jsx' flag is provided.
src/components/policy/PolicyHistoryTable.tsx(60,19): error TS17004: Cannot use JSX unless the '--jsx' flag is provided.
src/components/policy/PolicyHistoryTable.tsx(64,17): error TS17004: Cannot use JSX unless the '--jsx' flag is provided.
src/components/policy/PolicyHistoryTable.tsx(65,19): error TS17004: Cannot use JSX unless the '--jsx' flag is provided.
src/components/policy/PolicyHistoryTable.tsx(69,17): error TS17004: Cannot use JSX unless the '--jsx' flag is provided.
src/components/policy/PolicyHistoryTable.tsx(71,21): error TS17004: Cannot use JSX unless the '--jsx' flag is provided.
src/components/policy/PolicyHistoryTable.tsx(73,21): error TS17004: Cannot use JSX unless the '--jsx' flag is provided.
src/components/policy/PolicyHistoryTable.tsx(76,17): error TS17004: Cannot use JSX unless the '--jsx' flag is provided.
src/components/policy/PolicyHistoryTable.tsx(77,19): error TS17004: Cannot use JSX unless the '--jsx' flag is provided.
src/components/policy/PolicyHistoryTable.tsx(80,23): error TS17004: Cannot use JSX unless the '--jsx' flag is provided.
src/components/policy/PolicyHistoryTable.tsx(85,25): error TS17004: Cannot use JSX unless the '--jsx' flag is provided.
src/components/policy/PolicyHistoryTable.tsx(96,11): error TS17004: Cannot use JSX unless the '--jsx' flag is provided.
src/components/policy/PolicyHistoryTable.tsx(97,14): error TS17004: Cannot use JSX unless the '--jsx' flag is provided.
src/components/policy/PolicyHistoryTable.tsx(103,7): error TS17004: Cannot use JSX unless the '--jsx' flag is provided.
src/components/policy/PolicyHistoryTable.tsx(109,9): error TS17004: Cannot use JSX unless the '--jsx' flag is provided.
src/components/policy/PolicyHistoryTable.tsx(110,11): error TS17004: Cannot use JSX unless the '--jsx' flag is provided.
src/components/policy/PolicyHistoryTable.tsx(111,14): error TS17004: Cannot use JSX unless the '--jsx' flag is provided.
src/components/policy/PolicyHistoryTable.tsx(112,14): error TS17004: Cannot use JSX unless the '--jsx' flag is provided.
src/components/policy/PolicyHistoryTable.tsx(113,17): error TS17004: Cannot use JSX unless the '--jsx' flag is provided.
src/components/policy/PolicyHistoryTable.tsx(114,17): error TS17004: Cannot use JSX unless the '--jsx' flag is provided.
src/components/policy/PolicyHistoryTable.tsx(121,11): error TS17004: Cannot use JSX unless the '--jsx' flag is provided.
src/components/policy/PolicyHistoryTable.tsx(122,13): error TS17004: Cannot use JSX unless the '--jsx' flag is provided.
src/components/policy/PolicyHistoryTable.tsx(123,17): error TS17004: Cannot use JSX unless the '--jsx' flag is provided.
src/components/policy/PolicyHistoryTable.tsx(127,13): error TS17004: Cannot use JSX unless the '--jsx' flag is provided.
src/components/policy/PolicyHistoryTable.tsx(136,11): error TS17004: Cannot use JSX unless the '--jsx' flag is provided.
src/components/policy/PolicyHistoryTable.tsx(137,13): error TS17004: Cannot use JSX unless the '--jsx' flag is provided.
src/components/portal/BottomSheet.tsx(1,8): error TS1259: Module '"C:/code_visual_xanh/lab60622/lab60622/node_modules/@types/react/index"' can only be default-imported using the 'esModuleInterop' flag
src/components/portal/BottomSheet.tsx(3,20): error TS2307: Cannot find module '@/utils' or its corresponding type declarations.
src/components/portal/BottomSheet.tsx(30,5): error TS17004: Cannot use JSX unless the '--jsx' flag is provided.
src/components/portal/BottomSheet.tsx(34,7): error TS17004: Cannot use JSX unless the '--jsx' flag is provided.
src/components/portal/BottomSheet.tsx(38,7): error TS17004: Cannot use JSX unless the '--jsx' flag is provided.
src/components/portal/BottomSheet.tsx(44,9): error TS17004: Cannot use JSX unless the '--jsx' flag is provided.
src/components/portal/BottomSheet.tsx(45,11): error TS17004: Cannot use JSX unless the '--jsx' flag is provided.
src/components/portal/BottomSheet.tsx(48,9): error TS17004: Cannot use JSX unless the '--jsx' flag is provided.
src/components/portal/BottomSheet.tsx(49,11): error TS17004: Cannot use JSX unless the '--jsx' flag is provided.
src/components/portal/BottomSheet.tsx(50,11): error TS17004: Cannot use JSX unless the '--jsx' flag is provided.
src/components/portal/BottomSheet.tsx(54,13): error TS17004: Cannot use JSX unless the '--jsx' flag is provided.
src/components/portal/BottomSheet.tsx(58,9): error TS17004: Cannot use JSX unless the '--jsx' flag is provided.
src/components/rooms/RoomModal.tsx(1,8): error TS1259: Module '"C:/code_visual_xanh/lab60622/lab60622/node_modules/@types/react/index"' can only be default-imported using the 'esModuleInterop' flag
src/components/rooms/RoomModal.tsx(1,28): error TS6133: 'useMemo' is declared but its value is never read.
src/components/rooms/RoomModal.tsx(4,13): error TS6133: 'AlertCircle' is declared but its value is never read.
src/components/rooms/RoomModal.tsx(4,26): error TS6133: 'User' is declared but its value is never read.
src/components/rooms/RoomModal.tsx(9,1): error TS6133: 'z' is declared but its value is never read.
src/components/rooms/RoomModal.tsx(10,29): error TS2307: Cannot find module '@/services/roomService' or its corresponding type declarations.
src/components/rooms/RoomModal.tsx(11,42): error TS2307: Cannot find module '@/schemas/roomSchema' or its corresponding type declarations.
src/components/rooms/RoomModal.tsx(12,22): error TS6133: 'RoomType' is declared but its value is never read.
src/components/rooms/RoomModal.tsx(12,32): error TS6133: 'Furnishing' is declared but its value is never read.
src/components/rooms/RoomModal.tsx(12,44): error TS6133: 'DirectionFacing' is declared but its value is never read.
src/components/rooms/RoomModal.tsx(12,67): error TS2307: Cannot find module '@/models/Room' or its corresponding type declarations.
src/components/rooms/RoomModal.tsx(13,20): error TS2307: Cannot find module '@/utils' or its corresponding type declarations.
src/components/rooms/RoomModal.tsx(15,25): error TS2307: Cannot find module '@/components/ui/Feedback' or its corresponding type declarations.
src/components/rooms/RoomModal.tsx(16,24): error TS2307: Cannot find module '@/stores/uiStore' or its corresponding type declarations.
src/components/rooms/RoomModal.tsx(35,26): error TS6133: 'isSubmitting' is declared but its value is never read.
src/components/rooms/RoomModal.tsx(116,5): error TS17004: Cannot use JSX unless the '--jsx' flag is provided.
src/components/rooms/RoomModal.tsx(117,7): error TS17004: Cannot use JSX unless the '--jsx' flag is provided.
src/components/rooms/RoomModal.tsx(118,9): error TS17004: Cannot use JSX unless the '--jsx' flag is provided.
src/components/rooms/RoomModal.tsx(119,12): error TS17004: Cannot use JSX unless the '--jsx' flag is provided.
src/components/rooms/RoomModal.tsx(120,15): error TS17004: Cannot use JSX unless the '--jsx' flag is provided.
src/components/rooms/RoomModal.tsx(120,99): error TS17004: Cannot use JSX unless the '--jsx' flag is provided.
src/components/rooms/RoomModal.tsx(121,15): error TS17004: Cannot use JSX unless the '--jsx' flag is provided.
src/components/rooms/RoomModal.tsx(122,18): error TS17004: Cannot use JSX unless the '--jsx' flag is provided.
src/components/rooms/RoomModal.tsx(123,18): error TS17004: Cannot use JSX unless the '--jsx' flag is provided.
src/components/rooms/RoomModal.tsx(126,12): error TS17004: Cannot use JSX unless the '--jsx' flag is provided.
src/components/rooms/RoomModal.tsx(126,100): error TS17004: Cannot use JSX unless the '--jsx' flag is provided.
src/components/rooms/RoomModal.tsx(129,9): error TS17004: Cannot use JSX unless the '--jsx' flag is provided.
src/components/rooms/RoomModal.tsx(130,12): error TS17004: Cannot use JSX unless the '--jsx' flag is provided.
src/components/rooms/RoomModal.tsx(131,15): error TS17004: Cannot use JSX unless the '--jsx' flag is provided.
src/components/rooms/RoomModal.tsx(132,18): error TS17004: Cannot use JSX unless the '--jsx' flag is provided.
src/components/rooms/RoomModal.tsx(132,41): error TS17004: Cannot use JSX unless the '--jsx' flag is provided.
src/components/rooms/RoomModal.tsx(134,15): error TS17004: Cannot use JSX unless the '--jsx' flag is provided.
src/components/rooms/RoomModal.tsx(135,18): error TS17004: Cannot use JSX unless the '--jsx' flag is provided.
src/components/rooms/RoomModal.tsx(136,21): error TS17004: Cannot use JSX unless the '--jsx' flag is provided.
src/components/rooms/RoomModal.tsx(137,21): error TS17004: Cannot use JSX unless the '--jsx' flag is provided.
src/components/rooms/RoomModal.tsx(138,24): error TS17004: Cannot use JSX unless the '--jsx' flag is provided.
src/components/rooms/RoomModal.tsx(138,68): error TS17004: Cannot use JSX unless the '--jsx' flag is provided.
src/components/rooms/RoomModal.tsx(141,18): error TS17004: Cannot use JSX unless the '--jsx' flag is provided.
src/components/rooms/RoomModal.tsx(142,21): error TS17004: Cannot use JSX unless the '--jsx' flag is provided.
src/components/rooms/RoomModal.tsx(143,21): error TS17004: Cannot use JSX unless the '--jsx' flag is provided.
src/components/rooms/RoomModal.tsx(144,50): error TS17004: Cannot use JSX unless the '--jsx' flag is provided.
src/components/rooms/RoomModal.tsx(146,18): error TS17004: Cannot use JSX unless the '--jsx' flag is provided.
src/components/rooms/RoomModal.tsx(147,21): error TS17004: Cannot use JSX unless the '--jsx' flag is provided.
src/components/rooms/RoomModal.tsx(148,21): error TS17004: Cannot use JSX unless the '--jsx' flag is provided.
src/components/rooms/RoomModal.tsx(153,12): error TS17004: Cannot use JSX unless the '--jsx' flag is provided.
src/components/rooms/RoomModal.tsx(154,15): error TS17004: Cannot use JSX unless the '--jsx' flag is provided.
src/components/rooms/RoomModal.tsx(155,18): error TS17004: Cannot use JSX unless the '--jsx' flag is provided.
src/components/rooms/RoomModal.tsx(155,40): error TS17004: Cannot use JSX unless the '--jsx' flag is provided.
src/components/rooms/RoomModal.tsx(157,15): error TS17004: Cannot use JSX unless the '--jsx' flag is provided.
src/components/rooms/RoomModal.tsx(158,18): error TS17004: Cannot use JSX unless the '--jsx' flag is provided.
src/components/rooms/RoomModal.tsx(159,21): error TS17004: Cannot use JSX unless the '--jsx' flag is provided.
src/components/rooms/RoomModal.tsx(160,21): error TS17004: Cannot use JSX unless the '--jsx' flag is provided.
src/components/rooms/RoomModal.tsx(161,24): error TS17004: Cannot use JSX unless the '--jsx' flag is provided.
src/components/rooms/RoomModal.tsx(161,62): error TS17004: Cannot use JSX unless the '--jsx' flag is provided.
src/components/rooms/RoomModal.tsx(162,24): error TS17004: Cannot use JSX unless the '--jsx' flag is provided.
src/components/rooms/RoomModal.tsx(162,64): error TS17004: Cannot use JSX unless the '--jsx' flag is provided.
src/components/rooms/RoomModal.tsx(163,24): error TS17004: Cannot use JSX unless the '--jsx' flag is provided.
src/components/rooms/RoomModal.tsx(163,68): error TS17004: Cannot use JSX unless the '--jsx' flag is provided.
src/components/rooms/RoomModal.tsx(166,18): error TS17004: Cannot use JSX unless the '--jsx' flag is provided.
src/components/rooms/RoomModal.tsx(167,21): error TS17004: Cannot use JSX unless the '--jsx' flag is provided.
src/components/rooms/RoomModal.tsx(168,21): error TS17004: Cannot use JSX unless the '--jsx' flag is provided.
src/components/rooms/RoomModal.tsx(170,18): error TS17004: Cannot use JSX unless the '--jsx' flag is provided.
src/components/rooms/RoomModal.tsx(171,21): error TS17004: Cannot use JSX unless the '--jsx' flag is provided.
src/components/rooms/RoomModal.tsx(172,21): error TS17004: Cannot use JSX unless the '--jsx' flag is provided.
src/components/rooms/RoomModal.tsx(176,15): error TS17004: Cannot use JSX unless the '--jsx' flag is provided.
src/components/rooms/RoomModal.tsx(177,18): error TS17004: Cannot use JSX unless the '--jsx' flag is provided.
src/components/rooms/RoomModal.tsx(178,21): error TS17004: Cannot use JSX unless the '--jsx' flag is provided.
src/components/rooms/RoomModal.tsx(179,21): error TS17004: Cannot use JSX unless the '--jsx' flag is provided.
src/components/rooms/RoomModal.tsx(180,24): error TS17004: Cannot use JSX unless the '--jsx' flag is provided.
src/components/rooms/RoomModal.tsx(180,58): error TS17004: Cannot use JSX unless the '--jsx' flag is provided.
src/components/rooms/RoomModal.tsx(181,24): error TS17004: Cannot use JSX unless the '--jsx' flag is provided.
src/components/rooms/RoomModal.tsx(181,59): error TS17004: Cannot use JSX unless the '--jsx' flag is provided.
src/components/rooms/RoomModal.tsx(182,24): error TS17004: Cannot use JSX unless the '--jsx' flag is provided.
src/components/rooms/RoomModal.tsx(185,18): error TS17004: Cannot use JSX unless the '--jsx' flag is provided.
src/components/rooms/RoomModal.tsx(186,21): error TS17004: Cannot use JSX unless the '--jsx' flag is provided.
src/components/rooms/RoomModal.tsx(187,21): error TS17004: Cannot use JSX unless the '--jsx' flag is provided.
src/components/rooms/RoomModal.tsx(188,24): error TS17004: Cannot use JSX unless the '--jsx' flag is provided.
src/components/rooms/RoomModal.tsx(188,70): error TS17004: Cannot use JSX unless the '--jsx' flag is provided.
src/components/rooms/RoomModal.tsx(189,24): error TS17004: Cannot use JSX unless the '--jsx' flag is provided.
src/components/rooms/RoomModal.tsx(192,18): error TS17004: Cannot use JSX unless the '--jsx' flag is provided.
src/components/rooms/RoomModal.tsx(193,21): error TS17004: Cannot use JSX unless the '--jsx' flag is provided.
src/components/rooms/RoomModal.tsx(194,21): error TS17004: Cannot use JSX unless the '--jsx' flag is provided.
src/components/rooms/RoomModal.tsx(196,18): error TS17004: Cannot use JSX unless the '--jsx' flag is provided.
src/components/rooms/RoomModal.tsx(197,21): error TS17004: Cannot use JSX unless the '--jsx' flag is provided.
src/components/rooms/RoomModal.tsx(198,24): error TS17004: Cannot use JSX unless the '--jsx' flag is provided.
src/components/rooms/RoomModal.tsx(199,27): error TS17004: Cannot use JSX unless the '--jsx' flag is provided.
src/components/rooms/RoomModal.tsx(200,27): error TS17004: Cannot use JSX unless the '--jsx' flag is provided.
src/components/rooms/RoomModal.tsx(202,24): error TS17004: Cannot use JSX unless the '--jsx' flag is provided.
src/components/rooms/RoomModal.tsx(207,15): error TS17004: Cannot use JSX unless the '--jsx' flag is provided.
src/components/rooms/RoomModal.tsx(208,18): error TS17004: Cannot use JSX unless the '--jsx' flag is provided.
src/components/rooms/RoomModal.tsx(209,18): error TS17004: Cannot use JSX unless the '--jsx' flag is provided.
src/components/rooms/RoomModal.tsx(210,21): error TS17004: Cannot use JSX unless the '--jsx' flag is provided.
src/components/rooms/RoomModal.tsx(215,12): error TS17004: Cannot use JSX unless the '--jsx' flag is provided.
src/components/rooms/RoomModal.tsx(216,15): error TS17004: Cannot use JSX unless the '--jsx' flag is provided.
src/components/rooms/RoomModal.tsx(217,18): error TS17004: Cannot use JSX unless the '--jsx' flag is provided.
src/components/rooms/RoomModal.tsx(217,37): error TS17004: Cannot use JSX unless the '--jsx' flag is provided.
src/components/rooms/RoomModal.tsx(219,15): error TS17004: Cannot use JSX unless the '--jsx' flag is provided.
src/components/rooms/RoomModal.tsx(221,21): error TS17004: Cannot use JSX unless the '--jsx' flag is provided.
src/components/rooms/RoomModal.tsx(225,24): error TS17004: Cannot use JSX unless the '--jsx' flag is provided.
src/components/rooms/RoomModal.tsx(234,24): error TS17004: Cannot use JSX unless the '--jsx' flag is provided.
src/components/rooms/RoomModal.tsx(235,24): error TS17004: Cannot use JSX unless the '--jsx' flag is provided.
src/components/rooms/RoomModal.tsx(239,15): error TS17004: Cannot use JSX unless the '--jsx' flag is provided.
src/components/rooms/RoomModal.tsx(240,18): error TS17004: Cannot use JSX unless the '--jsx' flag is provided.
src/components/rooms/RoomModal.tsx(241,18): error TS17004: Cannot use JSX unless the '--jsx' flag is provided.
src/components/rooms/RoomModal.tsx(246,9): error TS17004: Cannot use JSX unless the '--jsx' flag is provided.
src/components/rooms/RoomModal.tsx(247,12): error TS17004: Cannot use JSX unless the '--jsx' flag is provided.
src/components/rooms/RoomModal.tsx(248,12): error TS17004: Cannot use JSX unless the '--jsx' flag is provided.
src/components/rooms/RoomModal.tsx(249,73): error TS17004: Cannot use JSX unless the '--jsx' flag is provided.
src/components/service/PriceHistoryTable.tsx(5,8): error TS1259: Module '"C:/code_visual_xanh/lab60622/lab60622/node_modules/@types/react/index"' can only be default-imported using the 'esModuleInterop' flag
src/components/service/PriceHistoryTable.tsx(7,36): error TS2307: Cannot find module '@/components/shared' or its corresponding type declarations.
src/components/service/PriceHistoryTable.tsx(8,37): error TS2307: Cannot find module '@/types/service' or its corresponding type declarations.
src/components/service/PriceHistoryTable.tsx(9,32): error TS2307: Cannot find module '@/utils' or its corresponding type declarations.
src/components/service/PriceHistoryTable.tsx(10,27): error TS2307: Cannot find module '@/utils/serviceHelpers' or its corresponding type declarations.
src/components/service/PriceHistoryTable.tsx(22,3): error TS7031: Binding element 'priceHistory' implicitly has an 'any' type.
src/components/service/PriceHistoryTable.tsx(23,3): error TS7031: Binding element 'isLoading' implicitly has an 'any' type.
src/components/service/PriceHistoryTable.tsx(24,3): error TS7031: Binding element 'onUpdatePrice' implicitly has an 'any' type.
src/components/service/PriceHistoryTable.tsx(31,7): error TS17004: Cannot use JSX unless the '--jsx' flag is provided.
src/components/service/PriceHistoryTable.tsx(32,9): error TS17004: Cannot use JSX unless the '--jsx' flag is provided.
src/components/service/PriceHistoryTable.tsx(33,13): error TS17004: Cannot use JSX unless the '--jsx' flag is provided.
src/components/service/PriceHistoryTable.tsx(34,13): error TS17004: Cannot use JSX unless the '--jsx' flag is provided.
src/components/service/PriceHistoryTable.tsx(36,9): error TS17004: Cannot use JSX unless the '--jsx' flag is provided.
src/components/service/PriceHistoryTable.tsx(38,14): error TS17004: Cannot use JSX unless the '--jsx' flag is provided.
src/components/service/PriceHistoryTable.tsx(39,17): error TS17004: Cannot use JSX unless the '--jsx' flag is provided.
src/components/service/PriceHistoryTable.tsx(40,17): error TS17004: Cannot use JSX unless the '--jsx' flag is provided.
src/components/service/PriceHistoryTable.tsx(41,17): error TS17004: Cannot use JSX unless the '--jsx' flag is provided.
src/components/service/PriceHistoryTable.tsx(42,17): error TS17004: Cannot use JSX unless the '--jsx' flag is provided.
src/components/service/PriceHistoryTable.tsx(43,17): error TS17004: Cannot use JSX unless the '--jsx' flag is provided.
src/components/service/PriceHistoryTable.tsx(52,5): error TS17004: Cannot use JSX unless the '--jsx' flag is provided.
src/components/service/PriceHistoryTable.tsx(54,7): error TS17004: Cannot use JSX unless the '--jsx' flag is provided.
src/components/service/PriceHistoryTable.tsx(55,9): error TS17004: Cannot use JSX unless the '--jsx' flag is provided.
src/components/service/PriceHistoryTable.tsx(57,13): error TS17004: Cannot use JSX unless the '--jsx' flag is provided.
src/components/service/PriceHistoryTable.tsx(61,9): error TS17004: Cannot use JSX unless the '--jsx' flag is provided.
src/components/service/PriceHistoryTable.tsx(65,11): error TS17004: Cannot use JSX unless the '--jsx' flag is provided.
src/components/service/PriceHistoryTable.tsx(70,7): error TS17004: Cannot use JSX unless the '--jsx' flag is provided.
src/components/service/PriceHistoryTable.tsx(71,9): error TS17004: Cannot use JSX unless the '--jsx' flag is provided.
src/components/service/PriceHistoryTable.tsx(72,11): error TS17004: Cannot use JSX unless the '--jsx' flag is provided.
src/components/service/PriceHistoryTable.tsx(73,13): error TS17004: Cannot use JSX unless the '--jsx' flag is provided.
src/components/service/PriceHistoryTable.tsx(74,15): error TS17004: Cannot use JSX unless the '--jsx' flag is provided.
src/components/service/PriceHistoryTable.tsx(75,15): error TS17004: Cannot use JSX unless the '--jsx' flag is provided.
src/components/service/PriceHistoryTable.tsx(76,15): error TS17004: Cannot use JSX unless the '--jsx' flag is provided.
src/components/service/PriceHistoryTable.tsx(77,15): error TS17004: Cannot use JSX unless the '--jsx' flag is provided.
src/components/service/PriceHistoryTable.tsx(78,15): error TS17004: Cannot use JSX unless the '--jsx' flag is provided.
src/components/service/PriceHistoryTable.tsx(79,15): error TS17004: Cannot use JSX unless the '--jsx' flag is provided.
src/components/service/PriceHistoryTable.tsx(80,15): error TS17004: Cannot use JSX unless the '--jsx' flag is provided.
src/components/service/PriceHistoryTable.tsx(83,11): error TS17004: Cannot use JSX unless the '--jsx' flag is provided.
src/components/service/PriceHistoryTable.tsx(84,32): error TS7006: Parameter 'history' implicitly has an 'any' type.
src/components/service/PriceHistoryTable.tsx(85,15): error TS17004: Cannot use JSX unless the '--jsx' flag is provided.
src/components/service/PriceHistoryTable.tsx(92,17): error TS17004: Cannot use JSX unless the '--jsx' flag is provided.
src/components/service/PriceHistoryTable.tsx(93,19): error TS17004: Cannot use JSX unless the '--jsx' flag is provided.
src/components/service/PriceHistoryTable.tsx(100,17): error TS17004: Cannot use JSX unless the '--jsx' flag is provided.
src/components/service/PriceHistoryTable.tsx(103,17): error TS17004: Cannot use JSX unless the '--jsx' flag is provided.
src/components/service/PriceHistoryTable.tsx(106,17): error TS17004: Cannot use JSX unless the '--jsx' flag is provided.
src/components/service/PriceHistoryTable.tsx(109,17): error TS17004: Cannot use JSX unless the '--jsx' flag is provided.
src/components/service/PriceHistoryTable.tsx(110,19): error TS17004: Cannot use JSX unless the '--jsx' flag is provided.
src/components/service/PriceHistoryTable.tsx(117,17): error TS17004: Cannot use JSX unless the '--jsx' flag is provided.
src/components/service/PriceHistoryTable.tsx(119,21): error TS17004: Cannot use JSX unless the '--jsx' flag is provided.
src/components/service/PriceHistoryTable.tsx(121,21): error TS17004: Cannot use JSX unless the '--jsx' flag is provided.
src/components/service/PriceHistoryTable.tsx(124,17): error TS17004: Cannot use JSX unless the '--jsx' flag is provided.
src/components/service/PriceHistoryTable.tsx(125,19): error TS17004: Cannot use JSX unless the '--jsx' flag is provided.
src/components/service/PriceHistoryTable.tsx(128,23): error TS17004: Cannot use JSX unless the '--jsx' flag is provided.
src/components/service/PriceHistoryTable.tsx(133,25): error TS17004: Cannot use JSX unless the '--jsx' flag is provided.
src/components/service/PriceHistoryTable.tsx(144,11): error TS17004: Cannot use JSX unless the '--jsx' flag is provided.
src/components/service/PriceHistoryTable.tsx(145,14): error TS17004: Cannot use JSX unless the '--jsx' flag is provided.
src/components/service/PriceHistoryTable.tsx(146,17): error TS17004: Cannot use JSX unless the '--jsx' flag is provided.
src/components/service/PriceHistoryTable.tsx(148,14): error TS17004: Cannot use JSX unless the '--jsx' flag is provided.
src/components/service/PriceHistoryTable.tsx(154,7): error TS17004: Cannot use JSX unless the '--jsx' flag is provided.
src/components/service/PriceHistoryTable.tsx(160,9): error TS17004: Cannot use JSX unless the '--jsx' flag is provided.
src/components/service/PriceHistoryTable.tsx(161,13): error TS17004: Cannot use JSX unless the '--jsx' flag is provided.
src/components/service/PriceHistoryTable.tsx(162,17): error TS17004: Cannot use JSX unless the '--jsx' flag is provided.
src/components/service/PriceHistoryTable.tsx(163,17): error TS17004: Cannot use JSX unless the '--jsx' flag is provided.
src/components/service/PriceHistoryTable.tsx(168,13): error TS17004: Cannot use JSX unless the '--jsx' flag is provided.
src/components/service/PriceHistoryTable.tsx(169,17): error TS17004: Cannot use JSX unless the '--jsx' flag is provided.
src/components/service/PriceHistoryTable.tsx(170,21): error TS17004: Cannot use JSX unless the '--jsx' flag is provided.
src/components/service/PriceHistoryTable.tsx(171,25): error TS17004: Cannot use JSX unless the '--jsx' flag is provided.
src/components/service/PriceHistoryTable.tsx(173,21): error TS17004: Cannot use JSX unless the '--jsx' flag is provided.
src/components/service/PriceHistoryTable.tsx(177,17): error TS17004: Cannot use JSX unless the '--jsx' flag is provided.
src/components/service/PriceHistoryTable.tsx(178,21): error TS17004: Cannot use JSX unless the '--jsx' flag is provided.
src/components/service/PriceHistoryTable.tsx(179,25): error TS17004: Cannot use JSX unless the '--jsx' flag is provided.
src/components/service/PriceHistoryTable.tsx(181,21): error TS17004: Cannot use JSX unless the '--jsx' flag is provided.
src/components/service/PriceHistoryTable.tsx(185,17): error TS17004: Cannot use JSX unless the '--jsx' flag is provided.
src/components/service/PriceHistoryTable.tsx(186,21): error TS17004: Cannot use JSX unless the '--jsx' flag is provided.
src/components/service/PriceHistoryTable.tsx(187,25): error TS17004: Cannot use JSX unless the '--jsx' flag is provided.
src/components/service/PriceHistoryTable.tsx(189,21): error TS17004: Cannot use JSX unless the '--jsx' flag is provided.
src/components/service/PriceHistoryTable.tsx(193,17): error TS17004: Cannot use JSX unless the '--jsx' flag is provided.
src/components/service/PriceHistoryTable.tsx(194,21): error TS17004: Cannot use JSX unless the '--jsx' flag is provided.
src/components/service/PriceHistoryTable.tsx(195,25): error TS17004: Cannot use JSX unless the '--jsx' flag is provided.
src/components/service/PriceHistoryTable.tsx(197,21): error TS17004: Cannot use JSX unless the '--jsx' flag is provided.
src/components/service/PriceHistoryTable.tsx(203,13): error TS17004: Cannot use JSX unless the '--jsx' flag is provided.
src/components/service/PriceHistoryTable.tsx(204,17): error TS17004: Cannot use JSX unless the '--jsx' flag is provided.
src/components/service/ServiceDetailModal.tsx(1,8): error TS1259: Module '"C:/code_visual_xanh/lab60622/lab60622/node_modules/@types/react/index"' can only be default-imported using the 'esModuleInterop' flag
src/components/service/ServiceDetailModal.tsx(1,38): error TS6133: 'useCallback' is declared but its value is never read.
src/components/service/ServiceDetailModal.tsx(16,3): error TS6133: 'AlertCircle' is declared but its value is never read.
src/components/service/ServiceDetailModal.tsx(20,38): error TS2307: Cannot find module '@/components/shared' or its corresponding type declarations.
src/components/service/ServiceDetailModal.tsx(21,96): error TS2307: Cannot find module '@/schemas/serviceSchema' or its corresponding type declarations.
src/components/service/ServiceDetailModal.tsx(23,3): error TS6133: 'Service' is declared but its value is never read.
src/components/service/ServiceDetailModal.tsx(24,3): error TS6133: 'ServiceType' is declared but its value is never read.
src/components/service/ServiceDetailModal.tsx(26,3): error TS6133: 'ServicePriceHistory' is declared but its value is never read.
src/components/service/ServiceDetailModal.tsx(28,8): error TS2307: Cannot find module '@/types/service' or its corresponding type declarations.
src/components/service/ServiceDetailModal.tsx(31,3): error TS6133: 'getServices' is declared but its value is never read.
src/components/service/ServiceDetailModal.tsx(38,8): error TS2307: Cannot find module '@/services/serviceService' or its corresponding type declarations.
src/components/service/ServiceDetailModal.tsx(42,8): error TS2307: Cannot find module '@/utils/serviceHelpers' or its corresponding type declarations.
src/components/service/ServiceDetailModal.tsx(43,24): error TS2307: Cannot find module '@/components/ui/Select' or its corresponding type declarations.
src/components/service/ServiceDetailModal.tsx(44,31): error TS6142: Module './PriceHistoryTable' was resolved to 'C:/code_visual_xanh/lab60622/lab60622/src/components/service/PriceHistoryTable.tsx', but '--jsx' is not set.
src/components/service/ServiceDetailModal.tsx(45,30): error TS6142: Module './UpdatePriceModal' was resolved to 'C:/code_visual_xanh/lab60622/lab60622/src/components/service/UpdatePriceModal.tsx', but '--jsx' is not set.
src/components/service/ServiceDetailModal.tsx(46,20): error TS2307: Cannot find module '@/utils' or its corresponding type declarations.
src/components/service/ServiceDetailModal.tsx(67,3): error TS7031: Binding element 'open' implicitly has an 'any' type.
src/components/service/ServiceDetailModal.tsx(68,3): error TS7031: Binding element 'onClose' implicitly has an 'any' type.
src/components/service/ServiceDetailModal.tsx(69,3): error TS7031: Binding element 'serviceId' implicitly has an 'any' type.
src/components/service/ServiceDetailModal.tsx(70,3): error TS7031: Binding element 'mode' implicitly has an 'any' type.
src/components/service/ServiceDetailModal.tsx(71,3): error TS7031: Binding element 'onSuccess' implicitly has an 'any' type.
src/components/service/ServiceDetailModal.tsx(108,9): error TS6133: 'selectedBillingMethod' is declared but its value is never read.
src/components/service/ServiceDetailModal.tsx(152,33): error TS2705: An async function or method in ES5 requires the 'Promise' constructor.  Make sure you have a declaration for the 'Promise' constructor or include 'ES2015' in your '--lib' option.
src/components/service/ServiceDetailModal.tsx(162,33): error TS2705: An async function or method in ES5 requires the 'Promise' constructor.  Make sure you have a declaration for the 'Promise' constructor or include 'ES2015' in your '--lib' option.
src/components/service/ServiceDetailModal.tsx(172,20): error TS2705: An async function or method in ES5 requires the 'Promise' constructor.  Make sure you have a declaration for the 'Promise' constructor or include 'ES2015' in your '--lib' option.
src/components/service/ServiceDetailModal.tsx(195,5): error TS17004: Cannot use JSX unless the '--jsx' flag is provided.
src/components/service/ServiceDetailModal.tsx(207,7): error TS17004: Cannot use JSX unless the '--jsx' flag is provided.
src/components/service/ServiceDetailModal.tsx(210,11): error TS17004: Cannot use JSX unless the '--jsx' flag is provided.
src/components/service/ServiceDetailModal.tsx(211,14): error TS17004: Cannot use JSX unless the '--jsx' flag is provided.
src/components/service/ServiceDetailModal.tsx(220,17): error TS17004: Cannot use JSX unless the '--jsx' flag is provided.
src/components/service/ServiceDetailModal.tsx(222,14): error TS17004: Cannot use JSX unless the '--jsx' flag is provided.
src/components/service/ServiceDetailModal.tsx(231,17): error TS17004: Cannot use JSX unless the '--jsx' flag is provided.
src/components/service/ServiceDetailModal.tsx(237,11): error TS17004: Cannot use JSX unless the '--jsx' flag is provided.
src/components/service/ServiceDetailModal.tsx(239,15): error TS17004: Cannot use JSX unless the '--jsx' flag is provided.
src/components/service/ServiceDetailModal.tsx(240,18): error TS17004: Cannot use JSX unless the '--jsx' flag is provided.
src/components/service/ServiceDetailModal.tsx(241,18): error TS17004: Cannot use JSX unless the '--jsx' flag is provided.
src/components/service/ServiceDetailModal.tsx(244,15): error TS17004: Cannot use JSX unless the '--jsx' flag is provided.
src/components/service/ServiceDetailModal.tsx(245,17): error TS17004: Cannot use JSX unless the '--jsx' flag is provided.
src/components/service/ServiceDetailModal.tsx(247,21): error TS17004: Cannot use JSX unless the '--jsx' flag is provided.
src/components/service/ServiceDetailModal.tsx(248,25): error TS17004: Cannot use JSX unless the '--jsx' flag is provided.
src/components/service/ServiceDetailModal.tsx(248,124): error TS17004: Cannot use JSX unless the '--jsx' flag is provided.
src/components/service/ServiceDetailModal.tsx(249,25): error TS17004: Cannot use JSX unless the '--jsx' flag is provided.
src/components/service/ServiceDetailModal.tsx(253,33): error TS17004: Cannot use JSX unless the '--jsx' flag is provided.
src/components/service/ServiceDetailModal.tsx(268,48): error TS17004: Cannot use JSX unless the '--jsx' flag is provided.
src/components/service/ServiceDetailModal.tsx(272,21): error TS17004: Cannot use JSX unless the '--jsx' flag is provided.
src/components/service/ServiceDetailModal.tsx(273,25): error TS17004: Cannot use JSX unless the '--jsx' flag is provided.
src/components/service/ServiceDetailModal.tsx(273,123): error TS17004: Cannot use JSX unless the '--jsx' flag is provided.
src/components/service/ServiceDetailModal.tsx(274,25): error TS17004: Cannot use JSX unless the '--jsx' flag is provided.
src/components/service/ServiceDetailModal.tsx(275,29): error TS17004: Cannot use JSX unless the '--jsx' flag is provided.
src/components/service/ServiceDetailModal.tsx(279,37): error TS17004: Cannot use JSX unless the '--jsx' flag is provided.
src/components/service/ServiceDetailModal.tsx(296,33): error TS17004: Cannot use JSX unless the '--jsx' flag is provided.
src/components/service/ServiceDetailModal.tsx(302,37): error TS17004: Cannot use JSX unless the '--jsx' flag is provided.
src/components/service/ServiceDetailModal.tsx(306,57): error TS17004: Cannot use JSX unless the '--jsx' flag is provided.
src/components/service/ServiceDetailModal.tsx(310,21): error TS17004: Cannot use JSX unless the '--jsx' flag is provided.
src/components/service/ServiceDetailModal.tsx(311,25): error TS17004: Cannot use JSX unless the '--jsx' flag is provided.
src/components/service/ServiceDetailModal.tsx(311,125): error TS17004: Cannot use JSX unless the '--jsx' flag is provided.
src/components/service/ServiceDetailModal.tsx(312,25): error TS17004: Cannot use JSX unless the '--jsx' flag is provided.
src/components/service/ServiceDetailModal.tsx(316,33): error TS17004: Cannot use JSX unless the '--jsx' flag is provided.
src/components/service/ServiceDetailModal.tsx(317,53): error TS2550: Property 'entries' does not exist on type 'ObjectConstructor'. Do you need to change your target library? Try changing the 'lib' compiler option to 'es2017' or later.
src/components/service/ServiceDetailModal.tsx(317,88): error TS7031: Binding element 'val' implicitly has an 'any' type.
src/components/service/ServiceDetailModal.tsx(317,93): error TS7031: Binding element 'label' implicitly has an 'any' type.
src/components/service/ServiceDetailModal.tsx(328,48): error TS17004: Cannot use JSX unless the '--jsx' flag is provided.
src/components/service/ServiceDetailModal.tsx(332,21): error TS17004: Cannot use JSX unless the '--jsx' flag is provided.
src/components/service/ServiceDetailModal.tsx(333,25): error TS17004: Cannot use JSX unless the '--jsx' flag is provided.
src/components/service/ServiceDetailModal.tsx(333,129): error TS17004: Cannot use JSX unless the '--jsx' flag is provided.
src/components/service/ServiceDetailModal.tsx(334,25): error TS17004: Cannot use JSX unless the '--jsx' flag is provided.
src/components/service/ServiceDetailModal.tsx(338,33): error TS17004: Cannot use JSX unless the '--jsx' flag is provided.
src/components/service/ServiceDetailModal.tsx(339,37): error TS17004: Cannot use JSX unless the '--jsx' flag is provided.
src/components/service/ServiceDetailModal.tsx(340,57): error TS2550: Property 'entries' does not exist on type 'ObjectConstructor'. Do you need to change your target library? Try changing the 'lib' compiler option to 'es2017' or later.
src/components/service/ServiceDetailModal.tsx(340,94): error TS7031: Binding element 'val' implicitly has an 'any' type.
src/components/service/ServiceDetailModal.tsx(340,99): error TS7031: Binding element 'label' implicitly has an 'any' type.
src/components/service/ServiceDetailModal.tsx(350,41): error TS17004: Cannot use JSX unless the '--jsx' flag is provided.
src/components/service/ServiceDetailModal.tsx(351,45): error TS17004: Cannot use JSX unless the '--jsx' flag is provided.
src/components/service/ServiceDetailModal.tsx(352,45): error TS17004: Cannot use JSX unless the '--jsx' flag is provided.
src/components/service/ServiceDetailModal.tsx(360,50): error TS17004: Cannot use JSX unless the '--jsx' flag is provided.
src/components/service/ServiceDetailModal.tsx(364,21): error TS17004: Cannot use JSX unless the '--jsx' flag is provided.
src/components/service/ServiceDetailModal.tsx(365,25): error TS17004: Cannot use JSX unless the '--jsx' flag is provided.
src/components/service/ServiceDetailModal.tsx(365,124): error TS17004: Cannot use JSX unless the '--jsx' flag is provided.
src/components/service/ServiceDetailModal.tsx(366,25): error TS17004: Cannot use JSX unless the '--jsx' flag is provided.
src/components/service/ServiceDetailModal.tsx(370,33): error TS17004: Cannot use JSX unless the '--jsx' flag is provided.
src/components/service/ServiceDetailModal.tsx(371,37): error TS17004: Cannot use JSX unless the '--jsx' flag is provided.
src/components/service/ServiceDetailModal.tsx(382,37): error TS17004: Cannot use JSX unless the '--jsx' flag is provided.
src/components/service/ServiceDetailModal.tsx(383,68): error TS17004: Cannot use JSX unless the '--jsx' flag is provided.
src/components/service/ServiceDetailModal.tsx(388,41): error TS17004: Cannot use JSX unless the '--jsx' flag is provided.
src/components/service/ServiceDetailModal.tsx(392,21): error TS17004: Cannot use JSX unless the '--jsx' flag is provided.
src/components/service/ServiceDetailModal.tsx(393,25): error TS17004: Cannot use JSX unless the '--jsx' flag is provided.
src/components/service/ServiceDetailModal.tsx(397,33): error TS17004: Cannot use JSX unless the '--jsx' flag is provided.
src/components/service/ServiceDetailModal.tsx(409,37): error TS17004: Cannot use JSX unless the '--jsx' flag is provided.
src/components/service/ServiceDetailModal.tsx(410,56): error TS17004: Cannot use JSX unless the '--jsx' flag is provided.
src/components/service/ServiceDetailModal.tsx(410,85): error TS17004: Cannot use JSX unless the '--jsx' flag is provided.
src/components/service/ServiceDetailModal.tsx(413,37): error TS17004: Cannot use JSX unless the '--jsx' flag is provided.
src/components/service/ServiceDetailModal.tsx(417,41): error TS17004: Cannot use JSX unless the '--jsx' flag is provided.
src/components/service/ServiceDetailModal.tsx(428,21): error TS17004: Cannot use JSX unless the '--jsx' flag is provided.
src/components/service/ServiceDetailModal.tsx(429,25): error TS17004: Cannot use JSX unless the '--jsx' flag is provided.
src/components/service/ServiceDetailModal.tsx(430,25): error TS17004: Cannot use JSX unless the '--jsx' flag is provided.
src/components/service/ServiceDetailModal.tsx(434,33): error TS17004: Cannot use JSX unless the '--jsx' flag is provided.
src/components/service/ServiceDetailModal.tsx(451,21): error TS17004: Cannot use JSX unless the '--jsx' flag is provided.
src/components/service/ServiceDetailModal.tsx(452,25): error TS17004: Cannot use JSX unless the '--jsx' flag is provided.
src/components/service/ServiceDetailModal.tsx(453,29): error TS17004: Cannot use JSX unless the '--jsx' flag is provided.
src/components/service/ServiceDetailModal.tsx(454,33): error TS17004: Cannot use JSX unless the '--jsx' flag is provided.
src/components/service/ServiceDetailModal.tsx(456,29): error TS17004: Cannot use JSX unless the '--jsx' flag is provided.
src/components/service/ServiceDetailModal.tsx(459,25): error TS17004: Cannot use JSX unless the '--jsx' flag is provided.
src/components/service/ServiceDetailModal.tsx(460,29): error TS17004: Cannot use JSX unless the '--jsx' flag is provided.
src/components/service/ServiceDetailModal.tsx(461,33): error TS17004: Cannot use JSX unless the '--jsx' flag is provided.
src/components/service/ServiceDetailModal.tsx(461,138): error TS17004: Cannot use JSX unless the '--jsx' flag is provided.
src/components/service/ServiceDetailModal.tsx(462,33): error TS17004: Cannot use JSX unless the '--jsx' flag is provided.
src/components/service/ServiceDetailModal.tsx(466,41): error TS17004: Cannot use JSX unless the '--jsx' flag is provided.
src/components/service/ServiceDetailModal.tsx(473,76): error TS17004: Cannot use JSX unless the '--jsx' flag is provided.
src/components/service/ServiceDetailModal.tsx(476,29): error TS17004: Cannot use JSX unless the '--jsx' flag is provided.
src/components/service/ServiceDetailModal.tsx(477,33): error TS17004: Cannot use JSX unless the '--jsx' flag is provided.
src/components/service/ServiceDetailModal.tsx(477,133): error TS17004: Cannot use JSX unless the '--jsx' flag is provided.
src/components/service/ServiceDetailModal.tsx(478,33): error TS17004: Cannot use JSX unless the '--jsx' flag is provided.
src/components/service/ServiceDetailModal.tsx(482,41): error TS17004: Cannot use JSX unless the '--jsx' flag is provided.
src/components/service/ServiceDetailModal.tsx(492,82): error TS17004: Cannot use JSX unless the '--jsx' flag is provided.
src/components/service/ServiceDetailModal.tsx(495,29): error TS17004: Cannot use JSX unless the '--jsx' flag is provided.
src/components/service/ServiceDetailModal.tsx(496,33): error TS17004: Cannot use JSX unless the '--jsx' flag is provided.
src/components/service/ServiceDetailModal.tsx(496,136): error TS17004: Cannot use JSX unless the '--jsx' flag is provided.
src/components/service/ServiceDetailModal.tsx(497,33): error TS17004: Cannot use JSX unless the '--jsx' flag is provided.
src/components/service/ServiceDetailModal.tsx(501,41): error TS17004: Cannot use JSX unless the '--jsx' flag is provided.
src/components/service/ServiceDetailModal.tsx(512,75): error TS17004: Cannot use JSX unless the '--jsx' flag is provided.
src/components/service/ServiceDetailModal.tsx(520,21): error TS17004: Cannot use JSX unless the '--jsx' flag is provided.
src/components/service/ServiceDetailModal.tsx(521,25): error TS17004: Cannot use JSX unless the '--jsx' flag is provided.
src/components/service/ServiceDetailModal.tsx(528,25): error TS17004: Cannot use JSX unless the '--jsx' flag is provided.
src/components/service/ServiceDetailModal.tsx(534,33): error TS17004: Cannot use JSX unless the '--jsx' flag is provided.
src/components/service/ServiceDetailModal.tsx(536,53): error TS17004: Cannot use JSX unless the '--jsx' flag is provided.
src/components/service/ServiceDetailModal.tsx(536,55): error TS17004: Cannot use JSX unless the '--jsx' flag is provided.
src/components/service/ServiceDetailModal.tsx(536,91): error TS17004: Cannot use JSX unless the '--jsx' flag is provided.
src/components/service/ServiceDetailModal.tsx(536,93): error TS17004: Cannot use JSX unless the '--jsx' flag is provided.
src/components/service/ServiceDetailModal.tsx(543,21): error TS17004: Cannot use JSX unless the '--jsx' flag is provided.
src/components/service/ServiceDetailModal.tsx(544,25): error TS17004: Cannot use JSX unless the '--jsx' flag is provided.
src/components/service/ServiceDetailModal.tsx(558,11): error TS17004: Cannot use JSX unless the '--jsx' flag is provided.
src/components/service/ServiceDetailModal.tsx(559,13): error TS17004: Cannot use JSX unless the '--jsx' flag is provided.
src/components/service/ServiceDetailModal.tsx(570,9): error TS17004: Cannot use JSX unless the '--jsx' flag is provided.
src/components/service/UpdatePriceModal.tsx(5,8): error TS1259: Module '"C:/code_visual_xanh/lab60622/lab60622/node_modules/@types/react/index"' can only be default-imported using the 'esModuleInterop' flag
src/components/service/UpdatePriceModal.tsx(21,38): error TS2307: Cannot find module '@/components/shared' or its corresponding type declarations.
src/components/service/UpdatePriceModal.tsx(22,52): error TS2307: Cannot find module '@/schemas/serviceSchema' or its corresponding type declarations.
src/components/service/UpdatePriceModal.tsx(23,25): error TS2307: Cannot find module '@/types/service' or its corresponding type declarations.
src/components/service/UpdatePriceModal.tsx(24,36): error TS2307: Cannot find module '@/services/serviceService' or its corresponding type declarations.
src/components/service/UpdatePriceModal.tsx(25,28): error TS2307: Cannot find module '@/hooks/useConfirm' or its corresponding type declarations.
src/components/service/UpdatePriceModal.tsx(26,32): error TS2307: Cannot find module '@/utils' or its corresponding type declarations.
src/components/service/UpdatePriceModal.tsx(27,69): error TS2307: Cannot find module '@/utils/serviceHelpers' or its corresponding type declarations.
src/components/service/UpdatePriceModal.tsx(37,3): error TS7031: Binding element 'open' implicitly has an 'any' type.
src/components/service/UpdatePriceModal.tsx(38,3): error TS7031: Binding element 'onClose' implicitly has an 'any' type.
src/components/service/UpdatePriceModal.tsx(39,3): error TS7031: Binding element 'onSuccess' implicitly has an 'any' type.
src/components/service/UpdatePriceModal.tsx(40,3): error TS7031: Binding element 'service' implicitly has an 'any' type.
src/components/service/UpdatePriceModal.tsx(72,20): error TS2705: An async function or method in ES5 requires the 'Promise' constructor.  Make sure you have a declaration for the 'Promise' constructor or include 'ES2015' in your '--lib' option.
src/components/service/UpdatePriceModal.tsx(81,9): error TS17004: Cannot use JSX unless the '--jsx' flag is provided.
src/components/service/UpdatePriceModal.tsx(82,11): error TS17004: Cannot use JSX unless the '--jsx' flag is provided.
src/components/service/UpdatePriceModal.tsx(83,14): error TS17004: Cannot use JSX unless the '--jsx' flag is provided.
src/components/service/UpdatePriceModal.tsx(84,17): error TS17004: Cannot use JSX unless the '--jsx' flag is provided.
src/components/service/UpdatePriceModal.tsx(85,17): error TS17004: Cannot use JSX unless the '--jsx' flag is provided.
src/components/service/UpdatePriceModal.tsx(87,14): error TS17004: Cannot use JSX unless the '--jsx' flag is provided.
src/components/service/UpdatePriceModal.tsx(88,17): error TS17004: Cannot use JSX unless the '--jsx' flag is provided.
src/components/service/UpdatePriceModal.tsx(89,17): error TS17004: Cannot use JSX unless the '--jsx' flag is provided.
src/components/service/UpdatePriceModal.tsx(91,14): error TS17004: Cannot use JSX unless the '--jsx' flag is provided.
src/components/service/UpdatePriceModal.tsx(92,17): error TS17004: Cannot use JSX unless the '--jsx' flag is provided.
src/components/service/UpdatePriceModal.tsx(93,17): error TS17004: Cannot use JSX unless the '--jsx' flag is provided.
src/components/service/UpdatePriceModal.tsx(94,21): error TS17004: Cannot use JSX unless the '--jsx' flag is provided.
src/components/service/UpdatePriceModal.tsx(95,21): error TS17004: Cannot use JSX unless the '--jsx' flag is provided.
src/components/service/UpdatePriceModal.tsx(105,11): error TS17004: Cannot use JSX unless the '--jsx' flag is provided.
src/components/service/UpdatePriceModal.tsx(106,14): error TS17004: Cannot use JSX unless the '--jsx' flag is provided.
src/components/service/UpdatePriceModal.tsx(107,50): error TS17004: Cannot use JSX unless the '--jsx' flag is provided.
src/components/service/UpdatePriceModal.tsx(109,14): error TS17004: Cannot use JSX unless the '--jsx' flag is provided.
src/components/service/UpdatePriceModal.tsx(110,47): error TS17004: Cannot use JSX unless the '--jsx' flag is provided.
src/components/service/UpdatePriceModal.tsx(115,13): error TS17004: Cannot use JSX unless the '--jsx' flag is provided.
src/components/service/UpdatePriceModal.tsx(116,17): error TS17004: Cannot use JSX unless the '--jsx' flag is provided.
src/components/service/UpdatePriceModal.tsx(144,5): error TS17004: Cannot use JSX unless the '--jsx' flag is provided.
src/components/service/UpdatePriceModal.tsx(150,7): error TS17004: Cannot use JSX unless the '--jsx' flag is provided.
src/components/service/UpdatePriceModal.tsx(152,9): error TS17004: Cannot use JSX unless the '--jsx' flag is provided.
src/components/service/UpdatePriceModal.tsx(153,12): error TS17004: Cannot use JSX unless the '--jsx' flag is provided.
src/components/service/UpdatePriceModal.tsx(154,12): error TS17004: Cannot use JSX unless the '--jsx' flag is provided.
src/components/service/UpdatePriceModal.tsx(155,15): error TS17004: Cannot use JSX unless the '--jsx' flag is provided.
src/components/service/UpdatePriceModal.tsx(158,15): error TS17004: Cannot use JSX unless the '--jsx' flag is provided.
src/components/service/UpdatePriceModal.tsx(164,9): error TS17004: Cannot use JSX unless the '--jsx' flag is provided.
src/components/service/UpdatePriceModal.tsx(166,13): error TS17004: Cannot use JSX unless the '--jsx' flag is provided.
src/components/service/UpdatePriceModal.tsx(167,17): error TS17004: Cannot use JSX unless the '--jsx' flag is provided.
src/components/service/UpdatePriceModal.tsx(168,21): error TS17004: Cannot use JSX unless the '--jsx' flag is provided.
src/components/service/UpdatePriceModal.tsx(170,21): error TS17004: Cannot use JSX unless the '--jsx' flag is provided.
src/components/service/UpdatePriceModal.tsx(172,17): error TS17004: Cannot use JSX unless the '--jsx' flag is provided.
src/components/service/UpdatePriceModal.tsx(176,25): error TS17004: Cannot use JSX unless the '--jsx' flag is provided.
src/components/service/UpdatePriceModal.tsx(177,29): error TS17004: Cannot use JSX unless the '--jsx' flag is provided.
src/components/service/UpdatePriceModal.tsx(186,33): error TS17004: Cannot use JSX unless the '--jsx' flag is provided.
src/components/service/UpdatePriceModal.tsx(187,37): error TS17004: Cannot use JSX unless the '--jsx' flag is provided.
src/components/service/UpdatePriceModal.tsx(188,37): error TS17004: Cannot use JSX unless the '--jsx' flag is provided.
src/components/service/UpdatePriceModal.tsx(189,41): error TS17004: Cannot use JSX unless the '--jsx' flag is provided.
src/components/service/UpdatePriceModal.tsx(190,41): error TS17004: Cannot use JSX unless the '--jsx' flag is provided.
src/components/service/UpdatePriceModal.tsx(191,58): error TS17004: Cannot use JSX unless the '--jsx' flag is provided.
src/components/service/UpdatePriceModal.tsx(200,37): error TS17004: Cannot use JSX unless the '--jsx' flag is provided.
src/components/service/UpdatePriceModal.tsx(204,13): error TS17004: Cannot use JSX unless the '--jsx' flag is provided.
src/components/service/UpdatePriceModal.tsx(205,17): error TS17004: Cannot use JSX unless the '--jsx' flag is provided.
src/components/service/UpdatePriceModal.tsx(206,21): error TS17004: Cannot use JSX unless the '--jsx' flag is provided.
src/components/service/UpdatePriceModal.tsx(208,21): error TS17004: Cannot use JSX unless the '--jsx' flag is provided.
src/components/service/UpdatePriceModal.tsx(210,17): error TS17004: Cannot use JSX unless the '--jsx' flag is provided.
src/components/service/UpdatePriceModal.tsx(214,25): error TS17004: Cannot use JSX unless the '--jsx' flag is provided.
src/components/service/UpdatePriceModal.tsx(215,29): error TS17004: Cannot use JSX unless the '--jsx' flag is provided.
src/components/service/UpdatePriceModal.tsx(216,33): error TS17004: Cannot use JSX unless the '--jsx' flag is provided.
src/components/service/UpdatePriceModal.tsx(227,33): error TS17004: Cannot use JSX unless the '--jsx' flag is provided.
src/components/service/UpdatePriceModal.tsx(228,37): error TS17004: Cannot use JSX unless the '--jsx' flag is provided.
src/components/service/UpdatePriceModal.tsx(229,37): error TS17004: Cannot use JSX unless the '--jsx' flag is provided.
src/components/service/UpdatePriceModal.tsx(230,37): error TS17004: Cannot use JSX unless the '--jsx' flag is provided.
src/components/service/UpdatePriceModal.tsx(231,37): error TS17004: Cannot use JSX unless the '--jsx' flag is provided.
src/components/service/UpdatePriceModal.tsx(232,37): error TS17004: Cannot use JSX unless the '--jsx' flag is provided.
src/components/service/UpdatePriceModal.tsx(238,42): error TS17004: Cannot use JSX unless the '--jsx' flag is provided.
src/components/service/UpdatePriceModal.tsx(242,13): error TS17004: Cannot use JSX unless the '--jsx' flag is provided.
src/components/service/UpdatePriceModal.tsx(243,17): error TS17004: Cannot use JSX unless the '--jsx' flag is provided.
src/components/service/UpdatePriceModal.tsx(244,21): error TS17004: Cannot use JSX unless the '--jsx' flag is provided.
src/components/service/UpdatePriceModal.tsx(245,25): error TS17004: Cannot use JSX unless the '--jsx' flag is provided.
src/components/service/UpdatePriceModal.tsx(247,25): error TS17004: Cannot use JSX unless the '--jsx' flag is provided.
src/components/service/UpdatePriceModal.tsx(249,21): error TS17004: Cannot use JSX unless the '--jsx' flag is provided.
src/components/service/UpdatePriceModal.tsx(256,17): error TS17004: Cannot use JSX unless the '--jsx' flag is provided.
src/components/service/UpdatePriceModal.tsx(260,25): error TS17004: Cannot use JSX unless the '--jsx' flag is provided.
src/components/service/UpdatePriceModal.tsx(271,35): error TS17004: Cannot use JSX unless the '--jsx' flag is provided.
src/components/service/UpdatePriceModal.tsx(272,17): error TS17004: Cannot use JSX unless the '--jsx' flag is provided.
src/components/service/UpdatePriceModal.tsx(273,21): error TS17004: Cannot use JSX unless the '--jsx' flag is provided.
src/components/service/UpdatePriceModal.tsx(278,9): error TS17004: Cannot use JSX unless the '--jsx' flag is provided.
src/components/service/UpdatePriceModal.tsx(279,13): error TS17004: Cannot use JSX unless the '--jsx' flag is provided.
src/components/service/UpdatePriceModal.tsx(285,21): error TS17004: Cannot use JSX unless the '--jsx' flag is provided.
src/components/service/UpdatePriceModal.tsx(286,25): error TS17004: Cannot use JSX unless the '--jsx' flag is provided.
src/components/service/UpdatePriceModal.tsx(293,13): error TS17004: Cannot use JSX unless the '--jsx' flag is provided.
src/components/shared/ConfirmDialog.tsx(1,8): error TS1259: Module '"C:/code_visual_xanh/lab60622/lab60622/node_modules/@types/react/index"' can only be default-imported using the 'esModuleInterop' flag
src/components/shared/ConfirmDialog.tsx(2,33): error TS2307: Cannot find module '@/hooks/useConfirm' or its corresponding type declarations.
src/components/shared/ConfirmDialog.tsx(3,20): error TS2307: Cannot find module '@/utils' or its corresponding type declarations.
src/components/shared/ConfirmDialog.tsx(12,25): error TS2705: An async function or method in ES5 requires the 'Promise' constructor.  Make sure you have a declaration for the 'Promise' constructor or include 'ES2015' in your '--lib' option.
src/components/shared/ConfirmDialog.tsx(23,13): error TS17004: Cannot use JSX unless the '--jsx' flag is provided.
src/components/shared/ConfirmDialog.tsx(28,13): error TS17004: Cannot use JSX unless the '--jsx' flag is provided.
src/components/shared/ConfirmDialog.tsx(33,13): error TS17004: Cannot use JSX unless the '--jsx' flag is provided.
src/components/shared/ConfirmDialog.tsx(39,17): error TS7053: Element implicitly has an 'any' type because expression of type 'any' can't be used to index type '{ danger: { icon: Element; button: string; bg: string; }; warning: { icon: Element; button: string; bg: string; }; info: { icon: Element; button: string; bg: string; }; }'.
src/components/shared/ConfirmDialog.tsx(42,5): error TS17004: Cannot use JSX unless the '--jsx' flag is provided.
src/components/shared/ConfirmDialog.tsx(43,7): error TS17004: Cannot use JSX unless the '--jsx' flag is provided.
src/components/shared/ConfirmDialog.tsx(44,9): error TS17004: Cannot use JSX unless the '--jsx' flag is provided.
src/components/shared/ConfirmDialog.tsx(45,11): error TS17004: Cannot use JSX unless the '--jsx' flag is provided.
src/components/shared/ConfirmDialog.tsx(46,13): error TS17004: Cannot use JSX unless the '--jsx' flag is provided.
src/components/shared/ConfirmDialog.tsx(49,13): error TS17004: Cannot use JSX unless the '--jsx' flag is provided.
src/components/shared/ConfirmDialog.tsx(50,15): error TS17004: Cannot use JSX unless the '--jsx' flag is provided.
src/components/shared/ConfirmDialog.tsx(53,15): error TS17004: Cannot use JSX unless the '--jsx' flag is provided.
src/components/shared/ConfirmDialog.tsx(55,19): error TS17004: Cannot use JSX unless the '--jsx' flag is provided.
src/components/shared/ConfirmDialog.tsx(64,9): error TS17004: Cannot use JSX unless the '--jsx' flag is provided.
src/components/shared/ConfirmDialog.tsx(65,11): error TS17004: Cannot use JSX unless the '--jsx' flag is provided.
src/components/shared/ConfirmDialog.tsx(73,11): error TS17004: Cannot use JSX unless the '--jsx' flag is provided.
src/components/shared/ConfirmDialog.tsx(82,30): error TS17004: Cannot use JSX unless the '--jsx' flag is provided.
src/components/shared/CurrencyInput.tsx(1,8): error TS1259: Module '"C:/code_visual_xanh/lab60622/lab60622/node_modules/@types/react/index"' can only be default-imported using the 'esModuleInterop' flag
src/components/shared/CurrencyInput.tsx(2,20): error TS2307: Cannot find module '@/utils' or its corresponding type declarations.
src/components/shared/CurrencyInput.tsx(15,3): error TS7031: Binding element 'value' implicitly has an 'any' type.
src/components/shared/CurrencyInput.tsx(16,3): error TS7031: Binding element 'onValueChange' implicitly has an 'any' type.
src/components/shared/CurrencyInput.tsx(19,3): error TS7031: Binding element 'className' implicitly has an 'any' type.
src/components/shared/CurrencyInput.tsx(20,3): error TS7031: Binding element 'error' implicitly has an 'any' type.
src/components/shared/CurrencyInput.tsx(47,5): error TS17004: Cannot use JSX unless the '--jsx' flag is provided.
src/components/shared/CurrencyInput.tsx(48,7): error TS17004: Cannot use JSX unless the '--jsx' flag is provided.
src/components/shared/CurrencyInput.tsx(49,9): error TS17004: Cannot use JSX unless the '--jsx' flag is provided.
src/components/shared/CurrencyInput.tsx(50,11): error TS17004: Cannot use JSX unless the '--jsx' flag is provided.
src/components/shared/CurrencyInput.tsx(52,9): error TS17004: Cannot use JSX unless the '--jsx' flag is provided.
src/components/shared/CurrencyInput.tsx(66,17): error TS17004: Cannot use JSX unless the '--jsx' flag is provided.
src/components/shared/DataTable.tsx(1,8): error TS1259: Module '"C:/code_visual_xanh/lab60622/lab60622/node_modules/@types/react/index"' can only be default-imported using the 'esModuleInterop' flag
src/components/shared/DataTable.tsx(7,3): error TS6133: 'Row' is declared but its value is never read.
src/components/shared/DataTable.tsx(9,20): error TS2307: Cannot find module '@/utils' or its corresponding type declarations.
src/components/shared/DataTable.tsx(32,5): error TS17004: Cannot use JSX unless the '--jsx' flag is provided.
src/components/shared/DataTable.tsx(33,7): error TS17004: Cannot use JSX unless the '--jsx' flag is provided.
src/components/shared/DataTable.tsx(37,9): error TS17004: Cannot use JSX unless the '--jsx' flag is provided.
src/components/shared/DataTable.tsx(41,9): error TS17004: Cannot use JSX unless the '--jsx' flag is provided.
src/components/shared/DataTable.tsx(42,11): error TS17004: Cannot use JSX unless the '--jsx' flag is provided.
src/components/shared/DataTable.tsx(43,11): error TS17004: Cannot use JSX unless the '--jsx' flag is provided.
src/components/shared/DataTable.tsx(44,13): error TS17004: Cannot use JSX unless the '--jsx' flag is provided.
src/components/shared/DataTable.tsx(47,26): error TS17004: Cannot use JSX unless the '--jsx' flag is provided.
src/components/shared/DataTable.tsx(51,19): error TS17004: Cannot use JSX unless the '--jsx' flag is provided.
src/components/shared/DataTable.tsx(64,37): error TS17004: Cannot use JSX unless the '--jsx' flag is provided.
src/components/shared/DataTable.tsx(116,55): error TS2550: Property 'fill' does not exist on type 'any[]'. Do you need to change your target library? Try changing the 'lib' compiler option to 'es2015' or later.
src/components/shared/DataTable.tsx(129,5): error TS17004: Cannot use JSX unless the '--jsx' flag is provided.
src/components/shared/DataTable.tsx(130,7): error TS17004: Cannot use JSX unless the '--jsx' flag is provided.
src/components/shared/DataTable.tsx(131,9): error TS17004: Cannot use JSX unless the '--jsx' flag is provided.
src/components/shared/DataTable.tsx(132,11): error TS17004: Cannot use JSX unless the '--jsx' flag is provided.
src/components/shared/DataTable.tsx(137,15): error TS17004: Cannot use JSX unless the '--jsx' flag is provided.
src/components/shared/DataTable.tsx(139,19): error TS17004: Cannot use JSX unless the '--jsx' flag is provided.
src/components/shared/DataTable.tsx(140,21): error TS17004: Cannot use JSX unless the '--jsx' flag is provided.
src/components/shared/DataTable.tsx(154,19): error TS17004: Cannot use JSX unless the '--jsx' flag is provided.
src/components/shared/DataTable.tsx(155,21): error TS17004: Cannot use JSX unless the '--jsx' flag is provided.
src/components/shared/DataTable.tsx(170,53): error TS17004: Cannot use JSX unless the '--jsx' flag is provided.
src/components/shared/DataTable.tsx(170,87): error TS17004: Cannot use JSX unless the '--jsx' flag is provided.
src/components/shared/DataTable.tsx(172,55): error TS17004: Cannot use JSX unless the '--jsx' flag is provided.
src/components/shared/DataTable.tsx(177,32): error TS17004: Cannot use JSX unless the '--jsx' flag is provided.
src/components/shared/DataTable.tsx(181,11): error TS17004: Cannot use JSX unless the '--jsx' flag is provided.
src/components/shared/DataTable.tsx(183,24): error TS2550: Property 'fill' does not exist on type 'any[]'. Do you need to change your target library? Try changing the 'lib' compiler option to 'es2015' or later.
src/components/shared/DataTable.tsx(183,37): error TS7006: Parameter '_' implicitly has an 'any' type.
src/components/shared/DataTable.tsx(183,40): error TS7006: Parameter 'i' implicitly has an 'any' type.
src/components/shared/DataTable.tsx(184,17): error TS17004: Cannot use JSX unless the '--jsx' flag is provided.
src/components/shared/DataTable.tsx(185,36): error TS17004: Cannot use JSX unless the '--jsx' flag is provided.
src/components/shared/DataTable.tsx(185,62): error TS17004: Cannot use JSX unless the '--jsx' flag is provided.
src/components/shared/DataTable.tsx(187,21): error TS17004: Cannot use JSX unless the '--jsx' flag is provided.
src/components/shared/DataTable.tsx(187,55): error TS17004: Cannot use JSX unless the '--jsx' flag is provided.
src/components/shared/DataTable.tsx(189,34): error TS17004: Cannot use JSX unless the '--jsx' flag is provided.
src/components/shared/DataTable.tsx(189,60): error TS17004: Cannot use JSX unless the '--jsx' flag is provided.
src/components/shared/DataTable.tsx(193,15): error TS17004: Cannot use JSX unless the '--jsx' flag is provided.
src/components/shared/DataTable.tsx(194,17): error TS17004: Cannot use JSX unless the '--jsx' flag is provided.
src/components/shared/DataTable.tsx(196,21): error TS17004: Cannot use JSX unless the '--jsx' flag is provided.
src/components/shared/DataTable.tsx(197,23): error TS17004: Cannot use JSX unless the '--jsx' flag is provided.
src/components/shared/DataTable.tsx(198,23): error TS17004: Cannot use JSX unless the '--jsx' flag is provided.
src/components/shared/DataTable.tsx(199,23): error TS17004: Cannot use JSX unless the '--jsx' flag is provided.
src/components/shared/DataTable.tsx(206,17): error TS17004: Cannot use JSX unless the '--jsx' flag is provided.
src/components/shared/DataTable.tsx(216,21): error TS17004: Cannot use JSX unless the '--jsx' flag is provided.
src/components/shared/DataTable.tsx(217,23): error TS17004: Cannot use JSX unless the '--jsx' flag is provided.
src/components/shared/DataTable.tsx(219,47): error TS2550: Property 'includes' does not exist on type 'string[]'. Do you need to change your target library? Try changing the 'lib' compiler option to 'es2016' or later.
src/components/shared/DataTable.tsx(233,21): error TS17004: Cannot use JSX unless the '--jsx' flag is provided.
src/components/shared/DataTable.tsx(238,21): error TS17004: Cannot use JSX unless the '--jsx' flag is provided.
src/components/shared/DataTable.tsx(239,23): error TS17004: Cannot use JSX unless the '--jsx' flag is provided.
src/components/shared/DataTable.tsx(240,25): error TS17004: Cannot use JSX unless the '--jsx' flag is provided.
src/components/shared/DataTable.tsx(252,9): error TS17004: Cannot use JSX unless the '--jsx' flag is provided.
src/components/shared/DataTable.tsx(253,11): error TS17004: Cannot use JSX unless the '--jsx' flag is provided.
src/components/shared/DataTable.tsx(254,13): error TS17004: Cannot use JSX unless the '--jsx' flag is provided.
src/components/shared/DataTable.tsx(255,24): error TS17004: Cannot use JSX unless the '--jsx' flag is provided.
src/components/shared/DataTable.tsx(255,112): error TS17004: Cannot use JSX unless the '--jsx' flag is provided.
src/components/shared/DataTable.tsx(255,209): error TS17004: Cannot use JSX unless the '--jsx' flag is provided.
src/components/shared/DataTable.tsx(257,13): error TS17004: Cannot use JSX unless the '--jsx' flag is provided.
src/components/shared/DataTable.tsx(263,17): error TS17004: Cannot use JSX unless the '--jsx' flag is provided.
src/components/shared/DataTable.tsx(267,11): error TS17004: Cannot use JSX unless the '--jsx' flag is provided.
src/components/shared/DataTable.tsx(268,13): error TS17004: Cannot use JSX unless the '--jsx' flag is provided.
src/components/shared/DataTable.tsx(273,15): error TS17004: Cannot use JSX unless the '--jsx' flag is provided.
src/components/shared/DataTable.tsx(275,13): error TS17004: Cannot use JSX unless the '--jsx' flag is provided.
src/components/shared/DataTable.tsx(276,22): error TS2550: Property 'from' does not exist on type 'ArrayConstructor'. Do you need to change your target library? Try changing the 'lib' compiler option to 'es2015' or later.
src/components/shared/DataTable.tsx(276,65): error TS7006: Parameter '_' implicitly has an 'any' type.
src/components/shared/DataTable.tsx(276,68): error TS7006: Parameter 'i' implicitly has an 'any' type.
src/components/shared/DataTable.tsx(279,19): error TS17004: Cannot use JSX unless the '--jsx' flag is provided.
src/components/shared/DataTable.tsx(291,34): error TS17004: Cannot use JSX unless the '--jsx' flag is provided.
src/components/shared/DataTable.tsx(293,13): error TS17004: Cannot use JSX unless the '--jsx' flag is provided.
src/components/shared/DataTable.tsx(298,15): error TS17004: Cannot use JSX unless the '--jsx' flag is provided.
src/components/shared/FileUpload.tsx(1,8): error TS1259: Module '"C:/code_visual_xanh/lab60622/lab60622/node_modules/@types/react/index"' can only be default-imported using the 'esModuleInterop' flag
src/components/shared/FileUpload.tsx(2,36): error TS6133: 'ImageIcon' is declared but its value is never read.
src/components/shared/FileUpload.tsx(3,20): error TS2307: Cannot find module '@/utils' or its corresponding type declarations.
src/components/shared/FileUpload.tsx(27,3): error TS7031: Binding element 'accept' implicitly has an 'any' type.
src/components/shared/FileUpload.tsx(31,3): error TS7031: Binding element 'onUpload' implicitly has an 'any' type.
src/components/shared/FileUpload.tsx(32,3): error TS6133: 'uploadUrl' is declared but its value is never read.
src/components/shared/FileUpload.tsx(35,3): error TS7031: Binding element 'className' implicitly has an 'any' type.
src/components/shared/FileUpload.tsx(49,24): error TS2705: An async function or method in ES5 requires the 'Promise' constructor.  Make sure you have a declaration for the 'Promise' constructor or include 'ES2015' in your '--lib' option.
src/components/shared/FileUpload.tsx(75,45): error TS2550: Property 'from' does not exist on type 'ArrayConstructor'. Do you need to change your target library? Try changing the 'lib' compiler option to 'es2015' or later.
src/components/shared/FileUpload.tsx(78,12): error TS7006: Parameter 'file' implicitly has an 'any' type.
src/components/shared/FileUpload.tsx(96,5): error TS17004: Cannot use JSX unless the '--jsx' flag is provided.
src/components/shared/FileUpload.tsx(98,9): error TS17004: Cannot use JSX unless the '--jsx' flag is provided.
src/components/shared/FileUpload.tsx(113,11): error TS17004: Cannot use JSX unless the '--jsx' flag is provided.
src/components/shared/FileUpload.tsx(121,11): error TS17004: Cannot use JSX unless the '--jsx' flag is provided.
src/components/shared/FileUpload.tsx(122,13): error TS17004: Cannot use JSX unless the '--jsx' flag is provided.
src/components/shared/FileUpload.tsx(123,15): error TS17004: Cannot use JSX unless the '--jsx' flag is provided.
src/components/shared/FileUpload.tsx(125,13): error TS17004: Cannot use JSX unless the '--jsx' flag is provided.
src/components/shared/FileUpload.tsx(128,13): error TS17004: Cannot use JSX unless the '--jsx' flag is provided.
src/components/shared/FileUpload.tsx(136,9): error TS17004: Cannot use JSX unless the '--jsx' flag is provided.
src/components/shared/FileUpload.tsx(138,13): error TS17004: Cannot use JSX unless the '--jsx' flag is provided.
src/components/shared/FileUpload.tsx(139,15): error TS17004: Cannot use JSX unless the '--jsx' flag is provided.
src/components/shared/FileUpload.tsx(140,30): error TS2550: Property 'startsWith' does not exist on type 'string'. Do you need to change your target library? Try changing the 'lib' compiler option to 'es2015' or later.
src/components/shared/FileUpload.tsx(141,19): error TS17004: Cannot use JSX unless the '--jsx' flag is provided.
src/components/shared/FileUpload.tsx(147,19): error TS17004: Cannot use JSX unless the '--jsx' flag is provided.
src/components/shared/FileUpload.tsx(151,15): error TS17004: Cannot use JSX unless the '--jsx' flag is provided.
src/components/shared/FileUpload.tsx(152,17): error TS17004: Cannot use JSX unless the '--jsx' flag is provided.
src/components/shared/FileUpload.tsx(153,19): error TS17004: Cannot use JSX unless the '--jsx' flag is provided.
src/components/shared/FileUpload.tsx(154,19): error TS17004: Cannot use JSX unless the '--jsx' flag is provided.
src/components/shared/FileUpload.tsx(155,21): error TS17004: Cannot use JSX unless the '--jsx' flag is provided.
src/components/shared/FileUpload.tsx(159,17): error TS17004: Cannot use JSX unless the '--jsx' flag is provided.
src/components/shared/FileUpload.tsx(160,19): error TS17004: Cannot use JSX unless the '--jsx' flag is provided.
src/components/shared/FileUpload.tsx(169,17): error TS17004: Cannot use JSX unless the '--jsx' flag is provided.
src/components/shared/FileUpload.tsx(170,19): error TS17004: Cannot use JSX unless the '--jsx' flag is provided.
src/components/shared/FileUpload.tsx(171,19): error TS17004: Cannot use JSX unless the '--jsx' flag is provided.
src/components/shared/FileUpload.tsx(172,50): error TS17004: Cannot use JSX unless the '--jsx' flag is provided.
src/components/shared/FileUpload.tsx(172,52): error TS17004: Cannot use JSX unless the '--jsx' flag is provided.
src/components/shared/FileUpload.tsx(173,50): error TS17004: Cannot use JSX unless the '--jsx' flag is provided.
src/components/shared/FileUpload.tsx(173,52): error TS17004: Cannot use JSX unless the '--jsx' flag is provided.
src/components/shared/FileUpload.tsx(174,46): error TS17004: Cannot use JSX unless the '--jsx' flag is provided.
src/components/shared/FilterPanel.tsx(1,8): error TS1259: Module '"C:/code_visual_xanh/lab60622/lab60622/node_modules/@types/react/index"' can only be default-imported using the 'esModuleInterop' flag
src/components/shared/FilterPanel.tsx(3,26): error TS6133: 'X' is declared but its value is never read.
src/components/shared/FilterPanel.tsx(4,20): error TS2307: Cannot find module '@/utils' or its corresponding type declarations.
src/components/shared/FilterPanel.tsx(44,5): error TS17004: Cannot use JSX unless the '--jsx' flag is provided.
src/components/shared/FilterPanel.tsx(45,7): error TS17004: Cannot use JSX unless the '--jsx' flag is provided.
src/components/shared/FilterPanel.tsx(46,7): error TS17004: Cannot use JSX unless the '--jsx' flag is provided.
src/components/shared/FilterPanel.tsx(77,18): error TS6133: 'setSearch' is declared but its value is never read.
src/components/shared/FilterPanel.tsx(87,24): error TS2705: An async function or method in ES5 requires the 'Promise' constructor.  Make sure you have a declaration for the 'Promise' constructor or include 'ES2015' in your '--lib' option.
src/components/shared/FilterPanel.tsx(99,5): error TS17004: Cannot use JSX unless the '--jsx' flag is provided.
src/components/shared/FilterPanel.tsx(100,7): error TS17004: Cannot use JSX unless the '--jsx' flag is provided.
src/components/shared/FilterPanel.tsx(101,9): error TS17004: Cannot use JSX unless the '--jsx' flag is provided.
src/components/shared/FilterPanel.tsx(106,11): error TS17004: Cannot use JSX unless the '--jsx' flag is provided.
src/components/shared/FilterPanel.tsx(108,13): error TS17004: Cannot use JSX unless the '--jsx' flag is provided.
src/components/shared/FilterPanel.tsx(114,11): error TS17004: Cannot use JSX unless the '--jsx' flag is provided.
src/components/shared/FilterPanel.tsx(115,13): error TS17004: Cannot use JSX unless the '--jsx' flag is provided.
src/components/shared/FilterPanel.tsx(118,9): error TS17004: Cannot use JSX unless the '--jsx' flag is provided.
src/components/shared/FilterPanel.tsx(125,3): error TS7031: Binding element 'filters' implicitly has an 'any' type.
src/components/shared/FilterPanel.tsx(126,3): error TS7031: Binding element 'values' implicitly has an 'any' type.
src/components/shared/FilterPanel.tsx(127,3): error TS7031: Binding element 'onChange' implicitly has an 'any' type.
src/components/shared/FilterPanel.tsx(128,3): error TS7031: Binding element 'onReset' implicitly has an 'any' type.
src/components/shared/FilterPanel.tsx(155,5): error TS17004: Cannot use JSX unless the '--jsx' flag is provided.
src/components/shared/FilterPanel.tsx(156,7): error TS17004: Cannot use JSX unless the '--jsx' flag is provided.
src/components/shared/FilterPanel.tsx(160,9): error TS17004: Cannot use JSX unless the '--jsx' flag is provided.
src/components/shared/FilterPanel.tsx(161,11): error TS17004: Cannot use JSX unless the '--jsx' flag is provided.
src/components/shared/FilterPanel.tsx(162,13): error TS17004: Cannot use JSX unless the '--jsx' flag is provided.
src/components/shared/FilterPanel.tsx(164,11): error TS17004: Cannot use JSX unless the '--jsx' flag is provided.
src/components/shared/FilterPanel.tsx(166,13): error TS17004: Cannot use JSX unless the '--jsx' flag is provided.
src/components/shared/FilterPanel.tsx(171,9): error TS17004: Cannot use JSX unless the '--jsx' flag is provided.
src/components/shared/FilterPanel.tsx(173,13): error TS17004: Cannot use JSX unless the '--jsx' flag is provided.
src/components/shared/FilterPanel.tsx(180,15): error TS17004: Cannot use JSX unless the '--jsx' flag is provided.
src/components/shared/FilterPanel.tsx(184,26): error TS17004: Cannot use JSX unless the '--jsx' flag is provided.
src/components/shared/FilterPanel.tsx(184,78): error TS17004: Cannot use JSX unless the '--jsx' flag is provided.
src/components/shared/FilterPanel.tsx(189,9): error TS17004: Cannot use JSX unless the '--jsx' flag is provided.
src/components/shared/FilterPanel.tsx(190,11): error TS17004: Cannot use JSX unless the '--jsx' flag is provided.
src/components/shared/FilterPanel.tsx(191,27): error TS7006: Parameter 'filter' implicitly has an 'any' type.
src/components/shared/FilterPanel.tsx(192,15): error TS17004: Cannot use JSX unless the '--jsx' flag is provided.
src/components/shared/FilterPanel.tsx(193,17): error TS17004: Cannot use JSX unless the '--jsx' flag is provided.
src/components/shared/FilterPanel.tsx(198,19): error TS17004: Cannot use JSX unless the '--jsx' flag is provided.
src/components/shared/FilterPanel.tsx(206,19): error TS17004: Cannot use JSX unless the '--jsx' flag is provided.
src/components/shared/FilterPanel.tsx(211,21): error TS17004: Cannot use JSX unless the '--jsx' flag is provided.
src/components/shared/FilterPanel.tsx(212,43): error TS7006: Parameter 'opt' implicitly has an 'any' type.
src/components/shared/FilterPanel.tsx(213,23): error TS17004: Cannot use JSX unless the '--jsx' flag is provided.
src/components/shared/FilterPanel.tsx(221,19): error TS17004: Cannot use JSX unless the '--jsx' flag is provided.
src/components/shared/FilterPanel.tsx(229,19): error TS17004: Cannot use JSX unless the '--jsx' flag is provided.
src/components/shared/FilterPanel.tsx(230,21): error TS17004: Cannot use JSX unless the '--jsx' flag is provided.
src/components/shared/FilterPanel.tsx(236,21): error TS17004: Cannot use JSX unless the '--jsx' flag is provided.
src/components/shared/FilterPanel.tsx(237,21): error TS17004: Cannot use JSX unless the '--jsx' flag is provided.
src/components/shared/FilterPanel.tsx(247,19): error TS17004: Cannot use JSX unless the '--jsx' flag is provided.
src/components/shared/FilterPanel.tsx(256,19): error TS17004: Cannot use JSX unless the '--jsx' flag is provided.
src/components/shared/index.ts(1,15): error TS6142: Module './DataTable' was resolved to 'C:/code_visual_xanh/lab60622/lab60622/src/components/shared/DataTable.tsx', but '--jsx' is not set.
src/components/shared/index.ts(2,15): error TS6142: Module './FilterPanel' was resolved to 'C:/code_visual_xanh/lab60622/lab60622/src/components/shared/FilterPanel.tsx', but '--jsx' is not set.
src/components/shared/index.ts(4,15): error TS6142: Module './CurrencyInput' was resolved to 'C:/code_visual_xanh/lab60622/lab60622/src/components/shared/CurrencyInput.tsx', but '--jsx' is not set.
src/components/shared/index.ts(5,15): error TS6142: Module './ConfirmDialog' was resolved to 'C:/code_visual_xanh/lab60622/lab60622/src/components/shared/ConfirmDialog.tsx', but '--jsx' is not set.
src/components/shared/index.ts(6,15): error TS6142: Module './RichTextEditor' was resolved to 'C:/code_visual_xanh/lab60622/lab60622/src/components/shared/RichTextEditor.tsx', but '--jsx' is not set.
src/components/shared/index.ts(7,15): error TS6142: Module './FileUpload' was resolved to 'C:/code_visual_xanh/lab60622/lab60622/src/components/shared/FileUpload.tsx', but '--jsx' is not set.
src/components/shared/index.ts(8,15): error TS6142: Module './SignaturePad' was resolved to 'C:/code_visual_xanh/lab60622/lab60622/src/components/shared/SignaturePad.tsx', but '--jsx' is not set.
src/components/shared/index.ts(9,15): error TS6142: Module './QRCode' was resolved to 'C:/code_visual_xanh/lab60622/lab60622/src/components/shared/QRCode.tsx', but '--jsx' is not set.
src/components/shared/index.ts(10,15): error TS6142: Module './MonthYearPicker' was resolved to 'C:/code_visual_xanh/lab60622/lab60622/src/components/shared/MonthYearPicker.tsx', but '--jsx' is not set.
src/components/shared/index.ts(11,15): error TS6142: Module './Modal' was resolved to 'C:/code_visual_xanh/lab60622/lab60622/src/components/shared/Modal.tsx', but '--jsx' is not set.
src/components/shared/index.ts(12,15): error TS6142: Module './TierTableInput' was resolved to 'C:/code_visual_xanh/lab60622/lab60622/src/components/shared/TierTableInput.tsx', but '--jsx' is not set.
src/components/shared/index.ts(13,15): error TS6142: Module './PolicyPreview' was resolved to 'C:/code_visual_xanh/lab60622/lab60622/src/components/shared/PolicyPreview.tsx', but '--jsx' is not set.
src/components/shared/index.ts(14,15): error TS6142: Module './PasswordStrengthMeter' was resolved to 'C:/code_visual_xanh/lab60622/lab60622/src/components/shared/PasswordStrengthMeter.tsx', but '--jsx' is not set.
src/components/shared/Modal.tsx(1,8): error TS1259: Module '"C:/code_visual_xanh/lab60622/lab60622/node_modules/@types/react/index"' can only be default-imported using the 'esModuleInterop' flag
src/components/shared/Modal.tsx(3,20): error TS2307: Cannot find module '@/utils' or its corresponding type declarations.
src/components/shared/Modal.tsx(17,5): error TS17004: Cannot use JSX unless the '--jsx' flag is provided.
src/components/shared/Modal.tsx(19,7): error TS17004: Cannot use JSX unless the '--jsx' flag is provided.
src/components/shared/Modal.tsx(25,7): error TS17004: Cannot use JSX unless the '--jsx' flag is provided.
src/components/shared/Modal.tsx(29,9): error TS17004: Cannot use JSX unless the '--jsx' flag is provided.
src/components/shared/Modal.tsx(30,12): error TS17004: Cannot use JSX unless the '--jsx' flag is provided.
src/components/shared/Modal.tsx(31,12): error TS17004: Cannot use JSX unless the '--jsx' flag is provided.
src/components/shared/Modal.tsx(35,15): error TS17004: Cannot use JSX unless the '--jsx' flag is provided.
src/components/shared/Modal.tsx(39,9): error TS17004: Cannot use JSX unless the '--jsx' flag is provided.
src/components/shared/MonthYearPicker.tsx(1,8): error TS1259: Module '"C:/code_visual_xanh/lab60622/lab60622/node_modules/@types/react/index"' can only be default-imported using the 'esModuleInterop' flag
src/components/shared/MonthYearPicker.tsx(3,20): error TS2307: Cannot find module '@/utils' or its corresponding type declarations.
src/components/shared/MonthYearPicker.tsx(19,3): error TS7031: Binding element 'value' implicitly has an 'any' type.
src/components/shared/MonthYearPicker.tsx(20,3): error TS7031: Binding element 'onChange' implicitly has an 'any' type.
src/components/shared/MonthYearPicker.tsx(21,3): error TS7031: Binding element 'className' implicitly has an 'any' type.
src/components/shared/MonthYearPicker.tsx(34,56): error TS2550: Property 'padStart' does not exist on type 'string'. Do you need to change your target library? Try changing the 'lib' compiler option to 'es2017' or later.
src/components/shared/MonthYearPicker.tsx(43,5): error TS17004: Cannot use JSX unless the '--jsx' flag is provided.
src/components/shared/MonthYearPicker.tsx(44,7): error TS17004: Cannot use JSX unless the '--jsx' flag is provided.
src/components/shared/MonthYearPicker.tsx(53,9): error TS17004: Cannot use JSX unless the '--jsx' flag is provided.
src/components/shared/MonthYearPicker.tsx(54,9): error TS17004: Cannot use JSX unless the '--jsx' flag is provided.
src/components/shared/MonthYearPicker.tsx(58,9): error TS17004: Cannot use JSX unless the '--jsx' flag is provided.
src/components/shared/MonthYearPicker.tsx(59,11): error TS17004: Cannot use JSX unless the '--jsx' flag is provided.
src/components/shared/MonthYearPicker.tsx(63,11): error TS17004: Cannot use JSX unless the '--jsx' flag is provided.
src/components/shared/MonthYearPicker.tsx(64,13): error TS17004: Cannot use JSX unless the '--jsx' flag is provided.
src/components/shared/MonthYearPicker.tsx(65,15): error TS17004: Cannot use JSX unless the '--jsx' flag is provided.
src/components/shared/MonthYearPicker.tsx(70,17): error TS17004: Cannot use JSX unless the '--jsx' flag is provided.
src/components/shared/MonthYearPicker.tsx(72,15): error TS17004: Cannot use JSX unless the '--jsx' flag is provided.
src/components/shared/MonthYearPicker.tsx(73,15): error TS17004: Cannot use JSX unless the '--jsx' flag is provided.
src/components/shared/MonthYearPicker.tsx(78,17): error TS17004: Cannot use JSX unless the '--jsx' flag is provided.
src/components/shared/MonthYearPicker.tsx(82,13): error TS17004: Cannot use JSX unless the '--jsx' flag is provided.
src/components/shared/MonthYearPicker.tsx(84,84): error TS2550: Property 'padStart' does not exist on type 'string'. Do you need to change your target library? Try changing the 'lib' compiler option to 'es2017' or later.
src/components/shared/MonthYearPicker.tsx(86,19): error TS17004: Cannot use JSX unless the '--jsx' flag is provided.
src/components/shared/PasswordStrengthMeter.tsx(1,8): error TS1259: Module '"C:/code_visual_xanh/lab60622/lab60622/node_modules/@types/react/index"' can only be default-imported using the 'esModuleInterop' flag
src/components/shared/PasswordStrengthMeter.tsx(2,20): error TS2307: Cannot find module '@/utils' or its corresponding type declarations.
src/components/shared/PasswordStrengthMeter.tsx(35,5): error TS17004: Cannot use JSX unless the '--jsx' flag is provided.
src/components/shared/PasswordStrengthMeter.tsx(36,7): error TS17004: Cannot use JSX unless the '--jsx' flag is provided.
src/components/shared/PasswordStrengthMeter.tsx(37,9): error TS17004: Cannot use JSX unless the '--jsx' flag is provided.
src/components/shared/PasswordStrengthMeter.tsx(38,9): error TS17004: Cannot use JSX unless the '--jsx' flag is provided.
src/components/shared/PasswordStrengthMeter.tsx(42,7): error TS17004: Cannot use JSX unless the '--jsx' flag is provided.
src/components/shared/PasswordStrengthMeter.tsx(43,9): error TS17004: Cannot use JSX unless the '--jsx' flag is provided.
src/components/shared/PasswordStrengthMeter.tsx(45,7): error TS17004: Cannot use JSX unless the '--jsx' flag is provided.
src/components/shared/PolicyPreview.tsx(1,8): error TS1259: Module '"C:/code_visual_xanh/lab60622/lab60622/node_modules/@types/react/index"' can only be default-imported using the 'esModuleInterop' flag
src/components/shared/PolicyPreview.tsx(14,3): error TS7031: Binding element 'tiers' implicitly has an 'any' type.
src/components/shared/PolicyPreview.tsx(15,3): error TS7031: Binding element 'vatRate' implicitly has an 'any' type.
src/components/shared/PolicyPreview.tsx(26,5): error TS17004: Cannot use JSX unless the '--jsx' flag is provided.
src/components/shared/PolicyPreview.tsx(27,7): error TS17004: Cannot use JSX unless the '--jsx' flag is provided.
src/components/shared/PolicyPreview.tsx(28,9): error TS17004: Cannot use JSX unless the '--jsx' flag is provided.
src/components/shared/PolicyPreview.tsx(31,9): error TS17004: Cannot use JSX unless the '--jsx' flag is provided.
src/components/shared/PolicyPreview.tsx(32,11): error TS17004: Cannot use JSX unless the '--jsx' flag is provided.
src/components/shared/PolicyPreview.tsx(41,11): error TS17004: Cannot use JSX unless the '--jsx' flag is provided.
src/components/shared/PolicyPreview.tsx(48,9): error TS17004: Cannot use JSX unless the '--jsx' flag is provided.
src/components/shared/PolicyPreview.tsx(49,11): error TS17004: Cannot use JSX unless the '--jsx' flag is provided.
src/components/shared/PolicyPreview.tsx(50,13): error TS17004: Cannot use JSX unless the '--jsx' flag is provided.
src/components/shared/PolicyPreview.tsx(51,15): error TS17004: Cannot use JSX unless the '--jsx' flag is provided.
src/components/shared/PolicyPreview.tsx(55,13): error TS17004: Cannot use JSX unless the '--jsx' flag is provided.
src/components/shared/PolicyPreview.tsx(57,17): error TS17004: Cannot use JSX unless the '--jsx' flag is provided.
src/components/shared/PolicyPreview.tsx(58,19): error TS17004: Cannot use JSX unless the '--jsx' flag is provided.
src/components/shared/PolicyPreview.tsx(60,21): error TS17004: Cannot use JSX unless the '--jsx' flag is provided.
src/components/shared/PolicyPreview.tsx(65,19): error TS17004: Cannot use JSX unless the '--jsx' flag is provided.
src/components/shared/PolicyPreview.tsx(72,13): error TS17004: Cannot use JSX unless the '--jsx' flag is provided.
src/components/shared/PolicyPreview.tsx(73,15): error TS17004: Cannot use JSX unless the '--jsx' flag is provided.
src/components/shared/PolicyPreview.tsx(74,17): error TS17004: Cannot use JSX unless the '--jsx' flag is provided.
src/components/shared/PolicyPreview.tsx(75,17): error TS17004: Cannot use JSX unless the '--jsx' flag is provided.
src/components/shared/PolicyPreview.tsx(79,15): error TS17004: Cannot use JSX unless the '--jsx' flag is provided.
src/components/shared/PolicyPreview.tsx(80,17): error TS17004: Cannot use JSX unless the '--jsx' flag is provided.
src/components/shared/PolicyPreview.tsx(83,17): error TS17004: Cannot use JSX unless the '--jsx' flag is provided.
src/components/shared/PolicyPreview.tsx(89,13): error TS17004: Cannot use JSX unless the '--jsx' flag is provided.
src/components/shared/PolicyPreview.tsx(90,15): error TS17004: Cannot use JSX unless the '--jsx' flag is provided.
src/components/shared/PolicyPreview.tsx(91,15): error TS17004: Cannot use JSX unless the '--jsx' flag is provided.
src/components/shared/PolicyPreview.tsx(100,9): error TS17004: Cannot use JSX unless the '--jsx' flag is provided.
src/components/shared/PolicyPreview.tsx(101,11): error TS17004: Cannot use JSX unless the '--jsx' flag is provided.
src/components/shared/QRCode.tsx(1,8): error TS1259: Module '"C:/code_visual_xanh/lab60622/lab60622/node_modules/@types/react/index"' can only be default-imported using the 'esModuleInterop' flag
src/components/shared/QRCode.tsx(5,20): error TS2307: Cannot find module '@/utils' or its corresponding type declarations.
src/components/shared/QRCode.tsx(17,3): error TS7031: Binding element 'value' implicitly has an 'any' type.
src/components/shared/QRCode.tsx(20,3): error TS7031: Binding element 'logo' implicitly has an 'any' type.
src/components/shared/QRCode.tsx(21,3): error TS7031: Binding element 'className' implicitly has an 'any' type.
src/components/shared/QRCode.tsx(49,21): error TS2705: An async function or method in ES5 requires the 'Promise' constructor.  Make sure you have a declaration for the 'Promise' constructor or include 'ES2015' in your '--lib' option.
src/components/shared/QRCode.tsx(61,5): error TS17004: Cannot use JSX unless the '--jsx' flag is provided.
src/components/shared/QRCode.tsx(62,7): error TS17004: Cannot use JSX unless the '--jsx' flag is provided.
src/components/shared/QRCode.tsx(63,9): error TS17004: Cannot use JSX unless the '--jsx' flag is provided.
src/components/shared/QRCode.tsx(84,7): error TS17004: Cannot use JSX unless the '--jsx' flag is provided.
src/components/shared/QRCode.tsx(85,9): error TS17004: Cannot use JSX unless the '--jsx' flag is provided.
src/components/shared/QRCode.tsx(89,21): error TS17004: Cannot use JSX unless the '--jsx' flag is provided.
src/components/shared/QRCode.tsx(89,68): error TS17004: Cannot use JSX unless the '--jsx' flag is provided.
src/components/shared/QRCode.tsx(92,9): error TS17004: Cannot use JSX unless the '--jsx' flag is provided.
src/components/shared/QRCode.tsx(96,11): error TS17004: Cannot use JSX unless the '--jsx' flag is provided.
src/components/shared/RichTextEditor.tsx(1,8): error TS1259: Module '"C:/code_visual_xanh/lab60622/lab60622/node_modules/@types/react/index"' can only be default-imported using the 'esModuleInterop' flag
src/components/shared/RichTextEditor.tsx(12,3): error TS6133: 'Heading3' is declared but its value is never read.
src/components/shared/RichTextEditor.tsx(14,20): error TS2307: Cannot find module '@/utils' or its corresponding type declarations.
src/components/shared/RichTextEditor.tsx(36,3): error TS17004: Cannot use JSX unless the '--jsx' flag is provided.
src/components/shared/RichTextEditor.tsx(51,3): error TS7031: Binding element 'value' implicitly has an 'any' type.
src/components/shared/RichTextEditor.tsx(52,3): error TS7031: Binding element 'onChange' implicitly has an 'any' type.
src/components/shared/RichTextEditor.tsx(54,3): error TS7031: Binding element 'maxLength' implicitly has an 'any' type.
src/components/shared/RichTextEditor.tsx(55,3): error TS7031: Binding element 'className' implicitly has an 'any' type.
src/components/shared/RichTextEditor.tsx(56,3): error TS6133: 'placeholder' is declared but its value is never read.
src/components/shared/RichTextEditor.tsx(56,3): error TS7031: Binding element 'placeholder' implicitly has an 'any' type.
src/components/shared/RichTextEditor.tsx(81,5): error TS17004: Cannot use JSX unless the '--jsx' flag is provided.
src/components/shared/RichTextEditor.tsx(87,9): error TS17004: Cannot use JSX unless the '--jsx' flag is provided.
src/components/shared/RichTextEditor.tsx(88,11): error TS17004: Cannot use JSX unless the '--jsx' flag is provided.
src/components/shared/RichTextEditor.tsx(92,13): error TS17004: Cannot use JSX unless the '--jsx' flag is provided.
src/components/shared/RichTextEditor.tsx(94,11): error TS17004: Cannot use JSX unless the '--jsx' flag is provided.
src/components/shared/RichTextEditor.tsx(98,13): error TS17004: Cannot use JSX unless the '--jsx' flag is provided.
src/components/shared/RichTextEditor.tsx(101,11): error TS17004: Cannot use JSX unless the '--jsx' flag is provided.
src/components/shared/RichTextEditor.tsx(103,11): error TS17004: Cannot use JSX unless the '--jsx' flag is provided.
src/components/shared/RichTextEditor.tsx(107,13): error TS17004: Cannot use JSX unless the '--jsx' flag is provided.
src/components/shared/RichTextEditor.tsx(109,11): error TS17004: Cannot use JSX unless the '--jsx' flag is provided.
src/components/shared/RichTextEditor.tsx(113,13): error TS17004: Cannot use JSX unless the '--jsx' flag is provided.
src/components/shared/RichTextEditor.tsx(115,11): error TS17004: Cannot use JSX unless the '--jsx' flag is provided.
src/components/shared/RichTextEditor.tsx(119,13): error TS17004: Cannot use JSX unless the '--jsx' flag is provided.
src/components/shared/RichTextEditor.tsx(122,11): error TS17004: Cannot use JSX unless the '--jsx' flag is provided.
src/components/shared/RichTextEditor.tsx(124,11): error TS17004: Cannot use JSX unless the '--jsx' flag is provided.
src/components/shared/RichTextEditor.tsx(128,13): error TS17004: Cannot use JSX unless the '--jsx' flag is provided.
src/components/shared/RichTextEditor.tsx(130,11): error TS17004: Cannot use JSX unless the '--jsx' flag is provided.
src/components/shared/RichTextEditor.tsx(134,13): error TS17004: Cannot use JSX unless the '--jsx' flag is provided.
src/components/shared/RichTextEditor.tsx(136,11): error TS17004: Cannot use JSX unless the '--jsx' flag is provided.
src/components/shared/RichTextEditor.tsx(140,13): error TS17004: Cannot use JSX unless the '--jsx' flag is provided.
src/components/shared/RichTextEditor.tsx(143,11): error TS17004: Cannot use JSX unless the '--jsx' flag is provided.
src/components/shared/RichTextEditor.tsx(145,11): error TS17004: Cannot use JSX unless the '--jsx' flag is provided.
src/components/shared/RichTextEditor.tsx(149,13): error TS17004: Cannot use JSX unless the '--jsx' flag is provided.
src/components/shared/RichTextEditor.tsx(152,11): error TS17004: Cannot use JSX unless the '--jsx' flag is provided.
src/components/shared/RichTextEditor.tsx(156,13): error TS17004: Cannot use JSX unless the '--jsx' flag is provided.
src/components/shared/RichTextEditor.tsx(159,11): error TS17004: Cannot use JSX unless the '--jsx' flag is provided.
src/components/shared/RichTextEditor.tsx(161,11): error TS17004: Cannot use JSX unless the '--jsx' flag is provided.
src/components/shared/RichTextEditor.tsx(162,13): error TS17004: Cannot use JSX unless the '--jsx' flag is provided.
src/components/shared/RichTextEditor.tsx(164,11): error TS17004: Cannot use JSX unless the '--jsx' flag is provided.
src/components/shared/RichTextEditor.tsx(165,13): error TS17004: Cannot use JSX unless the '--jsx' flag is provided.
src/components/shared/RichTextEditor.tsx(170,7): error TS17004: Cannot use JSX unless the '--jsx' flag is provided.
src/components/shared/RichTextEditor.tsx(174,9): error TS17004: Cannot use JSX unless the '--jsx' flag is provided.
src/components/shared/RichTextEditor.tsx(178,9): error TS17004: Cannot use JSX unless the '--jsx' flag is provided.
src/components/shared/RichTextEditor.tsx(186,82): error TS7031: Binding element 'html' implicitly has an 'any' type.
src/components/shared/RichTextEditor.tsx(186,88): error TS7031: Binding element 'className' implicitly has an 'any' type.
src/components/shared/RichTextEditor.tsx(190,5): error TS17004: Cannot use JSX unless the '--jsx' flag is provided.
src/components/shared/SignaturePad.tsx(1,8): error TS1259: Module '"C:/code_visual_xanh/lab60622/lab60622/node_modules/@types/react/index"' can only be default-imported using the 'esModuleInterop' flag
src/components/shared/SignaturePad.tsx(4,20): error TS2307: Cannot find module '@/utils' or its corresponding type declarations.
src/components/shared/SignaturePad.tsx(16,3): error TS7031: Binding element 'onEnd' implicitly has an 'any' type.
src/components/shared/SignaturePad.tsx(17,3): error TS7031: Binding element 'onClear' implicitly has an 'any' type.
src/components/shared/SignaturePad.tsx(20,3): error TS7031: Binding element 'className' implicitly has an 'any' type.
src/components/shared/SignaturePad.tsx(38,5): error TS17004: Cannot use JSX unless the '--jsx' flag is provided.
src/components/shared/SignaturePad.tsx(39,7): error TS17004: Cannot use JSX unless the '--jsx' flag is provided.
src/components/shared/SignaturePad.tsx(40,9): error TS17004: Cannot use JSX unless the '--jsx' flag is provided.
src/components/shared/SignaturePad.tsx(41,11): error TS17004: Cannot use JSX unless the '--jsx' flag is provided.
src/components/shared/SignaturePad.tsx(42,11): error TS17004: Cannot use JSX unless the '--jsx' flag is provided.
src/components/shared/SignaturePad.tsx(45,9): error TS17004: Cannot use JSX unless the '--jsx' flag is provided.
src/components/shared/SignaturePad.tsx(46,11): error TS17004: Cannot use JSX unless the '--jsx' flag is provided.
src/components/shared/SignaturePad.tsx(60,7): error TS17004: Cannot use JSX unless the '--jsx' flag is provided.
src/components/shared/SignaturePad.tsx(61,9): error TS17004: Cannot use JSX unless the '--jsx' flag is provided.
src/components/shared/SignaturePad.tsx(66,11): error TS17004: Cannot use JSX unless the '--jsx' flag is provided.
src/components/shared/SignaturePad.tsx(70,9): error TS17004: Cannot use JSX unless the '--jsx' flag is provided.
src/components/shared/SignaturePad.tsx(71,11): error TS17004: Cannot use JSX unless the '--jsx' flag is provided.
src/components/shared/TierTableInput.tsx(1,8): error TS1259: Module '"C:/code_visual_xanh/lab60622/lab60622/node_modules/@types/react/index"' can only be default-imported using the 'esModuleInterop' flag
src/components/shared/TierTableInput.tsx(3,31): error TS6142: Module './CurrencyInput' was resolved to 'C:/code_visual_xanh/lab60622/lab60622/src/components/shared/CurrencyInput.tsx', but '--jsx' is not set.
src/components/shared/TierTableInput.tsx(4,20): error TS2307: Cannot find module '@/utils' or its corresponding type declarations.
src/components/shared/TierTableInput.tsx(29,3): error TS7031: Binding element 'value' implicitly has an 'any' type.
src/components/shared/TierTableInput.tsx(30,3): error TS7031: Binding element 'onChange' implicitly has an 'any' type.
src/components/shared/TierTableInput.tsx(31,3): error TS7031: Binding element 'vatRate' implicitly has an 'any' type.
src/components/shared/TierTableInput.tsx(33,3): error TS7031: Binding element 'error' implicitly has an 'any' type.
src/components/shared/TierTableInput.tsx(38,31): error TS7006: Parameter 'tier' implicitly has an 'any' type.
src/components/shared/TierTableInput.tsx(43,38): error TS7006: Parameter 't' implicitly has an 'any' type.
src/components/shared/TierTableInput.tsx(43,41): error TS7006: Parameter 'i' implicitly has an 'any' type.
src/components/shared/TierTableInput.tsx(112,33): error TS7006: Parameter 'tier' implicitly has an 'any' type.
src/components/shared/TierTableInput.tsx(112,39): error TS7006: Parameter 'i' implicitly has an 'any' type.
src/components/shared/TierTableInput.tsx(154,5): error TS17004: Cannot use JSX unless the '--jsx' flag is provided.
src/components/shared/TierTableInput.tsx(155,7): error TS17004: Cannot use JSX unless the '--jsx' flag is provided.
src/components/shared/TierTableInput.tsx(156,9): error TS17004: Cannot use JSX unless the '--jsx' flag is provided.
src/components/shared/TierTableInput.tsx(157,11): error TS17004: Cannot use JSX unless the '--jsx' flag is provided.
src/components/shared/TierTableInput.tsx(158,13): error TS17004: Cannot use JSX unless the '--jsx' flag is provided.
src/components/shared/TierTableInput.tsx(159,15): error TS17004: Cannot use JSX unless the '--jsx' flag is provided.
src/components/shared/TierTableInput.tsx(160,15): error TS17004: Cannot use JSX unless the '--jsx' flag is provided.
src/components/shared/TierTableInput.tsx(161,15): error TS17004: Cannot use JSX unless the '--jsx' flag is provided.
src/components/shared/TierTableInput.tsx(162,15): error TS17004: Cannot use JSX unless the '--jsx' flag is provided.
src/components/shared/TierTableInput.tsx(163,15): error TS17004: Cannot use JSX unless the '--jsx' flag is provided.
src/components/shared/TierTableInput.tsx(164,15): error TS17004: Cannot use JSX unless the '--jsx' flag is provided.
src/components/shared/TierTableInput.tsx(165,15): error TS17004: Cannot use JSX unless the '--jsx' flag is provided.
src/components/shared/TierTableInput.tsx(168,11): error TS17004: Cannot use JSX unless the '--jsx' flag is provided.
src/components/shared/TierTableInput.tsx(169,25): error TS7006: Parameter 'tier' implicitly has an 'any' type.
src/components/shared/TierTableInput.tsx(169,31): error TS7006: Parameter 'index' implicitly has an 'any' type.
src/components/shared/TierTableInput.tsx(174,17): error TS17004: Cannot use JSX unless the '--jsx' flag is provided.
src/components/shared/TierTableInput.tsx(175,19): error TS17004: Cannot use JSX unless the '--jsx' flag is provided.
src/components/shared/TierTableInput.tsx(176,19): error TS17004: Cannot use JSX unless the '--jsx' flag is provided.
src/components/shared/TierTableInput.tsx(177,21): error TS17004: Cannot use JSX unless the '--jsx' flag is provided.
src/components/shared/TierTableInput.tsx(185,19): error TS17004: Cannot use JSX unless the '--jsx' flag is provided.
src/components/shared/TierTableInput.tsx(186,21): error TS17004: Cannot use JSX unless the '--jsx' flag is provided.
src/components/shared/TierTableInput.tsx(201,19): error TS17004: Cannot use JSX unless the '--jsx' flag is provided.
src/components/shared/TierTableInput.tsx(202,21): error TS17004: Cannot use JSX unless the '--jsx' flag is provided.
src/components/shared/TierTableInput.tsx(209,19): error TS17004: Cannot use JSX unless the '--jsx' flag is provided.
src/components/shared/TierTableInput.tsx(210,21): error TS17004: Cannot use JSX unless the '--jsx' flag is provided.
src/components/shared/TierTableInput.tsx(218,19): error TS17004: Cannot use JSX unless the '--jsx' flag is provided.
src/components/shared/TierTableInput.tsx(219,21): error TS17004: Cannot use JSX unless the '--jsx' flag is provided.
src/components/shared/TierTableInput.tsx(228,19): error TS17004: Cannot use JSX unless the '--jsx' flag is provided.
src/components/shared/TierTableInput.tsx(229,21): error TS17004: Cannot use JSX unless the '--jsx' flag is provided.
src/components/shared/TierTableInput.tsx(240,23): error TS17004: Cannot use JSX unless the '--jsx' flag is provided.
src/components/shared/TierTableInput.tsx(250,7): error TS17004: Cannot use JSX unless the '--jsx' flag is provided.
src/components/shared/TierTableInput.tsx(251,9): error TS17004: Cannot use JSX unless the '--jsx' flag is provided.
src/components/shared/TierTableInput.tsx(257,11): error TS17004: Cannot use JSX unless the '--jsx' flag is provided.
src/components/shared/TierTableInput.tsx(262,11): error TS17004: Cannot use JSX unless the '--jsx' flag is provided.
src/components/shared/TierTableInput.tsx(263,13): error TS17004: Cannot use JSX unless the '--jsx' flag is provided.
src/components/shared/TierTableInput.tsx(264,13): error TS17004: Cannot use JSX unless the '--jsx' flag is provided.
src/components/shared/TierTableInput.tsx(268,21): error TS7006: Parameter '_' implicitly has an 'any' type.
src/components/shared/TierTableInput.tsx(268,24): error TS7006: Parameter 'i' implicitly has an 'any' type.
src/components/shared/TierTableInput.tsx(272,17): error TS17004: Cannot use JSX unless the '--jsx' flag is provided.
src/components/shared/TierTableInput.tsx(273,21): error TS17004: Cannot use JSX unless the '--jsx' flag is provided.
src/components/shared/TierTableInput.tsx(274,21): error TS17004: Cannot use JSX unless the '--jsx' flag is provided.
src/components/tickets/TicketKanban.tsx(1,8): error TS1259: Module '"C:/code_visual_xanh/lab60622/lab60622/node_modules/@types/react/index"' can only be default-imported using the 'esModuleInterop' flag
src/components/tickets/TicketKanban.tsx(11,3): error TS6133: 'DragOverEvent' is declared but its value is never read.
src/components/tickets/TicketKanban.tsx(16,3): error TS6133: 'arrayMove' is declared but its value is never read.
src/components/tickets/TicketKanban.tsx(23,61): error TS2307: Cannot find module '@/models/Ticket' or its corresponding type declarations.
src/components/tickets/TicketKanban.tsx(24,23): error TS6133: 'AlertCircle' is declared but its value is never read.
src/components/tickets/TicketKanban.tsx(25,20): error TS2307: Cannot find module '@/utils' or its corresponding type declarations.
src/components/tickets/TicketKanban.tsx(68,5): error TS17004: Cannot use JSX unless the '--jsx' flag is provided.
src/components/tickets/TicketKanban.tsx(79,7): error TS17004: Cannot use JSX unless the '--jsx' flag is provided.
src/components/tickets/TicketKanban.tsx(80,9): error TS17004: Cannot use JSX unless the '--jsx' flag is provided.
src/components/tickets/TicketKanban.tsx(81,12): error TS17004: Cannot use JSX unless the '--jsx' flag is provided.
src/components/tickets/TicketKanban.tsx(82,12): error TS17004: Cannot use JSX unless the '--jsx' flag is provided.
src/components/tickets/TicketKanban.tsx(85,12): error TS17004: Cannot use JSX unless the '--jsx' flag is provided.
src/components/tickets/TicketKanban.tsx(86,15): error TS17004: Cannot use JSX unless the '--jsx' flag is provided.
src/components/tickets/TicketKanban.tsx(89,12): error TS17004: Cannot use JSX unless the '--jsx' flag is provided.
src/components/tickets/TicketKanban.tsx(90,15): error TS17004: Cannot use JSX unless the '--jsx' flag is provided.
src/components/tickets/TicketKanban.tsx(95,7): error TS17004: Cannot use JSX unless the '--jsx' flag is provided.
src/components/tickets/TicketKanban.tsx(97,7): error TS17004: Cannot use JSX unless the '--jsx' flag is provided.
src/components/tickets/TicketKanban.tsx(98,10): error TS17004: Cannot use JSX unless the '--jsx' flag is provided.
src/components/tickets/TicketKanban.tsx(100,16): error TS17004: Cannot use JSX unless the '--jsx' flag is provided.
src/components/tickets/TicketKanban.tsx(102,16): error TS17004: Cannot use JSX unless the '--jsx' flag is provided.
src/components/tickets/TicketKanban.tsx(103,19): error TS17004: Cannot use JSX unless the '--jsx' flag is provided.
src/components/tickets/TicketKanban.tsx(106,13): error TS17004: Cannot use JSX unless the '--jsx' flag is provided.
src/components/tickets/TicketKanban.tsx(111,10): error TS17004: Cannot use JSX unless the '--jsx' flag is provided.
src/components/tickets/TicketKanban.tsx(129,5): error TS17004: Cannot use JSX unless the '--jsx' flag is provided.
src/components/tickets/TicketKanban.tsx(130,7): error TS17004: Cannot use JSX unless the '--jsx' flag is provided.
src/components/tickets/TicketKanban.tsx(131,10): error TS17004: Cannot use JSX unless the '--jsx' flag is provided.
src/components/tickets/TicketKanban.tsx(132,13): error TS17004: Cannot use JSX unless the '--jsx' flag is provided.
src/components/tickets/TicketKanban.tsx(133,13): error TS17004: Cannot use JSX unless the '--jsx' flag is provided.
src/components/tickets/TicketKanban.tsx(139,7): error TS17004: Cannot use JSX unless the '--jsx' flag is provided.
src/components/tickets/TicketKanban.tsx(140,10): error TS17004: Cannot use JSX unless the '--jsx' flag is provided.
src/components/tickets/TicketKanban.tsx(142,16): error TS17004: Cannot use JSX unless the '--jsx' flag is provided.
src/components/tickets/TicketKanban.tsx(160,3): error TS6133: 'onTicketClick' is declared but its value is never read.
src/components/tickets/TicketKanban.tsx(171,28): error TS2550: Property 'find' does not exist on type 'TicketSummary[]'. Do you need to change your target library? Try changing the 'lib' compiler option to 'es2015' or later.
src/components/tickets/TicketKanban.tsx(171,33): error TS7006: Parameter 't' implicitly has an 'any' type.
src/components/tickets/TicketKanban.tsx(184,17): error TS2550: Property 'includes' does not exist on type 'TicketStatus[]'. Do you need to change your target library? Try changing the 'lib' compiler option to 'es2016' or later.
src/components/tickets/TicketKanban.tsx(190,32): error TS2550: Property 'find' does not exist on type 'TicketSummary[]'. Do you need to change your target library? Try changing the 'lib' compiler option to 'es2015' or later.
src/components/tickets/TicketKanban.tsx(190,37): error TS7006: Parameter 't' implicitly has an 'any' type.
src/components/tickets/TicketKanban.tsx(197,5): error TS17004: Cannot use JSX unless the '--jsx' flag is provided.
src/components/tickets/TicketKanban.tsx(203,7): error TS17004: Cannot use JSX unless the '--jsx' flag is provided.
src/components/tickets/TicketKanban.tsx(205,12): error TS17004: Cannot use JSX unless the '--jsx' flag is provided.
src/components/tickets/TicketKanban.tsx(214,7): error TS17004: Cannot use JSX unless the '--jsx' flag is provided.
src/components/tickets/TicketKanban.tsx(219,25): error TS17004: Cannot use JSX unless the '--jsx' flag is provided.
src/components/ui/Button.tsx(1,8): error TS1259: Module '"C:/code_visual_xanh/lab60622/lab60622/node_modules/@types/react/index"' can only be default-imported using the 'esModuleInterop' flag
src/components/ui/Button.tsx(2,20): error TS2307: Cannot find module '@/utils' or its corresponding type declarations.
src/components/ui/Button.tsx(4,1): error TS6133: 'toast' is declared but its value is never read.
src/components/ui/Button.tsx(15,6): error TS7031: Binding element 'className' implicitly has an 'any' type.
src/components/ui/Button.tsx(15,51): error TS7031: Binding element 'isLoading' implicitly has an 'any' type.
src/components/ui/Button.tsx(15,62): error TS7031: Binding element 'leftIcon' implicitly has an 'any' type.
src/components/ui/Button.tsx(15,72): error TS7031: Binding element 'rightIcon' implicitly has an 'any' type.
src/components/ui/Button.tsx(15,83): error TS7031: Binding element 'children' implicitly has an 'any' type.
src/components/ui/Button.tsx(15,93): error TS7031: Binding element 'disabled' implicitly has an 'any' type.
src/components/ui/Button.tsx(15,115): error TS7006: Parameter 'ref' implicitly has an 'any' type.
src/components/ui/Button.tsx(32,7): error TS17004: Cannot use JSX unless the '--jsx' flag is provided.
src/components/ui/Button.tsx(36,11): error TS7053: Element implicitly has an 'any' type because expression of type 'string' can't be used to index type '{ primary: string; outline: string; danger: string; ghost: string; success: string; }'.
  No index signature with a parameter of type 'string' was found on type '{ primary: string; outline: string; danger: string; ghost: string; success: string; }'.
src/components/ui/Button.tsx(37,11): error TS7053: Element implicitly has an 'any' type because expression of type 'string' can't be used to index type '{ sm: string; md: string; lg: string; icon: string; }'.
  No index signature with a parameter of type 'string' was found on type '{ sm: string; md: string; lg: string; icon: string; }'.
src/components/ui/Button.tsx(42,23): error TS17004: Cannot use JSX unless the '--jsx' flag is provided.
src/components/ui/Button.tsx(43,36): error TS17004: Cannot use JSX unless the '--jsx' flag is provided.
src/components/ui/Button.tsx(44,9): error TS17004: Cannot use JSX unless the '--jsx' flag is provided.
src/components/ui/Button.tsx(45,37): error TS17004: Cannot use JSX unless the '--jsx' flag is provided.
src/components/ui/DashboardUI.tsx(1,8): error TS1259: Module '"C:/code_visual_xanh/lab60622/lab60622/node_modules/@types/react/index"' can only be default-imported using the 'esModuleInterop' flag
src/components/ui/DashboardUI.tsx(3,20): error TS2307: Cannot find module '@/utils' or its corresponding type declarations.
src/components/ui/DashboardUI.tsx(19,5): error TS17004: Cannot use JSX unless the '--jsx' flag is provided.
src/components/ui/DashboardUI.tsx(20,7): error TS17004: Cannot use JSX unless the '--jsx' flag is provided.
src/components/ui/DashboardUI.tsx(21,9): error TS17004: Cannot use JSX unless the '--jsx' flag is provided.
src/components/ui/DashboardUI.tsx(23,7): error TS17004: Cannot use JSX unless the '--jsx' flag is provided.
src/components/ui/DashboardUI.tsx(24,9): error TS17004: Cannot use JSX unless the '--jsx' flag is provided.
src/components/ui/DashboardUI.tsx(25,9): error TS17004: Cannot use JSX unless the '--jsx' flag is provided.
src/components/ui/DashboardUI.tsx(51,5): error TS17004: Cannot use JSX unless the '--jsx' flag is provided.
src/components/ui/DashboardUI.tsx(52,7): error TS17004: Cannot use JSX unless the '--jsx' flag is provided.
src/components/ui/DashboardUI.tsx(53,9): error TS17004: Cannot use JSX unless the '--jsx' flag is provided.
src/components/ui/DashboardUI.tsx(54,9): error TS17004: Cannot use JSX unless the '--jsx' flag is provided.
src/components/ui/DashboardUI.tsx(57,9): error TS17004: Cannot use JSX unless the '--jsx' flag is provided.
src/components/ui/Feedback.tsx(1,8): error TS1259: Module '"C:/code_visual_xanh/lab60622/lab60622/node_modules/@types/react/index"' can only be default-imported using the 'esModuleInterop' flag
src/components/ui/Feedback.tsx(3,20): error TS2307: Cannot find module '@/utils' or its corresponding type declarations.
src/components/ui/Feedback.tsx(6,10): error TS17004: Cannot use JSX unless the '--jsx' flag is provided.
src/components/ui/Feedback.tsx(11,5): error TS17004: Cannot use JSX unless the '--jsx' flag is provided.
src/components/ui/index.ts(1,15): error TS6142: Module './Button' was resolved to 'C:/code_visual_xanh/lab60622/lab60622/src/components/ui/Button.tsx', but '--jsx' is not set.
src/components/ui/index.ts(2,15): error TS6142: Module './Feedback' was resolved to 'C:/code_visual_xanh/lab60622/lab60622/src/components/ui/Feedback.tsx', but '--jsx' is not set.
src/components/ui/index.ts(3,15): error TS6142: Module './Select' was resolved to 'C:/code_visual_xanh/lab60622/lab60622/src/components/ui/Select.tsx', but '--jsx' is not set.
src/components/ui/index.ts(4,15): error TS6142: Module './SelectAsync' was resolved to 'C:/code_visual_xanh/lab60622/lab60622/src/components/ui/SelectAsync.tsx', but '--jsx' is not set.
src/components/ui/index.ts(5,15): error TS6142: Module './SidePanel' was resolved to 'C:/code_visual_xanh/lab60622/lab60622/src/components/ui/SidePanel.tsx', but '--jsx' is not set.
src/components/ui/index.ts(6,15): error TS6142: Module './StatusBadge' was resolved to 'C:/code_visual_xanh/lab60622/lab60622/src/components/ui/StatusBadge.tsx', but '--jsx' is not set.
src/components/ui/index.ts(7,15): error TS6142: Module './StatusStates' was resolved to 'C:/code_visual_xanh/lab60622/lab60622/src/components/ui/StatusStates.tsx', but '--jsx' is not set.
src/components/ui/index.ts(8,15): error TS6142: Module './DashboardUI' was resolved to 'C:/code_visual_xanh/lab60622/lab60622/src/components/ui/DashboardUI.tsx', but '--jsx' is not set.
src/components/ui/Select.tsx(1,8): error TS1259: Module '"C:/code_visual_xanh/lab60622/lab60622/node_modules/@types/react/index"' can only be default-imported using the 'esModuleInterop' flag
src/components/ui/Select.tsx(3,20): error TS2307: Cannot find module '@/utils' or its corresponding type declarations.
src/components/ui/Select.tsx(34,34): error TS2550: Property 'find' does not exist on type 'SelectOption[]'. Do you need to change your target library? Try changing the 'lib' compiler option to 'es2015' or later.
src/components/ui/Select.tsx(34,39): error TS7006: Parameter 'opt' implicitly has an 'any' type.
src/components/ui/Select.tsx(52,5): error TS17004: Cannot use JSX unless the '--jsx' flag is provided.
src/components/ui/Select.tsx(53,17): error TS17004: Cannot use JSX unless the '--jsx' flag is provided.
src/components/ui/Select.tsx(55,7): error TS17004: Cannot use JSX unless the '--jsx' flag is provided.
src/components/ui/Select.tsx(56,9): error TS17004: Cannot use JSX unless the '--jsx' flag is provided.
src/components/ui/Select.tsx(65,11): error TS17004: Cannot use JSX unless the '--jsx' flag is provided.
src/components/ui/Select.tsx(66,22): error TS17004: Cannot use JSX unless the '--jsx' flag is provided.
src/components/ui/Select.tsx(67,13): error TS17004: Cannot use JSX unless the '--jsx' flag is provided.
src/components/ui/Select.tsx(71,11): error TS17004: Cannot use JSX unless the '--jsx' flag is provided.
src/components/ui/Select.tsx(75,11): error TS17004: Cannot use JSX unless the '--jsx' flag is provided.
src/components/ui/Select.tsx(76,14): error TS17004: Cannot use JSX unless the '--jsx' flag is provided.
src/components/ui/Select.tsx(78,20): error TS17004: Cannot use JSX unless the '--jsx' flag is provided.
src/components/ui/Select.tsx(92,23): error TS17004: Cannot use JSX unless the '--jsx' flag is provided.
src/components/ui/Select.tsx(93,39): error TS17004: Cannot use JSX unless the '--jsx' flag is provided.
src/components/ui/Select.tsx(96,47): error TS17004: Cannot use JSX unless the '--jsx' flag is provided.
src/components/ui/SelectAsync.tsx(1,8): error TS1259: Module '"C:/code_visual_xanh/lab60622/lab60622/node_modules/@types/react/index"' can only be default-imported using the 'esModuleInterop' flag
src/components/ui/SelectAsync.tsx(3,20): error TS2307: Cannot find module '@/utils' or its corresponding type declarations.
src/components/ui/SelectAsync.tsx(31,26): error TS2705: An async function or method in ES5 requires the 'Promise' constructor.  Make sure you have a declaration for the 'Promise' constructor or include 'ES2015' in your '--lib' option.
src/components/ui/SelectAsync.tsx(60,34): error TS2550: Property 'find' does not exist on type '{ label: string; value: any; }[]'. Do you need to change your target library? Try changing the 'lib' compiler option to 'es2015' or later.
src/components/ui/SelectAsync.tsx(60,39): error TS7006: Parameter 'o' implicitly has an 'any' type.
src/components/ui/SelectAsync.tsx(63,5): error TS17004: Cannot use JSX unless the '--jsx' flag is provided.
src/components/ui/SelectAsync.tsx(64,17): error TS17004: Cannot use JSX unless the '--jsx' flag is provided.
src/components/ui/SelectAsync.tsx(65,7): error TS17004: Cannot use JSX unless the '--jsx' flag is provided.
src/components/ui/SelectAsync.tsx(73,9): error TS17004: Cannot use JSX unless the '--jsx' flag is provided.
src/components/ui/SelectAsync.tsx(74,20): error TS17004: Cannot use JSX unless the '--jsx' flag is provided.
src/components/ui/SelectAsync.tsx(75,11): error TS17004: Cannot use JSX unless the '--jsx' flag is provided.
src/components/ui/SelectAsync.tsx(79,9): error TS17004: Cannot use JSX unless the '--jsx' flag is provided.
src/components/ui/SelectAsync.tsx(83,9): error TS17004: Cannot use JSX unless the '--jsx' flag is provided.
src/components/ui/SelectAsync.tsx(84,12): error TS17004: Cannot use JSX unless the '--jsx' flag is provided.
src/components/ui/SelectAsync.tsx(85,15): error TS17004: Cannot use JSX unless the '--jsx' flag is provided.
src/components/ui/SelectAsync.tsx(86,18): error TS17004: Cannot use JSX unless the '--jsx' flag is provided.
src/components/ui/SelectAsync.tsx(87,18): error TS17004: Cannot use JSX unless the '--jsx' flag is provided.
src/components/ui/SelectAsync.tsx(97,12): error TS17004: Cannot use JSX unless the '--jsx' flag is provided.
src/components/ui/SelectAsync.tsx(99,18): error TS17004: Cannot use JSX unless the '--jsx' flag is provided.
src/components/ui/SelectAsync.tsx(100,21): error TS17004: Cannot use JSX unless the '--jsx' flag is provided.
src/components/ui/SelectAsync.tsx(101,21): error TS17004: Cannot use JSX unless the '--jsx' flag is provided.
src/components/ui/SelectAsync.tsx(105,21): error TS17004: Cannot use JSX unless the '--jsx' flag is provided.
src/components/ui/SelectAsync.tsx(119,48): error TS17004: Cannot use JSX unless the '--jsx' flag is provided.
src/components/ui/SelectAsync.tsx(123,18): error TS17004: Cannot use JSX unless the '--jsx' flag is provided.
src/components/ui/SidePanel.tsx(1,8): error TS1259: Module '"C:/code_visual_xanh/lab60622/lab60622/node_modules/@types/react/index"' can only be default-imported using the 'esModuleInterop' flag
src/components/ui/SidePanel.tsx(2,13): error TS6133: 'Search' is declared but its value is never read.
src/components/ui/SidePanel.tsx(2,21): error TS6133: 'Bell' is declared but its value is never read.
src/components/ui/SidePanel.tsx(2,27): error TS6133: 'User' is declared but its value is never read.
src/components/ui/SidePanel.tsx(2,33): error TS6133: 'MessageSquare' is declared but its value is never read.
src/components/ui/SidePanel.tsx(3,20): error TS2307: Cannot find module '@/utils' or its corresponding type declarations.
src/components/ui/SidePanel.tsx(14,3): error TS7031: Binding element 'isOpen' implicitly has an 'any' type.
src/components/ui/SidePanel.tsx(15,3): error TS7031: Binding element 'onClose' implicitly has an 'any' type.
src/components/ui/SidePanel.tsx(16,3): error TS7031: Binding element 'title' implicitly has an 'any' type.
src/components/ui/SidePanel.tsx(17,3): error TS7031: Binding element 'children' implicitly has an 'any' type.
src/components/ui/SidePanel.tsx(18,3): error TS7031: Binding element 'footer' implicitly has an 'any' type.
src/components/ui/SidePanel.tsx(33,5): error TS17004: Cannot use JSX unless the '--jsx' flag is provided.
src/components/ui/SidePanel.tsx(35,7): error TS17004: Cannot use JSX unless the '--jsx' flag is provided.
src/components/ui/SidePanel.tsx(44,7): error TS17004: Cannot use JSX unless the '--jsx' flag is provided.
src/components/ui/SidePanel.tsx(51,9): error TS17004: Cannot use JSX unless the '--jsx' flag is provided.
src/components/ui/SidePanel.tsx(52,11): error TS17004: Cannot use JSX unless the '--jsx' flag is provided.
src/components/ui/SidePanel.tsx(53,11): error TS17004: Cannot use JSX unless the '--jsx' flag is provided.
src/components/ui/SidePanel.tsx(57,13): error TS17004: Cannot use JSX unless the '--jsx' flag is provided.
src/components/ui/SidePanel.tsx(61,9): error TS17004: Cannot use JSX unless the '--jsx' flag is provided.
src/components/ui/SidePanel.tsx(66,11): error TS17004: Cannot use JSX unless the '--jsx' flag is provided.
src/components/ui/StatusBadge.tsx(1,8): error TS1259: Module '"C:/code_visual_xanh/lab60622/lab60622/node_modules/@types/react/index"' can only be default-imported using the 'esModuleInterop' flag
src/components/ui/StatusBadge.tsx(2,20): error TS2307: Cannot find module '@/utils' or its corresponding type declarations.
src/components/ui/StatusBadge.tsx(96,3): error TS7031: Binding element 'status' implicitly has an 'any' type.
src/components/ui/StatusBadge.tsx(97,3): error TS7031: Binding element 'size' implicitly has an 'any' type.
src/components/ui/StatusBadge.tsx(98,3): error TS7031: Binding element 'className' implicitly has an 'any' type.
src/components/ui/StatusBadge.tsx(99,3): error TS7031: Binding element 'children' implicitly has an 'any' type.
src/components/ui/StatusBadge.tsx(100,3): error TS7031: Binding element 'label' implicitly has an 'any' type.
src/components/ui/StatusBadge.tsx(106,5): error TS17004: Cannot use JSX unless the '--jsx' flag is provided.
src/components/ui/StatusStates.tsx(1,8): error TS1259: Module '"C:/code_visual_xanh/lab60622/lab60622/node_modules/@types/react/index"' can only be default-imported using the 'esModuleInterop' flag
src/components/ui/StatusStates.tsx(7,3): error TS6133: 'CloudOff' is declared but its value is never read.
src/components/ui/StatusStates.tsx(9,3): error TS6133: 'UserX' is declared but its value is never read.
src/components/ui/StatusStates.tsx(12,20): error TS2307: Cannot find module '@/utils' or its corresponding type declarations.
src/components/ui/StatusStates.tsx(28,3): error TS17004: Cannot use JSX unless the '--jsx' flag is provided.
src/components/ui/StatusStates.tsx(29,5): error TS17004: Cannot use JSX unless the '--jsx' flag is provided.
src/components/ui/StatusStates.tsx(30,7): error TS17004: Cannot use JSX unless the '--jsx' flag is provided.
src/components/ui/StatusStates.tsx(32,5): error TS17004: Cannot use JSX unless the '--jsx' flag is provided.
src/components/ui/StatusStates.tsx(33,5): error TS17004: Cannot use JSX unless the '--jsx' flag is provided.
src/components/ui/StatusStates.tsx(35,7): error TS17004: Cannot use JSX unless the '--jsx' flag is provided.
src/components/ui/StatusStates.tsx(47,3): error TS17004: Cannot use JSX unless the '--jsx' flag is provided.
src/components/ui/StatusStates.tsx(48,5): error TS17004: Cannot use JSX unless the '--jsx' flag is provided.
src/components/ui/StatusStates.tsx(49,7): error TS17004: Cannot use JSX unless the '--jsx' flag is provided.
src/components/ui/StatusStates.tsx(50,9): error TS17004: Cannot use JSX unless the '--jsx' flag is provided.
src/components/ui/StatusStates.tsx(52,7): error TS17004: Cannot use JSX unless the '--jsx' flag is provided.
src/components/ui/StatusStates.tsx(53,9): error TS17004: Cannot use JSX unless the '--jsx' flag is provided.
src/components/ui/StatusStates.tsx(54,9): error TS17004: Cannot use JSX unless the '--jsx' flag is provided.
src/components/ui/StatusStates.tsx(58,7): error TS17004: Cannot use JSX unless the '--jsx' flag is provided.
src/components/ui/StatusStates.tsx(62,9): error TS17004: Cannot use JSX unless the '--jsx' flag is provided.
src/components/ui/StatusStates.tsx(70,3): error TS17004: Cannot use JSX unless the '--jsx' flag is provided.
src/components/ui/StatusStates.tsx(71,5): error TS17004: Cannot use JSX unless the '--jsx' flag is provided.
src/components/ui/StatusStates.tsx(72,7): error TS17004: Cannot use JSX unless the '--jsx' flag is provided.
src/components/ui/StatusStates.tsx(74,5): error TS17004: Cannot use JSX unless the '--jsx' flag is provided.
src/components/ui/StatusStates.tsx(75,7): error TS17004: Cannot use JSX unless the '--jsx' flag is provided.
src/components/ui/StatusStates.tsx(76,7): error TS17004: Cannot use JSX unless the '--jsx' flag is provided.
src/components/ui/StatusStates.tsx(102,5): error TS17004: Cannot use JSX unless the '--jsx' flag is provided.
src/components/ui/StatusStates.tsx(103,7): error TS17004: Cannot use JSX unless the '--jsx' flag is provided.
src/components/ui/StatusStates.tsx(104,7): error TS17004: Cannot use JSX unless the '--jsx' flag is provided.
src/components/ui/StatusStates.tsx(111,3): error TS17004: Cannot use JSX unless the '--jsx' flag is provided.
src/components/ui/StatusStates.tsx(112,5): error TS17004: Cannot use JSX unless the '--jsx' flag is provided.
src/components/ui/StatusStates.tsx(113,7): error TS17004: Cannot use JSX unless the '--jsx' flag is provided.
src/components/ui/StatusStates.tsx(114,9): error TS17004: Cannot use JSX unless the '--jsx' flag is provided.
src/components/ui/StatusStates.tsx(116,7): error TS17004: Cannot use JSX unless the '--jsx' flag is provided.
src/components/ui/StatusStates.tsx(117,9): error TS17004: Cannot use JSX unless the '--jsx' flag is provided.
src/components/ui/StatusStates.tsx(118,9): error TS17004: Cannot use JSX unless the '--jsx' flag is provided.
src/components/ui/StatusStates.tsx(122,7): error TS17004: Cannot use JSX unless the '--jsx' flag is provided.
src/components/ui/StatusStates.tsx(134,3): error TS17004: Cannot use JSX unless the '--jsx' flag is provided.
src/components/ui/StatusStates.tsx(135,5): error TS17004: Cannot use JSX unless the '--jsx' flag is provided.
src/components/ui/StatusStates.tsx(136,5): error TS17004: Cannot use JSX unless the '--jsx' flag is provided.
src/components/ui/StatusStates.tsx(142,3): error TS17004: Cannot use JSX unless the '--jsx' flag is provided.
src/components/ui/StatusStates.tsx(143,5): error TS17004: Cannot use JSX unless the '--jsx' flag is provided.
src/components/ui/StatusStates.tsx(144,5): error TS17004: Cannot use JSX unless the '--jsx' flag is provided.
src/components/ui/StatusStates.tsx(146,9): error TS17004: Cannot use JSX unless the '--jsx' flag is provided.
src/components/ui/StatusStates.tsx(149,5): error TS17004: Cannot use JSX unless the '--jsx' flag is provided.
src/components/ui/StatusStates.tsx(150,5): error TS17004: Cannot use JSX unless the '--jsx' flag is provided.
src/components/ui/StatusStates.tsx(152,9): error TS17004: Cannot use JSX unless the '--jsx' flag is provided.
src/components/ui/StatusStates.tsx(160,3): error TS17004: Cannot use JSX unless the '--jsx' flag is provided.
src/components/ui/StatusStates.tsx(161,12): error TS2550: Property 'from' does not exist on type 'ArrayConstructor'. Do you need to change your target library? Try changing the 'lib' compiler option to 'es2015' or later.
src/components/ui/StatusStates.tsx(161,41): error TS7006: Parameter '_' implicitly has an 'any' type.
src/components/ui/StatusStates.tsx(161,44): error TS7006: Parameter 'i' implicitly has an 'any' type.
src/components/ui/StatusStates.tsx(162,7): error TS17004: Cannot use JSX unless the '--jsx' flag is provided.
src/components/ui/StatusStates.tsx(163,9): error TS17004: Cannot use JSX unless the '--jsx' flag is provided.
src/components/ui/StatusStates.tsx(164,9): error TS17004: Cannot use JSX unless the '--jsx' flag is provided.
src/components/ui/StatusStates.tsx(165,11): error TS17004: Cannot use JSX unless the '--jsx' flag is provided.
src/components/ui/StatusStates.tsx(166,11): error TS17004: Cannot use JSX unless the '--jsx' flag is provided.
src/components/ui/StatusStates.tsx(167,11): error TS17004: Cannot use JSX unless the '--jsx' flag is provided.
src/components/ui/StatusStates.tsx(168,14): error TS17004: Cannot use JSX unless the '--jsx' flag is provided.
src/components/ui/StatusStates.tsx(169,14): error TS17004: Cannot use JSX unless the '--jsx' flag is provided.
src/components/ui/StatusStates.tsx(170,14): error TS17004: Cannot use JSX unless the '--jsx' flag is provided.
src/components/ui/StatusStates.tsx(172,11): error TS17004: Cannot use JSX unless the '--jsx' flag is provided.
src/components/ui/StatusStates.tsx(173,13): error TS17004: Cannot use JSX unless the '--jsx' flag is provided.
src/components/ui/StatusStates.tsx(174,13): error TS17004: Cannot use JSX unless the '--jsx' flag is provided.
src/hooks/useBuilding.ts(1,24): error TS2307: Cannot find module '@/stores/uiStore' or its corresponding type declarations.
src/hooks/useBuilding.ts(4,40): error TS7006: Parameter 'state' implicitly has an 'any' type.
src/hooks/useBuilding.ts(5,35): error TS7006: Parameter 'state' implicitly has an 'any' type.
src/hooks/useConfirm.ts(31,16): error TS2585: 'Promise' only refers to a type, but is being used as a value here. Do you need to change your target library? Try changing the 'lib' compiler option to es2015 or later.
src/hooks/useConfirm.ts(31,25): error TS7006: Parameter 'resolve' implicitly has an 'any' type.
src/hooks/useCurrency.ts(2,27): error TS2307: Cannot find module '@/utils' or its corresponding type declarations.
src/hooks/useLocalStorage.ts(1,20): error TS6133: 'useEffect' is declared but its value is never read.
src/hooks/usePermission.ts(2,37): error TS2307: Cannot find module '@/mocks/userMocks' or its corresponding type declarations.
src/hooks/usePermission.ts(10,49): error TS7006: Parameter 'rp' implicitly has an 'any' type.
src/hooks/useQueryWithBuilding.ts(2,24): error TS2307: Cannot find module '@/stores/uiStore' or its corresponding type declarations.
src/i18n/i18n.ts(4,22): error TS2732: Cannot find module './vi/common.json'. Consider using '--resolveJsonModule' to import module with '.json' extension.
src/i18n/i18n.ts(5,22): error TS2732: Cannot find module './en/common.json'. Consider using '--resolveJsonModule' to import module with '.json' extension.
src/main.tsx(1,8): error TS1259: Module '"C:/code_visual_xanh/lab60622/lab60622/node_modules/@types/react/index"' can only be default-imported using the 'esModuleInterop' flag
src/main.tsx(2,8): error TS1192: Module '"C:/code_visual_xanh/lab60622/lab60622/node_modules/@types/react-dom/client"' has no default export.
src/main.tsx(3,17): error TS6142: Module './App' was resolved to 'C:/code_visual_xanh/lab60622/lab60622/src/App.tsx', but '--jsx' is not set.
src/main.tsx(8,3): error TS17004: Cannot use JSX unless the '--jsx' flag is provided.
src/main.tsx(9,5): error TS17004: Cannot use JSX unless the '--jsx' flag is provided.
src/mocks/adminMocks.ts(1,16): error TS6133: 'RoomDetail' is declared but its value is never read.
src/mocks/adminMocks.ts(1,34): error TS2307: Cannot find module '@/models/Room' or its corresponding type declarations.
src/mocks/adminMocks.ts(2,23): error TS2307: Cannot find module '@/models/Asset' or its corresponding type declarations.
src/mocks/adminMocks.ts(3,27): error TS6133: 'BuildingDetail' is declared but its value is never read.
src/mocks/adminMocks.ts(3,49): error TS2307: Cannot find module '@/models/Building' or its corresponding type declarations.
src/mocks/adminMocks.ts(4,44): error TS2307: Cannot find module '@/types' or its corresponding type declarations.
src/mocks/adminMocks.ts(5,1): error TS6192: All imports in import declaration are unused.
src/mocks/adminMocks.ts(5,57): error TS2307: Cannot find module '@/models/TenantBalance' or its corresponding type declarations.
src/mocks/adminMocks.ts(6,1): error TS6133: 'ContractDetail' is declared but its value is never read.
src/mocks/adminMocks.ts(6,32): error TS2307: Cannot find module '@/models/Contract' or its corresponding type declarations.
src/mocks/announcementMocks.ts(1,30): error TS2307: Cannot find module '@/types/announcement' or its corresponding type declarations.
src/mocks/assetMocks.ts(1,23): error TS2307: Cannot find module '@/models/Asset' or its corresponding type declarations.
src/mocks/buildingMocks.ts(1,1): error TS6133: 'BuildingDetail' is declared but its value is never read.
src/mocks/buildingMocks.ts(1,32): error TS2307: Cannot find module '@/models/Building' or its corresponding type declarations.
src/mocks/contractMocks.ts(1,1): error TS6133: 'ContractDetail' is declared but its value is never read.
src/mocks/contractMocks.ts(1,32): error TS2307: Cannot find module '@/models/Contract' or its corresponding type declarations.
src/mocks/dashboardMocks.ts(1,125): error TS2307: Cannot find module '@/models/Dashboard' or its corresponding type declarations.
src/mocks/invoiceMocks.ts(1,19): error TS6133: 'InvoiceDetail' is declared but its value is never read.
src/mocks/invoiceMocks.ts(1,53): error TS2307: Cannot find module '@/models/Invoice' or its corresponding type declarations.
src/mocks/meterMocks.ts(1,43): error TS2307: Cannot find module '@/models/Meter' or its corresponding type declarations.
src/mocks/notificationMocks.ts(1,30): error TS2307: Cannot find module '@/types/notification' or its corresponding type declarations.
src/mocks/ownerMocks.ts(1,23): error TS2307: Cannot find module '@/models/Owner' or its corresponding type declarations.
src/mocks/ownerMocks.ts(18,5): error TS2353: Object literal may only specify known properties, and 'id' does not exist in type 'OwnerDetail'.
src/mocks/ownerMocks.ts(35,5): error TS2353: Object literal may only specify known properties, and 'id' does not exist in type 'OwnerDetail'.
src/mocks/paymentMocks.ts(1,89): error TS2307: Cannot find module '@/models/Payment' or its corresponding type declarations.
src/mocks/reportMocks.ts(22,8): error TS2307: Cannot find module '@/types/reports' or its corresponding type declarations.
src/mocks/reportMocks.ts(103,66): error TS2550: Property 'from' does not exist on type 'ArrayConstructor'. Do you need to change your target library? Try changing the 'lib' compiler option to 'es2015' or later.
src/mocks/reportMocks.ts(103,88): error TS7006: Parameter '_' implicitly has an 'any' type.
src/mocks/reportMocks.ts(103,91): error TS7006: Parameter 'i' implicitly has an 'any' type.
src/mocks/reportMocks.ts(125,56): error TS2550: Property 'from' does not exist on type 'ArrayConstructor'. Do you need to change your target library? Try changing the 'lib' compiler option to 'es2015' or later.
src/mocks/reportMocks.ts(125,78): error TS7006: Parameter '_' implicitly has an 'any' type.
src/mocks/reportMocks.ts(125,81): error TS7006: Parameter 'i' implicitly has an 'any' type.
src/mocks/reportMocks.ts(146,70): error TS2550: Property 'from' does not exist on type 'ArrayConstructor'. Do you need to change your target library? Try changing the 'lib' compiler option to 'es2015' or later.
src/mocks/reportMocks.ts(146,92): error TS7006: Parameter '_' implicitly has an 'any' type.
src/mocks/reportMocks.ts(146,95): error TS7006: Parameter 'i' implicitly has an 'any' type.
src/mocks/reportMocks.ts(208,16): error TS2550: Property 'from' does not exist on type 'ArrayConstructor'. Do you need to change your target library? Try changing the 'lib' compiler option to 'es2015' or later.
src/mocks/reportMocks.ts(208,38): error TS7006: Parameter '_' implicitly has an 'any' type.
src/mocks/reportMocks.ts(208,41): error TS7006: Parameter 'i' implicitly has an 'any' type.
src/mocks/reportMocks.ts(209,36): error TS2550: Property 'padStart' does not exist on type 'string'. Do you need to change your target library? Try changing the 'lib' compiler option to 'es2017' or later.
src/mocks/reportMocks.ts(236,56): error TS2550: Property 'from' does not exist on type 'ArrayConstructor'. Do you need to change your target library? Try changing the 'lib' compiler option to 'es2015' or later.
src/mocks/reportMocks.ts(236,77): error TS7006: Parameter '_' implicitly has an 'any' type.
src/mocks/reportMocks.ts(236,80): error TS7006: Parameter 'i' implicitly has an 'any' type.
src/mocks/roomMocks.ts(1,53): error TS2307: Cannot find module '@/models/Room' or its corresponding type declarations.
src/mocks/roomMocks.ts(86,27): error TS2550: Property 'find' does not exist on type 'Room[]'. Do you need to change your target library? Try changing the 'lib' compiler option to 'es2015' or later.
src/mocks/roomMocks.ts(86,32): error TS7006: Parameter 'r' implicitly has an 'any' type.
src/mocks/serviceMocks.ts(1,46): error TS2307: Cannot find module '@/types/service' or its corresponding type declarations.
src/mocks/tenantBalanceMocks.ts(1,57): error TS2307: Cannot find module '@/models/TenantBalance' or its corresponding type declarations.
src/mocks/tenantMocks.ts(1,111): error TS2307: Cannot find module '@/models/Tenant' or its corresponding type declarations.
src/mocks/tenantMocks.ts(29,29): error TS2550: Property 'find' does not exist on type 'TenantSummary[]'. Do you need to change your target library? Try changing the 'lib' compiler option to 'es2015' or later.
src/mocks/tenantMocks.ts(29,34): error TS7006: Parameter 't' implicitly has an 'any' type.
src/mocks/ticketMocks.ts(1,39): error TS2307: Cannot find module '@/models/Ticket' or its corresponding type declarations.
src/mocks/userMocks.ts(1,16): error TS6133: 'UserRoleType' is declared but its value is never read.
src/mocks/userMocks.ts(1,74): error TS2307: Cannot find module '@/types' or its corresponding type declarations.
src/models/Tenant.ts(1,1): error TS6133: 'RoomStatus' is declared but its value is never read.
src/models/validation.ts(55,63): error TS2550: Property 'includes' does not exist on type 'string[]'. Do you need to change your target library? Try changing the 'lib' compiler option to 'es2016' or later.
src/routes/adminRoutes.tsx(3,30): error TS2307: Cannot find module '@/components/ui/StatusStates' or its corresponding type declarations.
src/routes/adminRoutes.tsx(6,28): error TS2307: Cannot find module '@/routes/ProtectedRoute' or its corresponding type declarations.
src/routes/adminRoutes.tsx(9,30): error TS2712: A dynamic import call in ES5 requires the 'Promise' constructor.  Make sure you have a declaration for the 'Promise' constructor or include 'ES2015' in your '--lib' option.
src/routes/adminRoutes.tsx(9,37): error TS2307: Cannot find module '@/views/admin/Dashboard' or its corresponding type declarations.
src/routes/adminRoutes.tsx(10,32): error TS2712: A dynamic import call in ES5 requires the 'Promise' constructor.  Make sure you have a declaration for the 'Promise' constructor or include 'ES2015' in your '--lib' option.
src/routes/adminRoutes.tsx(10,39): error TS2307: Cannot find module '@/views/admin/finance/InvoiceList' or its corresponding type declarations.
src/routes/adminRoutes.tsx(11,34): error TS2712: A dynamic import call in ES5 requires the 'Promise' constructor.  Make sure you have a declaration for the 'Promise' constructor or include 'ES2015' in your '--lib' option.
src/routes/adminRoutes.tsx(11,41): error TS2307: Cannot find module '@/views/admin/finance/InvoiceDetail' or its corresponding type declarations.
src/routes/adminRoutes.tsx(12,33): error TS2712: A dynamic import call in ES5 requires the 'Promise' constructor.  Make sure you have a declaration for the 'Promise' constructor or include 'ES2015' in your '--lib' option.
src/routes/adminRoutes.tsx(12,40): error TS2307: Cannot find module '@/views/admin/contracts/ContractList' or its corresponding type declarations.
src/routes/adminRoutes.tsx(13,35): error TS2712: A dynamic import call in ES5 requires the 'Promise' constructor.  Make sure you have a declaration for the 'Promise' constructor or include 'ES2015' in your '--lib' option.
src/routes/adminRoutes.tsx(13,42): error TS2307: Cannot find module '@/views/admin/contracts/ContractDetail' or its corresponding type declarations.
src/routes/adminRoutes.tsx(14,33): error TS2712: A dynamic import call in ES5 requires the 'Promise' constructor.  Make sure you have a declaration for the 'Promise' constructor or include 'ES2015' in your '--lib' option.
src/routes/adminRoutes.tsx(14,40): error TS2307: Cannot find module '@/views/admin/contracts/AddendumListPage' or its corresponding type declarations.
src/routes/adminRoutes.tsx(15,41): error TS2712: A dynamic import call in ES5 requires the 'Promise' constructor.  Make sure you have a declaration for the 'Promise' constructor or include 'ES2015' in your '--lib' option.
src/routes/adminRoutes.tsx(15,48): error TS2307: Cannot find module '@/views/admin/contracts/CreateContractWizard' or its corresponding type declarations.
src/routes/adminRoutes.tsx(16,35): error TS2712: A dynamic import call in ES5 requires the 'Promise' constructor.  Make sure you have a declaration for the 'Promise' constructor or include 'ES2015' in your '--lib' option.
src/routes/adminRoutes.tsx(16,42): error TS2307: Cannot find module '@/views/admin/services/ServiceCatalog' or its corresponding type declarations.
src/routes/adminRoutes.tsx(17,32): error TS2712: A dynamic import call in ES5 requires the 'Promise' constructor.  Make sure you have a declaration for the 'Promise' constructor or include 'ES2015' in your '--lib' option.
src/routes/adminRoutes.tsx(17,39): error TS2307: Cannot find module '@/views/admin/finance/PaymentList' or its corresponding type declarations.
src/routes/adminRoutes.tsx(18,34): error TS2712: A dynamic import call in ES5 requires the 'Promise' constructor.  Make sure you have a declaration for the 'Promise' constructor or include 'ES2015' in your '--lib' option.
src/routes/adminRoutes.tsx(18,41): error TS2307: Cannot find module '@/views/admin/finance/PaymentDetail' or its corresponding type declarations.
src/routes/adminRoutes.tsx(19,32): error TS2712: A dynamic import call in ES5 requires the 'Promise' constructor.  Make sure you have a declaration for the 'Promise' constructor or include 'ES2015' in your '--lib' option.
src/routes/adminRoutes.tsx(19,39): error TS2307: Cannot find module '@/views/admin/finance/WebhookLogs' or its corresponding type declarations.
src/routes/adminRoutes.tsx(20,31): error TS2712: A dynamic import call in ES5 requires the 'Promise' constructor.  Make sure you have a declaration for the 'Promise' constructor or include 'ES2015' in your '--lib' option.
src/routes/adminRoutes.tsx(20,38): error TS2307: Cannot find module '@/views/admin/tenants/TenantList' or its corresponding type declarations.
src/routes/adminRoutes.tsx(21,33): error TS2712: A dynamic import call in ES5 requires the 'Promise' constructor.  Make sure you have a declaration for the 'Promise' constructor or include 'ES2015' in your '--lib' option.
src/routes/adminRoutes.tsx(21,40): error TS2307: Cannot find module '@/views/admin/tenants/TenantDetail' or its corresponding type declarations.
src/routes/adminRoutes.tsx(22,34): error TS2712: A dynamic import call in ES5 requires the 'Promise' constructor.  Make sure you have a declaration for the 'Promise' constructor or include 'ES2015' in your '--lib' option.
src/routes/adminRoutes.tsx(22,41): error TS2307: Cannot find module '@/views/admin/tenants/TenantBalance' or its corresponding type declarations.
src/routes/adminRoutes.tsx(23,29): error TS2712: A dynamic import call in ES5 requires the 'Promise' constructor.  Make sure you have a declaration for the 'Promise' constructor or include 'ES2015' in your '--lib' option.
src/routes/adminRoutes.tsx(23,36): error TS2307: Cannot find module '@/views/admin/rooms/RoomList' or its corresponding type declarations.
src/routes/adminRoutes.tsx(24,31): error TS2712: A dynamic import call in ES5 requires the 'Promise' constructor.  Make sure you have a declaration for the 'Promise' constructor or include 'ES2015' in your '--lib' option.
src/routes/adminRoutes.tsx(24,38): error TS2307: Cannot find module '@/views/admin/rooms/RoomDetail' or its corresponding type declarations.
src/routes/adminRoutes.tsx(25,38): error TS2712: A dynamic import call in ES5 requires the 'Promise' constructor.  Make sure you have a declaration for the 'Promise' constructor or include 'ES2015' in your '--lib' option.
src/routes/adminRoutes.tsx(25,45): error TS2307: Cannot find module '@/views/admin/rooms/HandoverChecklist' or its corresponding type declarations.
src/routes/adminRoutes.tsx(26,33): error TS2712: A dynamic import call in ES5 requires the 'Promise' constructor.  Make sure you have a declaration for the 'Promise' constructor or include 'ES2015' in your '--lib' option.
src/routes/adminRoutes.tsx(26,40): error TS2307: Cannot find module '@/views/admin/assets/AssetCatalog' or its corresponding type declarations.
src/routes/adminRoutes.tsx(27,33): error TS2712: A dynamic import call in ES5 requires the 'Promise' constructor.  Make sure you have a declaration for the 'Promise' constructor or include 'ES2015' in your '--lib' option.
src/routes/adminRoutes.tsx(27,40): error TS2307: Cannot find module '@/views/admin/buildings/BuildingList' or its corresponding type declarations.
src/routes/adminRoutes.tsx(28,35): error TS2712: A dynamic import call in ES5 requires the 'Promise' constructor.  Make sure you have a declaration for the 'Promise' constructor or include 'ES2015' in your '--lib' option.
src/routes/adminRoutes.tsx(28,42): error TS2307: Cannot find module '@/views/admin/buildings/BuildingDetail' or its corresponding type declarations.
src/routes/adminRoutes.tsx(29,30): error TS2712: A dynamic import call in ES5 requires the 'Promise' constructor.  Make sure you have a declaration for the 'Promise' constructor or include 'ES2015' in your '--lib' option.
src/routes/adminRoutes.tsx(29,37): error TS2307: Cannot find module '@/views/admin/owners/OwnerList' or its corresponding type declarations.
src/routes/adminRoutes.tsx(30,32): error TS2712: A dynamic import call in ES5 requires the 'Promise' constructor.  Make sure you have a declaration for the 'Promise' constructor or include 'ES2015' in your '--lib' option.
src/routes/adminRoutes.tsx(30,39): error TS2307: Cannot find module '@/views/admin/owners/OwnerDetail' or its corresponding type declarations.
src/routes/adminRoutes.tsx(31,31): error TS2712: A dynamic import call in ES5 requires the 'Promise' constructor.  Make sure you have a declaration for the 'Promise' constructor or include 'ES2015' in your '--lib' option.
src/routes/adminRoutes.tsx(31,38): error TS2307: Cannot find module '@/views/admin/tickets/TicketList' or its corresponding type declarations.
src/routes/adminRoutes.tsx(32,33): error TS2712: A dynamic import call in ES5 requires the 'Promise' constructor.  Make sure you have a declaration for the 'Promise' constructor or include 'ES2015' in your '--lib' option.
src/routes/adminRoutes.tsx(32,40): error TS2307: Cannot find module '@/views/admin/tickets/TicketDetail' or its corresponding type declarations.
src/routes/adminRoutes.tsx(33,33): error TS2712: A dynamic import call in ES5 requires the 'Promise' constructor.  Make sure you have a declaration for the 'Promise' constructor or include 'ES2015' in your '--lib' option.
src/routes/adminRoutes.tsx(33,40): error TS2307: Cannot find module '@/views/admin/tickets/StaffRatings' or its corresponding type declarations.
src/routes/adminRoutes.tsx(34,30): error TS2712: A dynamic import call in ES5 requires the 'Promise' constructor.  Make sure you have a declaration for the 'Promise' constructor or include 'ES2015' in your '--lib' option.
src/routes/adminRoutes.tsx(34,37): error TS2307: Cannot find module '@/views/admin/meters/MeterList' or its corresponding type declarations.
src/routes/adminRoutes.tsx(35,35): error TS2712: A dynamic import call in ES5 requires the 'Promise' constructor.  Make sure you have a declaration for the 'Promise' constructor or include 'ES2015' in your '--lib' option.
src/routes/adminRoutes.tsx(35,42): error TS2307: Cannot find module '@/views/admin/meters/BulkMeterEntry' or its corresponding type declarations.
src/routes/adminRoutes.tsx(36,40): error TS2712: A dynamic import call in ES5 requires the 'Promise' constructor.  Make sure you have a declaration for the 'Promise' constructor or include 'ES2015' in your '--lib' option.
src/routes/adminRoutes.tsx(36,47): error TS2307: Cannot find module '@/views/admin/meters/MeterReadingHistory' or its corresponding type declarations.
src/routes/adminRoutes.tsx(37,40): error TS2712: A dynamic import call in ES5 requires the 'Promise' constructor.  Make sure you have a declaration for the 'Promise' constructor or include 'ES2015' in your '--lib' option.
src/routes/adminRoutes.tsx(37,47): error TS2307: Cannot find module '@/views/admin/meters/MeterReadingConfirm' or its corresponding type declarations.
src/routes/adminRoutes.tsx(38,42): error TS2712: A dynamic import call in ES5 requires the 'Promise' constructor.  Make sure you have a declaration for the 'Promise' constructor or include 'ES2015' in your '--lib' option.
src/routes/adminRoutes.tsx(38,49): error TS2307: Cannot find module '@/views/admin/settings/ElectricityPolicyPage' or its corresponding type declarations.
src/routes/adminRoutes.tsx(39,36): error TS2712: A dynamic import call in ES5 requires the 'Promise' constructor.  Make sure you have a declaration for the 'Promise' constructor or include 'ES2015' in your '--lib' option.
src/routes/adminRoutes.tsx(39,43): error TS2307: Cannot find module '@/views/admin/settings/WaterPolicyPage' or its corresponding type declarations.
src/routes/adminRoutes.tsx(40,35): error TS2712: A dynamic import call in ES5 requires the 'Promise' constructor.  Make sure you have a declaration for the 'Promise' constructor or include 'ES2015' in your '--lib' option.
src/routes/adminRoutes.tsx(40,42): error TS2307: Cannot find module '@/views/admin/settings/UserListPage' or its corresponding type declarations.
src/routes/adminRoutes.tsx(41,37): error TS2712: A dynamic import call in ES5 requires the 'Promise' constructor.  Make sure you have a declaration for the 'Promise' constructor or include 'ES2015' in your '--lib' option.
src/routes/adminRoutes.tsx(41,44): error TS2307: Cannot find module '@/views/admin/settings/PermissionMatrix' or its corresponding type declarations.
src/routes/adminRoutes.tsx(42,30): error TS2712: A dynamic import call in ES5 requires the 'Promise' constructor.  Make sure you have a declaration for the 'Promise' constructor or include 'ES2015' in your '--lib' option.
src/routes/adminRoutes.tsx(42,37): error TS2307: Cannot find module '@/views/admin/settings/AuditLogs' or its corresponding type declarations.
src/routes/adminRoutes.tsx(43,35): error TS2712: A dynamic import call in ES5 requires the 'Promise' constructor.  Make sure you have a declaration for the 'Promise' constructor or include 'ES2015' in your '--lib' option.
src/routes/adminRoutes.tsx(43,42): error TS2307: Cannot find module '@/views/admin/settings/SystemSettings' or its corresponding type declarations.
src/routes/adminRoutes.tsx(44,35): error TS2712: A dynamic import call in ES5 requires the 'Promise' constructor.  Make sure you have a declaration for the 'Promise' constructor or include 'ES2015' in your '--lib' option.
src/routes/adminRoutes.tsx(44,42): error TS2307: Cannot find module '@/views/admin/staff/StaffDashboard' or its corresponding type declarations.
src/routes/adminRoutes.tsx(45,35): error TS2712: A dynamic import call in ES5 requires the 'Promise' constructor.  Make sure you have a declaration for the 'Promise' constructor or include 'ES2015' in your '--lib' option.
src/routes/adminRoutes.tsx(45,42): error TS2307: Cannot find module '@/views/admin/staff/StaffMyTickets' or its corresponding type declarations.
src/routes/adminRoutes.tsx(46,35): error TS2712: A dynamic import call in ES5 requires the 'Promise' constructor.  Make sure you have a declaration for the 'Promise' constructor or include 'ES2015' in your '--lib' option.
src/routes/adminRoutes.tsx(46,42): error TS2307: Cannot find module '@/views/admin/staff/VisitorCheckin' or its corresponding type declarations.
src/routes/adminRoutes.tsx(47,35): error TS2712: A dynamic import call in ES5 requires the 'Promise' constructor.  Make sure you have a declaration for the 'Promise' constructor or include 'ES2015' in your '--lib' option.
src/routes/adminRoutes.tsx(47,42): error TS2307: Cannot find module '@/views/admin/staff/AmenityCheckin' or its corresponding type declarations.
src/routes/adminRoutes.tsx(48,37): error TS2712: A dynamic import call in ES5 requires the 'Promise' constructor.  Make sure you have a declaration for the 'Promise' constructor or include 'ES2015' in your '--lib' option.
src/routes/adminRoutes.tsx(48,44): error TS2307: Cannot find module '@/views/admin/communications/AnnouncementPage/index' or its corresponding type declarations.
src/routes/adminRoutes.tsx(49,37): error TS2712: A dynamic import call in ES5 requires the 'Promise' constructor.  Make sure you have a declaration for the 'Promise' constructor or include 'ES2015' in your '--lib' option.
src/routes/adminRoutes.tsx(49,44): error TS2307: Cannot find module '@/views/admin/communications/NotificationPage' or its corresponding type declarations.
src/routes/adminRoutes.tsx(52,31): error TS2712: A dynamic import call in ES5 requires the 'Promise' constructor.  Make sure you have a declaration for the 'Promise' constructor or include 'ES2015' in your '--lib' option.
src/routes/adminRoutes.tsx(52,38): error TS2307: Cannot find module '@/views/admin/reports/ReportsHub' or its corresponding type declarations.
src/routes/adminRoutes.tsx(53,36): error TS2712: A dynamic import call in ES5 requires the 'Promise' constructor.  Make sure you have a declaration for the 'Promise' constructor or include 'ES2015' in your '--lib' option.
src/routes/adminRoutes.tsx(53,43): error TS2307: Cannot find module '@/views/admin/reports/OccupancyReport' or its corresponding type declarations.
src/routes/adminRoutes.tsx(54,36): error TS2712: A dynamic import call in ES5 requires the 'Promise' constructor.  Make sure you have a declaration for the 'Promise' constructor or include 'ES2015' in your '--lib' option.
src/routes/adminRoutes.tsx(54,43): error TS2307: Cannot find module '@/views/admin/reports/FinancialReport' or its corresponding type declarations.
src/routes/adminRoutes.tsx(55,31): error TS2712: A dynamic import call in ES5 requires the 'Promise' constructor.  Make sure you have a declaration for the 'Promise' constructor or include 'ES2015' in your '--lib' option.
src/routes/adminRoutes.tsx(55,38): error TS2307: Cannot find module '@/views/admin/reports/DebtReport' or its corresponding type declarations.
src/routes/adminRoutes.tsx(56,38): error TS2712: A dynamic import call in ES5 requires the 'Promise' constructor.  Make sure you have a declaration for the 'Promise' constructor or include 'ES2015' in your '--lib' option.
src/routes/adminRoutes.tsx(56,45): error TS2307: Cannot find module '@/views/admin/reports/ConsumptionReport' or its corresponding type declarations.
src/routes/adminRoutes.tsx(57,40): error TS2712: A dynamic import call in ES5 requires the 'Promise' constructor.  Make sure you have a declaration for the 'Promise' constructor or include 'ES2015' in your '--lib' option.
src/routes/adminRoutes.tsx(57,47): error TS2307: Cannot find module '@/views/admin/reports/RoomLifecycleReport' or its corresponding type declarations.
src/routes/adminRoutes.tsx(58,30): error TS2712: A dynamic import call in ES5 requires the 'Promise' constructor.  Make sure you have a declaration for the 'Promise' constructor or include 'ES2015' in your '--lib' option.
src/routes/adminRoutes.tsx(58,37): error TS2307: Cannot find module '@/views/admin/reports/NPSReport' or its corresponding type declarations.
src/routes/adminRoutes.tsx(59,32): error TS2712: A dynamic import call in ES5 requires the 'Promise' constructor.  Make sure you have a declaration for the 'Promise' constructor or include 'ES2015' in your '--lib' option.
src/routes/adminRoutes.tsx(59,39): error TS2307: Cannot find module '@/views/admin/reports/StaffReport' or its corresponding type declarations.
src/routes/adminRoutes.tsx(60,33): error TS2712: A dynamic import call in ES5 requires the 'Promise' constructor.  Make sure you have a declaration for the 'Promise' constructor or include 'ES2015' in your '--lib' option.
src/routes/adminRoutes.tsx(60,40): error TS2307: Cannot find module '@/views/admin/reports/AlertsReport' or its corresponding type declarations.
src/routes/adminRoutes.tsx(63,33): error TS17004: Cannot use JSX unless the '--jsx' flag is provided.
src/routes/adminRoutes.tsx(64,32): error TS17004: Cannot use JSX unless the '--jsx' flag is provided.
src/routes/adminRoutes.tsx(65,36): error TS17004: Cannot use JSX unless the '--jsx' flag is provided.
src/routes/adminRoutes.tsx(66,33): error TS17004: Cannot use JSX unless the '--jsx' flag is provided.
src/routes/adminRoutes.tsx(67,40): error TS17004: Cannot use JSX unless the '--jsx' flag is provided.
src/routes/adminRoutes.tsx(68,43): error TS17004: Cannot use JSX unless the '--jsx' flag is provided.
src/routes/adminRoutes.tsx(69,37): error TS17004: Cannot use JSX unless the '--jsx' flag is provided.
src/routes/adminRoutes.tsx(70,32): error TS17004: Cannot use JSX unless the '--jsx' flag is provided.
src/routes/adminRoutes.tsx(71,41): error TS17004: Cannot use JSX unless the '--jsx' flag is provided.
src/routes/adminRoutes.tsx(72,36): error TS17004: Cannot use JSX unless the '--jsx' flag is provided.
src/routes/adminRoutes.tsx(73,31): error TS17004: Cannot use JSX unless the '--jsx' flag is provided.
src/routes/adminRoutes.tsx(74,35): error TS17004: Cannot use JSX unless the '--jsx' flag is provided.
src/routes/adminRoutes.tsx(75,43): error TS17004: Cannot use JSX unless the '--jsx' flag is provided.
src/routes/adminRoutes.tsx(76,29): error TS17004: Cannot use JSX unless the '--jsx' flag is provided.
src/routes/adminRoutes.tsx(77,33): error TS17004: Cannot use JSX unless the '--jsx' flag is provided.
src/routes/adminRoutes.tsx(78,42): error TS17004: Cannot use JSX unless the '--jsx' flag is provided.
src/routes/adminRoutes.tsx(79,30): error TS17004: Cannot use JSX unless the '--jsx' flag is provided.
src/routes/adminRoutes.tsx(80,33): error TS17004: Cannot use JSX unless the '--jsx' flag is provided.
src/routes/adminRoutes.tsx(81,37): error TS17004: Cannot use JSX unless the '--jsx' flag is provided.
src/routes/adminRoutes.tsx(82,30): error TS17004: Cannot use JSX unless the '--jsx' flag is provided.
src/routes/adminRoutes.tsx(83,34): error TS17004: Cannot use JSX unless the '--jsx' flag is provided.
src/routes/adminRoutes.tsx(84,31): error TS17004: Cannot use JSX unless the '--jsx' flag is provided.
src/routes/adminRoutes.tsx(85,35): error TS17004: Cannot use JSX unless the '--jsx' flag is provided.
src/routes/adminRoutes.tsx(86,39): error TS17004: Cannot use JSX unless the '--jsx' flag is provided.
src/routes/adminRoutes.tsx(87,40): error TS17004: Cannot use JSX unless the '--jsx' flag is provided.
src/routes/adminRoutes.tsx(88,45): error TS17004: Cannot use JSX unless the '--jsx' flag is provided.
src/routes/adminRoutes.tsx(89,45): error TS17004: Cannot use JSX unless the '--jsx' flag is provided.
src/routes/adminRoutes.tsx(90,41): error TS17004: Cannot use JSX unless the '--jsx' flag is provided.
src/routes/adminRoutes.tsx(91,37): error TS17004: Cannot use JSX unless the '--jsx' flag is provided.
src/routes/adminRoutes.tsx(92,37): error TS17004: Cannot use JSX unless the '--jsx' flag is provided.
src/routes/adminRoutes.tsx(93,30): error TS17004: Cannot use JSX unless the '--jsx' flag is provided.
src/routes/adminRoutes.tsx(94,41): error TS17004: Cannot use JSX unless the '--jsx' flag is provided.
src/routes/adminRoutes.tsx(95,38): error TS17004: Cannot use JSX unless the '--jsx' flag is provided.
src/routes/adminRoutes.tsx(96,43): error TS17004: Cannot use JSX unless the '--jsx' flag is provided.
src/routes/adminRoutes.tsx(97,32): error TS17004: Cannot use JSX unless the '--jsx' flag is provided.
src/routes/adminRoutes.tsx(99,14): error TS17004: Cannot use JSX unless the '--jsx' flag is provided.
src/routes/adminRoutes.tsx(104,11): error TS17004: Cannot use JSX unless the '--jsx' flag is provided.
src/routes/adminRoutes.tsx(104,31): error TS17004: Cannot use JSX unless the '--jsx' flag is provided.
src/routes/adminRoutes.tsx(105,13): error TS17004: Cannot use JSX unless the '--jsx' flag is provided.
src/routes/adminRoutes.tsx(109,35): error TS17004: Cannot use JSX unless the '--jsx' flag is provided.
src/routes/adminRoutes.tsx(110,41): error TS17004: Cannot use JSX unless the '--jsx' flag is provided.
src/routes/adminRoutes.tsx(111,41): error TS17004: Cannot use JSX unless the '--jsx' flag is provided.
src/routes/adminRoutes.tsx(112,36): error TS17004: Cannot use JSX unless the '--jsx' flag is provided.
src/routes/adminRoutes.tsx(113,43): error TS17004: Cannot use JSX unless the '--jsx' flag is provided.
src/routes/adminRoutes.tsx(114,46): error TS17004: Cannot use JSX unless the '--jsx' flag is provided.
src/routes/adminRoutes.tsx(115,35): error TS17004: Cannot use JSX unless the '--jsx' flag is provided.
src/routes/adminRoutes.tsx(116,37): error TS17004: Cannot use JSX unless the '--jsx' flag is provided.
src/routes/adminRoutes.tsx(117,38): error TS17004: Cannot use JSX unless the '--jsx' flag is provided.
src/routes/adminRoutes.tsx(123,11): error TS17004: Cannot use JSX unless the '--jsx' flag is provided.
src/routes/adminRoutes.tsx(123,31): error TS17004: Cannot use JSX unless the '--jsx' flag is provided.
src/routes/adminRoutes.tsx(124,13): error TS17004: Cannot use JSX unless the '--jsx' flag is provided.
src/routes/adminRoutes.tsx(128,35): error TS17004: Cannot use JSX unless the '--jsx' flag is provided.
src/routes/adminRoutes.tsx(129,37): error TS17004: Cannot use JSX unless the '--jsx' flag is provided.
src/routes/adminRoutes.tsx(130,49): error TS17004: Cannot use JSX unless the '--jsx' flag is provided.
src/routes/adminRoutes.tsx(131,50): error TS17004: Cannot use JSX unless the '--jsx' flag is provided.
src/routes/adminRoutes.tsx(132,44): error TS17004: Cannot use JSX unless the '--jsx' flag is provided.
src/routes/adminRoutes.tsx(133,38): error TS17004: Cannot use JSX unless the '--jsx' flag is provided.
src/routes/adminRoutes.tsx(134,42): error TS17004: Cannot use JSX unless the '--jsx' flag is provided.
src/routes/adminRoutes.tsx(140,24): error TS17004: Cannot use JSX unless the '--jsx' flag is provided.
src/routes/AuthRedirect.tsx(1,8): error TS1259: Module '"C:/code_visual_xanh/lab60622/lab60622/node_modules/@types/react/index"' can only be default-imported using the 'esModuleInterop' flag
src/routes/AuthRedirect.tsx(3,26): error TS2307: Cannot find module '@/stores/authStore' or its corresponding type declarations.
src/routes/AuthRedirect.tsx(8,12): error TS17004: Cannot use JSX unless the '--jsx' flag is provided.
src/routes/AuthRedirect.tsx(10,10): error TS17004: Cannot use JSX unless the '--jsx' flag is provided.
src/routes/authRoutes.tsx(4,32): error TS2712: A dynamic import call in ES5 requires the 'Promise' constructor.  Make sure you have a declaration for the 'Promise' constructor or include 'ES2015' in your '--lib' option.
src/routes/authRoutes.tsx(4,39): error TS2307: Cannot find module '@/views/public/LandingPage' or its corresponding type declarations.
src/routes/authRoutes.tsx(5,30): error TS2712: A dynamic import call in ES5 requires the 'Promise' constructor.  Make sure you have a declaration for the 'Promise' constructor or include 'ES2015' in your '--lib' option.
src/routes/authRoutes.tsx(5,37): error TS2307: Cannot find module '@/views/auth/LoginPage' or its corresponding type declarations.
src/routes/authRoutes.tsx(6,39): error TS2712: A dynamic import call in ES5 requires the 'Promise' constructor.  Make sure you have a declaration for the 'Promise' constructor or include 'ES2015' in your '--lib' option.
src/routes/authRoutes.tsx(6,46): error TS2307: Cannot find module '@/views/auth/ForgotPasswordPage' or its corresponding type declarations.
src/routes/authRoutes.tsx(7,38): error TS2712: A dynamic import call in ES5 requires the 'Promise' constructor.  Make sure you have a declaration for the 'Promise' constructor or include 'ES2015' in your '--lib' option.
src/routes/authRoutes.tsx(7,45): error TS2307: Cannot find module '@/views/auth/ResetPasswordPage' or its corresponding type declarations.
src/routes/authRoutes.tsx(8,39): error TS2712: A dynamic import call in ES5 requires the 'Promise' constructor.  Make sure you have a declaration for the 'Promise' constructor or include 'ES2015' in your '--lib' option.
src/routes/authRoutes.tsx(8,46): error TS2307: Cannot find module '@/views/auth/ChangePasswordPage' or its corresponding type declarations.
src/routes/authRoutes.tsx(9,33): error TS2712: A dynamic import call in ES5 requires the 'Promise' constructor.  Make sure you have a declaration for the 'Promise' constructor or include 'ES2015' in your '--lib' option.
src/routes/authRoutes.tsx(9,40): error TS2307: Cannot find module '@/views/auth/RegisterPage' or its corresponding type declarations.
src/routes/authRoutes.tsx(14,14): error TS17004: Cannot use JSX unless the '--jsx' flag is provided.
src/routes/authRoutes.tsx(18,14): error TS17004: Cannot use JSX unless the '--jsx' flag is provided.
src/routes/authRoutes.tsx(22,14): error TS17004: Cannot use JSX unless the '--jsx' flag is provided.
src/routes/authRoutes.tsx(26,14): error TS17004: Cannot use JSX unless the '--jsx' flag is provided.
src/routes/authRoutes.tsx(30,14): error TS17004: Cannot use JSX unless the '--jsx' flag is provided.
src/routes/portalRoutes.tsx(4,32): error TS2712: A dynamic import call in ES5 requires the 'Promise' constructor.  Make sure you have a declaration for the 'Promise' constructor or include 'ES2015' in your '--lib' option.
src/routes/portalRoutes.tsx(4,39): error TS2307: Cannot find module '@/views/portal/auth/PortalLogin' or its corresponding type declarations.
src/routes/portalRoutes.tsx(5,36): error TS2712: A dynamic import call in ES5 requires the 'Promise' constructor.  Make sure you have a declaration for the 'Promise' constructor or include 'ES2015' in your '--lib' option.
src/routes/portalRoutes.tsx(5,43): error TS2307: Cannot find module '@/views/portal/auth/OtpVerification' or its corresponding type declarations.
src/routes/portalRoutes.tsx(6,35): error TS2712: A dynamic import call in ES5 requires the 'Promise' constructor.  Make sure you have a declaration for the 'Promise' constructor or include 'ES2015' in your '--lib' option.
src/routes/portalRoutes.tsx(6,42): error TS2307: Cannot find module '@/views/portal/auth/ForgotPassword' or its corresponding type declarations.
src/routes/portalRoutes.tsx(7,31): error TS2712: A dynamic import call in ES5 requires the 'Promise' constructor.  Make sure you have a declaration for the 'Promise' constructor or include 'ES2015' in your '--lib' option.
src/routes/portalRoutes.tsx(7,38): error TS2307: Cannot find module '@/views/portal/onboarding/Onboarding' or its corresponding type declarations.
src/routes/portalRoutes.tsx(8,36): error TS2712: A dynamic import call in ES5 requires the 'Promise' constructor.  Make sure you have a declaration for the 'Promise' constructor or include 'ES2015' in your '--lib' option.
src/routes/portalRoutes.tsx(8,43): error TS2307: Cannot find module '@/views/portal/dashboard/TenantDashboard' or its corresponding type declarations.
src/routes/portalRoutes.tsx(9,38): error TS2712: A dynamic import call in ES5 requires the 'Promise' constructor.  Make sure you have a declaration for the 'Promise' constructor or include 'ES2015' in your '--lib' option.
src/routes/portalRoutes.tsx(9,45): error TS2307: Cannot find module '@/views/portal/finance/InvoiceList' or its corresponding type declarations.
src/routes/portalRoutes.tsx(10,40): error TS2712: A dynamic import call in ES5 requires the 'Promise' constructor.  Make sure you have a declaration for the 'Promise' constructor or include 'ES2015' in your '--lib' option.
src/routes/portalRoutes.tsx(10,47): error TS2307: Cannot find module '@/views/portal/finance/InvoiceDetail' or its corresponding type declarations.
src/routes/portalRoutes.tsx(11,37): error TS2712: A dynamic import call in ES5 requires the 'Promise' constructor.  Make sure you have a declaration for the 'Promise' constructor or include 'ES2015' in your '--lib' option.
src/routes/portalRoutes.tsx(11,44): error TS2307: Cannot find module '@/views/portal/tickets/TicketList' or its corresponding type declarations.
src/routes/portalRoutes.tsx(12,39): error TS2712: A dynamic import call in ES5 requires the 'Promise' constructor.  Make sure you have a declaration for the 'Promise' constructor or include 'ES2015' in your '--lib' option.
src/routes/portalRoutes.tsx(12,46): error TS2307: Cannot find module '@/views/portal/tickets/CreateTicket' or its corresponding type declarations.
src/routes/portalRoutes.tsx(13,39): error TS2712: A dynamic import call in ES5 requires the 'Promise' constructor.  Make sure you have a declaration for the 'Promise' constructor or include 'ES2015' in your '--lib' option.
src/routes/portalRoutes.tsx(13,46): error TS2307: Cannot find module '@/views/portal/tickets/TicketDetail' or its corresponding type declarations.
src/routes/portalRoutes.tsx(14,38): error TS2712: A dynamic import call in ES5 requires the 'Promise' constructor.  Make sure you have a declaration for the 'Promise' constructor or include 'ES2015' in your '--lib' option.
src/routes/portalRoutes.tsx(14,45): error TS2307: Cannot find module '@/views/portal/amenities/AmenityList' or its corresponding type declarations.
src/routes/portalRoutes.tsx(15,37): error TS2712: A dynamic import call in ES5 requires the 'Promise' constructor.  Make sure you have a declaration for the 'Promise' constructor or include 'ES2015' in your '--lib' option.
src/routes/portalRoutes.tsx(15,44): error TS2307: Cannot find module '@/views/portal/amenities/MyBookings' or its corresponding type declarations.
src/routes/portalRoutes.tsx(16,38): error TS2712: A dynamic import call in ES5 requires the 'Promise' constructor.  Make sure you have a declaration for the 'Promise' constructor or include 'ES2015' in your '--lib' option.
src/routes/portalRoutes.tsx(16,45): error TS2307: Cannot find module '@/views/portal/visitors/VisitorList' or its corresponding type declarations.
src/routes/portalRoutes.tsx(17,34): error TS2712: A dynamic import call in ES5 requires the 'Promise' constructor.  Make sure you have a declaration for the 'Promise' constructor or include 'ES2015' in your '--lib' option.
src/routes/portalRoutes.tsx(17,41): error TS2307: Cannot find module '@/views/portal/info/Announcements' or its corresponding type declarations.
src/routes/portalRoutes.tsx(18,24): error TS2712: A dynamic import call in ES5 requires the 'Promise' constructor.  Make sure you have a declaration for the 'Promise' constructor or include 'ES2015' in your '--lib' option.
src/routes/portalRoutes.tsx(18,31): error TS2307: Cannot find module '@/views/portal/info/Faq' or its corresponding type declarations.
src/routes/portalRoutes.tsx(19,28): error TS2712: A dynamic import call in ES5 requires the 'Promise' constructor.  Make sure you have a declaration for the 'Promise' constructor or include 'ES2015' in your '--lib' option.
src/routes/portalRoutes.tsx(19,35): error TS2307: Cannot find module '@/views/portal/profile/Profile' or its corresponding type declarations.
src/routes/portalRoutes.tsx(20,39): error TS2712: A dynamic import call in ES5 requires the 'Promise' constructor.  Make sure you have a declaration for the 'Promise' constructor or include 'ES2015' in your '--lib' option.
src/routes/portalRoutes.tsx(20,46): error TS2307: Cannot find module '@/views/portal/notifications/NotificationCenter' or its corresponding type declarations.
src/routes/portalRoutes.tsx(21,36): error TS2712: A dynamic import call in ES5 requires the 'Promise' constructor.  Make sure you have a declaration for the 'Promise' constructor or include 'ES2015' in your '--lib' option.
src/routes/portalRoutes.tsx(21,43): error TS2307: Cannot find module '@/views/portal/services/ServiceRequests' or its corresponding type declarations.
src/routes/portalRoutes.tsx(22,30): error TS2712: A dynamic import call in ES5 requires the 'Promise' constructor.  Make sure you have a declaration for the 'Promise' constructor or include 'ES2015' in your '--lib' option.
src/routes/portalRoutes.tsx(22,37): error TS2307: Cannot find module '@/views/portal/profile/Documents' or its corresponding type declarations.
src/routes/portalRoutes.tsx(24,41): error TS2712: A dynamic import call in ES5 requires the 'Promise' constructor.  Make sure you have a declaration for the 'Promise' constructor or include 'ES2015' in your '--lib' option.
src/routes/portalRoutes.tsx(24,48): error TS2307: Cannot find module '@/views/portal/finance/PaymentHistory' or its corresponding type declarations.
src/routes/portalRoutes.tsx(25,40): error TS2712: A dynamic import call in ES5 requires the 'Promise' constructor.  Make sure you have a declaration for the 'Promise' constructor or include 'ES2015' in your '--lib' option.
src/routes/portalRoutes.tsx(25,47): error TS2307: Cannot find module '@/views/portal/finance/BalanceDetail' or its corresponding type declarations.
src/routes/portalRoutes.tsx(26,39): error TS2712: A dynamic import call in ES5 requires the 'Promise' constructor.  Make sure you have a declaration for the 'Promise' constructor or include 'ES2015' in your '--lib' option.
src/routes/portalRoutes.tsx(26,46): error TS2307: Cannot find module '@/views/portal/contracts/ContractView' or its corresponding type declarations.
src/routes/portalRoutes.tsx(27,37): error TS2712: A dynamic import call in ES5 requires the 'Promise' constructor.  Make sure you have a declaration for the 'Promise' constructor or include 'ES2015' in your '--lib' option.
src/routes/portalRoutes.tsx(27,44): error TS2307: Cannot find module '@/views/portal/meters/MeterReadingList' or its corresponding type declarations.
src/routes/portalRoutes.tsx(30,27): error TS17004: Cannot use JSX unless the '--jsx' flag is provided.
src/routes/portalRoutes.tsx(31,33): error TS17004: Cannot use JSX unless the '--jsx' flag is provided.
src/routes/portalRoutes.tsx(32,36): error TS17004: Cannot use JSX unless the '--jsx' flag is provided.
src/routes/portalRoutes.tsx(33,32): error TS17004: Cannot use JSX unless the '--jsx' flag is provided.
src/routes/portalRoutes.tsx(34,36): error TS17004: Cannot use JSX unless the '--jsx' flag is provided.
src/routes/portalRoutes.tsx(35,40): error TS17004: Cannot use JSX unless the '--jsx' flag is provided.
src/routes/portalRoutes.tsx(36,31): error TS17004: Cannot use JSX unless the '--jsx' flag is provided.
src/routes/portalRoutes.tsx(37,32): error TS17004: Cannot use JSX unless the '--jsx' flag is provided.
src/routes/portalRoutes.tsx(38,31): error TS17004: Cannot use JSX unless the '--jsx' flag is provided.
src/routes/portalRoutes.tsx(39,38): error TS17004: Cannot use JSX unless the '--jsx' flag is provided.
src/routes/portalRoutes.tsx(40,35): error TS17004: Cannot use JSX unless the '--jsx' flag is provided.
src/routes/portalRoutes.tsx(41,33): error TS17004: Cannot use JSX unless the '--jsx' flag is provided.
src/routes/portalRoutes.tsx(42,45): error TS17004: Cannot use JSX unless the '--jsx' flag is provided.
src/routes/portalRoutes.tsx(43,32): error TS17004: Cannot use JSX unless the '--jsx' flag is provided.
src/routes/portalRoutes.tsx(44,37): error TS17004: Cannot use JSX unless the '--jsx' flag is provided.
src/routes/portalRoutes.tsx(45,27): error TS17004: Cannot use JSX unless the '--jsx' flag is provided.
src/routes/portalRoutes.tsx(46,31): error TS17004: Cannot use JSX unless the '--jsx' flag is provided.
src/routes/portalRoutes.tsx(47,37): error TS17004: Cannot use JSX unless the '--jsx' flag is provided.
src/routes/portalRoutes.tsx(48,40): error TS17004: Cannot use JSX unless the '--jsx' flag is provided.
src/routes/portalRoutes.tsx(49,33): error TS17004: Cannot use JSX unless the '--jsx' flag is provided.
src/routes/portalRoutes.tsx(50,34): error TS17004: Cannot use JSX unless the '--jsx' flag is provided.
src/routes/portalRoutes.tsx(54,29): error TS17004: Cannot use JSX unless the '--jsx' flag is provided.
src/routes/portalRoutes.tsx(55,34): error TS17004: Cannot use JSX unless the '--jsx' flag is provided.
src/routes/portalRoutes.tsx(56,39): error TS17004: Cannot use JSX unless the '--jsx' flag is provided.
src/routes/ProtectedRoute.tsx(1,8): error TS1259: Module '"C:/code_visual_xanh/lab60622/lab60622/node_modules/@types/react/index"' can only be default-imported using the 'esModuleInterop' flag
src/routes/ProtectedRoute.tsx(3,26): error TS2307: Cannot find module '@/stores/authStore' or its corresponding type declarations.
src/routes/ProtectedRoute.tsx(4,30): error TS2307: Cannot find module '@/models/User' or its corresponding type declarations.
src/routes/ProtectedRoute.tsx(14,58): error TS7031: Binding element 'requiredRole' implicitly has an 'any' type.
src/routes/ProtectedRoute.tsx(20,12): error TS17004: Cannot use JSX unless the '--jsx' flag is provided.
src/routes/ProtectedRoute.tsx(25,12): error TS17004: Cannot use JSX unless the '--jsx' flag is provided.
src/routes/ProtectedRoute.tsx(28,10): error TS17004: Cannot use JSX unless the '--jsx' flag is provided.
src/services/announcementService.ts(1,24): error TS6133: 'AnnouncementType' is declared but its value is never read.
src/services/announcementService.ts(1,42): error TS6133: 'AnnouncementStatus' is declared but its value is never read.
src/services/announcementService.ts(1,68): error TS2307: Cannot find module '@/types/announcement' or its corresponding type declarations.
src/services/announcementService.ts(2,36): error TS2307: Cannot find module '@/mocks/announcementMocks' or its corresponding type declarations.
src/services/announcementService.ts(5,28): error TS6133: 'filters' is declared but its value is never read.
src/services/announcementService.ts(5,44): error TS2705: An async function or method in ES5 requires the 'Promise' constructor.  Make sure you have a declaration for the 'Promise' constructor or include 'ES2015' in your '--lib' option.
src/services/announcementService.ts(6,15): error TS2585: 'Promise' only refers to a type, but is being used as a value here. Do you need to change your target library? Try changing the 'lib' compiler option to es2015 or later.
src/services/announcementService.ts(6,23): error TS7006: Parameter 'r' implicitly has an 'any' type.
src/services/announcementService.ts(10,55): error TS2705: An async function or method in ES5 requires the 'Promise' constructor.  Make sure you have a declaration for the 'Promise' constructor or include 'ES2015' in your '--lib' option.
src/services/announcementService.ts(11,15): error TS2585: 'Promise' only refers to a type, but is being used as a value here. Do you need to change your target library? Try changing the 'lib' compiler option to es2015 or later.
src/services/announcementService.ts(11,23): error TS7006: Parameter 'r' implicitly has an 'any' type.
src/services/announcementService.ts(13,42): error TS2550: Property 'find' does not exist on type 'any[]'. Do you need to change your target library? Try changing the 'lib' compiler option to 'es2015' or later.
src/services/announcementService.ts(13,47): error TS7006: Parameter 'a' implicitly has an 'any' type.
src/services/announcementService.ts(16,85): error TS2705: An async function or method in ES5 requires the 'Promise' constructor.  Make sure you have a declaration for the 'Promise' constructor or include 'ES2015' in your '--lib' option.
src/services/announcementService.ts(17,15): error TS2585: 'Promise' only refers to a type, but is being used as a value here. Do you need to change your target library? Try changing the 'lib' compiler option to es2015 or later.
src/services/announcementService.ts(17,23): error TS7006: Parameter 'r' implicitly has an 'any' type.
src/services/announcementService.ts(25,30): error TS6133: 'id' is declared but its value is never read.
src/services/announcementService.ts(25,52): error TS2705: An async function or method in ES5 requires the 'Promise' constructor.  Make sure you have a declaration for the 'Promise' constructor or include 'ES2015' in your '--lib' option.
src/services/announcementService.ts(26,15): error TS2585: 'Promise' only refers to a type, but is being used as a value here. Do you need to change your target library? Try changing the 'lib' compiler option to es2015 or later.
src/services/announcementService.ts(26,23): error TS7006: Parameter 'r' implicitly has an 'any' type.
src/services/apiClient.ts(2,26): error TS2307: Cannot find module '@/stores/authStore' or its corresponding type declarations.
src/services/apiClient.ts(3,24): error TS2307: Cannot find module '@/stores/uiStore' or its corresponding type declarations.
src/services/apiClient.ts(6,12): error TS1343: The 'import.meta' meta-property is only allowed when the '--module' option is 'es2020', 'es2022', 'esnext', 'system', 'node16', 'node18', 'node20', or 'nodenext'.
src/services/apiClient.ts(27,14): error TS2585: 'Promise' only refers to a type, but is being used as a value here. Do you need to change your target library? Try changing the 'lib' compiler option to es2015 or later.
src/services/apiClient.ts(35,13): error TS6133: 'setSessionExpired' is declared but its value is never read.
src/services/apiClient.ts(35,32): error TS6133: 'logout' is declared but its value is never read.
src/services/apiClient.ts(48,16): error TS2585: 'Promise' only refers to a type, but is being used as a value here. Do you need to change your target library? Try changing the 'lib' compiler option to es2015 or later.
src/services/apiClient.ts(56,12): error TS2585: 'Promise' only refers to a type, but is being used as a value here. Do you need to change your target library? Try changing the 'lib' compiler option to es2015 or later.
src/services/assetService.ts(1,17): error TS6133: 'AssetType' is declared but its value is never read.
src/services/assetService.ts(1,28): error TS6133: 'AssetCondition' is declared but its value is never read.
src/services/assetService.ts(1,50): error TS2307: Cannot find module '@/models/Asset' or its corresponding type declarations.
src/services/assetService.ts(2,29): error TS2307: Cannot find module '@/mocks/assetMocks' or its corresponding type declarations.
src/services/assetService.ts(5,36): error TS2705: An async function or method in ES5 requires the 'Promise' constructor.  Make sure you have a declaration for the 'Promise' constructor or include 'ES2015' in your '--lib' option.
src/services/assetService.ts(6,15): error TS2585: 'Promise' only refers to a type, but is being used as a value here. Do you need to change your target library? Try changing the 'lib' compiler option to es2015 or later.
src/services/assetService.ts(6,23): error TS7006: Parameter 'resolve' implicitly has an 'any' type.
src/services/assetService.ts(18,48): error TS2705: An async function or method in ES5 requires the 'Promise' constructor.  Make sure you have a declaration for the 'Promise' constructor or include 'ES2015' in your '--lib' option.
src/services/assetService.ts(19,15): error TS2585: 'Promise' only refers to a type, but is being used as a value here. Do you need to change your target library? Try changing the 'lib' compiler option to es2015 or later.
src/services/assetService.ts(19,23): error TS7006: Parameter 'resolve' implicitly has an 'any' type.
src/services/assetService.ts(20,36): error TS7006: Parameter 'a' implicitly has an 'any' type.
src/services/auditService.ts(1,26): error TS2307: Cannot find module '@/types' or its corresponding type declarations.
src/services/auditService.ts(2,31): error TS2307: Cannot find module '@/mocks/userMocks' or its corresponding type declarations.
src/services/auditService.ts(5,51): error TS2705: An async function or method in ES5 requires the 'Promise' constructor.  Make sure you have a declaration for the 'Promise' constructor or include 'ES2015' in your '--lib' option.
src/services/auditService.ts(7,15): error TS2585: 'Promise' only refers to a type, but is being used as a value here. Do you need to change your target library? Try changing the 'lib' compiler option to es2015 or later.
src/services/auditService.ts(7,23): error TS7006: Parameter 'resolve' implicitly has an 'any' type.
src/services/buildingService.ts(1,59): error TS2307: Cannot find module '@/models/Building' or its corresponding type declarations.
src/services/buildingService.ts(2,43): error TS2307: Cannot find module '@/models/Owner' or its corresponding type declarations.
src/services/buildingService.ts(3,57): error TS2307: Cannot find module '@/mocks/buildingMocks' or its corresponding type declarations.
src/services/buildingService.ts(4,29): error TS2307: Cannot find module '@/mocks/ownerMocks' or its corresponding type declarations.
src/services/buildingService.ts(5,60): error TS2307: Cannot find module '@/mocks/systemMocks' or its corresponding type declarations.
src/services/buildingService.ts(8,56): error TS2705: An async function or method in ES5 requires the 'Promise' constructor.  Make sure you have a declaration for the 'Promise' constructor or include 'ES2015' in your '--lib' option.
src/services/buildingService.ts(9,15): error TS2585: 'Promise' only refers to a type, but is being used as a value here. Do you need to change your target library? Try changing the 'lib' compiler option to es2015 or later.
src/services/buildingService.ts(9,23): error TS7006: Parameter 'r' implicitly has an 'any' type.
src/services/buildingService.ts(19,42): error TS2705: An async function or method in ES5 requires the 'Promise' constructor.  Make sure you have a declaration for the 'Promise' constructor or include 'ES2015' in your '--lib' option.
src/services/buildingService.ts(20,15): error TS2585: 'Promise' only refers to a type, but is being used as a value here. Do you need to change your target library? Try changing the 'lib' compiler option to es2015 or later.
src/services/buildingService.ts(20,23): error TS7006: Parameter 'r' implicitly has an 'any' type.
src/services/buildingService.ts(31,39): error TS2705: An async function or method in ES5 requires the 'Promise' constructor.  Make sure you have a declaration for the 'Promise' constructor or include 'ES2015' in your '--lib' option.
src/services/buildingService.ts(32,15): error TS2585: 'Promise' only refers to a type, but is being used as a value here. Do you need to change your target library? Try changing the 'lib' compiler option to es2015 or later.
src/services/buildingService.ts(32,23): error TS7006: Parameter 'r' implicitly has an 'any' type.
src/services/buildingService.ts(33,40): error TS7006: Parameter 'o' implicitly has an 'any' type.
src/services/buildingService.ts(42,44): error TS7006: Parameter 'b' implicitly has an 'any' type.
src/services/buildingService.ts(49,30): error TS7006: Parameter 'o' implicitly has an 'any' type.
src/services/buildingService.ts(56,39): error TS2705: An async function or method in ES5 requires the 'Promise' constructor.  Make sure you have a declaration for the 'Promise' constructor or include 'ES2015' in your '--lib' option.
src/services/buildingService.ts(57,15): error TS2585: 'Promise' only refers to a type, but is being used as a value here. Do you need to change your target library? Try changing the 'lib' compiler option to es2015 or later.
src/services/buildingService.ts(57,23): error TS7006: Parameter 'r' implicitly has an 'any' type.
src/services/buildingService.ts(58,36): error TS7006: Parameter 'o' implicitly has an 'any' type.
src/services/buildingService.ts(74,50): error TS2705: An async function or method in ES5 requires the 'Promise' constructor.  Make sure you have a declaration for the 'Promise' constructor or include 'ES2015' in your '--lib' option.
src/services/buildingService.ts(75,15): error TS2585: 'Promise' only refers to a type, but is being used as a value here. Do you need to change your target library? Try changing the 'lib' compiler option to es2015 or later.
src/services/buildingService.ts(75,23): error TS7006: Parameter 'r' implicitly has an 'any' type.
src/services/buildingService.ts(76,33): error TS7006: Parameter 'b' implicitly has an 'any' type.
src/services/buildingService.ts(79,38): error TS2705: An async function or method in ES5 requires the 'Promise' constructor.  Make sure you have a declaration for the 'Promise' constructor or include 'ES2015' in your '--lib' option.
src/services/buildingService.ts(80,15): error TS2585: 'Promise' only refers to a type, but is being used as a value here. Do you need to change your target library? Try changing the 'lib' compiler option to es2015 or later.
src/services/buildingService.ts(80,23): error TS7006: Parameter 'r' implicitly has an 'any' type.
src/services/buildingService.ts(89,50): error TS2705: An async function or method in ES5 requires the 'Promise' constructor.  Make sure you have a declaration for the 'Promise' constructor or include 'ES2015' in your '--lib' option.
src/services/buildingService.ts(90,15): error TS2585: 'Promise' only refers to a type, but is being used as a value here. Do you need to change your target library? Try changing the 'lib' compiler option to es2015 or later.
src/services/buildingService.ts(90,23): error TS7006: Parameter 'r' implicitly has an 'any' type.
src/services/contractService.ts(2,42): error TS2307: Cannot find module '@/models/Contract' or its corresponding type declarations.
src/services/contractService.ts(3,32): error TS2307: Cannot find module '@/mocks/contractMocks' or its corresponding type declarations.
src/services/contractService.ts(4,31): error TS2307: Cannot find module '@/constants/api' or its corresponding type declarations.
src/services/contractService.ts(5,36): error TS2307: Cannot find module '@/utils/errorUtils' or its corresponding type declarations.
src/services/contractService.ts(6,10): error TS6133: 'ApiResponse' is declared but its value is never read.
src/services/contractService.ts(6,48): error TS2307: Cannot find module '@/types/api' or its corresponding type declarations.
src/services/contractService.ts(15,55): error TS2705: An async function or method in ES5 requires the 'Promise' constructor.  Make sure you have a declaration for the 'Promise' constructor or include 'ES2015' in your '--lib' option.
src/services/contractService.ts(21,17): error TS2585: 'Promise' only refers to a type, but is being used as a value here. Do you need to change your target library? Try changing the 'lib' compiler option to es2015 or later.
src/services/contractService.ts(21,25): error TS7006: Parameter 'r' implicitly has an 'any' type.
src/services/contractService.ts(32,42): error TS2705: An async function or method in ES5 requires the 'Promise' constructor.  Make sure you have a declaration for the 'Promise' constructor or include 'ES2015' in your '--lib' option.
src/services/contractService.ts(37,17): error TS2585: 'Promise' only refers to a type, but is being used as a value here. Do you need to change your target library? Try changing the 'lib' compiler option to es2015 or later.
src/services/contractService.ts(37,25): error TS7006: Parameter 'r' implicitly has an 'any' type.
src/services/contractService.ts(38,44): error TS7006: Parameter 'c' implicitly has an 'any' type.
src/services/dashboardService.ts(20,8): error TS2307: Cannot find module '@/mocks/dashboardMocks' or its corresponding type declarations.
src/services/dashboardService.ts(23,19): error TS6133: 'buildingId' is declared but its value is never read.
src/services/dashboardService.ts(23,50): error TS2705: An async function or method in ES5 requires the 'Promise' constructor.  Make sure you have a declaration for the 'Promise' constructor or include 'ES2015' in your '--lib' option.
src/services/dashboardService.ts(24,15): error TS2585: 'Promise' only refers to a type, but is being used as a value here. Do you need to change your target library? Try changing the 'lib' compiler option to es2015 or later.
src/services/dashboardService.ts(24,23): error TS7006: Parameter 'r' implicitly has an 'any' type.
src/services/dashboardService.ts(28,27): error TS6133: 'buildingId' is declared but its value is never read.
src/services/dashboardService.ts(28,57): error TS6133: 'months' is declared but its value is never read.
src/services/dashboardService.ts(28,79): error TS2705: An async function or method in ES5 requires the 'Promise' constructor.  Make sure you have a declaration for the 'Promise' constructor or include 'ES2015' in your '--lib' option.
src/services/dashboardService.ts(29,15): error TS2585: 'Promise' only refers to a type, but is being used as a value here. Do you need to change your target library? Try changing the 'lib' compiler option to es2015 or later.
src/services/dashboardService.ts(29,23): error TS7006: Parameter 'r' implicitly has an 'any' type.
src/services/dashboardService.ts(33,24): error TS6133: 'buildingId' is declared but its value is never read.
src/services/dashboardService.ts(33,55): error TS2705: An async function or method in ES5 requires the 'Promise' constructor.  Make sure you have a declaration for the 'Promise' constructor or include 'ES2015' in your '--lib' option.
src/services/dashboardService.ts(34,15): error TS2585: 'Promise' only refers to a type, but is being used as a value here. Do you need to change your target library? Try changing the 'lib' compiler option to es2015 or later.
src/services/dashboardService.ts(34,23): error TS7006: Parameter 'r' implicitly has an 'any' type.
src/services/dashboardService.ts(38,29): error TS6133: 'buildingId' is declared but its value is never read.
src/services/dashboardService.ts(38,60): error TS2705: An async function or method in ES5 requires the 'Promise' constructor.  Make sure you have a declaration for the 'Promise' constructor or include 'ES2015' in your '--lib' option.
src/services/dashboardService.ts(39,15): error TS2585: 'Promise' only refers to a type, but is being used as a value here. Do you need to change your target library? Try changing the 'lib' compiler option to es2015 or later.
src/services/dashboardService.ts(39,23): error TS7006: Parameter 'r' implicitly has an 'any' type.
src/services/dashboardService.ts(43,28): error TS6133: 'buildingId' is declared but its value is never read.
src/services/dashboardService.ts(43,59): error TS2705: An async function or method in ES5 requires the 'Promise' constructor.  Make sure you have a declaration for the 'Promise' constructor or include 'ES2015' in your '--lib' option.
src/services/dashboardService.ts(44,15): error TS2585: 'Promise' only refers to a type, but is being used as a value here. Do you need to change your target library? Try changing the 'lib' compiler option to es2015 or later.
src/services/dashboardService.ts(44,23): error TS7006: Parameter 'r' implicitly has an 'any' type.
src/services/dashboardService.ts(48,31): error TS6133: 'buildingId' is declared but its value is never read.
src/services/dashboardService.ts(48,61): error TS6133: 'months' is declared but its value is never read.
src/services/dashboardService.ts(48,82): error TS2705: An async function or method in ES5 requires the 'Promise' constructor.  Make sure you have a declaration for the 'Promise' constructor or include 'ES2015' in your '--lib' option.
src/services/dashboardService.ts(49,15): error TS2585: 'Promise' only refers to a type, but is being used as a value here. Do you need to change your target library? Try changing the 'lib' compiler option to es2015 or later.
src/services/dashboardService.ts(49,23): error TS7006: Parameter 'r' implicitly has an 'any' type.
src/services/dashboardService.ts(53,33): error TS2705: An async function or method in ES5 requires the 'Promise' constructor.  Make sure you have a declaration for the 'Promise' constructor or include 'ES2015' in your '--lib' option.
src/services/dashboardService.ts(54,15): error TS2585: 'Promise' only refers to a type, but is being used as a value here. Do you need to change your target library? Try changing the 'lib' compiler option to es2015 or later.
src/services/dashboardService.ts(54,23): error TS7006: Parameter 'r' implicitly has an 'any' type.
src/services/dashboardService.ts(58,24): error TS6133: 'buildingId' is declared but its value is never read.
src/services/dashboardService.ts(58,55): error TS2705: An async function or method in ES5 requires the 'Promise' constructor.  Make sure you have a declaration for the 'Promise' constructor or include 'ES2015' in your '--lib' option.
src/services/dashboardService.ts(62,27): error TS6133: 'buildingId' is declared but its value is never read.
src/services/dashboardService.ts(62,58): error TS2705: An async function or method in ES5 requires the 'Promise' constructor.  Make sure you have a declaration for the 'Promise' constructor or include 'ES2015' in your '--lib' option.
src/services/dashboardService.ts(66,37): error TS2705: An async function or method in ES5 requires the 'Promise' constructor.  Make sure you have a declaration for the 'Promise' constructor or include 'ES2015' in your '--lib' option.
src/services/fileService.ts(1,1): error TS6133: 'api' is declared but its value is never read.
src/services/fileService.ts(2,1): error TS6133: 'toast' is declared but its value is never read.
src/services/fileService.ts(3,37): error TS2307: Cannot find module '@/utils/security' or its corresponding type declarations.
src/services/fileService.ts(15,65): error TS2705: An async function or method in ES5 requires the 'Promise' constructor.  Make sure you have a declaration for the 'Promise' constructor or include 'ES2015' in your '--lib' option.
src/services/fileService.ts(32,23): error TS2550: Property 'includes' does not exist on type 'string[]'. Do you need to change your target library? Try changing the 'lib' compiler option to 'es2016' or later.
src/services/fileService.ts(53,17): error TS2585: 'Promise' only refers to a type, but is being used as a value here. Do you need to change your target library? Try changing the 'lib' compiler option to es2015 or later.
src/services/fileService.ts(53,25): error TS7006: Parameter 'resolve' implicitly has an 'any' type.
src/services/invoiceService.ts(1,55): error TS2307: Cannot find module '@/models/Invoice' or its corresponding type declarations.
src/services/invoiceService.ts(2,1): error TS6192: All imports in import declaration are unused.
src/services/invoiceService.ts(3,25): error TS6133: 'MOCK_INVOICE_ITEMS_TEMPLATE' is declared but its value is never read.
src/services/invoiceService.ts(3,76): error TS2307: Cannot find module '@/mocks/invoiceMocks' or its corresponding type declarations.
src/services/invoiceService.ts(4,1): error TS6133: 'API_ENDPOINTS' is declared but its value is never read.
src/services/invoiceService.ts(4,31): error TS2307: Cannot find module '@/constants/api' or its corresponding type declarations.
src/services/invoiceService.ts(5,36): error TS2307: Cannot find module '@/utils/errorUtils' or its corresponding type declarations.
src/services/invoiceService.ts(6,29): error TS6133: 'ApiResponse' is declared but its value is never read.
src/services/invoiceService.ts(6,48): error TS2307: Cannot find module '@/types/api' or its corresponding type declarations.
src/services/invoiceService.ts(20,23): error TS6133: 'filters' is declared but its value is never read.
src/services/invoiceService.ts(20,53): error TS2705: An async function or method in ES5 requires the 'Promise' constructor.  Make sure you have a declaration for the 'Promise' constructor or include 'ES2015' in your '--lib' option.
src/services/invoiceService.ts(22,17): error TS2585: 'Promise' only refers to a type, but is being used as a value here. Do you need to change your target library? Try changing the 'lib' compiler option to es2015 or later.
src/services/invoiceService.ts(22,25): error TS7006: Parameter 'r' implicitly has an 'any' type.
src/services/invoiceService.ts(29,31): error TS2705: An async function or method in ES5 requires the 'Promise' constructor.  Make sure you have a declaration for the 'Promise' constructor or include 'ES2015' in your '--lib' option.
src/services/invoiceService.ts(33,38): error TS7006: Parameter 'i' implicitly has an 'any' type.
src/services/invoiceService.ts(34,36): error TS7006: Parameter 'i' implicitly has an 'any' type.
src/services/invoiceService.ts(35,39): error TS7006: Parameter 'i' implicitly has an 'any' type.
src/services/invoiceService.ts(36,41): error TS7006: Parameter 'i' implicitly has an 'any' type.
src/services/invoiceService.ts(43,41): error TS2705: An async function or method in ES5 requires the 'Promise' constructor.  Make sure you have a declaration for the 'Promise' constructor or include 'ES2015' in your '--lib' option.
src/services/invoiceService.ts(45,17): error TS2585: 'Promise' only refers to a type, but is being used as a value here. Do you need to change your target library? Try changing the 'lib' compiler option to es2015 or later.
src/services/invoiceService.ts(45,25): error TS7006: Parameter 'r' implicitly has an 'any' type.
src/services/invoiceService.ts(46,39): error TS7006: Parameter 'i' implicitly has an 'any' type.
src/services/invoiceService.ts(117,70): error TS2705: An async function or method in ES5 requires the 'Promise' constructor.  Make sure you have a declaration for the 'Promise' constructor or include 'ES2015' in your '--lib' option.
src/services/invoiceService.ts(119,17): error TS2585: 'Promise' only refers to a type, but is being used as a value here. Do you need to change your target library? Try changing the 'lib' compiler option to es2015 or later.
src/services/invoiceService.ts(119,25): error TS7006: Parameter 'r' implicitly has an 'any' type.
src/services/invoiceService.ts(138,19): error TS2705: An async function or method in ES5 requires the 'Promise' constructor.  Make sure you have a declaration for the 'Promise' constructor or include 'ES2015' in your '--lib' option.
src/services/meterService.ts(2,3): error TS6133: 'Meter' is declared but its value is never read.
src/services/meterService.ts(5,8): error TS2307: Cannot find module '@/models/Meter' or its corresponding type declarations.
src/services/meterService.ts(7,51): error TS2307: Cannot find module '@/mocks/meterMocks' or its corresponding type declarations.
src/services/meterService.ts(8,1): error TS6133: 'API_ENDPOINTS' is declared but its value is never read.
src/services/meterService.ts(8,31): error TS2307: Cannot find module '@/constants/api' or its corresponding type declarations.
src/services/meterService.ts(9,36): error TS2307: Cannot find module '@/utils/errorUtils' or its corresponding type declarations.
src/services/meterService.ts(10,29): error TS6133: 'PaginatedResponse' is declared but its value is never read.
src/services/meterService.ts(10,54): error TS2307: Cannot find module '@/types/api' or its corresponding type declarations.
src/services/meterService.ts(23,17): error TS2585: 'Promise' only refers to a type, but is being used as a value here. Do you need to change your target library? Try changing the 'lib' compiler option to es2015 or later.
src/services/meterService.ts(23,25): error TS7006: Parameter 'r' implicitly has an 'any' type.
src/services/meterService.ts(47,46): error TS2705: An async function or method in ES5 requires the 'Promise' constructor.  Make sure you have a declaration for the 'Promise' constructor or include 'ES2015' in your '--lib' option.
src/services/meterService.ts(49,17): error TS2585: 'Promise' only refers to a type, but is being used as a value here. Do you need to change your target library? Try changing the 'lib' compiler option to es2015 or later.
src/services/meterService.ts(49,25): error TS7006: Parameter 'r' implicitly has an 'any' type.
src/services/meterService.ts(58,17): error TS2585: 'Promise' only refers to a type, but is being used as a value here. Do you need to change your target library? Try changing the 'lib' compiler option to es2015 or later.
src/services/meterService.ts(58,25): error TS7006: Parameter 'r' implicitly has an 'any' type.
src/services/meterService.ts(88,17): error TS2585: 'Promise' only refers to a type, but is being used as a value here. Do you need to change your target library? Try changing the 'lib' compiler option to es2015 or later.
src/services/meterService.ts(88,25): error TS7006: Parameter 'r' implicitly has an 'any' type.
src/services/notificationService.ts(1,36): error TS2307: Cannot find module '@/mocks/notificationMocks' or its corresponding type declarations.
src/services/notificationService.ts(13,31): error TS2705: An async function or method in ES5 requires the 'Promise' constructor.  Make sure you have a declaration for the 'Promise' constructor or include 'ES2015' in your '--lib' option.
src/services/notificationService.ts(14,15): error TS2585: 'Promise' only refers to a type, but is being used as a value here. Do you need to change your target library? Try changing the 'lib' compiler option to es2015 or later.
src/services/notificationService.ts(14,23): error TS7006: Parameter 'r' implicitly has an 'any' type.
src/services/notificationService.ts(16,35): error TS7006: Parameter 'n' implicitly has an 'any' type.
src/services/notificationService.ts(26,36): error TS2705: An async function or method in ES5 requires the 'Promise' constructor.  Make sure you have a declaration for the 'Promise' constructor or include 'ES2015' in your '--lib' option.
src/services/notificationService.ts(27,15): error TS2585: 'Promise' only refers to a type, but is being used as a value here. Do you need to change your target library? Try changing the 'lib' compiler option to es2015 or later.
src/services/notificationService.ts(27,23): error TS7006: Parameter 'r' implicitly has an 'any' type.
src/services/notificationService.ts(31,43): error TS2705: An async function or method in ES5 requires the 'Promise' constructor.  Make sure you have a declaration for the 'Promise' constructor or include 'ES2015' in your '--lib' option.
src/services/notificationService.ts(32,15): error TS2585: 'Promise' only refers to a type, but is being used as a value here. Do you need to change your target library? Try changing the 'lib' compiler option to es2015 or later.
src/services/notificationService.ts(32,23): error TS7006: Parameter 'r' implicitly has an 'any' type.
src/services/paymentService.ts(6,3): error TS6133: 'PaymentStatus' is declared but its value is never read.
src/services/paymentService.ts(8,8): error TS2307: Cannot find module '@/models/Payment' or its corresponding type declarations.
src/services/paymentService.ts(9,1): error TS6192: All imports in import declaration are unused.
src/services/paymentService.ts(10,80): error TS2307: Cannot find module '@/mocks/paymentMocks' or its corresponding type declarations.
src/services/paymentService.ts(11,30): error TS2307: Cannot find module '@/mocks/tenantBalanceMocks' or its corresponding type declarations.
src/services/paymentService.ts(14,23): error TS6133: 'filters' is declared but its value is never read.
src/services/paymentService.ts(14,39): error TS2705: An async function or method in ES5 requires the 'Promise' constructor.  Make sure you have a declaration for the 'Promise' constructor or include 'ES2015' in your '--lib' option.
src/services/paymentService.ts(15,15): error TS2585: 'Promise' only refers to a type, but is being used as a value here. Do you need to change your target library? Try changing the 'lib' compiler option to es2015 or later.
src/services/paymentService.ts(15,23): error TS7006: Parameter 'r' implicitly has an 'any' type.
src/services/paymentService.ts(19,30): error TS2705: An async function or method in ES5 requires the 'Promise' constructor.  Make sure you have a declaration for the 'Promise' constructor or include 'ES2015' in your '--lib' option.
src/services/paymentService.ts(20,42): error TS7006: Parameter 'p' implicitly has an 'any' type.
src/services/paymentService.ts(23,30): error TS7006: Parameter 'sum' implicitly has an 'any' type.
src/services/paymentService.ts(23,35): error TS7006: Parameter 'p' implicitly has an 'any' type.
src/services/paymentService.ts(29,15): error TS2585: 'Promise' only refers to a type, but is being used as a value here. Do you need to change your target library? Try changing the 'lib' compiler option to es2015 or later.
src/services/paymentService.ts(29,23): error TS7006: Parameter 'r' implicitly has an 'any' type.
src/services/paymentService.ts(35,15): error TS2585: 'Promise' only refers to a type, but is being used as a value here. Do you need to change your target library? Try changing the 'lib' compiler option to es2015 or later.
src/services/paymentService.ts(35,23): error TS7006: Parameter 'r' implicitly has an 'any' type.
src/services/paymentService.ts(42,15): error TS2585: 'Promise' only refers to a type, but is being used as a value here. Do you need to change your target library? Try changing the 'lib' compiler option to es2015 or later.
src/services/paymentService.ts(42,23): error TS7006: Parameter 'r' implicitly has an 'any' type.
src/services/paymentService.ts(54,15): error TS2585: 'Promise' only refers to a type, but is being used as a value here. Do you need to change your target library? Try changing the 'lib' compiler option to es2015 or later.
src/services/paymentService.ts(54,23): error TS7006: Parameter 'r' implicitly has an 'any' type.
src/services/paymentService.ts(72,15): error TS2585: 'Promise' only refers to a type, but is being used as a value here. Do you need to change your target library? Try changing the 'lib' compiler option to es2015 or later.
src/services/paymentService.ts(72,23): error TS7006: Parameter 'r' implicitly has an 'any' type.
src/services/paymentService.ts(92,15): error TS2585: 'Promise' only refers to a type, but is being used as a value here. Do you need to change your target library? Try changing the 'lib' compiler option to es2015 or later.
src/services/paymentService.ts(92,23): error TS7006: Parameter 'r' implicitly has an 'any' type.
src/services/paymentService.ts(100,46): error TS2705: An async function or method in ES5 requires the 'Promise' constructor.  Make sure you have a declaration for the 'Promise' constructor or include 'ES2015' in your '--lib' option.
src/services/paymentService.ts(101,15): error TS2585: 'Promise' only refers to a type, but is being used as a value here. Do you need to change your target library? Try changing the 'lib' compiler option to es2015 or later.
src/services/paymentService.ts(101,23): error TS7006: Parameter 'r' implicitly has an 'any' type.
src/services/paymentService.ts(102,31): error TS7006: Parameter 'l' implicitly has an 'any' type.
src/services/paymentService.ts(105,29): error TS2705: An async function or method in ES5 requires the 'Promise' constructor.  Make sure you have a declaration for the 'Promise' constructor or include 'ES2015' in your '--lib' option.
src/services/paymentService.ts(106,15): error TS2585: 'Promise' only refers to a type, but is being used as a value here. Do you need to change your target library? Try changing the 'lib' compiler option to es2015 or later.
src/services/paymentService.ts(106,23): error TS7006: Parameter 'r' implicitly has an 'any' type.
src/services/paymentService.ts(110,31): error TS2705: An async function or method in ES5 requires the 'Promise' constructor.  Make sure you have a declaration for the 'Promise' constructor or include 'ES2015' in your '--lib' option.
src/services/paymentService.ts(115,15): error TS2585: 'Promise' only refers to a type, but is being used as a value here. Do you need to change your target library? Try changing the 'lib' compiler option to es2015 or later.
src/services/paymentService.ts(115,23): error TS7006: Parameter 'r' implicitly has an 'any' type.
src/services/policyService.ts(11,64): error TS2307: Cannot find module '@/mocks/policyMocks' or its corresponding type declarations.
src/services/policyService.ts(13,54): error TS2705: An async function or method in ES5 requires the 'Promise' constructor.  Make sure you have a declaration for the 'Promise' constructor or include 'ES2015' in your '--lib' option.
src/services/policyService.ts(14,13): error TS2585: 'Promise' only refers to a type, but is being used as a value here. Do you need to change your target library? Try changing the 'lib' compiler option to es2015 or later.
src/services/policyService.ts(14,21): error TS7006: Parameter 'r' implicitly has an 'any' type.
src/services/policyService.ts(18,54): error TS2705: An async function or method in ES5 requires the 'Promise' constructor.  Make sure you have a declaration for the 'Promise' constructor or include 'ES2015' in your '--lib' option.
src/services/policyService.ts(22,81): error TS2705: An async function or method in ES5 requires the 'Promise' constructor.  Make sure you have a declaration for the 'Promise' constructor or include 'ES2015' in your '--lib' option.
src/services/policyService.ts(27,48): error TS2705: An async function or method in ES5 requires the 'Promise' constructor.  Make sure you have a declaration for the 'Promise' constructor or include 'ES2015' in your '--lib' option.
src/services/policyService.ts(31,48): error TS2705: An async function or method in ES5 requires the 'Promise' constructor.  Make sure you have a declaration for the 'Promise' constructor or include 'ES2015' in your '--lib' option.
src/services/policyService.ts(35,69): error TS2705: An async function or method in ES5 requires the 'Promise' constructor.  Make sure you have a declaration for the 'Promise' constructor or include 'ES2015' in your '--lib' option.
src/services/portalAnnouncementService.ts(1,36): error TS2307: Cannot find module '@/mocks/announcementMocks' or its corresponding type declarations.
src/services/portalAnnouncementService.ts(4,57): error TS2705: An async function or method in ES5 requires the 'Promise' constructor.  Make sure you have a declaration for the 'Promise' constructor or include 'ES2015' in your '--lib' option.
src/services/portalAnnouncementService.ts(5,15): error TS2585: 'Promise' only refers to a type, but is being used as a value here. Do you need to change your target library? Try changing the 'lib' compiler option to es2015 or later.
src/services/portalAnnouncementService.ts(5,23): error TS7006: Parameter 'r' implicitly has an 'any' type.
src/services/portalAnnouncementService.ts(13,35): error TS2705: An async function or method in ES5 requires the 'Promise' constructor.  Make sure you have a declaration for the 'Promise' constructor or include 'ES2015' in your '--lib' option.
src/services/portalAnnouncementService.ts(14,15): error TS2585: 'Promise' only refers to a type, but is being used as a value here. Do you need to change your target library? Try changing the 'lib' compiler option to es2015 or later.
src/services/portalAnnouncementService.ts(14,23): error TS7006: Parameter 'r' implicitly has an 'any' type.
src/services/portalFinanceService.ts(1,57): error TS2307: Cannot find module '@/mocks/tenantBalanceMocks' or its corresponding type declarations.
src/services/portalFinanceService.ts(4,27): error TS6133: 'tenantId' is declared but its value is never read.
src/services/portalFinanceService.ts(4,53): error TS2705: An async function or method in ES5 requires the 'Promise' constructor.  Make sure you have a declaration for the 'Promise' constructor or include 'ES2015' in your '--lib' option.
src/services/portalFinanceService.ts(6,15): error TS2585: 'Promise' only refers to a type, but is being used as a value here. Do you need to change your target library? Try changing the 'lib' compiler option to es2015 or later.
src/services/portalFinanceService.ts(6,23): error TS7006: Parameter 'r' implicitly has an 'any' type.
src/services/portalFinanceService.ts(11,60): error TS2705: An async function or method in ES5 requires the 'Promise' constructor.  Make sure you have a declaration for the 'Promise' constructor or include 'ES2015' in your '--lib' option.
src/services/portalFinanceService.ts(13,15): error TS2585: 'Promise' only refers to a type, but is being used as a value here. Do you need to change your target library? Try changing the 'lib' compiler option to es2015 or later.
src/services/portalFinanceService.ts(13,23): error TS7006: Parameter 'r' implicitly has an 'any' type.
src/services/portalFinanceService.ts(18,26): error TS2705: An async function or method in ES5 requires the 'Promise' constructor.  Make sure you have a declaration for the 'Promise' constructor or include 'ES2015' in your '--lib' option.
src/services/portalFinanceService.ts(20,15): error TS2585: 'Promise' only refers to a type, but is being used as a value here. Do you need to change your target library? Try changing the 'lib' compiler option to es2015 or later.
src/services/portalFinanceService.ts(20,23): error TS7006: Parameter 'r' implicitly has an 'any' type.
src/services/portalProfileService.ts(1,31): error TS2307: Cannot find module '@/models/Tenant' or its corresponding type declarations.
src/services/portalProfileService.ts(2,10): error TS6133: 'MOCK_TENANTS' is declared but its value is never read.
src/services/portalProfileService.ts(2,51): error TS2307: Cannot find module '@/mocks/tenantMocks' or its corresponding type declarations.
src/services/portalProfileService.ts(3,1): error TS6133: 'apiClient' is declared but its value is never read.
src/services/portalProfileService.ts(4,1): error TS6133: 'API_ENDPOINTS' is declared but its value is never read.
src/services/portalProfileService.ts(4,31): error TS2307: Cannot find module '@/constants/api' or its corresponding type declarations.
src/services/portalProfileService.ts(5,36): error TS2307: Cannot find module '@/utils/errorUtils' or its corresponding type declarations.
src/services/portalProfileService.ts(6,1): error TS6133: 'ApiResponse' is declared but its value is never read.
src/services/portalProfileService.ts(6,29): error TS2307: Cannot find module '@/types/api' or its corresponding type declarations.
src/services/portalProfileService.ts(20,48): error TS2705: An async function or method in ES5 requires the 'Promise' constructor.  Make sure you have a declaration for the 'Promise' constructor or include 'ES2015' in your '--lib' option.
src/services/portalProfileService.ts(23,17): error TS2585: 'Promise' only refers to a type, but is being used as a value here. Do you need to change your target library? Try changing the 'lib' compiler option to es2015 or later.
src/services/portalProfileService.ts(23,25): error TS7006: Parameter 'r' implicitly has an 'any' type.
src/services/portalProfileService.ts(42,56): error TS2705: An async function or method in ES5 requires the 'Promise' constructor.  Make sure you have a declaration for the 'Promise' constructor or include 'ES2015' in your '--lib' option.
src/services/portalProfileService.ts(44,17): error TS2585: 'Promise' only refers to a type, but is being used as a value here. Do you need to change your target library? Try changing the 'lib' compiler option to es2015 or later.
src/services/portalProfileService.ts(44,25): error TS7006: Parameter 'r' implicitly has an 'any' type.
src/services/portalProfileService.ts(52,37): error TS2705: An async function or method in ES5 requires the 'Promise' constructor.  Make sure you have a declaration for the 'Promise' constructor or include 'ES2015' in your '--lib' option.
src/services/portalProfileService.ts(54,17): error TS2585: 'Promise' only refers to a type, but is being used as a value here. Do you need to change your target library? Try changing the 'lib' compiler option to es2015 or later.
src/services/portalProfileService.ts(54,25): error TS7006: Parameter 'r' implicitly has an 'any' type.
src/services/portalProfileService.ts(62,38): error TS2705: An async function or method in ES5 requires the 'Promise' constructor.  Make sure you have a declaration for the 'Promise' constructor or include 'ES2015' in your '--lib' option.
src/services/portalProfileService.ts(64,17): error TS2585: 'Promise' only refers to a type, but is being used as a value here. Do you need to change your target library? Try changing the 'lib' compiler option to es2015 or later.
src/services/portalProfileService.ts(64,25): error TS7006: Parameter 'r' implicitly has an 'any' type.
src/services/portalProfileService.ts(72,44): error TS2705: An async function or method in ES5 requires the 'Promise' constructor.  Make sure you have a declaration for the 'Promise' constructor or include 'ES2015' in your '--lib' option.
src/services/portalProfileService.ts(74,17): error TS2585: 'Promise' only refers to a type, but is being used as a value here. Do you need to change your target library? Try changing the 'lib' compiler option to es2015 or later.
src/services/portalProfileService.ts(74,25): error TS7006: Parameter 'r' implicitly has an 'any' type.
src/services/reportService.ts(23,8): error TS2307: Cannot find module '@/types/reports' or its corresponding type declarations.
src/services/reportService.ts(45,8): error TS2307: Cannot find module '@/mocks/reportMocks' or its corresponding type declarations.
src/services/reportService.ts(48,34): error TS2705: An async function or method in ES5 requires the 'Promise' constructor.  Make sure you have a declaration for the 'Promise' constructor or include 'ES2015' in your '--lib' option.
src/services/reportService.ts(49,15): error TS2585: 'Promise' only refers to a type, but is being used as a value here. Do you need to change your target library? Try changing the 'lib' compiler option to es2015 or later.
src/services/reportService.ts(49,23): error TS7006: Parameter 'r' implicitly has an 'any' type.
src/services/reportService.ts(53,37): error TS6133: 'params' is declared but its value is never read.
src/services/reportService.ts(53,51): error TS2705: An async function or method in ES5 requires the 'Promise' constructor.  Make sure you have a declaration for the 'Promise' constructor or include 'ES2015' in your '--lib' option.
src/services/reportService.ts(54,15): error TS2585: 'Promise' only refers to a type, but is being used as a value here. Do you need to change your target library? Try changing the 'lib' compiler option to es2015 or later.
src/services/reportService.ts(54,23): error TS7006: Parameter 'r' implicitly has an 'any' type.
src/services/reportService.ts(58,28): error TS6133: 'filters' is declared but its value is never read.
src/services/reportService.ts(58,52): error TS2705: An async function or method in ES5 requires the 'Promise' constructor.  Make sure you have a declaration for the 'Promise' constructor or include 'ES2015' in your '--lib' option.
src/services/reportService.ts(59,15): error TS2585: 'Promise' only refers to a type, but is being used as a value here. Do you need to change your target library? Try changing the 'lib' compiler option to es2015 or later.
src/services/reportService.ts(59,23): error TS7006: Parameter 'r' implicitly has an 'any' type.
src/services/reportService.ts(63,29): error TS6133: 'filters' is declared but its value is never read.
src/services/reportService.ts(63,53): error TS2705: An async function or method in ES5 requires the 'Promise' constructor.  Make sure you have a declaration for the 'Promise' constructor or include 'ES2015' in your '--lib' option.
src/services/reportService.ts(64,15): error TS2585: 'Promise' only refers to a type, but is being used as a value here. Do you need to change your target library? Try changing the 'lib' compiler option to es2015 or later.
src/services/reportService.ts(64,23): error TS7006: Parameter 'r' implicitly has an 'any' type.
src/services/reportService.ts(68,29): error TS6133: 'filters' is declared but its value is never read.
src/services/reportService.ts(68,53): error TS2705: An async function or method in ES5 requires the 'Promise' constructor.  Make sure you have a declaration for the 'Promise' constructor or include 'ES2015' in your '--lib' option.
src/services/reportService.ts(69,15): error TS2585: 'Promise' only refers to a type, but is being used as a value here. Do you need to change your target library? Try changing the 'lib' compiler option to es2015 or later.
src/services/reportService.ts(69,23): error TS7006: Parameter 'r' implicitly has an 'any' type.
src/services/reportService.ts(73,29): error TS6133: 'filters' is declared but its value is never read.
src/services/reportService.ts(73,53): error TS2705: An async function or method in ES5 requires the 'Promise' constructor.  Make sure you have a declaration for the 'Promise' constructor or include 'ES2015' in your '--lib' option.
src/services/reportService.ts(74,15): error TS2585: 'Promise' only refers to a type, but is being used as a value here. Do you need to change your target library? Try changing the 'lib' compiler option to es2015 or later.
src/services/reportService.ts(74,23): error TS7006: Parameter 'r' implicitly has an 'any' type.
src/services/reportService.ts(78,31): error TS6133: 'filters' is declared but its value is never read.
src/services/reportService.ts(78,55): error TS2705: An async function or method in ES5 requires the 'Promise' constructor.  Make sure you have a declaration for the 'Promise' constructor or include 'ES2015' in your '--lib' option.
src/services/reportService.ts(79,15): error TS2585: 'Promise' only refers to a type, but is being used as a value here. Do you need to change your target library? Try changing the 'lib' compiler option to es2015 or later.
src/services/reportService.ts(79,23): error TS7006: Parameter 'r' implicitly has an 'any' type.
src/services/reportService.ts(83,32): error TS6133: 'filters' is declared but its value is never read.
src/services/reportService.ts(83,56): error TS2705: An async function or method in ES5 requires the 'Promise' constructor.  Make sure you have a declaration for the 'Promise' constructor or include 'ES2015' in your '--lib' option.
src/services/reportService.ts(84,15): error TS2585: 'Promise' only refers to a type, but is being used as a value here. Do you need to change your target library? Try changing the 'lib' compiler option to es2015 or later.
src/services/reportService.ts(84,23): error TS7006: Parameter 'r' implicitly has an 'any' type.
src/services/reportService.ts(88,24): error TS6133: 'filters' is declared but its value is never read.
src/services/reportService.ts(88,48): error TS2705: An async function or method in ES5 requires the 'Promise' constructor.  Make sure you have a declaration for the 'Promise' constructor or include 'ES2015' in your '--lib' option.
src/services/reportService.ts(89,15): error TS2585: 'Promise' only refers to a type, but is being used as a value here. Do you need to change your target library? Try changing the 'lib' compiler option to es2015 or later.
src/services/reportService.ts(89,23): error TS7006: Parameter 'r' implicitly has an 'any' type.
src/services/reportService.ts(93,25): error TS6133: 'filters' is declared but its value is never read.
src/services/reportService.ts(93,49): error TS2705: An async function or method in ES5 requires the 'Promise' constructor.  Make sure you have a declaration for the 'Promise' constructor or include 'ES2015' in your '--lib' option.
src/services/reportService.ts(94,15): error TS2585: 'Promise' only refers to a type, but is being used as a value here. Do you need to change your target library? Try changing the 'lib' compiler option to es2015 or later.
src/services/reportService.ts(94,23): error TS7006: Parameter 'r' implicitly has an 'any' type.
src/services/reportService.ts(98,28): error TS6133: 'invoiceIds' is declared but its value is never read.
src/services/reportService.ts(98,51): error TS2705: An async function or method in ES5 requires the 'Promise' constructor.  Make sure you have a declaration for the 'Promise' constructor or include 'ES2015' in your '--lib' option.
src/services/reportService.ts(99,15): error TS2585: 'Promise' only refers to a type, but is being used as a value here. Do you need to change your target library? Try changing the 'lib' compiler option to es2015 or later.
src/services/reportService.ts(99,23): error TS7006: Parameter 'r' implicitly has an 'any' type.
src/services/reportService.ts(103,27): error TS6133: 'filters' is declared but its value is never read.
src/services/reportService.ts(103,51): error TS2705: An async function or method in ES5 requires the 'Promise' constructor.  Make sure you have a declaration for the 'Promise' constructor or include 'ES2015' in your '--lib' option.
src/services/reportService.ts(104,15): error TS2585: 'Promise' only refers to a type, but is being used as a value here. Do you need to change your target library? Try changing the 'lib' compiler option to es2015 or later.
src/services/reportService.ts(104,23): error TS7006: Parameter 'r' implicitly has an 'any' type.
src/services/reportService.ts(108,29): error TS6133: 'filters' is declared but its value is never read.
src/services/reportService.ts(108,53): error TS2705: An async function or method in ES5 requires the 'Promise' constructor.  Make sure you have a declaration for the 'Promise' constructor or include 'ES2015' in your '--lib' option.
src/services/reportService.ts(109,15): error TS2585: 'Promise' only refers to a type, but is being used as a value here. Do you need to change your target library? Try changing the 'lib' compiler option to es2015 or later.
src/services/reportService.ts(109,23): error TS7006: Parameter 'r' implicitly has an 'any' type.
src/services/reportService.ts(113,31): error TS6133: 'filters' is declared but its value is never read.
src/services/reportService.ts(113,55): error TS2705: An async function or method in ES5 requires the 'Promise' constructor.  Make sure you have a declaration for the 'Promise' constructor or include 'ES2015' in your '--lib' option.
src/services/reportService.ts(114,15): error TS2585: 'Promise' only refers to a type, but is being used as a value here. Do you need to change your target library? Try changing the 'lib' compiler option to es2015 or later.
src/services/reportService.ts(114,23): error TS7006: Parameter 'r' implicitly has an 'any' type.
src/services/reportService.ts(118,25): error TS6133: 'filters' is declared but its value is never read.
src/services/reportService.ts(118,49): error TS2705: An async function or method in ES5 requires the 'Promise' constructor.  Make sure you have a declaration for the 'Promise' constructor or include 'ES2015' in your '--lib' option.
src/services/reportService.ts(119,15): error TS2585: 'Promise' only refers to a type, but is being used as a value here. Do you need to change your target library? Try changing the 'lib' compiler option to es2015 or later.
src/services/reportService.ts(119,23): error TS7006: Parameter 'r' implicitly has an 'any' type.
src/services/reportService.ts(123,23): error TS6133: 'filters' is declared but its value is never read.
src/services/reportService.ts(123,47): error TS2705: An async function or method in ES5 requires the 'Promise' constructor.  Make sure you have a declaration for the 'Promise' constructor or include 'ES2015' in your '--lib' option.
src/services/reportService.ts(124,15): error TS2585: 'Promise' only refers to a type, but is being used as a value here. Do you need to change your target library? Try changing the 'lib' compiler option to es2015 or later.
src/services/reportService.ts(124,23): error TS7006: Parameter 'r' implicitly has an 'any' type.
src/services/reportService.ts(128,27): error TS6133: 'filters' is declared but its value is never read.
src/services/reportService.ts(128,51): error TS2705: An async function or method in ES5 requires the 'Promise' constructor.  Make sure you have a declaration for the 'Promise' constructor or include 'ES2015' in your '--lib' option.
src/services/reportService.ts(129,15): error TS2585: 'Promise' only refers to a type, but is being used as a value here. Do you need to change your target library? Try changing the 'lib' compiler option to es2015 or later.
src/services/reportService.ts(129,23): error TS7006: Parameter 'r' implicitly has an 'any' type.
src/services/reportService.ts(133,27): error TS6133: 'filters' is declared but its value is never read.
src/services/reportService.ts(133,51): error TS2705: An async function or method in ES5 requires the 'Promise' constructor.  Make sure you have a declaration for the 'Promise' constructor or include 'ES2015' in your '--lib' option.
src/services/reportService.ts(134,15): error TS2585: 'Promise' only refers to a type, but is being used as a value here. Do you need to change your target library? Try changing the 'lib' compiler option to es2015 or later.
src/services/reportService.ts(134,23): error TS7006: Parameter 'r' implicitly has an 'any' type.
src/services/reportService.ts(138,29): error TS6133: 'filters' is declared but its value is never read.
src/services/reportService.ts(138,53): error TS2705: An async function or method in ES5 requires the 'Promise' constructor.  Make sure you have a declaration for the 'Promise' constructor or include 'ES2015' in your '--lib' option.
src/services/reportService.ts(139,15): error TS2585: 'Promise' only refers to a type, but is being used as a value here. Do you need to change your target library? Try changing the 'lib' compiler option to es2015 or later.
src/services/reportService.ts(139,23): error TS7006: Parameter 'r' implicitly has an 'any' type.
src/services/reportService.ts(143,31): error TS6133: 'filters' is declared but its value is never read.
src/services/reportService.ts(143,55): error TS2705: An async function or method in ES5 requires the 'Promise' constructor.  Make sure you have a declaration for the 'Promise' constructor or include 'ES2015' in your '--lib' option.
src/services/reportService.ts(144,15): error TS2585: 'Promise' only refers to a type, but is being used as a value here. Do you need to change your target library? Try changing the 'lib' compiler option to es2015 or later.
src/services/reportService.ts(144,23): error TS7006: Parameter 'r' implicitly has an 'any' type.
src/services/reportService.ts(148,31): error TS6133: 'filters' is declared but its value is never read.
src/services/reportService.ts(148,55): error TS2705: An async function or method in ES5 requires the 'Promise' constructor.  Make sure you have a declaration for the 'Promise' constructor or include 'ES2015' in your '--lib' option.
src/services/reportService.ts(149,15): error TS2585: 'Promise' only refers to a type, but is being used as a value here. Do you need to change your target library? Try changing the 'lib' compiler option to es2015 or later.
src/services/reportService.ts(149,23): error TS7006: Parameter 'r' implicitly has an 'any' type.
src/services/reportService.ts(153,24): error TS6133: 'id' is declared but its value is never read.
src/services/reportService.ts(153,36): error TS6133: 'params' is declared but its value is never read.
src/services/reportService.ts(153,49): error TS6133: 'format' is declared but its value is never read.
src/services/reportService.ts(154,15): error TS2585: 'Promise' only refers to a type, but is being used as a value here. Do you need to change your target library? Try changing the 'lib' compiler option to es2015 or later.
src/services/reportService.ts(154,23): error TS7006: Parameter 'r' implicitly has an 'any' type.
src/services/roleService.ts(6,23): error TS2705: An async function or method in ES5 requires the 'Promise' constructor.  Make sure you have a declaration for the 'Promise' constructor or include 'ES2015' in your '--lib' option.
src/services/roleService.ts(9,32): error TS2705: An async function or method in ES5 requires the 'Promise' constructor.  Make sure you have a declaration for the 'Promise' constructor or include 'ES2015' in your '--lib' option.
src/services/roleService.ts(12,33): error TS2705: An async function or method in ES5 requires the 'Promise' constructor.  Make sure you have a declaration for the 'Promise' constructor or include 'ES2015' in your '--lib' option.
src/services/roleService.ts(15,36): error TS2705: An async function or method in ES5 requires the 'Promise' constructor.  Make sure you have a declaration for the 'Promise' constructor or include 'ES2015' in your '--lib' option.
src/services/roleService.ts(16,22): error TS2550: Property 'find' does not exist on type 'Role[]'. Do you need to change your target library? Try changing the 'lib' compiler option to 'es2015' or later.
src/services/roleService.ts(16,27): error TS7006: Parameter 'r' implicitly has an 'any' type.
src/services/roleService.ts(18,73): error TS2705: An async function or method in ES5 requires the 'Promise' constructor.  Make sure you have a declaration for the 'Promise' constructor or include 'ES2015' in your '--lib' option.
src/services/roleService.ts(19,39): error TS2550: Property 'findIndex' does not exist on type 'RolePermission[]'. Do you need to change your target library? Try changing the 'lib' compiler option to 'es2015' or later.
src/services/roleService.ts(19,49): error TS7006: Parameter 'p' implicitly has an 'any' type.
src/services/roleService.ts(25,16): error TS2585: 'Promise' only refers to a type, but is being used as a value here. Do you need to change your target library? Try changing the 'lib' compiler option to es2015 or later.
src/services/roleService.ts(25,24): error TS7006: Parameter 'resolve' implicitly has an 'any' type.
src/services/roomService.ts(2,21): error TS6133: 'RoomStatus' is declared but its value is never read.
src/services/roomService.ts(2,33): error TS6133: 'RoomType' is declared but its value is never read.
src/services/roomService.ts(3,22): error TS6133: 'RoomStatusHistory' is declared but its value is never read.
src/services/roomService.ts(4,8): error TS2307: Cannot find module '@/models/Room' or its corresponding type declarations.
src/services/roomService.ts(5,23): error TS2307: Cannot find module '@/models/Asset' or its corresponding type declarations.
src/services/roomService.ts(6,1): error TS6192: All imports in import declaration are unused.
src/services/roomService.ts(7,72): error TS2307: Cannot find module '@/mocks/roomMocks' or its corresponding type declarations.
src/services/roomService.ts(8,29): error TS2307: Cannot find module '@/mocks/assetMocks' or its corresponding type declarations.
src/services/roomService.ts(9,24): error TS2307: Cannot find module '@/stores/uiStore' or its corresponding type declarations.
src/services/roomService.ts(12,36): error TS2705: An async function or method in ES5 requires the 'Promise' constructor.  Make sure you have a declaration for the 'Promise' constructor or include 'ES2015' in your '--lib' option.
src/services/roomService.ts(13,15): error TS2585: 'Promise' only refers to a type, but is being used as a value here. Do you need to change your target library? Try changing the 'lib' compiler option to es2015 or later.
src/services/roomService.ts(13,23): error TS7006: Parameter 'r' implicitly has an 'any' type.
src/services/roomService.ts(49,53): error TS2705: An async function or method in ES5 requires the 'Promise' constructor.  Make sure you have a declaration for the 'Promise' constructor or include 'ES2015' in your '--lib' option.
src/services/roomService.ts(50,15): error TS2585: 'Promise' only refers to a type, but is being used as a value here. Do you need to change your target library? Try changing the 'lib' compiler option to es2015 or later.
src/services/roomService.ts(50,23): error TS7006: Parameter 'r' implicitly has an 'any' type.
src/services/roomService.ts(51,40): error TS7006: Parameter 'h' implicitly has an 'any' type.
src/services/roomService.ts(54,38): error TS2705: An async function or method in ES5 requires the 'Promise' constructor.  Make sure you have a declaration for the 'Promise' constructor or include 'ES2015' in your '--lib' option.
src/services/roomService.ts(55,15): error TS2585: 'Promise' only refers to a type, but is being used as a value here. Do you need to change your target library? Try changing the 'lib' compiler option to es2015 or later.
src/services/roomService.ts(55,23): error TS7006: Parameter 'r' implicitly has an 'any' type.
src/services/roomService.ts(59,66): error TS2705: An async function or method in ES5 requires the 'Promise' constructor.  Make sure you have a declaration for the 'Promise' constructor or include 'ES2015' in your '--lib' option.
src/services/roomService.ts(60,29): error TS7006: Parameter 'r' implicitly has an 'any' type.
src/services/roomService.ts(63,34): error TS2705: An async function or method in ES5 requires the 'Promise' constructor.  Make sure you have a declaration for the 'Promise' constructor or include 'ES2015' in your '--lib' option.
src/services/roomService.ts(67,46): error TS2705: An async function or method in ES5 requires the 'Promise' constructor.  Make sure you have a declaration for the 'Promise' constructor or include 'ES2015' in your '--lib' option.
src/services/roomService.ts(71,21): error TS6133: 'filters' is declared but its value is never read.
src/services/roomService.ts(71,37): error TS2705: An async function or method in ES5 requires the 'Promise' constructor.  Make sure you have a declaration for the 'Promise' constructor or include 'ES2015' in your '--lib' option.
src/services/roomService.ts(72,15): error TS2585: 'Promise' only refers to a type, but is being used as a value here. Do you need to change your target library? Try changing the 'lib' compiler option to es2015 or later.
src/services/roomService.ts(72,23): error TS7006: Parameter 'r' implicitly has an 'any' type.
src/services/serviceService.ts(1,23): error TS2307: Cannot find module '@/services/apiClient' or its corresponding type declarations.
src/services/serviceService.ts(9,8): error TS2307: Cannot find module '@/types/service' or its corresponding type declarations.
src/services/serviceService.ts(10,59): error TS2307: Cannot find module '@/mocks/serviceMocks' or its corresponding type declarations.
src/services/serviceService.ts(14,4): error TS2705: An async function or method in ES5 requires the 'Promise' constructor.  Make sure you have a declaration for the 'Promise' constructor or include 'ES2015' in your '--lib' option.
src/services/serviceService.ts(15,13): error TS2585: 'Promise' only refers to a type, but is being used as a value here. Do you need to change your target library? Try changing the 'lib' compiler option to es2015 or later.
src/services/serviceService.ts(15,21): error TS7006: Parameter 'r' implicitly has an 'any' type.
src/services/serviceService.ts(26,51): error TS2705: An async function or method in ES5 requires the 'Promise' constructor.  Make sure you have a declaration for the 'Promise' constructor or include 'ES2015' in your '--lib' option.
src/services/serviceService.ts(27,39): error TS2550: Property 'find' does not exist on type 'Service[]'. Do you need to change your target library? Try changing the 'lib' compiler option to 'es2015' or later.
src/services/serviceService.ts(27,44): error TS7006: Parameter 's' implicitly has an 'any' type.
src/services/serviceService.ts(32,4): error TS2705: An async function or method in ES5 requires the 'Promise' constructor.  Make sure you have a declaration for the 'Promise' constructor or include 'ES2015' in your '--lib' option.
src/services/serviceService.ts(33,44): error TS7006: Parameter 'h' implicitly has an 'any' type.
src/services/serviceService.ts(36,61): error TS2705: An async function or method in ES5 requires the 'Promise' constructor.  Make sure you have a declaration for the 'Promise' constructor or include 'ES2015' in your '--lib' option.
src/services/serviceService.ts(43,4): error TS2705: An async function or method in ES5 requires the 'Promise' constructor.  Make sure you have a declaration for the 'Promise' constructor or include 'ES2015' in your '--lib' option.
src/services/serviceService.ts(50,4): error TS2705: An async function or method in ES5 requires the 'Promise' constructor.  Make sure you have a declaration for the 'Promise' constructor or include 'ES2015' in your '--lib' option.
src/services/serviceService.ts(57,4): error TS2705: An async function or method in ES5 requires the 'Promise' constructor.  Make sure you have a declaration for the 'Promise' constructor or include 'ES2015' in your '--lib' option.
src/services/serviceService.ts(61,46): error TS6133: 'code' is declared but its value is never read.
src/services/serviceService.ts(61,60): error TS6133: 'excludeId' is declared but its value is never read.
src/services/serviceService.ts(61,81): error TS2705: An async function or method in ES5 requires the 'Promise' constructor.  Make sure you have a declaration for the 'Promise' constructor or include 'ES2015' in your '--lib' option.
src/services/serviceService.ts(62,46): error TS6133: 'name' is declared but its value is never read.
src/services/serviceService.ts(62,60): error TS6133: 'excludeId' is declared but its value is never read.
src/services/serviceService.ts(62,81): error TS2705: An async function or method in ES5 requires the 'Promise' constructor.  Make sure you have a declaration for the 'Promise' constructor or include 'ES2015' in your '--lib' option.
src/services/tenantDashboardService.ts(1,1): error TS6133: 'api' is declared but its value is never read.
src/services/tenantDashboardService.ts(2,10): error TS6133: 'KPIData' is declared but its value is never read.
src/services/tenantDashboardService.ts(31,48): error TS2705: An async function or method in ES5 requires the 'Promise' constructor.  Make sure you have a declaration for the 'Promise' constructor or include 'ES2015' in your '--lib' option.
src/services/tenantDashboardService.ts(35,15): error TS2585: 'Promise' only refers to a type, but is being used as a value here. Do you need to change your target library? Try changing the 'lib' compiler option to es2015 or later.
src/services/tenantDashboardService.ts(35,23): error TS7006: Parameter 'r' implicitly has an 'any' type.
src/services/tenantService.ts(2,33): error TS6133: 'TenantStatus' is declared but its value is never read.
src/services/tenantService.ts(5,8): error TS2307: Cannot find module '@/models/Tenant' or its corresponding type declarations.
src/services/tenantService.ts(6,57): error TS2307: Cannot find module '@/models/TenantBalance' or its corresponding type declarations.
src/services/tenantService.ts(7,102): error TS2307: Cannot find module '@/mocks/tenantMocks' or its corresponding type declarations.
src/services/tenantService.ts(8,29): error TS2307: Cannot find module '@/mocks/paymentMocks' or its corresponding type declarations.
src/services/tenantService.ts(9,30): error TS2307: Cannot find module '@/mocks/tenantBalanceMocks' or its corresponding type declarations.
src/services/tenantService.ts(12,38): error TS2705: An async function or method in ES5 requires the 'Promise' constructor.  Make sure you have a declaration for the 'Promise' constructor or include 'ES2015' in your '--lib' option.
src/services/tenantService.ts(13,15): error TS2585: 'Promise' only refers to a type, but is being used as a value here. Do you need to change your target library? Try changing the 'lib' compiler option to es2015 or later.
src/services/tenantService.ts(13,23): error TS7006: Parameter 'r' implicitly has an 'any' type.
src/services/tenantService.ts(25,40): error TS2705: An async function or method in ES5 requires the 'Promise' constructor.  Make sure you have a declaration for the 'Promise' constructor or include 'ES2015' in your '--lib' option.
src/services/tenantService.ts(26,15): error TS2585: 'Promise' only refers to a type, but is being used as a value here. Do you need to change your target library? Try changing the 'lib' compiler option to es2015 or later.
src/services/tenantService.ts(26,23): error TS7006: Parameter 'r' implicitly has an 'any' type.
src/services/tenantService.ts(30,41): error TS2705: An async function or method in ES5 requires the 'Promise' constructor.  Make sure you have a declaration for the 'Promise' constructor or include 'ES2015' in your '--lib' option.
src/services/tenantService.ts(31,15): error TS2585: 'Promise' only refers to a type, but is being used as a value here. Do you need to change your target library? Try changing the 'lib' compiler option to es2015 or later.
src/services/tenantService.ts(31,23): error TS7006: Parameter 'r' implicitly has an 'any' type.
src/services/tenantService.ts(35,40): error TS2705: An async function or method in ES5 requires the 'Promise' constructor.  Make sure you have a declaration for the 'Promise' constructor or include 'ES2015' in your '--lib' option.
src/services/tenantService.ts(36,15): error TS2585: 'Promise' only refers to a type, but is being used as a value here. Do you need to change your target library? Try changing the 'lib' compiler option to es2015 or later.
src/services/tenantService.ts(36,23): error TS7006: Parameter 'r' implicitly has an 'any' type.
src/services/tenantService.ts(37,31): error TS7006: Parameter 'l' implicitly has an 'any' type.
src/services/tenantService.ts(40,45): error TS2705: An async function or method in ES5 requires the 'Promise' constructor.  Make sure you have a declaration for the 'Promise' constructor or include 'ES2015' in your '--lib' option.
src/services/tenantService.ts(41,43): error TS7006: Parameter 'ec' implicitly has an 'any' type.
src/services/tenantService.ts(44,46): error TS2705: An async function or method in ES5 requires the 'Promise' constructor.  Make sure you have a declaration for the 'Promise' constructor or include 'ES2015' in your '--lib' option.
src/services/tenantService.ts(49,23): error TS6133: 'id' is declared but its value is never read.
src/services/tenantService.ts(49,36): error TS2705: An async function or method in ES5 requires the 'Promise' constructor.  Make sure you have a declaration for the 'Promise' constructor or include 'ES2015' in your '--lib' option.
src/services/tenantService.ts(50,25): error TS6133: 'id' is declared but its value is never read.
src/services/tenantService.ts(50,38): error TS2705: An async function or method in ES5 requires the 'Promise' constructor.  Make sure you have a declaration for the 'Promise' constructor or include 'ES2015' in your '--lib' option.
src/services/tenantService.ts(51,53): error TS2705: An async function or method in ES5 requires the 'Promise' constructor.  Make sure you have a declaration for the 'Promise' constructor or include 'ES2015' in your '--lib' option.
src/services/tenantService.ts(52,15): error TS2585: 'Promise' only refers to a type, but is being used as a value here. Do you need to change your target library? Try changing the 'lib' compiler option to es2015 or later.
src/services/tenantService.ts(52,23): error TS7006: Parameter 'r' implicitly has an 'any' type.
src/services/tenantService.ts(53,31): error TS7006: Parameter 'l' implicitly has an 'any' type.
src/services/tenantService.ts(55,31): error TS2705: An async function or method in ES5 requires the 'Promise' constructor.  Make sure you have a declaration for the 'Promise' constructor or include 'ES2015' in your '--lib' option.
src/services/ticketService.ts(2,11): error TS6133: 'TicketSummary' is declared but its value is never read.
src/services/ticketService.ts(3,3): error TS6133: 'TicketPriority' is declared but its value is never read.
src/services/ticketService.ts(3,19): error TS6133: 'TicketType' is declared but its value is never read.
src/services/ticketService.ts(5,8): error TS2307: Cannot find module '@/models/Ticket' or its corresponding type declarations.
src/services/ticketService.ts(11,8): error TS2307: Cannot find module '@/mocks/ticketMocks' or its corresponding type declarations.
src/services/ticketService.ts(14,38): error TS2705: An async function or method in ES5 requires the 'Promise' constructor.  Make sure you have a declaration for the 'Promise' constructor or include 'ES2015' in your '--lib' option.
src/services/ticketService.ts(15,15): error TS2585: 'Promise' only refers to a type, but is being used as a value here. Do you need to change your target library? Try changing the 'lib' compiler option to es2015 or later.
src/services/ticketService.ts(15,23): error TS7006: Parameter 'r' implicitly has an 'any' type.
src/services/ticketService.ts(23,40): error TS2705: An async function or method in ES5 requires the 'Promise' constructor.  Make sure you have a declaration for the 'Promise' constructor or include 'ES2015' in your '--lib' option.
src/services/ticketService.ts(24,15): error TS2585: 'Promise' only refers to a type, but is being used as a value here. Do you need to change your target library? Try changing the 'lib' compiler option to es2015 or later.
src/services/ticketService.ts(24,23): error TS7006: Parameter 'r' implicitly has an 'any' type.
src/services/ticketService.ts(25,30): error TS7006: Parameter 't' implicitly has an 'any' type.
src/services/ticketService.ts(28,48): error TS2705: An async function or method in ES5 requires the 'Promise' constructor.  Make sure you have a declaration for the 'Promise' constructor or include 'ES2015' in your '--lib' option.
src/services/ticketService.ts(29,15): error TS2585: 'Promise' only refers to a type, but is being used as a value here. Do you need to change your target library? Try changing the 'lib' compiler option to es2015 or later.
src/services/ticketService.ts(29,23): error TS7006: Parameter 'r' implicitly has an 'any' type.
src/services/ticketService.ts(30,40): error TS7006: Parameter 'c' implicitly has an 'any' type.
src/services/ticketService.ts(33,34): error TS2705: An async function or method in ES5 requires the 'Promise' constructor.  Make sure you have a declaration for the 'Promise' constructor or include 'ES2015' in your '--lib' option.
src/services/ticketService.ts(37,96): error TS2705: An async function or method in ES5 requires the 'Promise' constructor.  Make sure you have a declaration for the 'Promise' constructor or include 'ES2015' in your '--lib' option.
src/services/ticketService.ts(38,15): error TS2585: 'Promise' only refers to a type, but is being used as a value here. Do you need to change your target library? Try changing the 'lib' compiler option to es2015 or later.
src/services/ticketService.ts(38,23): error TS7006: Parameter 'r' implicitly has an 'any' type.
src/services/ticketService.ts(48,30): error TS6133: 'id' is declared but its value is never read.
src/services/ticketService.ts(48,42): error TS6133: 'status' is declared but its value is never read.
src/services/ticketService.ts(48,65): error TS2705: An async function or method in ES5 requires the 'Promise' constructor.  Make sure you have a declaration for the 'Promise' constructor or include 'ES2015' in your '--lib' option.
src/services/ticketService.ts(49,15): error TS2585: 'Promise' only refers to a type, but is being used as a value here. Do you need to change your target library? Try changing the 'lib' compiler option to es2015 or later.
src/services/ticketService.ts(49,23): error TS7006: Parameter 'r' implicitly has an 'any' type.
src/services/ticketService.ts(53,77): error TS2705: An async function or method in ES5 requires the 'Promise' constructor.  Make sure you have a declaration for the 'Promise' constructor or include 'ES2015' in your '--lib' option.
src/services/ticketService.ts(54,15): error TS2585: 'Promise' only refers to a type, but is being used as a value here. Do you need to change your target library? Try changing the 'lib' compiler option to es2015 or later.
src/services/ticketService.ts(54,23): error TS7006: Parameter 'r' implicitly has an 'any' type.
src/services/ticketService.ts(59,87): error TS2705: An async function or method in ES5 requires the 'Promise' constructor.  Make sure you have a declaration for the 'Promise' constructor or include 'ES2015' in your '--lib' option.
src/services/ticketService.ts(60,15): error TS2585: 'Promise' only refers to a type, but is being used as a value here. Do you need to change your target library? Try changing the 'lib' compiler option to es2015 or later.
src/services/ticketService.ts(60,23): error TS7006: Parameter 'r' implicitly has an 'any' type.
src/services/ticketService.ts(74,45): error TS2705: An async function or method in ES5 requires the 'Promise' constructor.  Make sure you have a declaration for the 'Promise' constructor or include 'ES2015' in your '--lib' option.
src/services/ticketService.ts(75,15): error TS2585: 'Promise' only refers to a type, but is being used as a value here. Do you need to change your target library? Try changing the 'lib' compiler option to es2015 or later.
src/services/ticketService.ts(75,23): error TS7006: Parameter 'r' implicitly has an 'any' type.
src/services/userService.ts(1,1): error TS6133: 'apiClient' is declared but its value is never read.
src/services/userService.ts(2,22): error TS2307: Cannot find module '@/types' or its corresponding type declarations.
src/services/userService.ts(3,27): error TS2307: Cannot find module '@/mocks/userMocks' or its corresponding type declarations.
src/services/userService.ts(6,126): error TS2705: An async function or method in ES5 requires the 'Promise' constructor.  Make sure you have a declaration for the 'Promise' constructor or include 'ES2015' in your '--lib' option.
src/services/userService.ts(7,15): error TS2585: 'Promise' only refers to a type, but is being used as a value here. Do you need to change your target library? Try changing the 'lib' compiler option to es2015 or later.
src/services/userService.ts(7,23): error TS7006: Parameter 'resolve' implicitly has an 'any' type.
src/services/userService.ts(34,45): error TS2705: An async function or method in ES5 requires the 'Promise' constructor.  Make sure you have a declaration for the 'Promise' constructor or include 'ES2015' in your '--lib' option.
src/services/userService.ts(36,27): error TS7006: Parameter 'u' implicitly has an 'any' type.
src/services/userService.ts(39,47): error TS2705: An async function or method in ES5 requires the 'Promise' constructor.  Make sure you have a declaration for the 'Promise' constructor or include 'ES2015' in your '--lib' option.
src/services/userService.ts(40,15): error TS2585: 'Promise' only refers to a type, but is being used as a value here. Do you need to change your target library? Try changing the 'lib' compiler option to es2015 or later.
src/services/userService.ts(40,23): error TS7006: Parameter 'resolve' implicitly has an 'any' type.
src/services/userService.ts(45,65): error TS2705: An async function or method in ES5 requires the 'Promise' constructor.  Make sure you have a declaration for the 'Promise' constructor or include 'ES2015' in your '--lib' option.
src/services/userService.ts(46,15): error TS2585: 'Promise' only refers to a type, but is being used as a value here. Do you need to change your target library? Try changing the 'lib' compiler option to es2015 or later.
src/services/userService.ts(46,23): error TS7006: Parameter 'resolve' implicitly has an 'any' type.
src/services/userService.ts(50,22): error TS6133: 'id' is declared but its value is never read.
src/services/userService.ts(50,44): error TS2705: An async function or method in ES5 requires the 'Promise' constructor.  Make sure you have a declaration for the 'Promise' constructor or include 'ES2015' in your '--lib' option.
src/services/userService.ts(51,15): error TS2585: 'Promise' only refers to a type, but is being used as a value here. Do you need to change your target library? Try changing the 'lib' compiler option to es2015 or later.
src/services/userService.ts(51,23): error TS7006: Parameter 'resolve' implicitly has an 'any' type.
src/services/userService.ts(54,25): error TS6133: 'id' is declared but its value is never read.
src/services/userService.ts(54,46): error TS6133: 'newPassword' is declared but its value is never read.
src/services/userService.ts(54,69): error TS2705: An async function or method in ES5 requires the 'Promise' constructor.  Make sure you have a declaration for the 'Promise' constructor or include 'ES2015' in your '--lib' option.
src/services/userService.ts(55,15): error TS2585: 'Promise' only refers to a type, but is being used as a value here. Do you need to change your target library? Try changing the 'lib' compiler option to es2015 or later.
src/services/userService.ts(55,23): error TS7006: Parameter 'resolve' implicitly has an 'any' type.
src/services/userService.ts(58,28): error TS6133: 'id' is declared but its value is never read.
src/services/userService.ts(58,50): error TS2705: An async function or method in ES5 requires the 'Promise' constructor.  Make sure you have a declaration for the 'Promise' constructor or include 'ES2015' in your '--lib' option.
src/services/userService.ts(59,15): error TS2585: 'Promise' only refers to a type, but is being used as a value here. Do you need to change your target library? Try changing the 'lib' compiler option to es2015 or later.
src/services/userService.ts(59,23): error TS7006: Parameter 'resolve' implicitly has an 'any' type.
src/services/userService.ts(62,34): error TS6133: 'id' is declared but its value is never read.
src/services/userService.ts(62,56): error TS2705: An async function or method in ES5 requires the 'Promise' constructor.  Make sure you have a declaration for the 'Promise' constructor or include 'ES2015' in your '--lib' option.
src/services/userService.ts(63,15): error TS2585: 'Promise' only refers to a type, but is being used as a value here. Do you need to change your target library? Try changing the 'lib' compiler option to es2015 or later.
src/services/userService.ts(63,23): error TS7006: Parameter 'resolve' implicitly has an 'any' type.
src/services/visitorService.ts(1,40): error TS2307: Cannot find module '@/mocks/visitorMocks' or its corresponding type declarations.
src/services/visitorService.ts(4,39): error TS2705: An async function or method in ES5 requires the 'Promise' constructor.  Make sure you have a declaration for the 'Promise' constructor or include 'ES2015' in your '--lib' option.
src/services/visitorService.ts(5,15): error TS2585: 'Promise' only refers to a type, but is being used as a value here. Do you need to change your target library? Try changing the 'lib' compiler option to es2015 or later.
src/services/visitorService.ts(5,23): error TS7006: Parameter 'r' implicitly has an 'any' type.
src/services/visitorService.ts(13,41): error TS2705: An async function or method in ES5 requires the 'Promise' constructor.  Make sure you have a declaration for the 'Promise' constructor or include 'ES2015' in your '--lib' option.
src/services/visitorService.ts(14,15): error TS2585: 'Promise' only refers to a type, but is being used as a value here. Do you need to change your target library? Try changing the 'lib' compiler option to es2015 or later.
src/services/visitorService.ts(14,23): error TS7006: Parameter 'r' implicitly has an 'any' type.
src/services/visitorService.ts(15,31): error TS7006: Parameter 'v' implicitly has an 'any' type.
src/services/visitorService.ts(18,78): error TS2705: An async function or method in ES5 requires the 'Promise' constructor.  Make sure you have a declaration for the 'Promise' constructor or include 'ES2015' in your '--lib' option.
src/services/visitorService.ts(19,15): error TS2585: 'Promise' only refers to a type, but is being used as a value here. Do you need to change your target library? Try changing the 'lib' compiler option to es2015 or later.
src/services/visitorService.ts(19,23): error TS7006: Parameter 'r' implicitly has an 'any' type.
src/stores/authStore.ts(26,11): error TS6133: 'get' is declared but its value is never read.
src/stores/authStore.ts(49,21): error TS2705: An async function or method in ES5 requires the 'Promise' constructor.  Make sure you have a declaration for the 'Promise' constructor or include 'ES2015' in your '--lib' option.
src/stores/authStore.ts(55,27): error TS1343: The 'import.meta' meta-property is only allowed when the '--module' option is 'es2020', 'es2022', 'esnext', 'system', 'node16', 'node18', 'node20', or 'nodenext'.
src/stores/notificationStore.ts(3,30): error TS2307: Cannot find module '@/types/notification' or its corresponding type declarations.
src/stores/notificationStore.ts(23,16): error TS2705: An async function or method in ES5 requires the 'Promise' constructor.  Make sure you have a declaration for the 'Promise' constructor or include 'ES2015' in your '--lib' option.
src/types/index.ts(1,13): error TS1294: This syntax is not allowed when 'erasableSyntaxOnly' is enabled.
src/utils/errorUtils.ts(2,1): error TS6133: 'ApiError' is declared but its value is never read.
src/utils/errorUtils.ts(2,26): error TS2307: Cannot find module '@/types/api' or its corresponding type declarations.
src/utils/index.ts(24,26): error TS2769: No overload matches this call.
  Overload 1 of 4, '(vd: VarDate): Date', gave the following error.
    Argument of type 'string | number | Date' is not assignable to parameter of type 'VarDate'.
      Type 'string' is not assignable to type 'VarDate'.
  Overload 2 of 4, '(value: string | number): Date', gave the following error.
    Argument of type 'string | number | Date' is not assignable to parameter of type 'string | number'.
      Type 'Date' is not assignable to type 'string | number'.
src/utils/index.ts(46,54): error TS2769: No overload matches this call.
  Overload 1 of 4, '(vd: VarDate): Date', gave the following error.
    Argument of type 'string | Date' is not assignable to parameter of type 'VarDate'.
      Type 'string' is not assignable to type 'VarDate'.
  Overload 2 of 4, '(value: string | number): Date', gave the following error.
    Argument of type 'string | Date' is not assignable to parameter of type 'string | number'.
      Type 'Date' is not assignable to type 'string | number'.
src/utils/index.ts(54,39): error TS2769: No overload matches this call.
  Overload 1 of 4, '(vd: VarDate): Date', gave the following error.
    Argument of type 'string | Date' is not assignable to parameter of type 'VarDate'.
      Type 'string' is not assignable to type 'VarDate'.
  Overload 2 of 4, '(value: string | number): Date', gave the following error.
    Argument of type 'string | Date' is not assignable to parameter of type 'string | number'.
      Type 'Date' is not assignable to type 'string | number'.
src/utils/security.ts(24,16): error TS2550: Property 'startsWith' does not exist on type 'string'. Do you need to change your target library? Try changing the 'lib' compiler option to 'es2015' or later.
src/utils/security.ts(25,16): error TS2550: Property 'startsWith' does not exist on type 'string'. Do you need to change your target library? Try changing the 'lib' compiler option to 'es2015' or later.
src/utils/security.ts(27,21): error TS2550: Property 'startsWith' does not exist on type 'string'. Do you need to change your target library? Try changing the 'lib' compiler option to 'es2015' or later.
src/utils/security.ts(29,16): error TS2550: Property 'startsWith' does not exist on type 'string'. Do you need to change your target library? Try changing the 'lib' compiler option to 'es2015' or later.
src/utils/security.ts(32,17): error TS2550: Property 'startsWith' does not exist on type 'string'. Do you need to change your target library? Try changing the 'lib' compiler option to 'es2015' or later.
src/utils/security.ts(32,52): error TS2550: Property 'startsWith' does not exist on type 'string'. Do you need to change your target library? Try changing the 'lib' compiler option to 'es2015' or later.
src/utils/security.ts(34,13): error TS2550: Property 'startsWith' does not exist on type 'string'. Do you need to change your target library? Try changing the 'lib' compiler option to 'es2015' or later.
src/utils/security.ts(44,39): error TS2550: Property 'endsWith' does not exist on type 'string'. Do you need to change your target library? Try changing the 'lib' compiler option to 'es2015' or later.
src/utils/security.ts(63,56): error TS2705: An async function or method in ES5 requires the 'Promise' constructor.  Make sure you have a declaration for the 'Promise' constructor or include 'ES2015' in your '--lib' option.
src/utils/security.ts(64,14): error TS2585: 'Promise' only refers to a type, but is being used as a value here. Do you need to change your target library? Try changing the 'lib' compiler option to es2015 or later.
src/utils/security.ts(64,23): error TS7006: Parameter 'resolve' implicitly has an 'any' type.
src/utils/security.ts(71,39): error TS2550: Property 'padStart' does not exist on type 'string'. Do you need to change your target library? Try changing the 'lib' compiler option to 'es2017' or later.
src/utils/security.ts(74,28): error TS2550: Property 'startsWith' does not exist on type 'string'. Do you need to change your target library? Try changing the 'lib' compiler option to 'es2015' or later.
src/utils/security.ts(75,29): error TS2550: Property 'startsWith' does not exist on type 'string'. Do you need to change your target library? Try changing the 'lib' compiler option to 'es2015' or later.
src/utils/security.ts(76,29): error TS2550: Property 'includes' does not exist on type 'string'. Do you need to change your target library? Try changing the 'lib' compiler option to 'es2015' or later.
src/utils/serviceHelpers.ts(1,44): error TS2307: Cannot find module '@/types/service' or its corresponding type declarations.
src/views/admin/assets/AssetCatalog.tsx(1,8): error TS1259: Module '"C:/code_visual_xanh/lab60622/lab60622/node_modules/@types/react/index"' can only be default-imported using the 'esModuleInterop' flag
src/views/admin/assets/AssetCatalog.tsx(3,20): error TS6133: 'Filter' is declared but its value is never read.
src/views/admin/assets/AssetCatalog.tsx(5,8): error TS6133: 'Layout' is declared but its value is never read.
src/views/admin/assets/AssetCatalog.tsx(5,25): error TS6133: 'Download' is declared but its value is never read.
src/views/admin/assets/AssetCatalog.tsx(9,30): error TS2307: Cannot find module '@/services/assetService' or its corresponding type declarations.
src/views/admin/assets/AssetCatalog.tsx(10,23): error TS2307: Cannot find module '@/models/Asset' or its corresponding type declarations.
src/views/admin/assets/AssetCatalog.tsx(11,43): error TS2307: Cannot find module '@/utils' or its corresponding type declarations.
src/views/admin/assets/AssetCatalog.tsx(12,25): error TS2307: Cannot find module '@/components/ui/Feedback' or its corresponding type declarations.
src/views/admin/assets/AssetCatalog.tsx(25,18): error TS2550: Property 'from' does not exist on type 'ArrayConstructor'. Do you need to change your target library? Try changing the 'lib' compiler option to 'es2015' or later.
src/views/admin/assets/AssetCatalog.tsx(25,43): error TS7006: Parameter '_' implicitly has an 'any' type.
src/views/admin/assets/AssetCatalog.tsx(25,46): error TS7006: Parameter 'i' implicitly has an 'any' type.
src/views/admin/assets/AssetCatalog.tsx(26,7): error TS17004: Cannot use JSX unless the '--jsx' flag is provided.
src/views/admin/assets/AssetCatalog.tsx(38,5): error TS17004: Cannot use JSX unless the '--jsx' flag is provided.
src/views/admin/assets/AssetCatalog.tsx(39,7): error TS17004: Cannot use JSX unless the '--jsx' flag is provided.
src/views/admin/assets/AssetCatalog.tsx(40,9): error TS17004: Cannot use JSX unless the '--jsx' flag is provided.
src/views/admin/assets/AssetCatalog.tsx(41,11): error TS17004: Cannot use JSX unless the '--jsx' flag is provided.
src/views/admin/assets/AssetCatalog.tsx(42,11): error TS17004: Cannot use JSX unless the '--jsx' flag is provided.
src/views/admin/assets/AssetCatalog.tsx(44,9): error TS17004: Cannot use JSX unless the '--jsx' flag is provided.
src/views/admin/assets/AssetCatalog.tsx(45,12): error TS17004: Cannot use JSX unless the '--jsx' flag is provided.
src/views/admin/assets/AssetCatalog.tsx(45,138): error TS17004: Cannot use JSX unless the '--jsx' flag is provided.
src/views/admin/assets/AssetCatalog.tsx(46,12): error TS17004: Cannot use JSX unless the '--jsx' flag is provided.
src/views/admin/assets/AssetCatalog.tsx(47,15): error TS17004: Cannot use JSX unless the '--jsx' flag is provided.
src/views/admin/assets/AssetCatalog.tsx(52,7): error TS17004: Cannot use JSX unless the '--jsx' flag is provided.
src/views/admin/assets/AssetCatalog.tsx(53,10): error TS17004: Cannot use JSX unless the '--jsx' flag is provided.
src/views/admin/assets/AssetCatalog.tsx(54,13): error TS17004: Cannot use JSX unless the '--jsx' flag is provided.
src/views/admin/assets/AssetCatalog.tsx(55,16): error TS17004: Cannot use JSX unless the '--jsx' flag is provided.
src/views/admin/assets/AssetCatalog.tsx(56,18): error TS17004: Cannot use JSX unless the '--jsx' flag is provided.
src/views/admin/assets/AssetCatalog.tsx(57,18): error TS17004: Cannot use JSX unless the '--jsx' flag is provided.
src/views/admin/assets/AssetCatalog.tsx(66,16): error TS17004: Cannot use JSX unless the '--jsx' flag is provided.
src/views/admin/assets/AssetCatalog.tsx(71,18): error TS17004: Cannot use JSX unless the '--jsx' flag is provided.
src/views/admin/assets/AssetCatalog.tsx(72,18): error TS17004: Cannot use JSX unless the '--jsx' flag is provided.
src/views/admin/assets/AssetCatalog.tsx(73,18): error TS17004: Cannot use JSX unless the '--jsx' flag is provided.
src/views/admin/assets/AssetCatalog.tsx(74,18): error TS17004: Cannot use JSX unless the '--jsx' flag is provided.
src/views/admin/assets/AssetCatalog.tsx(75,18): error TS17004: Cannot use JSX unless the '--jsx' flag is provided.
src/views/admin/assets/AssetCatalog.tsx(79,13): error TS17004: Cannot use JSX unless the '--jsx' flag is provided.
src/views/admin/assets/AssetCatalog.tsx(80,16): error TS17004: Cannot use JSX unless the '--jsx' flag is provided.
src/views/admin/assets/AssetCatalog.tsx(80,58): error TS17004: Cannot use JSX unless the '--jsx' flag is provided.
src/views/admin/assets/AssetCatalog.tsx(81,16): error TS17004: Cannot use JSX unless the '--jsx' flag is provided.
src/views/admin/assets/AssetCatalog.tsx(81,58): error TS17004: Cannot use JSX unless the '--jsx' flag is provided.
src/views/admin/assets/AssetCatalog.tsx(87,9): error TS17004: Cannot use JSX unless the '--jsx' flag is provided.
src/views/admin/assets/AssetCatalog.tsx(88,12): error TS17004: Cannot use JSX unless the '--jsx' flag is provided.
src/views/admin/assets/AssetCatalog.tsx(91,9): error TS17004: Cannot use JSX unless the '--jsx' flag is provided.
src/views/admin/assets/AssetCatalog.tsx(92,12): error TS17004: Cannot use JSX unless the '--jsx' flag is provided.
src/views/admin/assets/AssetCatalog.tsx(93,15): error TS17004: Cannot use JSX unless the '--jsx' flag is provided.
src/views/admin/assets/AssetCatalog.tsx(94,18): error TS17004: Cannot use JSX unless the '--jsx' flag is provided.
src/views/admin/assets/AssetCatalog.tsx(95,21): error TS17004: Cannot use JSX unless the '--jsx' flag is provided.
src/views/admin/assets/AssetCatalog.tsx(96,24): error TS17004: Cannot use JSX unless the '--jsx' flag is provided.
src/views/admin/assets/AssetCatalog.tsx(97,24): error TS17004: Cannot use JSX unless the '--jsx' flag is provided.
src/views/admin/assets/AssetCatalog.tsx(98,24): error TS17004: Cannot use JSX unless the '--jsx' flag is provided.
src/views/admin/assets/AssetCatalog.tsx(99,24): error TS17004: Cannot use JSX unless the '--jsx' flag is provided.
src/views/admin/assets/AssetCatalog.tsx(100,24): error TS17004: Cannot use JSX unless the '--jsx' flag is provided.
src/views/admin/assets/AssetCatalog.tsx(101,24): error TS17004: Cannot use JSX unless the '--jsx' flag is provided.
src/views/admin/assets/AssetCatalog.tsx(102,24): error TS17004: Cannot use JSX unless the '--jsx' flag is provided.
src/views/admin/assets/AssetCatalog.tsx(105,18): error TS17004: Cannot use JSX unless the '--jsx' flag is provided.
src/views/admin/assets/AssetCatalog.tsx(107,23): error TS17004: Cannot use JSX unless the '--jsx' flag is provided.
src/views/admin/assets/AssetCatalog.tsx(108,26): error TS17004: Cannot use JSX unless the '--jsx' flag is provided.
src/views/admin/assets/AssetCatalog.tsx(109,29): error TS17004: Cannot use JSX unless the '--jsx' flag is provided.
src/views/admin/assets/AssetCatalog.tsx(110,32): error TS17004: Cannot use JSX unless the '--jsx' flag is provided.
src/views/admin/assets/AssetCatalog.tsx(111,65): error TS17004: Cannot use JSX unless the '--jsx' flag is provided.
src/views/admin/assets/AssetCatalog.tsx(111,85): error TS17004: Cannot use JSX unless the '--jsx' flag is provided.
src/views/admin/assets/AssetCatalog.tsx(113,32): error TS17004: Cannot use JSX unless the '--jsx' flag is provided.
src/views/admin/assets/AssetCatalog.tsx(114,35): error TS17004: Cannot use JSX unless the '--jsx' flag is provided.
src/views/admin/assets/AssetCatalog.tsx(115,35): error TS17004: Cannot use JSX unless the '--jsx' flag is provided.
src/views/admin/assets/AssetCatalog.tsx(119,26): error TS17004: Cannot use JSX unless the '--jsx' flag is provided.
src/views/admin/assets/AssetCatalog.tsx(120,29): error TS17004: Cannot use JSX unless the '--jsx' flag is provided.
src/views/admin/assets/AssetCatalog.tsx(122,26): error TS17004: Cannot use JSX unless the '--jsx' flag is provided.
src/views/admin/assets/AssetCatalog.tsx(123,29): error TS17004: Cannot use JSX unless the '--jsx' flag is provided.
src/views/admin/assets/AssetCatalog.tsx(124,32): error TS17004: Cannot use JSX unless the '--jsx' flag is provided.
src/views/admin/assets/AssetCatalog.tsx(124,112): error TS17004: Cannot use JSX unless the '--jsx' flag is provided.
src/views/admin/assets/AssetCatalog.tsx(125,32): error TS17004: Cannot use JSX unless the '--jsx' flag is provided.
src/views/admin/assets/AssetCatalog.tsx(125,106): error TS17004: Cannot use JSX unless the '--jsx' flag is provided.
src/views/admin/assets/AssetCatalog.tsx(128,26): error TS17004: Cannot use JSX unless the '--jsx' flag is provided.
src/views/admin/assets/AssetCatalog.tsx(129,29): error TS17004: Cannot use JSX unless the '--jsx' flag is provided.
src/views/admin/assets/AssetCatalog.tsx(130,32): error TS17004: Cannot use JSX unless the '--jsx' flag is provided.
src/views/admin/assets/AssetCatalog.tsx(134,32): error TS17004: Cannot use JSX unless the '--jsx' flag is provided.
src/views/admin/assets/AssetCatalog.tsx(137,26): error TS17004: Cannot use JSX unless the '--jsx' flag is provided.
src/views/admin/assets/AssetCatalog.tsx(138,30): error TS17004: Cannot use JSX unless the '--jsx' flag is provided.
src/views/admin/assets/AssetCatalog.tsx(140,26): error TS17004: Cannot use JSX unless the '--jsx' flag is provided.
src/views/admin/assets/AssetCatalog.tsx(141,26): error TS17004: Cannot use JSX unless the '--jsx' flag is provided.
src/views/admin/assets/AssetCatalog.tsx(142,28): error TS17004: Cannot use JSX unless the '--jsx' flag is provided.
src/views/admin/assets/AssetCatalog.tsx(143,30): error TS17004: Cannot use JSX unless the '--jsx' flag is provided.
src/views/admin/assets/AssetCatalog.tsx(144,33): error TS17004: Cannot use JSX unless the '--jsx' flag is provided.
src/views/admin/assets/AssetCatalog.tsx(146,30): error TS17004: Cannot use JSX unless the '--jsx' flag is provided.
src/views/admin/assets/AssetCatalog.tsx(147,33): error TS17004: Cannot use JSX unless the '--jsx' flag is provided.
src/views/admin/assets/AssetCatalog.tsx(160,7): error TS17004: Cannot use JSX unless the '--jsx' flag is provided.
src/views/admin/assets/AssetCatalog.tsx(166,12): error TS17004: Cannot use JSX unless the '--jsx' flag is provided.
src/views/admin/assets/AssetCatalog.tsx(167,15): error TS17004: Cannot use JSX unless the '--jsx' flag is provided.
src/views/admin/assets/AssetCatalog.tsx(172,18): error TS17004: Cannot use JSX unless the '--jsx' flag is provided.
src/views/admin/assets/AssetCatalog.tsx(174,15): error TS17004: Cannot use JSX unless the '--jsx' flag is provided.
src/views/admin/assets/AssetCatalog.tsx(175,18): error TS17004: Cannot use JSX unless the '--jsx' flag is provided.
src/views/admin/assets/AssetCatalog.tsx(176,18): error TS17004: Cannot use JSX unless the '--jsx' flag is provided.
src/views/admin/buildings/BuildingDetail.tsx(1,8): error TS1259: Module '"C:/code_visual_xanh/lab60622/lab60622/node_modules/@types/react/index"' can only be default-imported using the 'esModuleInterop' flag
src/views/admin/buildings/BuildingDetail.tsx(6,29): error TS6133: 'Users' is declared but its value is never read.
src/views/admin/buildings/BuildingDetail.tsx(7,15): error TS6133: 'TrendingDown' is declared but its value is never read.
src/views/admin/buildings/BuildingDetail.tsx(8,21): error TS6133: 'Maximize' is declared but its value is never read.
src/views/admin/buildings/BuildingDetail.tsx(10,3): error TS6133: 'CheckCircle2' is declared but its value is never read.
src/views/admin/buildings/BuildingDetail.tsx(11,3): error TS6133: 'Star' is declared but its value is never read.
src/views/admin/buildings/BuildingDetail.tsx(11,9): error TS6133: 'Share2' is declared but its value is never read.
src/views/admin/buildings/BuildingDetail.tsx(11,36): error TS6133: 'Clock' is declared but its value is never read.
src/views/admin/buildings/BuildingDetail.tsx(14,33): error TS2307: Cannot find module '@/services/buildingService' or its corresponding type declarations.
src/views/admin/buildings/BuildingDetail.tsx(15,29): error TS2307: Cannot find module '@/services/roomService' or its corresponding type declarations.
src/views/admin/buildings/BuildingDetail.tsx(16,54): error TS2307: Cannot find module '@/models/Building' or its corresponding type declarations.
src/views/admin/buildings/BuildingDetail.tsx(17,22): error TS2307: Cannot find module '@/models/Room' or its corresponding type declarations.
src/views/admin/buildings/BuildingDetail.tsx(18,29): error TS2307: Cannot find module '@/components/ui/StatusBadge' or its corresponding type declarations.
src/views/admin/buildings/BuildingDetail.tsx(19,43): error TS2307: Cannot find module '@/utils' or its corresponding type declarations.
src/views/admin/buildings/BuildingDetail.tsx(20,25): error TS2307: Cannot find module '@/components/ui/Feedback' or its corresponding type declarations.
src/views/admin/buildings/BuildingDetail.tsx(22,31): error TS2307: Cannot find module '@/components/buildings/BuildingModal' or its corresponding type declarations.
src/views/admin/buildings/BuildingDetail.tsx(25,32): error TS2307: Cannot find module '@/components/buildings/OwnershipModal' or its corresponding type declarations.
src/views/admin/buildings/BuildingDetail.tsx(28,3): error TS17004: Cannot use JSX unless the '--jsx' flag is provided.
src/views/admin/buildings/BuildingDetail.tsx(35,5): error TS17004: Cannot use JSX unless the '--jsx' flag is provided.
src/views/admin/buildings/BuildingDetail.tsx(46,25): error TS17004: Cannot use JSX unless the '--jsx' flag is provided.
src/views/admin/buildings/BuildingDetail.tsx(46,68): error TS17004: Cannot use JSX unless the '--jsx' flag is provided.
src/views/admin/buildings/BuildingDetail.tsx(49,5): error TS17004: Cannot use JSX unless the '--jsx' flag is provided.
src/views/admin/buildings/BuildingDetail.tsx(50,8): error TS17004: Cannot use JSX unless the '--jsx' flag is provided.
src/views/admin/buildings/BuildingDetail.tsx(51,11): error TS17004: Cannot use JSX unless the '--jsx' flag is provided.
src/views/admin/buildings/BuildingDetail.tsx(52,11): error TS17004: Cannot use JSX unless the '--jsx' flag is provided.
src/views/admin/buildings/BuildingDetail.tsx(52,116): error TS17004: Cannot use JSX unless the '--jsx' flag is provided.
src/views/admin/buildings/BuildingDetail.tsx(54,8): error TS17004: Cannot use JSX unless the '--jsx' flag is provided.
src/views/admin/buildings/BuildingDetail.tsx(55,11): error TS17004: Cannot use JSX unless the '--jsx' flag is provided.
src/views/admin/buildings/BuildingDetail.tsx(56,14): error TS17004: Cannot use JSX unless the '--jsx' flag is provided.
src/views/admin/buildings/BuildingDetail.tsx(57,17): error TS17004: Cannot use JSX unless the '--jsx' flag is provided.
src/views/admin/buildings/BuildingDetail.tsx(58,20): error TS17004: Cannot use JSX unless the '--jsx' flag is provided.
src/views/admin/buildings/BuildingDetail.tsx(59,20): error TS17004: Cannot use JSX unless the '--jsx' flag is provided.
src/views/admin/buildings/BuildingDetail.tsx(60,20): error TS17004: Cannot use JSX unless the '--jsx' flag is provided.
src/views/admin/buildings/BuildingDetail.tsx(61,20): error TS17004: Cannot use JSX unless the '--jsx' flag is provided.
src/views/admin/buildings/BuildingDetail.tsx(62,20): error TS17004: Cannot use JSX unless the '--jsx' flag is provided.
src/views/admin/buildings/BuildingDetail.tsx(65,14): error TS17004: Cannot use JSX unless the '--jsx' flag is provided.
src/views/admin/buildings/BuildingDetail.tsx(67,19): error TS17004: Cannot use JSX unless the '--jsx' flag is provided.
src/views/admin/buildings/BuildingDetail.tsx(68,22): error TS17004: Cannot use JSX unless the '--jsx' flag is provided.
src/views/admin/buildings/BuildingDetail.tsx(69,25): error TS17004: Cannot use JSX unless the '--jsx' flag is provided.
src/views/admin/buildings/BuildingDetail.tsx(73,28): error TS17004: Cannot use JSX unless the '--jsx' flag is provided.
src/views/admin/buildings/BuildingDetail.tsx(76,22): error TS17004: Cannot use JSX unless the '--jsx' flag is provided.
src/views/admin/buildings/BuildingDetail.tsx(77,22): error TS17004: Cannot use JSX unless the '--jsx' flag is provided.
src/views/admin/buildings/BuildingDetail.tsx(78,22): error TS17004: Cannot use JSX unless the '--jsx' flag is provided.
src/views/admin/buildings/BuildingDetail.tsx(79,22): error TS17004: Cannot use JSX unless the '--jsx' flag is provided.
src/views/admin/buildings/BuildingDetail.tsx(80,25): error TS17004: Cannot use JSX unless the '--jsx' flag is provided.
src/views/admin/buildings/BuildingDetail.tsx(104,25): error TS17004: Cannot use JSX unless the '--jsx' flag is provided.
src/views/admin/buildings/BuildingDetail.tsx(104,84): error TS17004: Cannot use JSX unless the '--jsx' flag is provided.
src/views/admin/buildings/BuildingDetail.tsx(105,25): error TS17004: Cannot use JSX unless the '--jsx' flag is provided.
src/views/admin/buildings/BuildingDetail.tsx(108,53): error TS7006: Parameter 'sum' implicitly has an 'any' type.
src/views/admin/buildings/BuildingDetail.tsx(108,58): error TS7006: Parameter 'o' implicitly has an 'any' type.
src/views/admin/buildings/BuildingDetail.tsx(115,5): error TS17004: Cannot use JSX unless the '--jsx' flag is provided.
src/views/admin/buildings/BuildingDetail.tsx(117,7): error TS17004: Cannot use JSX unless the '--jsx' flag is provided.
src/views/admin/buildings/BuildingDetail.tsx(118,9): error TS17004: Cannot use JSX unless the '--jsx' flag is provided.
src/views/admin/buildings/BuildingDetail.tsx(119,11): error TS17004: Cannot use JSX unless the '--jsx' flag is provided.
src/views/admin/buildings/BuildingDetail.tsx(120,13): error TS17004: Cannot use JSX unless the '--jsx' flag is provided.
src/views/admin/buildings/BuildingDetail.tsx(122,11): error TS17004: Cannot use JSX unless the '--jsx' flag is provided.
src/views/admin/buildings/BuildingDetail.tsx(123,14): error TS17004: Cannot use JSX unless the '--jsx' flag is provided.
src/views/admin/buildings/BuildingDetail.tsx(124,14): error TS17004: Cannot use JSX unless the '--jsx' flag is provided.
src/views/admin/buildings/BuildingDetail.tsx(125,17): error TS17004: Cannot use JSX unless the '--jsx' flag is provided.
src/views/admin/buildings/BuildingDetail.tsx(126,20): error TS17004: Cannot use JSX unless the '--jsx' flag is provided.
src/views/admin/buildings/BuildingDetail.tsx(127,20): error TS17004: Cannot use JSX unless the '--jsx' flag is provided.
src/views/admin/buildings/BuildingDetail.tsx(129,17): error TS17004: Cannot use JSX unless the '--jsx' flag is provided.
src/views/admin/buildings/BuildingDetail.tsx(130,20): error TS17004: Cannot use JSX unless the '--jsx' flag is provided.
src/views/admin/buildings/BuildingDetail.tsx(130,74): error TS17004: Cannot use JSX unless the '--jsx' flag is provided.
src/views/admin/buildings/BuildingDetail.tsx(131,20): error TS17004: Cannot use JSX unless the '--jsx' flag is provided.
src/views/admin/buildings/BuildingDetail.tsx(131,64): error TS17004: Cannot use JSX unless the '--jsx' flag is provided.
src/views/admin/buildings/BuildingDetail.tsx(137,9): error TS17004: Cannot use JSX unless the '--jsx' flag is provided.
src/views/admin/buildings/BuildingDetail.tsx(138,11): error TS17004: Cannot use JSX unless the '--jsx' flag is provided.
src/views/admin/buildings/BuildingDetail.tsx(142,13): error TS17004: Cannot use JSX unless the '--jsx' flag is provided.
src/views/admin/buildings/BuildingDetail.tsx(144,11): error TS17004: Cannot use JSX unless the '--jsx' flag is provided.
src/views/admin/buildings/BuildingDetail.tsx(144,105): error TS17004: Cannot use JSX unless the '--jsx' flag is provided.
src/views/admin/buildings/BuildingDetail.tsx(149,7): error TS17004: Cannot use JSX unless the '--jsx' flag is provided.
src/views/admin/buildings/BuildingDetail.tsx(150,9): error TS17004: Cannot use JSX unless the '--jsx' flag is provided.
src/views/admin/buildings/BuildingDetail.tsx(151,11): error TS17004: Cannot use JSX unless the '--jsx' flag is provided.
src/views/admin/buildings/BuildingDetail.tsx(152,11): error TS17004: Cannot use JSX unless the '--jsx' flag is provided.
src/views/admin/buildings/BuildingDetail.tsx(153,11): error TS17004: Cannot use JSX unless the '--jsx' flag is provided.
src/views/admin/buildings/BuildingDetail.tsx(154,11): error TS17004: Cannot use JSX unless the '--jsx' flag is provided.
src/views/admin/buildings/BuildingDetail.tsx(155,11): error TS17004: Cannot use JSX unless the '--jsx' flag is provided.
src/views/admin/buildings/BuildingDetail.tsx(158,9): error TS17004: Cannot use JSX unless the '--jsx' flag is provided.
src/views/admin/buildings/BuildingDetail.tsx(160,13): error TS17004: Cannot use JSX unless the '--jsx' flag is provided.
src/views/admin/buildings/BuildingDetail.tsx(162,15): error TS17004: Cannot use JSX unless the '--jsx' flag is provided.
src/views/admin/buildings/BuildingDetail.tsx(163,18): error TS17004: Cannot use JSX unless the '--jsx' flag is provided.
src/views/admin/buildings/BuildingDetail.tsx(165,21): error TS17004: Cannot use JSX unless the '--jsx' flag is provided.
src/views/admin/buildings/BuildingDetail.tsx(166,24): error TS17004: Cannot use JSX unless the '--jsx' flag is provided.
src/views/admin/buildings/BuildingDetail.tsx(167,24): error TS17004: Cannot use JSX unless the '--jsx' flag is provided.
src/views/admin/buildings/BuildingDetail.tsx(168,27): error TS17004: Cannot use JSX unless the '--jsx' flag is provided.
src/views/admin/buildings/BuildingDetail.tsx(169,27): error TS17004: Cannot use JSX unless the '--jsx' flag is provided.
src/views/admin/buildings/BuildingDetail.tsx(177,30): error TS17004: Cannot use JSX unless the '--jsx' flag is provided.
src/views/admin/buildings/BuildingDetail.tsx(183,21): error TS17004: Cannot use JSX unless the '--jsx' flag is provided.
src/views/admin/buildings/BuildingDetail.tsx(184,24): error TS17004: Cannot use JSX unless the '--jsx' flag is provided.
src/views/admin/buildings/BuildingDetail.tsx(185,27): error TS17004: Cannot use JSX unless the '--jsx' flag is provided.
src/views/admin/buildings/BuildingDetail.tsx(186,27): error TS17004: Cannot use JSX unless the '--jsx' flag is provided.
src/views/admin/buildings/BuildingDetail.tsx(186,100): error TS17004: Cannot use JSX unless the '--jsx' flag is provided.
src/views/admin/buildings/BuildingDetail.tsx(188,24): error TS17004: Cannot use JSX unless the '--jsx' flag is provided.
src/views/admin/buildings/BuildingDetail.tsx(189,27): error TS17004: Cannot use JSX unless the '--jsx' flag is provided.
src/views/admin/buildings/BuildingDetail.tsx(190,27): error TS17004: Cannot use JSX unless the '--jsx' flag is provided.
src/views/admin/buildings/BuildingDetail.tsx(190,100): error TS17004: Cannot use JSX unless the '--jsx' flag is provided.
src/views/admin/buildings/BuildingDetail.tsx(194,21): error TS17004: Cannot use JSX unless the '--jsx' flag is provided.
src/views/admin/buildings/BuildingDetail.tsx(195,24): error TS17004: Cannot use JSX unless the '--jsx' flag is provided.
src/views/admin/buildings/BuildingDetail.tsx(196,24): error TS17004: Cannot use JSX unless the '--jsx' flag is provided.
src/views/admin/buildings/BuildingDetail.tsx(197,27): error TS17004: Cannot use JSX unless the '--jsx' flag is provided.
src/views/admin/buildings/BuildingDetail.tsx(198,30): error TS17004: Cannot use JSX unless the '--jsx' flag is provided.
src/views/admin/buildings/BuildingDetail.tsx(204,21): error TS17004: Cannot use JSX unless the '--jsx' flag is provided.
src/views/admin/buildings/BuildingDetail.tsx(205,24): error TS17004: Cannot use JSX unless the '--jsx' flag is provided.
src/views/admin/buildings/BuildingDetail.tsx(206,24): error TS17004: Cannot use JSX unless the '--jsx' flag is provided.
src/views/admin/buildings/BuildingDetail.tsx(207,27): error TS17004: Cannot use JSX unless the '--jsx' flag is provided.
src/views/admin/buildings/BuildingDetail.tsx(208,30): error TS17004: Cannot use JSX unless the '--jsx' flag is provided.
src/views/admin/buildings/BuildingDetail.tsx(215,18): error TS17004: Cannot use JSX unless the '--jsx' flag is provided.
src/views/admin/buildings/BuildingDetail.tsx(216,21): error TS17004: Cannot use JSX unless the '--jsx' flag is provided.
src/views/admin/buildings/BuildingDetail.tsx(217,24): error TS17004: Cannot use JSX unless the '--jsx' flag is provided.
src/views/admin/buildings/BuildingDetail.tsx(219,21): error TS17004: Cannot use JSX unless the '--jsx' flag is provided.
src/views/admin/buildings/BuildingDetail.tsx(220,49): error TS7006: Parameter 'a' implicitly has an 'any' type.
src/views/admin/buildings/BuildingDetail.tsx(220,52): error TS7006: Parameter 'i' implicitly has an 'any' type.
src/views/admin/buildings/BuildingDetail.tsx(221,26): error TS17004: Cannot use JSX unless the '--jsx' flag is provided.
src/views/admin/buildings/BuildingDetail.tsx(222,29): error TS17004: Cannot use JSX unless the '--jsx' flag is provided.
src/views/admin/buildings/BuildingDetail.tsx(223,29): error TS17004: Cannot use JSX unless the '--jsx' flag is provided.
src/views/admin/buildings/BuildingDetail.tsx(230,18): error TS17004: Cannot use JSX unless the '--jsx' flag is provided.
src/views/admin/buildings/BuildingDetail.tsx(231,21): error TS17004: Cannot use JSX unless the '--jsx' flag is provided.
src/views/admin/buildings/BuildingDetail.tsx(232,24): error TS17004: Cannot use JSX unless the '--jsx' flag is provided.
src/views/admin/buildings/BuildingDetail.tsx(233,24): error TS17004: Cannot use JSX unless the '--jsx' flag is provided.
src/views/admin/buildings/BuildingDetail.tsx(238,42): error TS17004: Cannot use JSX unless the '--jsx' flag is provided.
src/views/admin/buildings/BuildingDetail.tsx(241,21): error TS17004: Cannot use JSX unless the '--jsx' flag is provided.
src/views/admin/buildings/BuildingDetail.tsx(242,24): error TS17004: Cannot use JSX unless the '--jsx' flag is provided.
src/views/admin/buildings/BuildingDetail.tsx(248,24): error TS17004: Cannot use JSX unless the '--jsx' flag is provided.
src/views/admin/buildings/BuildingDetail.tsx(249,27): error TS17004: Cannot use JSX unless the '--jsx' flag is provided.
src/views/admin/buildings/BuildingDetail.tsx(250,27): error TS17004: Cannot use JSX unless the '--jsx' flag is provided.
src/views/admin/buildings/BuildingDetail.tsx(257,15): error TS17004: Cannot use JSX unless the '--jsx' flag is provided.
src/views/admin/buildings/BuildingDetail.tsx(258,18): error TS17004: Cannot use JSX unless the '--jsx' flag is provided.
src/views/admin/buildings/BuildingDetail.tsx(259,21): error TS17004: Cannot use JSX unless the '--jsx' flag is provided.
src/views/admin/buildings/BuildingDetail.tsx(260,24): error TS17004: Cannot use JSX unless the '--jsx' flag is provided.
src/views/admin/buildings/BuildingDetail.tsx(262,21): error TS17004: Cannot use JSX unless the '--jsx' flag is provided.
src/views/admin/buildings/BuildingDetail.tsx(263,21): error TS17004: Cannot use JSX unless the '--jsx' flag is provided.
src/views/admin/buildings/BuildingDetail.tsx(264,24): error TS17004: Cannot use JSX unless the '--jsx' flag is provided.
src/views/admin/buildings/BuildingDetail.tsx(265,27): error TS17004: Cannot use JSX unless the '--jsx' flag is provided.
src/views/admin/buildings/BuildingDetail.tsx(266,27): error TS17004: Cannot use JSX unless the '--jsx' flag is provided.
src/views/admin/buildings/BuildingDetail.tsx(267,27): error TS17004: Cannot use JSX unless the '--jsx' flag is provided.
src/views/admin/buildings/BuildingDetail.tsx(268,30): error TS17004: Cannot use JSX unless the '--jsx' flag is provided.
src/views/admin/buildings/BuildingDetail.tsx(273,24): error TS17004: Cannot use JSX unless the '--jsx' flag is provided.
src/views/admin/buildings/BuildingDetail.tsx(274,27): error TS17004: Cannot use JSX unless the '--jsx' flag is provided.
src/views/admin/buildings/BuildingDetail.tsx(275,30): error TS17004: Cannot use JSX unless the '--jsx' flag is provided.
src/views/admin/buildings/BuildingDetail.tsx(276,30): error TS17004: Cannot use JSX unless the '--jsx' flag is provided.
src/views/admin/buildings/BuildingDetail.tsx(278,27): error TS17004: Cannot use JSX unless the '--jsx' flag is provided.
src/views/admin/buildings/BuildingDetail.tsx(279,30): error TS17004: Cannot use JSX unless the '--jsx' flag is provided.
src/views/admin/buildings/BuildingDetail.tsx(280,30): error TS17004: Cannot use JSX unless the '--jsx' flag is provided.
src/views/admin/buildings/BuildingDetail.tsx(286,18): error TS17004: Cannot use JSX unless the '--jsx' flag is provided.
src/views/admin/buildings/BuildingDetail.tsx(287,21): error TS17004: Cannot use JSX unless the '--jsx' flag is provided.
src/views/admin/buildings/BuildingDetail.tsx(288,21): error TS17004: Cannot use JSX unless the '--jsx' flag is provided.
src/views/admin/buildings/BuildingDetail.tsx(289,24): error TS17004: Cannot use JSX unless the '--jsx' flag is provided.
src/views/admin/buildings/BuildingDetail.tsx(290,27): error TS17004: Cannot use JSX unless the '--jsx' flag is provided.
src/views/admin/buildings/BuildingDetail.tsx(291,27): error TS17004: Cannot use JSX unless the '--jsx' flag is provided.
src/views/admin/buildings/BuildingDetail.tsx(292,30): error TS17004: Cannot use JSX unless the '--jsx' flag is provided.
src/views/admin/buildings/BuildingDetail.tsx(293,30): error TS17004: Cannot use JSX unless the '--jsx' flag is provided.
src/views/admin/buildings/BuildingDetail.tsx(296,24): error TS17004: Cannot use JSX unless the '--jsx' flag is provided.
src/views/admin/buildings/BuildingDetail.tsx(297,27): error TS17004: Cannot use JSX unless the '--jsx' flag is provided.
src/views/admin/buildings/BuildingDetail.tsx(298,27): error TS17004: Cannot use JSX unless the '--jsx' flag is provided.
src/views/admin/buildings/BuildingDetail.tsx(299,30): error TS17004: Cannot use JSX unless the '--jsx' flag is provided.
src/views/admin/buildings/BuildingDetail.tsx(300,33): error TS17004: Cannot use JSX unless the '--jsx' flag is provided.
src/views/admin/buildings/BuildingDetail.tsx(302,30): error TS17004: Cannot use JSX unless the '--jsx' flag is provided.
src/views/admin/buildings/BuildingDetail.tsx(303,33): error TS17004: Cannot use JSX unless the '--jsx' flag is provided.
src/views/admin/buildings/BuildingDetail.tsx(304,33): error TS17004: Cannot use JSX unless the '--jsx' flag is provided.
src/views/admin/buildings/BuildingDetail.tsx(317,13): error TS17004: Cannot use JSX unless the '--jsx' flag is provided.
src/views/admin/buildings/BuildingDetail.tsx(319,15): error TS17004: Cannot use JSX unless the '--jsx' flag is provided.
src/views/admin/buildings/BuildingDetail.tsx(320,18): error TS17004: Cannot use JSX unless the '--jsx' flag is provided.
src/views/admin/buildings/BuildingDetail.tsx(321,21): error TS17004: Cannot use JSX unless the '--jsx' flag is provided.
src/views/admin/buildings/BuildingDetail.tsx(322,21): error TS17004: Cannot use JSX unless the '--jsx' flag is provided.
src/views/admin/buildings/BuildingDetail.tsx(324,18): error TS17004: Cannot use JSX unless the '--jsx' flag is provided.
src/views/admin/buildings/BuildingDetail.tsx(328,21): error TS17004: Cannot use JSX unless the '--jsx' flag is provided.
src/views/admin/buildings/BuildingDetail.tsx(333,15): error TS17004: Cannot use JSX unless the '--jsx' flag is provided.
src/views/admin/buildings/BuildingDetail.tsx(334,18): error TS17004: Cannot use JSX unless the '--jsx' flag is provided.
src/views/admin/buildings/BuildingDetail.tsx(335,21): error TS17004: Cannot use JSX unless the '--jsx' flag is provided.
src/views/admin/buildings/BuildingDetail.tsx(336,21): error TS17004: Cannot use JSX unless the '--jsx' flag is provided.
src/views/admin/buildings/BuildingDetail.tsx(338,18): error TS17004: Cannot use JSX unless the '--jsx' flag is provided.
src/views/admin/buildings/BuildingDetail.tsx(339,21): error TS17004: Cannot use JSX unless the '--jsx' flag is provided.
src/views/admin/buildings/BuildingDetail.tsx(345,20): error TS17004: Cannot use JSX unless the '--jsx' flag is provided.
src/views/admin/buildings/BuildingDetail.tsx(346,23): error TS17004: Cannot use JSX unless the '--jsx' flag is provided.
src/views/admin/buildings/BuildingDetail.tsx(350,20): error TS17004: Cannot use JSX unless the '--jsx' flag is provided.
src/views/admin/buildings/BuildingDetail.tsx(356,15): error TS17004: Cannot use JSX unless the '--jsx' flag is provided.
src/views/admin/buildings/BuildingDetail.tsx(357,18): error TS17004: Cannot use JSX unless the '--jsx' flag is provided.
src/views/admin/buildings/BuildingDetail.tsx(358,21): error TS17004: Cannot use JSX unless the '--jsx' flag is provided.
src/views/admin/buildings/BuildingDetail.tsx(359,24): error TS17004: Cannot use JSX unless the '--jsx' flag is provided.
src/views/admin/buildings/BuildingDetail.tsx(360,27): error TS17004: Cannot use JSX unless the '--jsx' flag is provided.
src/views/admin/buildings/BuildingDetail.tsx(361,27): error TS17004: Cannot use JSX unless the '--jsx' flag is provided.
src/views/admin/buildings/BuildingDetail.tsx(362,27): error TS17004: Cannot use JSX unless the '--jsx' flag is provided.
src/views/admin/buildings/BuildingDetail.tsx(363,27): error TS17004: Cannot use JSX unless the '--jsx' flag is provided.
src/views/admin/buildings/BuildingDetail.tsx(364,27): error TS17004: Cannot use JSX unless the '--jsx' flag is provided.
src/views/admin/buildings/BuildingDetail.tsx(365,27): error TS17004: Cannot use JSX unless the '--jsx' flag is provided.
src/views/admin/buildings/BuildingDetail.tsx(368,21): error TS17004: Cannot use JSX unless the '--jsx' flag is provided.
src/views/admin/buildings/BuildingDetail.tsx(369,49): error TS7006: Parameter 'o' implicitly has an 'any' type.
src/views/admin/buildings/BuildingDetail.tsx(370,26): error TS17004: Cannot use JSX unless the '--jsx' flag is provided.
src/views/admin/buildings/BuildingDetail.tsx(371,29): error TS17004: Cannot use JSX unless the '--jsx' flag is provided.
src/views/admin/buildings/BuildingDetail.tsx(372,32): error TS17004: Cannot use JSX unless the '--jsx' flag is provided.
src/views/admin/buildings/BuildingDetail.tsx(373,35): error TS17004: Cannot use JSX unless the '--jsx' flag is provided.
src/views/admin/buildings/BuildingDetail.tsx(374,35): error TS17004: Cannot use JSX unless the '--jsx' flag is provided.
src/views/admin/buildings/BuildingDetail.tsx(382,29): error TS17004: Cannot use JSX unless the '--jsx' flag is provided.
src/views/admin/buildings/BuildingDetail.tsx(383,32): error TS17004: Cannot use JSX unless the '--jsx' flag is provided.
src/views/admin/buildings/BuildingDetail.tsx(385,29): error TS17004: Cannot use JSX unless the '--jsx' flag is provided.
src/views/admin/buildings/BuildingDetail.tsx(386,32): error TS17004: Cannot use JSX unless the '--jsx' flag is provided.
src/views/admin/buildings/BuildingDetail.tsx(388,29): error TS17004: Cannot use JSX unless the '--jsx' flag is provided.
src/views/admin/buildings/BuildingDetail.tsx(389,32): error TS17004: Cannot use JSX unless the '--jsx' flag is provided.
src/views/admin/buildings/BuildingDetail.tsx(390,32): error TS17004: Cannot use JSX unless the '--jsx' flag is provided.
src/views/admin/buildings/BuildingDetail.tsx(392,29): error TS17004: Cannot use JSX unless the '--jsx' flag is provided.
src/views/admin/buildings/BuildingDetail.tsx(393,29): error TS17004: Cannot use JSX unless the '--jsx' flag is provided.
src/views/admin/buildings/BuildingDetail.tsx(394,32): error TS17004: Cannot use JSX unless the '--jsx' flag is provided.
src/views/admin/buildings/BuildingDetail.tsx(394,152): error TS17004: Cannot use JSX unless the '--jsx' flag is provided.
src/views/admin/buildings/BuildingDetail.tsx(405,13): error TS17004: Cannot use JSX unless the '--jsx' flag is provided.
src/views/admin/buildings/BuildingDetail.tsx(409,13): error TS17004: Cannot use JSX unless the '--jsx' flag is provided.
src/views/admin/buildings/BuildingDetail.tsx(410,16): error TS17004: Cannot use JSX unless the '--jsx' flag is provided.
src/views/admin/buildings/BuildingDetail.tsx(411,19): error TS17004: Cannot use JSX unless the '--jsx' flag is provided.
src/views/admin/buildings/BuildingDetail.tsx(412,19): error TS17004: Cannot use JSX unless the '--jsx' flag is provided.
src/views/admin/buildings/BuildingDetail.tsx(413,22): error TS17004: Cannot use JSX unless the '--jsx' flag is provided.
src/views/admin/buildings/BuildingDetail.tsx(413,81): error TS17004: Cannot use JSX unless the '--jsx' flag is provided.
src/views/admin/buildings/BuildingDetail.tsx(414,22): error TS17004: Cannot use JSX unless the '--jsx' flag is provided.
src/views/admin/buildings/BuildingDetail.tsx(414,81): error TS17004: Cannot use JSX unless the '--jsx' flag is provided.
src/views/admin/buildings/BuildingDetail.tsx(417,16): error TS17004: Cannot use JSX unless the '--jsx' flag is provided.
src/views/admin/buildings/BuildingDetail.tsx(418,41): error TS7006: Parameter 'img' implicitly has an 'any' type.
src/views/admin/buildings/BuildingDetail.tsx(419,21): error TS17004: Cannot use JSX unless the '--jsx' flag is provided.
src/views/admin/buildings/BuildingDetail.tsx(420,24): error TS17004: Cannot use JSX unless the '--jsx' flag is provided.
src/views/admin/buildings/BuildingDetail.tsx(421,24): error TS17004: Cannot use JSX unless the '--jsx' flag is provided.
src/views/admin/buildings/BuildingDetail.tsx(422,27): error TS17004: Cannot use JSX unless the '--jsx' flag is provided.
src/views/admin/buildings/BuildingDetail.tsx(424,24): error TS17004: Cannot use JSX unless the '--jsx' flag is provided.
src/views/admin/buildings/BuildingDetail.tsx(425,27): error TS17004: Cannot use JSX unless the '--jsx' flag is provided.
src/views/admin/buildings/BuildingDetail.tsx(425,166): error TS17004: Cannot use JSX unless the '--jsx' flag is provided.
src/views/admin/buildings/BuildingDetail.tsx(426,27): error TS17004: Cannot use JSX unless the '--jsx' flag is provided.
src/views/admin/buildings/BuildingDetail.tsx(426,165): error TS17004: Cannot use JSX unless the '--jsx' flag is provided.
src/views/admin/buildings/BuildingDetail.tsx(435,13): error TS17004: Cannot use JSX unless the '--jsx' flag is provided.
src/views/admin/buildings/BuildingDetail.tsx(436,16): error TS17004: Cannot use JSX unless the '--jsx' flag is provided.
src/views/admin/buildings/BuildingDetail.tsx(437,19): error TS17004: Cannot use JSX unless the '--jsx' flag is provided.
src/views/admin/buildings/BuildingDetail.tsx(438,22): error TS17004: Cannot use JSX unless the '--jsx' flag is provided.
src/views/admin/buildings/BuildingDetail.tsx(439,22): error TS17004: Cannot use JSX unless the '--jsx' flag is provided.
src/views/admin/buildings/BuildingDetail.tsx(443,19): error TS17004: Cannot use JSX unless the '--jsx' flag is provided.
src/views/admin/buildings/BuildingDetail.tsx(444,22): error TS17004: Cannot use JSX unless the '--jsx' flag is provided.
src/views/admin/buildings/BuildingDetail.tsx(445,22): error TS17004: Cannot use JSX unless the '--jsx' flag is provided.
src/views/admin/buildings/BuildingDetail.tsx(451,16): error TS17004: Cannot use JSX unless the '--jsx' flag is provided.
src/views/admin/buildings/BuildingDetail.tsx(452,19): error TS17004: Cannot use JSX unless the '--jsx' flag is provided.
src/views/admin/buildings/BuildingDetail.tsx(453,22): error TS17004: Cannot use JSX unless the '--jsx' flag is provided.
src/views/admin/buildings/BuildingDetail.tsx(454,25): error TS17004: Cannot use JSX unless the '--jsx' flag is provided.
src/views/admin/buildings/BuildingDetail.tsx(455,25): error TS17004: Cannot use JSX unless the '--jsx' flag is provided.
src/views/admin/buildings/BuildingDetail.tsx(456,25): error TS17004: Cannot use JSX unless the '--jsx' flag is provided.
src/views/admin/buildings/BuildingDetail.tsx(457,28): error TS17004: Cannot use JSX unless the '--jsx' flag is provided.
src/views/admin/buildings/BuildingDetail.tsx(457,163): error TS17004: Cannot use JSX unless the '--jsx' flag is provided.
src/views/admin/buildings/BuildingDetail.tsx(458,28): error TS17004: Cannot use JSX unless the '--jsx' flag is provided.
src/views/admin/buildings/BuildingDetail.tsx(458,163): error TS17004: Cannot use JSX unless the '--jsx' flag is provided.
src/views/admin/buildings/BuildingDetail.tsx(461,22): error TS17004: Cannot use JSX unless the '--jsx' flag is provided.
src/views/admin/buildings/BuildingDetail.tsx(462,25): error TS17004: Cannot use JSX unless the '--jsx' flag is provided.
src/views/admin/buildings/BuildingDetail.tsx(463,25): error TS17004: Cannot use JSX unless the '--jsx' flag is provided.
src/views/admin/buildings/BuildingDetail.tsx(472,7): error TS17004: Cannot use JSX unless the '--jsx' flag is provided.
src/views/admin/buildings/BuildingDetail.tsx(478,7): error TS17004: Cannot use JSX unless the '--jsx' flag is provided.
src/views/admin/buildings/BuildingList.tsx(1,8): error TS1259: Module '"C:/code_visual_xanh/lab60622/lab60622/node_modules/@types/react/index"' can only be default-imported using the 'esModuleInterop' flag
src/views/admin/buildings/BuildingList.tsx(5,3): error TS6133: 'Building2' is declared but its value is never read.
src/views/admin/buildings/BuildingList.tsx(5,22): error TS6133: 'Home' is declared but its value is never read.
src/views/admin/buildings/BuildingList.tsx(5,28): error TS6133: 'Users' is declared but its value is never read.
src/views/admin/buildings/BuildingList.tsx(6,29): error TS6133: 'Filter' is declared but its value is never read.
src/views/admin/buildings/BuildingList.tsx(7,3): error TS6133: 'MoreVertical' is declared but its value is never read.
src/views/admin/buildings/BuildingList.tsx(9,33): error TS2307: Cannot find module '@/services/buildingService' or its corresponding type declarations.
src/views/admin/buildings/BuildingList.tsx(10,33): error TS2307: Cannot find module '@/models/Building' or its corresponding type declarations.
src/views/admin/buildings/BuildingList.tsx(11,14): error TS6133: 'formatPercentage' is declared but its value is never read.
src/views/admin/buildings/BuildingList.tsx(11,38): error TS2307: Cannot find module '@/utils' or its corresponding type declarations.
src/views/admin/buildings/BuildingList.tsx(12,1): error TS6133: 'Spinner' is declared but its value is never read.
src/views/admin/buildings/BuildingList.tsx(12,25): error TS2307: Cannot find module '@/components/ui/Feedback' or its corresponding type declarations.
src/views/admin/buildings/BuildingList.tsx(13,1): error TS6133: 'toast' is declared but its value is never read.
src/views/admin/buildings/BuildingList.tsx(14,31): error TS2307: Cannot find module '@/components/buildings/BuildingModal' or its corresponding type declarations.
src/views/admin/buildings/BuildingList.tsx(15,30): error TS2307: Cannot find module '@/components/ui/StatusStates' or its corresponding type declarations.
src/views/admin/buildings/BuildingList.tsx(34,5): error TS17004: Cannot use JSX unless the '--jsx' flag is provided.
src/views/admin/buildings/BuildingList.tsx(36,7): error TS17004: Cannot use JSX unless the '--jsx' flag is provided.
src/views/admin/buildings/BuildingList.tsx(37,9): error TS17004: Cannot use JSX unless the '--jsx' flag is provided.
src/views/admin/buildings/BuildingList.tsx(38,11): error TS17004: Cannot use JSX unless the '--jsx' flag is provided.
src/views/admin/buildings/BuildingList.tsx(39,11): error TS17004: Cannot use JSX unless the '--jsx' flag is provided.
src/views/admin/buildings/BuildingList.tsx(41,9): error TS17004: Cannot use JSX unless the '--jsx' flag is provided.
src/views/admin/buildings/BuildingList.tsx(42,12): error TS17004: Cannot use JSX unless the '--jsx' flag is provided.
src/views/admin/buildings/BuildingList.tsx(43,12): error TS17004: Cannot use JSX unless the '--jsx' flag is provided.
src/views/admin/buildings/BuildingList.tsx(54,9): error TS17004: Cannot use JSX unless the '--jsx' flag is provided.
src/views/admin/buildings/BuildingList.tsx(57,9): error TS17004: Cannot use JSX unless the '--jsx' flag is provided.
src/views/admin/buildings/BuildingList.tsx(59,13): error TS17004: Cannot use JSX unless the '--jsx' flag is provided.
src/views/admin/buildings/BuildingList.tsx(65,15): error TS17004: Cannot use JSX unless the '--jsx' flag is provided.
src/views/admin/buildings/BuildingList.tsx(66,17): error TS17004: Cannot use JSX unless the '--jsx' flag is provided.
src/views/admin/buildings/BuildingList.tsx(71,17): error TS17004: Cannot use JSX unless the '--jsx' flag is provided.
src/views/admin/buildings/BuildingList.tsx(72,20): error TS17004: Cannot use JSX unless the '--jsx' flag is provided.
src/views/admin/buildings/BuildingList.tsx(76,17): error TS17004: Cannot use JSX unless the '--jsx' flag is provided.
src/views/admin/buildings/BuildingList.tsx(77,20): error TS17004: Cannot use JSX unless the '--jsx' flag is provided.
src/views/admin/buildings/BuildingList.tsx(78,20): error TS17004: Cannot use JSX unless the '--jsx' flag is provided.
src/views/admin/buildings/BuildingList.tsx(79,23): error TS17004: Cannot use JSX unless the '--jsx' flag is provided.
src/views/admin/buildings/BuildingList.tsx(85,15): error TS17004: Cannot use JSX unless the '--jsx' flag is provided.
src/views/admin/buildings/BuildingList.tsx(86,18): error TS17004: Cannot use JSX unless the '--jsx' flag is provided.
src/views/admin/buildings/BuildingList.tsx(87,21): error TS17004: Cannot use JSX unless the '--jsx' flag is provided.
src/views/admin/buildings/BuildingList.tsx(88,24): error TS17004: Cannot use JSX unless the '--jsx' flag is provided.
src/views/admin/buildings/BuildingList.tsx(89,24): error TS17004: Cannot use JSX unless the '--jsx' flag is provided.
src/views/admin/buildings/BuildingList.tsx(91,21): error TS17004: Cannot use JSX unless the '--jsx' flag is provided.
src/views/admin/buildings/BuildingList.tsx(92,24): error TS17004: Cannot use JSX unless the '--jsx' flag is provided.
src/views/admin/buildings/BuildingList.tsx(93,24): error TS17004: Cannot use JSX unless the '--jsx' flag is provided.
src/views/admin/buildings/BuildingList.tsx(95,21): error TS17004: Cannot use JSX unless the '--jsx' flag is provided.
src/views/admin/buildings/BuildingList.tsx(96,24): error TS17004: Cannot use JSX unless the '--jsx' flag is provided.
src/views/admin/buildings/BuildingList.tsx(97,24): error TS17004: Cannot use JSX unless the '--jsx' flag is provided.
src/views/admin/buildings/BuildingList.tsx(98,27): error TS17004: Cannot use JSX unless the '--jsx' flag is provided.
src/views/admin/buildings/BuildingList.tsx(99,58): error TS17004: Cannot use JSX unless the '--jsx' flag is provided.
src/views/admin/buildings/BuildingList.tsx(99,110): error TS17004: Cannot use JSX unless the '--jsx' flag is provided.
src/views/admin/buildings/BuildingList.tsx(104,18): error TS17004: Cannot use JSX unless the '--jsx' flag is provided.
src/views/admin/buildings/BuildingList.tsx(105,21): error TS17004: Cannot use JSX unless the '--jsx' flag is provided.
src/views/admin/buildings/BuildingList.tsx(107,26): error TS17004: Cannot use JSX unless the '--jsx' flag is provided.
src/views/admin/buildings/BuildingList.tsx(109,24): error TS17004: Cannot use JSX unless the '--jsx' flag is provided.
src/views/admin/buildings/BuildingList.tsx(111,21): error TS17004: Cannot use JSX unless the '--jsx' flag is provided.
src/views/admin/buildings/BuildingList.tsx(112,41): error TS17004: Cannot use JSX unless the '--jsx' flag is provided.
src/views/admin/buildings/BuildingList.tsx(118,15): error TS17004: Cannot use JSX unless the '--jsx' flag is provided.
src/views/admin/buildings/BuildingList.tsx(125,7): error TS17004: Cannot use JSX unless the '--jsx' flag is provided.
src/views/admin/buildings/BuildingList.tsx(129,10): error TS17004: Cannot use JSX unless the '--jsx' flag is provided.
src/views/admin/buildings/BuildingList.tsx(130,10): error TS17004: Cannot use JSX unless the '--jsx' flag is provided.
src/views/admin/buildings/BuildingList.tsx(135,7): error TS17004: Cannot use JSX unless the '--jsx' flag is provided.
src/views/admin/communications/AnnouncementPage/index.tsx(1,8): error TS1259: Module '"C:/code_visual_xanh/lab60622/lab60622/node_modules/@types/react/index"' can only be default-imported using the 'esModuleInterop' flag
src/views/admin/communications/AnnouncementPage/index.tsx(4,23): error TS6133: 'Filter' is declared but its value is never read.
src/views/admin/communications/AnnouncementPage/index.tsx(5,3): error TS6133: 'MoreVertical' is declared but its value is never read.
src/views/admin/communications/AnnouncementPage/index.tsx(6,13): error TS6133: 'Calendar' is declared but its value is never read.
src/views/admin/communications/AnnouncementPage/index.tsx(7,25): error TS6133: 'Send' is declared but its value is never read.
src/views/admin/communications/AnnouncementPage/index.tsx(12,37): error TS2307: Cannot find module '@/services/announcementService' or its corresponding type declarations.
src/views/admin/communications/AnnouncementPage/index.tsx(13,68): error TS2307: Cannot find module '@/types/announcement' or its corresponding type declarations.
src/views/admin/communications/AnnouncementPage/index.tsx(14,29): error TS2307: Cannot find module '@/components/ui/StatusBadge' or its corresponding type declarations.
src/views/admin/communications/AnnouncementPage/index.tsx(15,32): error TS2307: Cannot find module '@/utils' or its corresponding type declarations.
src/views/admin/communications/AnnouncementPage/index.tsx(16,25): error TS2307: Cannot find module '@/components/ui/Feedback' or its corresponding type declarations.
src/views/admin/communications/AnnouncementPage/index.tsx(17,1): error TS6133: 'toast' is declared but its value is never read.
src/views/admin/communications/AnnouncementPage/index.tsx(34,29): error TS17004: Cannot use JSX unless the '--jsx' flag is provided.
src/views/admin/communications/AnnouncementPage/index.tsx(35,34): error TS17004: Cannot use JSX unless the '--jsx' flag is provided.
src/views/admin/communications/AnnouncementPage/index.tsx(36,28): error TS17004: Cannot use JSX unless the '--jsx' flag is provided.
src/views/admin/communications/AnnouncementPage/index.tsx(37,30): error TS17004: Cannot use JSX unless the '--jsx' flag is provided.
src/views/admin/communications/AnnouncementPage/index.tsx(38,23): error TS17004: Cannot use JSX unless the '--jsx' flag is provided.
src/views/admin/communications/AnnouncementPage/index.tsx(49,5): error TS17004: Cannot use JSX unless the '--jsx' flag is provided.
src/views/admin/communications/AnnouncementPage/index.tsx(51,7): error TS17004: Cannot use JSX unless the '--jsx' flag is provided.
src/views/admin/communications/AnnouncementPage/index.tsx(52,9): error TS17004: Cannot use JSX unless the '--jsx' flag is provided.
src/views/admin/communications/AnnouncementPage/index.tsx(53,12): error TS17004: Cannot use JSX unless the '--jsx' flag is provided.
src/views/admin/communications/AnnouncementPage/index.tsx(54,15): error TS17004: Cannot use JSX unless the '--jsx' flag is provided.
src/views/admin/communications/AnnouncementPage/index.tsx(56,12): error TS17004: Cannot use JSX unless the '--jsx' flag is provided.
src/views/admin/communications/AnnouncementPage/index.tsx(57,15): error TS17004: Cannot use JSX unless the '--jsx' flag is provided.
src/views/admin/communications/AnnouncementPage/index.tsx(58,15): error TS17004: Cannot use JSX unless the '--jsx' flag is provided.
src/views/admin/communications/AnnouncementPage/index.tsx(60,18): error TS17004: Cannot use JSX unless the '--jsx' flag is provided.
src/views/admin/communications/AnnouncementPage/index.tsx(61,21): error TS17004: Cannot use JSX unless the '--jsx' flag is provided.
src/views/admin/communications/AnnouncementPage/index.tsx(66,9): error TS17004: Cannot use JSX unless the '--jsx' flag is provided.
src/views/admin/communications/AnnouncementPage/index.tsx(67,12): error TS17004: Cannot use JSX unless the '--jsx' flag is provided.
src/views/admin/communications/AnnouncementPage/index.tsx(68,15): error TS17004: Cannot use JSX unless the '--jsx' flag is provided.
src/views/admin/communications/AnnouncementPage/index.tsx(70,12): error TS17004: Cannot use JSX unless the '--jsx' flag is provided.
src/views/admin/communications/AnnouncementPage/index.tsx(71,15): error TS17004: Cannot use JSX unless the '--jsx' flag is provided.
src/views/admin/communications/AnnouncementPage/index.tsx(77,7): error TS17004: Cannot use JSX unless the '--jsx' flag is provided.
src/views/admin/communications/AnnouncementPage/index.tsx(84,12): error TS17004: Cannot use JSX unless the '--jsx' flag is provided.
src/views/admin/communications/AnnouncementPage/index.tsx(85,15): error TS17004: Cannot use JSX unless the '--jsx' flag is provided.
src/views/admin/communications/AnnouncementPage/index.tsx(86,18): error TS17004: Cannot use JSX unless the '--jsx' flag is provided.
src/views/admin/communications/AnnouncementPage/index.tsx(88,15): error TS17004: Cannot use JSX unless the '--jsx' flag is provided.
src/views/admin/communications/AnnouncementPage/index.tsx(89,18): error TS17004: Cannot use JSX unless the '--jsx' flag is provided.
src/views/admin/communications/AnnouncementPage/index.tsx(90,18): error TS17004: Cannot use JSX unless the '--jsx' flag is provided.
src/views/admin/communications/AnnouncementPage/index.tsx(97,7): error TS17004: Cannot use JSX unless the '--jsx' flag is provided.
src/views/admin/communications/AnnouncementPage/index.tsx(98,10): error TS17004: Cannot use JSX unless the '--jsx' flag is provided.
src/views/admin/communications/AnnouncementPage/index.tsx(100,16): error TS17004: Cannot use JSX unless the '--jsx' flag is provided.
src/views/admin/communications/AnnouncementPage/index.tsx(113,10): error TS17004: Cannot use JSX unless the '--jsx' flag is provided.
src/views/admin/communications/AnnouncementPage/index.tsx(114,13): error TS17004: Cannot use JSX unless the '--jsx' flag is provided.
src/views/admin/communications/AnnouncementPage/index.tsx(115,13): error TS17004: Cannot use JSX unless the '--jsx' flag is provided.
src/views/admin/communications/AnnouncementPage/index.tsx(127,9): error TS17004: Cannot use JSX unless the '--jsx' flag is provided.
src/views/admin/communications/AnnouncementPage/index.tsx(127,52): error TS17004: Cannot use JSX unless the '--jsx' flag is provided.
src/views/admin/communications/AnnouncementPage/index.tsx(129,9): error TS17004: Cannot use JSX unless the '--jsx' flag is provided.
src/views/admin/communications/AnnouncementPage/index.tsx(131,14): error TS17004: Cannot use JSX unless the '--jsx' flag is provided.
src/views/admin/communications/AnnouncementPage/index.tsx(135,17): error TS17004: Cannot use JSX unless the '--jsx' flag is provided.
src/views/admin/communications/AnnouncementPage/index.tsx(136,20): error TS17004: Cannot use JSX unless the '--jsx' flag is provided.
src/views/admin/communications/AnnouncementPage/index.tsx(137,23): error TS17004: Cannot use JSX unless the '--jsx' flag is provided.
src/views/admin/communications/AnnouncementPage/index.tsx(141,25): error TS17004: Cannot use JSX unless the '--jsx' flag is provided.
src/views/admin/communications/AnnouncementPage/index.tsx(142,28): error TS17004: Cannot use JSX unless the '--jsx' flag is provided.
src/views/admin/communications/AnnouncementPage/index.tsx(147,20): error TS17004: Cannot use JSX unless the '--jsx' flag is provided.
src/views/admin/communications/AnnouncementPage/index.tsx(148,24): error TS17004: Cannot use JSX unless the '--jsx' flag is provided.
src/views/admin/communications/AnnouncementPage/index.tsx(149,27): error TS17004: Cannot use JSX unless the '--jsx' flag is provided.
src/views/admin/communications/AnnouncementPage/index.tsx(150,27): error TS17004: Cannot use JSX unless the '--jsx' flag is provided.
src/views/admin/communications/AnnouncementPage/index.tsx(152,24): error TS17004: Cannot use JSX unless the '--jsx' flag is provided.
src/views/admin/communications/AnnouncementPage/index.tsx(153,24): error TS17004: Cannot use JSX unless the '--jsx' flag is provided.
src/views/admin/communications/AnnouncementPage/index.tsx(154,27): error TS17004: Cannot use JSX unless the '--jsx' flag is provided.
src/views/admin/communications/AnnouncementPage/index.tsx(154,71): error TS17004: Cannot use JSX unless the '--jsx' flag is provided.
src/views/admin/communications/AnnouncementPage/index.tsx(155,27): error TS17004: Cannot use JSX unless the '--jsx' flag is provided.
src/views/admin/communications/AnnouncementPage/index.tsx(155,71): error TS17004: Cannot use JSX unless the '--jsx' flag is provided.
src/views/admin/communications/AnnouncementPage/index.tsx(156,27): error TS17004: Cannot use JSX unless the '--jsx' flag is provided.
src/views/admin/communications/AnnouncementPage/index.tsx(156,71): error TS17004: Cannot use JSX unless the '--jsx' flag is provided.
src/views/admin/communications/AnnouncementPage/index.tsx(160,20): error TS17004: Cannot use JSX unless the '--jsx' flag is provided.
src/views/admin/communications/AnnouncementPage/index.tsx(161,23): error TS17004: Cannot use JSX unless the '--jsx' flag is provided.
src/views/admin/communications/AnnouncementPage/index.tsx(162,26): error TS17004: Cannot use JSX unless the '--jsx' flag is provided.
src/views/admin/communications/AnnouncementPage/index.tsx(163,26): error TS17004: Cannot use JSX unless the '--jsx' flag is provided.
src/views/admin/communications/AnnouncementPage/index.tsx(165,23): error TS17004: Cannot use JSX unless the '--jsx' flag is provided.
src/views/admin/communications/AnnouncementPage/index.tsx(166,26): error TS17004: Cannot use JSX unless the '--jsx' flag is provided.
src/views/admin/communications/AnnouncementPage/index.tsx(166,103): error TS17004: Cannot use JSX unless the '--jsx' flag is provided.
src/views/admin/communications/AnnouncementPage/index.tsx(167,26): error TS17004: Cannot use JSX unless the '--jsx' flag is provided.
src/views/admin/communications/AnnouncementPage/index.tsx(167,105): error TS17004: Cannot use JSX unless the '--jsx' flag is provided.
src/views/admin/communications/AnnouncementPage/index.tsx(168,26): error TS17004: Cannot use JSX unless the '--jsx' flag is provided.
src/views/admin/communications/AnnouncementPage/index.tsx(168,102): error TS17004: Cannot use JSX unless the '--jsx' flag is provided.
src/views/admin/communications/AnnouncementPage/index.tsx(174,17): error TS17004: Cannot use JSX unless the '--jsx' flag is provided.
src/views/admin/communications/AnnouncementPage/index.tsx(186,7): error TS17004: Cannot use JSX unless the '--jsx' flag is provided.
src/views/admin/communications/AnnouncementPage/index.tsx(187,10): error TS17004: Cannot use JSX unless the '--jsx' flag is provided.
src/views/admin/communications/AnnouncementPage/index.tsx(188,13): error TS17004: Cannot use JSX unless the '--jsx' flag is provided.
src/views/admin/communications/AnnouncementPage/index.tsx(189,16): error TS17004: Cannot use JSX unless the '--jsx' flag is provided.
src/views/admin/communications/AnnouncementPage/index.tsx(191,13): error TS17004: Cannot use JSX unless the '--jsx' flag is provided.
src/views/admin/communications/AnnouncementPage/index.tsx(192,16): error TS17004: Cannot use JSX unless the '--jsx' flag is provided.
src/views/admin/communications/AnnouncementPage/index.tsx(193,16): error TS17004: Cannot use JSX unless the '--jsx' flag is provided.
src/views/admin/communications/AnnouncementPage/index.tsx(196,10): error TS17004: Cannot use JSX unless the '--jsx' flag is provided.
src/views/admin/communications/AnnouncementPage/index.tsx(197,26): error TS17004: Cannot use JSX unless the '--jsx' flag is provided.
src/views/admin/communications/NotificationPage.tsx(1,8): error TS1259: Module '"C:/code_visual_xanh/lab60622/lab60622/node_modules/@types/react/index"' can only be default-imported using the 'esModuleInterop' flag
src/views/admin/communications/NotificationPage.tsx(4,3): error TS6133: 'Trash2' is declared but its value is never read.
src/views/admin/communications/NotificationPage.tsx(5,3): error TS6133: 'Clock' is declared but its value is never read.
src/views/admin/communications/NotificationPage.tsx(7,3): error TS6133: 'MoreVertical' is declared but its value is never read.
src/views/admin/communications/NotificationPage.tsx(11,32): error TS2307: Cannot find module '@/utils' or its corresponding type declarations.
src/views/admin/communications/NotificationPage.tsx(12,1): error TS6133: 'Spinner' is declared but its value is never read.
src/views/admin/communications/NotificationPage.tsx(12,25): error TS2307: Cannot find module '@/components/ui/Feedback' or its corresponding type declarations.
src/views/admin/communications/NotificationPage.tsx(13,1): error TS6133: 'toast' is declared but its value is never read.
src/views/admin/communications/NotificationPage.tsx(21,10): error TS6133: 'isLoading' is declared but its value is never read.
src/views/admin/communications/NotificationPage.tsx(21,21): error TS6133: 'setIsLoading' is declared but its value is never read.
src/views/admin/communications/NotificationPage.tsx(33,26): error TS17004: Cannot use JSX unless the '--jsx' flag is provided.
src/views/admin/communications/NotificationPage.tsx(34,27): error TS17004: Cannot use JSX unless the '--jsx' flag is provided.
src/views/admin/communications/NotificationPage.tsx(35,28): error TS17004: Cannot use JSX unless the '--jsx' flag is provided.
src/views/admin/communications/NotificationPage.tsx(36,23): error TS17004: Cannot use JSX unless the '--jsx' flag is provided.
src/views/admin/communications/NotificationPage.tsx(42,27): error TS17004: Cannot use JSX unless the '--jsx' flag is provided.
src/views/admin/communications/NotificationPage.tsx(43,32): error TS17004: Cannot use JSX unless the '--jsx' flag is provided.
src/views/admin/communications/NotificationPage.tsx(44,29): error TS17004: Cannot use JSX unless the '--jsx' flag is provided.
src/views/admin/communications/NotificationPage.tsx(50,5): error TS17004: Cannot use JSX unless the '--jsx' flag is provided.
src/views/admin/communications/NotificationPage.tsx(52,7): error TS17004: Cannot use JSX unless the '--jsx' flag is provided.
src/views/admin/communications/NotificationPage.tsx(53,9): error TS17004: Cannot use JSX unless the '--jsx' flag is provided.
src/views/admin/communications/NotificationPage.tsx(54,12): error TS17004: Cannot use JSX unless the '--jsx' flag is provided.
src/views/admin/communications/NotificationPage.tsx(55,15): error TS17004: Cannot use JSX unless the '--jsx' flag is provided.
src/views/admin/communications/NotificationPage.tsx(57,12): error TS17004: Cannot use JSX unless the '--jsx' flag is provided.
src/views/admin/communications/NotificationPage.tsx(58,15): error TS17004: Cannot use JSX unless the '--jsx' flag is provided.
src/views/admin/communications/NotificationPage.tsx(59,15): error TS17004: Cannot use JSX unless the '--jsx' flag is provided.
src/views/admin/communications/NotificationPage.tsx(61,18): error TS17004: Cannot use JSX unless the '--jsx' flag is provided.
src/views/admin/communications/NotificationPage.tsx(62,21): error TS17004: Cannot use JSX unless the '--jsx' flag is provided.
src/views/admin/communications/NotificationPage.tsx(67,9): error TS17004: Cannot use JSX unless the '--jsx' flag is provided.
src/views/admin/communications/NotificationPage.tsx(68,12): error TS17004: Cannot use JSX unless the '--jsx' flag is provided.
src/views/admin/communications/NotificationPage.tsx(69,15): error TS17004: Cannot use JSX unless the '--jsx' flag is provided.
src/views/admin/communications/NotificationPage.tsx(71,12): error TS17004: Cannot use JSX unless the '--jsx' flag is provided.
src/views/admin/communications/NotificationPage.tsx(72,15): error TS17004: Cannot use JSX unless the '--jsx' flag is provided.
src/views/admin/communications/NotificationPage.tsx(77,7): error TS17004: Cannot use JSX unless the '--jsx' flag is provided.
src/views/admin/communications/NotificationPage.tsx(79,10): error TS17004: Cannot use JSX unless the '--jsx' flag is provided.
src/views/admin/communications/NotificationPage.tsx(80,13): error TS17004: Cannot use JSX unless the '--jsx' flag is provided.
src/views/admin/communications/NotificationPage.tsx(81,16): error TS17004: Cannot use JSX unless the '--jsx' flag is provided.
src/views/admin/communications/NotificationPage.tsx(82,31): error TS17004: Cannot use JSX unless the '--jsx' flag is provided.
src/views/admin/communications/NotificationPage.tsx(84,16): error TS17004: Cannot use JSX unless the '--jsx' flag is provided.
src/views/admin/communications/NotificationPage.tsx(86,21): error TS17004: Cannot use JSX unless the '--jsx' flag is provided.
src/views/admin/communications/NotificationPage.tsx(94,23): error TS17004: Cannot use JSX unless the '--jsx' flag is provided.
src/views/admin/communications/NotificationPage.tsx(95,43): error TS17004: Cannot use JSX unless the '--jsx' flag is provided.
src/views/admin/communications/NotificationPage.tsx(98,23): error TS17004: Cannot use JSX unless the '--jsx' flag is provided.
src/views/admin/communications/NotificationPage.tsx(109,13): error TS17004: Cannot use JSX unless the '--jsx' flag is provided.
src/views/admin/communications/NotificationPage.tsx(110,16): error TS17004: Cannot use JSX unless the '--jsx' flag is provided.
src/views/admin/communications/NotificationPage.tsx(111,19): error TS17004: Cannot use JSX unless the '--jsx' flag is provided.
src/views/admin/communications/NotificationPage.tsx(113,16): error TS17004: Cannot use JSX unless the '--jsx' flag is provided.
src/views/admin/communications/NotificationPage.tsx(114,19): error TS17004: Cannot use JSX unless the '--jsx' flag is provided.
src/views/admin/communications/NotificationPage.tsx(115,19): error TS17004: Cannot use JSX unless the '--jsx' flag is provided.
src/views/admin/communications/NotificationPage.tsx(116,22): error TS17004: Cannot use JSX unless the '--jsx' flag is provided.
src/views/admin/communications/NotificationPage.tsx(117,25): error TS17004: Cannot use JSX unless the '--jsx' flag is provided.
src/views/admin/communications/NotificationPage.tsx(118,25): error TS17004: Cannot use JSX unless the '--jsx' flag is provided.
src/views/admin/communications/NotificationPage.tsx(120,22): error TS17004: Cannot use JSX unless the '--jsx' flag is provided.
src/views/admin/communications/NotificationPage.tsx(121,25): error TS17004: Cannot use JSX unless the '--jsx' flag is provided.
src/views/admin/communications/NotificationPage.tsx(122,25): error TS17004: Cannot use JSX unless the '--jsx' flag is provided.
src/views/admin/communications/NotificationPage.tsx(124,22): error TS17004: Cannot use JSX unless the '--jsx' flag is provided.
src/views/admin/communications/NotificationPage.tsx(125,25): error TS17004: Cannot use JSX unless the '--jsx' flag is provided.
src/views/admin/communications/NotificationPage.tsx(126,25): error TS17004: Cannot use JSX unless the '--jsx' flag is provided.
src/views/admin/communications/NotificationPage.tsx(134,10): error TS17004: Cannot use JSX unless the '--jsx' flag is provided.
src/views/admin/communications/NotificationPage.tsx(135,13): error TS17004: Cannot use JSX unless the '--jsx' flag is provided.
src/views/admin/communications/NotificationPage.tsx(136,16): error TS17004: Cannot use JSX unless the '--jsx' flag is provided.
src/views/admin/communications/NotificationPage.tsx(137,19): error TS17004: Cannot use JSX unless the '--jsx' flag is provided.
src/views/admin/communications/NotificationPage.tsx(138,19): error TS17004: Cannot use JSX unless the '--jsx' flag is provided.
src/views/admin/communications/NotificationPage.tsx(140,16): error TS17004: Cannot use JSX unless the '--jsx' flag is provided.
src/views/admin/communications/NotificationPage.tsx(141,19): error TS17004: Cannot use JSX unless the '--jsx' flag is provided.
src/views/admin/communications/NotificationPage.tsx(141,45): error TS17004: Cannot use JSX unless the '--jsx' flag is provided.
src/views/admin/communications/NotificationPage.tsx(145,13): error TS17004: Cannot use JSX unless the '--jsx' flag is provided.
src/views/admin/communications/NotificationPage.tsx(146,17): error TS17004: Cannot use JSX unless the '--jsx' flag is provided.
src/views/admin/communications/NotificationPage.tsx(147,20): error TS17004: Cannot use JSX unless the '--jsx' flag is provided.
src/views/admin/communications/NotificationPage.tsx(148,23): error TS17004: Cannot use JSX unless the '--jsx' flag is provided.
src/views/admin/communications/NotificationPage.tsx(149,26): error TS17004: Cannot use JSX unless the '--jsx' flag is provided.
src/views/admin/communications/NotificationPage.tsx(150,26): error TS17004: Cannot use JSX unless the '--jsx' flag is provided.
src/views/admin/communications/NotificationPage.tsx(151,26): error TS17004: Cannot use JSX unless the '--jsx' flag is provided.
src/views/admin/communications/NotificationPage.tsx(152,26): error TS17004: Cannot use JSX unless the '--jsx' flag is provided.
src/views/admin/communications/NotificationPage.tsx(153,26): error TS17004: Cannot use JSX unless the '--jsx' flag is provided.
src/views/admin/communications/NotificationPage.tsx(156,20): error TS17004: Cannot use JSX unless the '--jsx' flag is provided.
src/views/admin/communications/NotificationPage.tsx(158,25): error TS17004: Cannot use JSX unless the '--jsx' flag is provided.
src/views/admin/communications/NotificationPage.tsx(159,28): error TS17004: Cannot use JSX unless the '--jsx' flag is provided.
src/views/admin/communications/NotificationPage.tsx(160,31): error TS17004: Cannot use JSX unless the '--jsx' flag is provided.
src/views/admin/communications/NotificationPage.tsx(164,28): error TS17004: Cannot use JSX unless the '--jsx' flag is provided.
src/views/admin/communications/NotificationPage.tsx(165,31): error TS17004: Cannot use JSX unless the '--jsx' flag is provided.
src/views/admin/communications/NotificationPage.tsx(166,34): error TS17004: Cannot use JSX unless the '--jsx' flag is provided.
src/views/admin/communications/NotificationPage.tsx(167,34): error TS17004: Cannot use JSX unless the '--jsx' flag is provided.
src/views/admin/communications/NotificationPage.tsx(170,28): error TS17004: Cannot use JSX unless the '--jsx' flag is provided.
src/views/admin/communications/NotificationPage.tsx(171,31): error TS17004: Cannot use JSX unless the '--jsx' flag is provided.
src/views/admin/communications/NotificationPage.tsx(173,28): error TS17004: Cannot use JSX unless the '--jsx' flag is provided.
src/views/admin/communications/NotificationPage.tsx(174,31): error TS17004: Cannot use JSX unless the '--jsx' flag is provided.
src/views/admin/communications/NotificationPage.tsx(176,46): error TS17004: Cannot use JSX unless the '--jsx' flag is provided.
src/views/admin/communications/NotificationPage.tsx(179,28): error TS17004: Cannot use JSX unless the '--jsx' flag is provided.
src/views/admin/communications/NotificationPage.tsx(180,31): error TS17004: Cannot use JSX unless the '--jsx' flag is provided.
src/views/admin/communications/NotificationPage.tsx(186,17): error TS17004: Cannot use JSX unless the '--jsx' flag is provided.
src/views/admin/communications/NotificationPage.tsx(187,20): error TS17004: Cannot use JSX unless the '--jsx' flag is provided.
src/views/admin/communications/NotificationPage.tsx(188,50): error TS17004: Cannot use JSX unless the '--jsx' flag is provided.
src/views/admin/communications/NotificationPage.tsx(193,13): error TS17004: Cannot use JSX unless the '--jsx' flag is provided.
src/views/admin/communications/NotificationPage.tsx(194,17): error TS17004: Cannot use JSX unless the '--jsx' flag is provided.
src/views/admin/communications/NotificationPage.tsx(195,20): error TS17004: Cannot use JSX unless the '--jsx' flag is provided.
src/views/admin/communications/NotificationPage.tsx(196,23): error TS17004: Cannot use JSX unless the '--jsx' flag is provided.
src/views/admin/communications/NotificationPage.tsx(198,20): error TS17004: Cannot use JSX unless the '--jsx' flag is provided.
src/views/admin/communications/NotificationPage.tsx(199,23): error TS17004: Cannot use JSX unless the '--jsx' flag is provided.
src/views/admin/communications/NotificationPage.tsx(200,23): error TS17004: Cannot use JSX unless the '--jsx' flag is provided.
src/views/admin/communications/NotificationPage.tsx(202,20): error TS17004: Cannot use JSX unless the '--jsx' flag is provided.
src/views/admin/communications/NotificationPage.tsx(205,17): error TS17004: Cannot use JSX unless the '--jsx' flag is provided.
src/views/admin/communications/NotificationPage.tsx(206,20): error TS17004: Cannot use JSX unless the '--jsx' flag is provided.
src/views/admin/communications/NotificationPage.tsx(207,23): error TS17004: Cannot use JSX unless the '--jsx' flag is provided.
src/views/admin/communications/NotificationPage.tsx(209,20): error TS17004: Cannot use JSX unless the '--jsx' flag is provided.
src/views/admin/communications/NotificationPage.tsx(210,23): error TS17004: Cannot use JSX unless the '--jsx' flag is provided.
src/views/admin/communications/NotificationPage.tsx(211,23): error TS17004: Cannot use JSX unless the '--jsx' flag is provided.
src/views/admin/communications/NotificationPage.tsx(213,20): error TS17004: Cannot use JSX unless the '--jsx' flag is provided.
src/views/admin/contracts/AddendumListPage.tsx(1,8): error TS1259: Module '"C:/code_visual_xanh/lab60622/lab60622/node_modules/@types/react/index"' can only be default-imported using the 'esModuleInterop' flag
src/views/admin/contracts/AddendumListPage.tsx(2,10): error TS6133: 'FileText' is declared but its value is never read.
src/views/admin/contracts/AddendumListPage.tsx(2,20): error TS6133: 'ShieldCheck' is declared but its value is never read.
src/views/admin/contracts/AddendumListPage.tsx(2,33): error TS6133: 'Clock' is declared but its value is never read.
src/views/admin/contracts/AddendumListPage.tsx(4,33): error TS2307: Cannot find module '@/services/contractService' or its corresponding type declarations.
src/views/admin/contracts/AddendumListPage.tsx(5,1): error TS6192: All imports in import declaration are unused.
src/views/admin/contracts/AddendumListPage.tsx(5,32): error TS2307: Cannot find module '@/utils' or its corresponding type declarations.
src/views/admin/contracts/AddendumListPage.tsx(6,29): error TS2307: Cannot find module '@/components/shared/StatusBadge' or its corresponding type declarations.
src/views/admin/contracts/AddendumListPage.tsx(7,25): error TS2307: Cannot find module '@/components/ui/Feedback' or its corresponding type declarations.
src/views/admin/contracts/AddendumListPage.tsx(11,19): error TS6133: 'contracts' is declared but its value is never read.
src/views/admin/contracts/AddendumListPage.tsx(17,9): error TS17004: Cannot use JSX unless the '--jsx' flag is provided.
src/views/admin/contracts/AddendumListPage.tsx(18,13): error TS17004: Cannot use JSX unless the '--jsx' flag is provided.
src/views/admin/contracts/AddendumListPage.tsx(19,17): error TS17004: Cannot use JSX unless the '--jsx' flag is provided.
src/views/admin/contracts/AddendumListPage.tsx(20,21): error TS17004: Cannot use JSX unless the '--jsx' flag is provided.
src/views/admin/contracts/AddendumListPage.tsx(21,21): error TS17004: Cannot use JSX unless the '--jsx' flag is provided.
src/views/admin/contracts/AddendumListPage.tsx(23,17): error TS17004: Cannot use JSX unless the '--jsx' flag is provided.
src/views/admin/contracts/AddendumListPage.tsx(24,21): error TS17004: Cannot use JSX unless the '--jsx' flag is provided.
src/views/admin/contracts/AddendumListPage.tsx(28,13): error TS17004: Cannot use JSX unless the '--jsx' flag is provided.
src/views/admin/contracts/AddendumListPage.tsx(29,17): error TS17004: Cannot use JSX unless the '--jsx' flag is provided.
src/views/admin/contracts/AddendumListPage.tsx(30,21): error TS17004: Cannot use JSX unless the '--jsx' flag is provided.
src/views/admin/contracts/AddendumListPage.tsx(31,25): error TS17004: Cannot use JSX unless the '--jsx' flag is provided.
src/views/admin/contracts/AddendumListPage.tsx(32,29): error TS17004: Cannot use JSX unless the '--jsx' flag is provided.
src/views/admin/contracts/AddendumListPage.tsx(33,29): error TS17004: Cannot use JSX unless the '--jsx' flag is provided.
src/views/admin/contracts/AddendumListPage.tsx(34,29): error TS17004: Cannot use JSX unless the '--jsx' flag is provided.
src/views/admin/contracts/AddendumListPage.tsx(35,29): error TS17004: Cannot use JSX unless the '--jsx' flag is provided.
src/views/admin/contracts/AddendumListPage.tsx(36,29): error TS17004: Cannot use JSX unless the '--jsx' flag is provided.
src/views/admin/contracts/AddendumListPage.tsx(39,21): error TS17004: Cannot use JSX unless the '--jsx' flag is provided.
src/views/admin/contracts/AddendumListPage.tsx(41,29): error TS17004: Cannot use JSX unless the '--jsx' flag is provided.
src/views/admin/contracts/AddendumListPage.tsx(41,33): error TS17004: Cannot use JSX unless the '--jsx' flag is provided.
src/views/admin/contracts/AddendumListPage.tsx(41,79): error TS17004: Cannot use JSX unless the '--jsx' flag is provided.
src/views/admin/contracts/AddendumListPage.tsx(43,29): error TS17004: Cannot use JSX unless the '--jsx' flag is provided.
src/views/admin/contracts/AddendumListPage.tsx(44,33): error TS17004: Cannot use JSX unless the '--jsx' flag is provided.
src/views/admin/contracts/AddendumListPage.tsx(45,37): error TS17004: Cannot use JSX unless the '--jsx' flag is provided.
src/views/admin/contracts/AddendumListPage.tsx(46,41): error TS17004: Cannot use JSX unless the '--jsx' flag is provided.
src/views/admin/contracts/AddendumListPage.tsx(47,41): error TS17004: Cannot use JSX unless the '--jsx' flag is provided.
src/views/admin/contracts/AddendumListPage.tsx(50,33): error TS17004: Cannot use JSX unless the '--jsx' flag is provided.
src/views/admin/contracts/AddendumListPage.tsx(51,33): error TS17004: Cannot use JSX unless the '--jsx' flag is provided.
src/views/admin/contracts/AddendumListPage.tsx(52,33): error TS17004: Cannot use JSX unless the '--jsx' flag is provided.
src/views/admin/contracts/AddendumListPage.tsx(53,37): error TS17004: Cannot use JSX unless the '--jsx' flag is provided.
src/views/admin/contracts/AddendumListPage.tsx(55,33): error TS17004: Cannot use JSX unless the '--jsx' flag is provided.
src/views/admin/contracts/AddendumListPage.tsx(56,37): error TS17004: Cannot use JSX unless the '--jsx' flag is provided.
src/views/admin/contracts/AddendumListPage.tsx(57,41): error TS17004: Cannot use JSX unless the '--jsx' flag is provided.
src/views/admin/contracts/ContractDetail.tsx(1,8): error TS1259: Module '"C:/code_visual_xanh/lab60622/lab60622/node_modules/@types/react/index"' can only be default-imported using the 'esModuleInterop' flag
src/views/admin/contracts/ContractDetail.tsx(5,3): error TS6133: 'ArrowLeft' is declared but its value is never read.
src/views/admin/contracts/ContractDetail.tsx(5,39): error TS6133: 'Printer' is declared but its value is never read.
src/views/admin/contracts/ContractDetail.tsx(9,33): error TS2307: Cannot find module '@/services/contractService' or its corresponding type declarations.
src/views/admin/contracts/ContractDetail.tsx(10,29): error TS2307: Cannot find module '@/components/ui/StatusBadge' or its corresponding type declarations.
src/views/admin/contracts/ContractDetail.tsx(11,37): error TS2307: Cannot find module '@/components/contracts/ContractTimelineBar' or its corresponding type declarations.
src/views/admin/contracts/ContractDetail.tsx(12,31): error TS2307: Cannot find module '@/utils' or its corresponding type declarations.
src/views/admin/contracts/ContractDetail.tsx(13,25): error TS2307: Cannot find module '@/components/ui/Feedback' or its corresponding type declarations.
src/views/admin/contracts/ContractDetail.tsx(15,37): error TS2307: Cannot find module '@/components/contracts/modals/ExtendContractModal' or its corresponding type declarations.
src/views/admin/contracts/ContractDetail.tsx(16,40): error TS2307: Cannot find module '@/components/contracts/modals/TerminateContractModal' or its corresponding type declarations.
src/views/admin/contracts/ContractDetail.tsx(17,37): error TS2307: Cannot find module '@/components/contracts/modals/CreateAddendumModal' or its corresponding type declarations.
src/views/admin/contracts/ContractDetail.tsx(18,34): error TS2307: Cannot find module '@/components/contracts/modals/LiquidationModal' or its corresponding type declarations.
src/views/admin/contracts/ContractDetail.tsx(36,5): error TS17004: Cannot use JSX unless the '--jsx' flag is provided.
src/views/admin/contracts/ContractDetail.tsx(37,7): error TS17004: Cannot use JSX unless the '--jsx' flag is provided.
src/views/admin/contracts/ContractDetail.tsx(42,5): error TS17004: Cannot use JSX unless the '--jsx' flag is provided.
src/views/admin/contracts/ContractDetail.tsx(43,7): error TS17004: Cannot use JSX unless the '--jsx' flag is provided.
src/views/admin/contracts/ContractDetail.tsx(44,7): error TS17004: Cannot use JSX unless the '--jsx' flag is provided.
src/views/admin/contracts/ContractDetail.tsx(59,5): error TS17004: Cannot use JSX unless the '--jsx' flag is provided.
src/views/admin/contracts/ContractDetail.tsx(61,7): error TS17004: Cannot use JSX unless the '--jsx' flag is provided.
src/views/admin/contracts/ContractDetail.tsx(62,9): error TS17004: Cannot use JSX unless the '--jsx' flag is provided.
src/views/admin/contracts/ContractDetail.tsx(63,11): error TS17004: Cannot use JSX unless the '--jsx' flag is provided.
src/views/admin/contracts/ContractDetail.tsx(64,11): error TS17004: Cannot use JSX unless the '--jsx' flag is provided.
src/views/admin/contracts/ContractDetail.tsx(65,11): error TS17004: Cannot use JSX unless the '--jsx' flag is provided.
src/views/admin/contracts/ContractDetail.tsx(68,9): error TS17004: Cannot use JSX unless the '--jsx' flag is provided.
src/views/admin/contracts/ContractDetail.tsx(69,11): error TS17004: Cannot use JSX unless the '--jsx' flag is provided.
src/views/admin/contracts/ContractDetail.tsx(70,13): error TS17004: Cannot use JSX unless the '--jsx' flag is provided.
src/views/admin/contracts/ContractDetail.tsx(71,13): error TS17004: Cannot use JSX unless the '--jsx' flag is provided.
src/views/admin/contracts/ContractDetail.tsx(74,11): error TS17004: Cannot use JSX unless the '--jsx' flag is provided.
src/views/admin/contracts/ContractDetail.tsx(75,13): error TS17004: Cannot use JSX unless the '--jsx' flag is provided.
src/views/admin/contracts/ContractDetail.tsx(75,135): error TS17004: Cannot use JSX unless the '--jsx' flag is provided.
src/views/admin/contracts/ContractDetail.tsx(76,13): error TS17004: Cannot use JSX unless the '--jsx' flag is provided.
src/views/admin/contracts/ContractDetail.tsx(76,112): error TS17004: Cannot use JSX unless the '--jsx' flag is provided.
src/views/admin/contracts/ContractDetail.tsx(77,13): error TS17004: Cannot use JSX unless the '--jsx' flag is provided.
src/views/admin/contracts/ContractDetail.tsx(77,115): error TS17004: Cannot use JSX unless the '--jsx' flag is provided.
src/views/admin/contracts/ContractDetail.tsx(78,13): error TS17004: Cannot use JSX unless the '--jsx' flag is provided.
src/views/admin/contracts/ContractDetail.tsx(79,13): error TS17004: Cannot use JSX unless the '--jsx' flag is provided.
src/views/admin/contracts/ContractDetail.tsx(79,120): error TS17004: Cannot use JSX unless the '--jsx' flag is provided.
src/views/admin/contracts/ContractDetail.tsx(85,7): error TS17004: Cannot use JSX unless the '--jsx' flag is provided.
src/views/admin/contracts/ContractDetail.tsx(86,9): error TS17004: Cannot use JSX unless the '--jsx' flag is provided.
src/views/admin/contracts/ContractDetail.tsx(87,9): error TS17004: Cannot use JSX unless the '--jsx' flag is provided.
src/views/admin/contracts/ContractDetail.tsx(91,7): error TS17004: Cannot use JSX unless the '--jsx' flag is provided.
src/views/admin/contracts/ContractDetail.tsx(92,9): error TS17004: Cannot use JSX unless the '--jsx' flag is provided.
src/views/admin/contracts/ContractDetail.tsx(94,13): error TS17004: Cannot use JSX unless the '--jsx' flag is provided.
src/views/admin/contracts/ContractDetail.tsx(104,15): error TS17004: Cannot use JSX unless the '--jsx' flag is provided.
src/views/admin/contracts/ContractDetail.tsx(110,9): error TS17004: Cannot use JSX unless the '--jsx' flag is provided.
src/views/admin/contracts/ContractDetail.tsx(111,40): error TS17004: Cannot use JSX unless the '--jsx' flag is provided.
src/views/admin/contracts/ContractDetail.tsx(112,39): error TS17004: Cannot use JSX unless the '--jsx' flag is provided.
src/views/admin/contracts/ContractDetail.tsx(113,40): error TS17004: Cannot use JSX unless the '--jsx' flag is provided.
src/views/admin/contracts/ContractDetail.tsx(115,63): error TS2550: Property 'includes' does not exist on type 'string[]'. Do you need to change your target library? Try changing the 'lib' compiler option to 'es2016' or later.
src/views/admin/contracts/ContractDetail.tsx(116,14): error TS17004: Cannot use JSX unless the '--jsx' flag is provided.
src/views/admin/contracts/ContractDetail.tsx(117,16): error TS17004: Cannot use JSX unless the '--jsx' flag is provided.
src/views/admin/contracts/ContractDetail.tsx(118,16): error TS17004: Cannot use JSX unless the '--jsx' flag is provided.
src/views/admin/contracts/ContractDetail.tsx(124,7): error TS17004: Cannot use JSX unless the '--jsx' flag is provided.
src/views/admin/contracts/ContractDetail.tsx(130,7): error TS17004: Cannot use JSX unless the '--jsx' flag is provided.
src/views/admin/contracts/ContractDetail.tsx(136,7): error TS17004: Cannot use JSX unless the '--jsx' flag is provided.
src/views/admin/contracts/ContractDetail.tsx(142,7): error TS17004: Cannot use JSX unless the '--jsx' flag is provided.
src/views/admin/contracts/ContractDetail.tsx(152,3): error TS17004: Cannot use JSX unless the '--jsx' flag is provided.
src/views/admin/contracts/ContractDetail.tsx(153,5): error TS17004: Cannot use JSX unless the '--jsx' flag is provided.
src/views/admin/contracts/ContractDetail.tsx(154,7): error TS17004: Cannot use JSX unless the '--jsx' flag is provided.
src/views/admin/contracts/ContractDetail.tsx(155,9): error TS17004: Cannot use JSX unless the '--jsx' flag is provided.
src/views/admin/contracts/ContractDetail.tsx(156,11): error TS17004: Cannot use JSX unless the '--jsx' flag is provided.
src/views/admin/contracts/ContractDetail.tsx(158,9): error TS17004: Cannot use JSX unless the '--jsx' flag is provided.
src/views/admin/contracts/ContractDetail.tsx(159,11): error TS17004: Cannot use JSX unless the '--jsx' flag is provided.
src/views/admin/contracts/ContractDetail.tsx(160,11): error TS17004: Cannot use JSX unless the '--jsx' flag is provided.
src/views/admin/contracts/ContractDetail.tsx(161,11): error TS17004: Cannot use JSX unless the '--jsx' flag is provided.
src/views/admin/contracts/ContractDetail.tsx(162,11): error TS17004: Cannot use JSX unless the '--jsx' flag is provided.
src/views/admin/contracts/ContractDetail.tsx(163,11): error TS17004: Cannot use JSX unless the '--jsx' flag is provided.
src/views/admin/contracts/ContractDetail.tsx(164,11): error TS17004: Cannot use JSX unless the '--jsx' flag is provided.
src/views/admin/contracts/ContractDetail.tsx(165,11): error TS17004: Cannot use JSX unless the '--jsx' flag is provided.
src/views/admin/contracts/ContractDetail.tsx(166,11): error TS17004: Cannot use JSX unless the '--jsx' flag is provided.
src/views/admin/contracts/ContractDetail.tsx(171,5): error TS17004: Cannot use JSX unless the '--jsx' flag is provided.
src/views/admin/contracts/ContractDetail.tsx(172,7): error TS17004: Cannot use JSX unless the '--jsx' flag is provided.
src/views/admin/contracts/ContractDetail.tsx(173,9): error TS17004: Cannot use JSX unless the '--jsx' flag is provided.
src/views/admin/contracts/ContractDetail.tsx(174,11): error TS17004: Cannot use JSX unless the '--jsx' flag is provided.
src/views/admin/contracts/ContractDetail.tsx(176,9): error TS17004: Cannot use JSX unless the '--jsx' flag is provided.
src/views/admin/contracts/ContractDetail.tsx(177,11): error TS17004: Cannot use JSX unless the '--jsx' flag is provided.
src/views/admin/contracts/ContractDetail.tsx(178,11): error TS17004: Cannot use JSX unless the '--jsx' flag is provided.
src/views/admin/contracts/ContractDetail.tsx(179,11): error TS17004: Cannot use JSX unless the '--jsx' flag is provided.
src/views/admin/contracts/ContractDetail.tsx(183,7): error TS17004: Cannot use JSX unless the '--jsx' flag is provided.
src/views/admin/contracts/ContractDetail.tsx(184,9): error TS17004: Cannot use JSX unless the '--jsx' flag is provided.
src/views/admin/contracts/ContractDetail.tsx(185,9): error TS17004: Cannot use JSX unless the '--jsx' flag is provided.
src/views/admin/contracts/ContractDetail.tsx(186,11): error TS17004: Cannot use JSX unless the '--jsx' flag is provided.
src/views/admin/contracts/ContractDetail.tsx(187,11): error TS17004: Cannot use JSX unless the '--jsx' flag is provided.
src/views/admin/contracts/ContractDetail.tsx(188,11): error TS17004: Cannot use JSX unless the '--jsx' flag is provided.
src/views/admin/contracts/ContractDetail.tsx(189,29): error TS17004: Cannot use JSX unless the '--jsx' flag is provided.
src/views/admin/contracts/ContractDetail.tsx(198,3): error TS17004: Cannot use JSX unless the '--jsx' flag is provided.
src/views/admin/contracts/ContractDetail.tsx(199,5): error TS17004: Cannot use JSX unless the '--jsx' flag is provided.
src/views/admin/contracts/ContractDetail.tsx(200,7): error TS17004: Cannot use JSX unless the '--jsx' flag is provided.
src/views/admin/contracts/ContractDetail.tsx(201,9): error TS17004: Cannot use JSX unless the '--jsx' flag is provided.
src/views/admin/contracts/ContractDetail.tsx(202,11): error TS17004: Cannot use JSX unless the '--jsx' flag is provided.
src/views/admin/contracts/ContractDetail.tsx(203,11): error TS17004: Cannot use JSX unless the '--jsx' flag is provided.
src/views/admin/contracts/ContractDetail.tsx(204,11): error TS17004: Cannot use JSX unless the '--jsx' flag is provided.
src/views/admin/contracts/ContractDetail.tsx(205,11): error TS17004: Cannot use JSX unless the '--jsx' flag is provided.
src/views/admin/contracts/ContractDetail.tsx(206,11): error TS17004: Cannot use JSX unless the '--jsx' flag is provided.
src/views/admin/contracts/ContractDetail.tsx(209,7): error TS17004: Cannot use JSX unless the '--jsx' flag is provided.
src/views/admin/contracts/ContractDetail.tsx(211,11): error TS17004: Cannot use JSX unless the '--jsx' flag is provided.
src/views/admin/contracts/ContractDetail.tsx(212,13): error TS17004: Cannot use JSX unless the '--jsx' flag is provided.
src/views/admin/contracts/ContractDetail.tsx(213,15): error TS17004: Cannot use JSX unless the '--jsx' flag is provided.
src/views/admin/contracts/ContractDetail.tsx(214,17): error TS17004: Cannot use JSX unless the '--jsx' flag is provided.
src/views/admin/contracts/ContractDetail.tsx(217,17): error TS17004: Cannot use JSX unless the '--jsx' flag is provided.
src/views/admin/contracts/ContractDetail.tsx(218,19): error TS17004: Cannot use JSX unless the '--jsx' flag is provided.
src/views/admin/contracts/ContractDetail.tsx(219,19): error TS17004: Cannot use JSX unless the '--jsx' flag is provided.
src/views/admin/contracts/ContractDetail.tsx(223,13): error TS17004: Cannot use JSX unless the '--jsx' flag is provided.
src/views/admin/contracts/ContractDetail.tsx(224,13): error TS17004: Cannot use JSX unless the '--jsx' flag is provided.
src/views/admin/contracts/ContractDetail.tsx(225,13): error TS17004: Cannot use JSX unless the '--jsx' flag is provided.
src/views/admin/contracts/ContractDetail.tsx(227,17): error TS17004: Cannot use JSX unless the '--jsx' flag is provided.
src/views/admin/contracts/ContractDetail.tsx(230,13): error TS17004: Cannot use JSX unless the '--jsx' flag is provided.
src/views/admin/contracts/ContractDetail.tsx(231,15): error TS17004: Cannot use JSX unless the '--jsx' flag is provided.
src/views/admin/contracts/ContractDetail.tsx(231,87): error TS17004: Cannot use JSX unless the '--jsx' flag is provided.
src/views/admin/contracts/ContractDetail.tsx(237,5): error TS17004: Cannot use JSX unless the '--jsx' flag is provided.
src/views/admin/contracts/ContractDetail.tsx(238,7): error TS17004: Cannot use JSX unless the '--jsx' flag is provided.
src/views/admin/contracts/ContractDetail.tsx(244,3): error TS17004: Cannot use JSX unless the '--jsx' flag is provided.
src/views/admin/contracts/ContractDetail.tsx(245,5): error TS17004: Cannot use JSX unless the '--jsx' flag is provided.
src/views/admin/contracts/ContractDetail.tsx(246,7): error TS17004: Cannot use JSX unless the '--jsx' flag is provided.
src/views/admin/contracts/ContractDetail.tsx(247,9): error TS17004: Cannot use JSX unless the '--jsx' flag is provided.
src/views/admin/contracts/ContractDetail.tsx(248,11): error TS17004: Cannot use JSX unless the '--jsx' flag is provided.
src/views/admin/contracts/ContractDetail.tsx(249,13): error TS17004: Cannot use JSX unless the '--jsx' flag is provided.
src/views/admin/contracts/ContractDetail.tsx(250,13): error TS17004: Cannot use JSX unless the '--jsx' flag is provided.
src/views/admin/contracts/ContractDetail.tsx(251,13): error TS17004: Cannot use JSX unless the '--jsx' flag is provided.
src/views/admin/contracts/ContractDetail.tsx(252,13): error TS17004: Cannot use JSX unless the '--jsx' flag is provided.
src/views/admin/contracts/ContractDetail.tsx(253,13): error TS17004: Cannot use JSX unless the '--jsx' flag is provided.
src/views/admin/contracts/ContractDetail.tsx(256,9): error TS17004: Cannot use JSX unless the '--jsx' flag is provided.
src/views/admin/contracts/ContractDetail.tsx(258,13): error TS17004: Cannot use JSX unless the '--jsx' flag is provided.
src/views/admin/contracts/ContractDetail.tsx(259,15): error TS17004: Cannot use JSX unless the '--jsx' flag is provided.
src/views/admin/contracts/ContractDetail.tsx(260,15): error TS17004: Cannot use JSX unless the '--jsx' flag is provided.
src/views/admin/contracts/ContractDetail.tsx(261,15): error TS17004: Cannot use JSX unless the '--jsx' flag is provided.
src/views/admin/contracts/ContractDetail.tsx(262,15): error TS17004: Cannot use JSX unless the '--jsx' flag is provided.
src/views/admin/contracts/ContractDetail.tsx(263,15): error TS17004: Cannot use JSX unless the '--jsx' flag is provided.
src/views/admin/contracts/ContractDetail.tsx(269,5): error TS17004: Cannot use JSX unless the '--jsx' flag is provided.
src/views/admin/contracts/ContractDetail.tsx(270,7): error TS17004: Cannot use JSX unless the '--jsx' flag is provided.
src/views/admin/contracts/ContractDetail.tsx(271,7): error TS17004: Cannot use JSX unless the '--jsx' flag is provided.
src/views/admin/contracts/ContractDetail.tsx(272,9): error TS17004: Cannot use JSX unless the '--jsx' flag is provided.
src/views/admin/contracts/ContractDetail.tsx(272,53): error TS17004: Cannot use JSX unless the '--jsx' flag is provided.
src/views/admin/contracts/ContractDetail.tsx(280,3): error TS17004: Cannot use JSX unless the '--jsx' flag is provided.
src/views/admin/contracts/ContractDetail.tsx(281,5): error TS17004: Cannot use JSX unless the '--jsx' flag is provided.
src/views/admin/contracts/ContractDetail.tsx(282,5): error TS17004: Cannot use JSX unless the '--jsx' flag is provided.
src/views/admin/contracts/ContractList.tsx(1,8): error TS1259: Module '"C:/code_visual_xanh/lab60622/lab60622/node_modules/@types/react/index"' can only be default-imported using the 'esModuleInterop' flag
src/views/admin/contracts/ContractList.tsx(3,29): error TS6133: 'Search' is declared but its value is never read.
src/views/admin/contracts/ContractList.tsx(3,37): error TS6133: 'Filter' is declared but its value is never read.
src/views/admin/contracts/ContractList.tsx(4,3): error TS6133: 'MoreVertical' is declared but its value is never read.
src/views/admin/contracts/ContractList.tsx(4,28): error TS6133: 'History' is declared but its value is never read.
src/views/admin/contracts/ContractList.tsx(4,37): error TS6133: 'Trash2' is declared but its value is never read.
src/views/admin/contracts/ContractList.tsx(6,20): error TS6133: 'Calendar' is declared but its value is never read.
src/views/admin/contracts/ContractList.tsx(6,30): error TS6133: 'Users' is declared but its value is never read.
src/views/admin/contracts/ContractList.tsx(11,1): error TS6133: 'vi' is declared but its value is never read.
src/views/admin/contracts/ContractList.tsx(12,31): error TS2307: Cannot find module '@/utils' or its corresponding type declarations.
src/views/admin/contracts/ContractList.tsx(13,33): error TS2307: Cannot find module '@/services/contractService' or its corresponding type declarations.
src/views/admin/contracts/ContractList.tsx(14,29): error TS2307: Cannot find module '@/components/ui/StatusBadge' or its corresponding type declarations.
src/views/admin/contracts/ContractList.tsx(46,5): error TS17004: Cannot use JSX unless the '--jsx' flag is provided.
src/views/admin/contracts/ContractList.tsx(48,7): error TS17004: Cannot use JSX unless the '--jsx' flag is provided.
src/views/admin/contracts/ContractList.tsx(49,9): error TS17004: Cannot use JSX unless the '--jsx' flag is provided.
src/views/admin/contracts/ContractList.tsx(50,11): error TS17004: Cannot use JSX unless the '--jsx' flag is provided.
src/views/admin/contracts/ContractList.tsx(51,13): error TS17004: Cannot use JSX unless the '--jsx' flag is provided.
src/views/admin/contracts/ContractList.tsx(53,11): error TS17004: Cannot use JSX unless the '--jsx' flag is provided.
src/views/admin/contracts/ContractList.tsx(55,9): error TS17004: Cannot use JSX unless the '--jsx' flag is provided.
src/views/admin/contracts/ContractList.tsx(56,11): error TS17004: Cannot use JSX unless the '--jsx' flag is provided.
src/views/admin/contracts/ContractList.tsx(60,13): error TS17004: Cannot use JSX unless the '--jsx' flag is provided.
src/views/admin/contracts/ContractList.tsx(62,11): error TS17004: Cannot use JSX unless the '--jsx' flag is provided.
src/views/admin/contracts/ContractList.tsx(66,13): error TS17004: Cannot use JSX unless the '--jsx' flag is provided.
src/views/admin/contracts/ContractList.tsx(72,7): error TS17004: Cannot use JSX unless the '--jsx' flag is provided.
src/views/admin/contracts/ContractList.tsx(73,9): error TS17004: Cannot use JSX unless the '--jsx' flag is provided.
src/views/admin/contracts/ContractList.tsx(74,11): error TS17004: Cannot use JSX unless the '--jsx' flag is provided.
src/views/admin/contracts/ContractList.tsx(75,13): error TS17004: Cannot use JSX unless the '--jsx' flag is provided.
src/views/admin/contracts/ContractList.tsx(76,13): error TS17004: Cannot use JSX unless the '--jsx' flag is provided.
src/views/admin/contracts/ContractList.tsx(77,15): error TS17004: Cannot use JSX unless the '--jsx' flag is provided.
src/views/admin/contracts/ContractList.tsx(78,15): error TS17004: Cannot use JSX unless the '--jsx' flag is provided.
src/views/admin/contracts/ContractList.tsx(83,17): error TS17004: Cannot use JSX unless the '--jsx' flag is provided.
src/views/admin/contracts/ContractList.tsx(84,17): error TS17004: Cannot use JSX unless the '--jsx' flag is provided.
src/views/admin/contracts/ContractList.tsx(85,17): error TS17004: Cannot use JSX unless the '--jsx' flag is provided.
src/views/admin/contracts/ContractList.tsx(90,11): error TS17004: Cannot use JSX unless the '--jsx' flag is provided.
src/views/admin/contracts/ContractList.tsx(91,13): error TS17004: Cannot use JSX unless the '--jsx' flag is provided.
src/views/admin/contracts/ContractList.tsx(92,13): error TS17004: Cannot use JSX unless the '--jsx' flag is provided.
src/views/admin/contracts/ContractList.tsx(93,15): error TS17004: Cannot use JSX unless the '--jsx' flag is provided.
src/views/admin/contracts/ContractList.tsx(94,15): error TS17004: Cannot use JSX unless the '--jsx' flag is provided.
src/views/admin/contracts/ContractList.tsx(104,11): error TS17004: Cannot use JSX unless the '--jsx' flag is provided.
src/views/admin/contracts/ContractList.tsx(105,13): error TS17004: Cannot use JSX unless the '--jsx' flag is provided.
src/views/admin/contracts/ContractList.tsx(106,13): error TS17004: Cannot use JSX unless the '--jsx' flag is provided.
src/views/admin/contracts/ContractList.tsx(111,15): error TS17004: Cannot use JSX unless the '--jsx' flag is provided.
src/views/admin/contracts/ContractList.tsx(112,15): error TS17004: Cannot use JSX unless the '--jsx' flag is provided.
src/views/admin/contracts/ContractList.tsx(113,15): error TS17004: Cannot use JSX unless the '--jsx' flag is provided.
src/views/admin/contracts/ContractList.tsx(114,15): error TS17004: Cannot use JSX unless the '--jsx' flag is provided.
src/views/admin/contracts/ContractList.tsx(118,11): error TS17004: Cannot use JSX unless the '--jsx' flag is provided.
src/views/admin/contracts/ContractList.tsx(119,13): error TS17004: Cannot use JSX unless the '--jsx' flag is provided.
src/views/admin/contracts/ContractList.tsx(120,15): error TS17004: Cannot use JSX unless the '--jsx' flag is provided.
src/views/admin/contracts/ContractList.tsx(126,15): error TS17004: Cannot use JSX unless the '--jsx' flag is provided.
src/views/admin/contracts/ContractList.tsx(127,17): error TS17004: Cannot use JSX unless the '--jsx' flag is provided.
src/views/admin/contracts/ContractList.tsx(130,13): error TS17004: Cannot use JSX unless the '--jsx' flag is provided.
src/views/admin/contracts/ContractList.tsx(134,15): error TS17004: Cannot use JSX unless the '--jsx' flag is provided.
src/views/admin/contracts/ContractList.tsx(141,7): error TS17004: Cannot use JSX unless the '--jsx' flag is provided.
src/views/admin/contracts/ContractList.tsx(142,9): error TS17004: Cannot use JSX unless the '--jsx' flag is provided.
src/views/admin/contracts/ContractList.tsx(143,11): error TS17004: Cannot use JSX unless the '--jsx' flag is provided.
src/views/admin/contracts/ContractList.tsx(144,13): error TS17004: Cannot use JSX unless the '--jsx' flag is provided.
src/views/admin/contracts/ContractList.tsx(145,15): error TS17004: Cannot use JSX unless the '--jsx' flag is provided.
src/views/admin/contracts/ContractList.tsx(146,17): error TS17004: Cannot use JSX unless the '--jsx' flag is provided.
src/views/admin/contracts/ContractList.tsx(147,17): error TS17004: Cannot use JSX unless the '--jsx' flag is provided.
src/views/admin/contracts/ContractList.tsx(148,17): error TS17004: Cannot use JSX unless the '--jsx' flag is provided.
src/views/admin/contracts/ContractList.tsx(149,17): error TS17004: Cannot use JSX unless the '--jsx' flag is provided.
src/views/admin/contracts/ContractList.tsx(150,17): error TS17004: Cannot use JSX unless the '--jsx' flag is provided.
src/views/admin/contracts/ContractList.tsx(151,17): error TS17004: Cannot use JSX unless the '--jsx' flag is provided.
src/views/admin/contracts/ContractList.tsx(152,17): error TS17004: Cannot use JSX unless the '--jsx' flag is provided.
src/views/admin/contracts/ContractList.tsx(153,17): error TS17004: Cannot use JSX unless the '--jsx' flag is provided.
src/views/admin/contracts/ContractList.tsx(156,13): error TS17004: Cannot use JSX unless the '--jsx' flag is provided.
src/views/admin/contracts/ContractList.tsx(158,26): error TS2550: Property 'fill' does not exist on type 'any[]'. Do you need to change your target library? Try changing the 'lib' compiler option to 'es2015' or later.
src/views/admin/contracts/ContractList.tsx(158,39): error TS7006: Parameter '_' implicitly has an 'any' type.
src/views/admin/contracts/ContractList.tsx(158,42): error TS7006: Parameter 'i' implicitly has an 'any' type.
src/views/admin/contracts/ContractList.tsx(159,19): error TS17004: Cannot use JSX unless the '--jsx' flag is provided.
src/views/admin/contracts/ContractList.tsx(160,31): error TS2550: Property 'fill' does not exist on type 'any[]'. Do you need to change your target library? Try changing the 'lib' compiler option to 'es2015' or later.
src/views/admin/contracts/ContractList.tsx(160,44): error TS7006: Parameter '_' implicitly has an 'any' type.
src/views/admin/contracts/ContractList.tsx(160,47): error TS7006: Parameter 'j' implicitly has an 'any' type.
src/views/admin/contracts/ContractList.tsx(161,23): error TS17004: Cannot use JSX unless the '--jsx' flag is provided.
src/views/admin/contracts/ContractList.tsx(161,51): error TS17004: Cannot use JSX unless the '--jsx' flag is provided.
src/views/admin/contracts/ContractList.tsx(166,17): error TS17004: Cannot use JSX unless the '--jsx' flag is provided.
src/views/admin/contracts/ContractList.tsx(167,19): error TS17004: Cannot use JSX unless the '--jsx' flag is provided.
src/views/admin/contracts/ContractList.tsx(168,21): error TS17004: Cannot use JSX unless the '--jsx' flag is provided.
src/views/admin/contracts/ContractList.tsx(169,23): error TS17004: Cannot use JSX unless the '--jsx' flag is provided.
src/views/admin/contracts/ContractList.tsx(170,23): error TS17004: Cannot use JSX unless the '--jsx' flag is provided.
src/views/admin/contracts/ContractList.tsx(174,35): error TS7006: Parameter 'contract' implicitly has an 'any' type.
src/views/admin/contracts/ContractList.tsx(175,17): error TS17004: Cannot use JSX unless the '--jsx' flag is provided.
src/views/admin/contracts/ContractList.tsx(182,19): error TS17004: Cannot use JSX unless the '--jsx' flag is provided.
src/views/admin/contracts/ContractList.tsx(183,21): error TS17004: Cannot use JSX unless the '--jsx' flag is provided.
src/views/admin/contracts/ContractList.tsx(184,23): error TS17004: Cannot use JSX unless the '--jsx' flag is provided.
src/views/admin/contracts/ContractList.tsx(185,23): error TS17004: Cannot use JSX unless the '--jsx' flag is provided.
src/views/admin/contracts/ContractList.tsx(186,25): error TS17004: Cannot use JSX unless the '--jsx' flag is provided.
src/views/admin/contracts/ContractList.tsx(190,19): error TS17004: Cannot use JSX unless the '--jsx' flag is provided.
src/views/admin/contracts/ContractList.tsx(191,21): error TS17004: Cannot use JSX unless the '--jsx' flag is provided.
src/views/admin/contracts/ContractList.tsx(192,23): error TS17004: Cannot use JSX unless the '--jsx' flag is provided.
src/views/admin/contracts/ContractList.tsx(193,23): error TS17004: Cannot use JSX unless the '--jsx' flag is provided.
src/views/admin/contracts/ContractList.tsx(194,26): error TS17004: Cannot use JSX unless the '--jsx' flag is provided.
src/views/admin/contracts/ContractList.tsx(194,74): error TS17004: Cannot use JSX unless the '--jsx' flag is provided.
src/views/admin/contracts/ContractList.tsx(198,19): error TS17004: Cannot use JSX unless the '--jsx' flag is provided.
src/views/admin/contracts/ContractList.tsx(199,21): error TS17004: Cannot use JSX unless the '--jsx' flag is provided.
src/views/admin/contracts/ContractList.tsx(200,23): error TS17004: Cannot use JSX unless the '--jsx' flag is provided.
src/views/admin/contracts/ContractList.tsx(203,23): error TS17004: Cannot use JSX unless the '--jsx' flag is provided.
src/views/admin/contracts/ContractList.tsx(206,19): error TS17004: Cannot use JSX unless the '--jsx' flag is provided.
src/views/admin/contracts/ContractList.tsx(207,21): error TS17004: Cannot use JSX unless the '--jsx' flag is provided.
src/views/admin/contracts/ContractList.tsx(216,19): error TS17004: Cannot use JSX unless the '--jsx' flag is provided.
src/views/admin/contracts/ContractList.tsx(217,21): error TS17004: Cannot use JSX unless the '--jsx' flag is provided.
src/views/admin/contracts/ContractList.tsx(219,19): error TS17004: Cannot use JSX unless the '--jsx' flag is provided.
src/views/admin/contracts/ContractList.tsx(220,21): error TS17004: Cannot use JSX unless the '--jsx' flag is provided.
src/views/admin/contracts/ContractList.tsx(223,21): error TS17004: Cannot use JSX unless the '--jsx' flag is provided.
src/views/admin/contracts/ContractList.tsx(225,19): error TS17004: Cannot use JSX unless the '--jsx' flag is provided.
src/views/admin/contracts/ContractList.tsx(226,21): error TS17004: Cannot use JSX unless the '--jsx' flag is provided.
src/views/admin/contracts/ContractList.tsx(227,23): error TS17004: Cannot use JSX unless the '--jsx' flag is provided.
src/views/admin/contracts/ContractList.tsx(228,25): error TS17004: Cannot use JSX unless the '--jsx' flag is provided.
src/views/admin/contracts/ContractList.tsx(229,23): error TS17004: Cannot use JSX unless the '--jsx' flag is provided.
src/views/admin/contracts/ContractList.tsx(238,19): error TS17004: Cannot use JSX unless the '--jsx' flag is provided.
src/views/admin/contracts/ContractList.tsx(239,21): error TS17004: Cannot use JSX unless the '--jsx' flag is provided.
src/views/admin/contracts/ContractList.tsx(240,23): error TS17004: Cannot use JSX unless the '--jsx' flag is provided.
src/views/admin/contracts/ContractList.tsx(245,25): error TS17004: Cannot use JSX unless the '--jsx' flag is provided.
src/views/admin/contracts/ContractList.tsx(247,23): error TS17004: Cannot use JSX unless the '--jsx' flag is provided.
src/views/admin/contracts/ContractList.tsx(248,25): error TS17004: Cannot use JSX unless the '--jsx' flag is provided.
src/views/admin/contracts/ContractList.tsx(250,23): error TS17004: Cannot use JSX unless the '--jsx' flag is provided.
src/views/admin/contracts/ContractList.tsx(251,25): error TS17004: Cannot use JSX unless the '--jsx' flag is provided.
src/views/admin/contracts/ContractList.tsx(253,23): error TS17004: Cannot use JSX unless the '--jsx' flag is provided.
src/views/admin/contracts/ContractList.tsx(254,23): error TS17004: Cannot use JSX unless the '--jsx' flag is provided.
src/views/admin/contracts/ContractList.tsx(255,25): error TS17004: Cannot use JSX unless the '--jsx' flag is provided.
src/views/admin/contracts/CreateContractWizard.tsx(1,8): error TS1259: Module '"C:/code_visual_xanh/lab60622/lab60622/node_modules/@types/react/index"' can only be default-imported using the 'esModuleInterop' flag
src/views/admin/contracts/CreateContractWizard.tsx(6,50): error TS2307: Cannot find module '@/schemas/contractSchema' or its corresponding type declarations.
src/views/admin/contracts/CreateContractWizard.tsx(7,33): error TS2307: Cannot find module '@/services/buildingService' or its corresponding type declarations.
src/views/admin/contracts/CreateContractWizard.tsx(8,29): error TS2307: Cannot find module '@/services/roomService' or its corresponding type declarations.
src/views/admin/contracts/CreateContractWizard.tsx(9,1): error TS6133: 'BuildingSummary' is declared but its value is never read.
src/views/admin/contracts/CreateContractWizard.tsx(9,33): error TS2307: Cannot find module '@/models/Building' or its corresponding type declarations.
src/views/admin/contracts/CreateContractWizard.tsx(10,22): error TS2307: Cannot find module '@/models/Room' or its corresponding type declarations.
src/views/admin/contracts/CreateContractWizard.tsx(12,24): error TS2307: Cannot find module '@/components/ui/Button' or its corresponding type declarations.
src/views/admin/contracts/CreateContractWizard.tsx(15,36): error TS6133: 'Trash2' is declared but its value is never read.
src/views/admin/contracts/CreateContractWizard.tsx(15,54): error TS6133: 'DoorOpen' is declared but its value is never read.
src/views/admin/contracts/CreateContractWizard.tsx(15,64): error TS6133: 'CheckCircle2' is declared but its value is never read.
src/views/admin/contracts/CreateContractWizard.tsx(15,78): error TS6133: 'DollarSign' is declared but its value is never read.
src/views/admin/contracts/CreateContractWizard.tsx(15,90): error TS6133: 'Clock' is declared but its value is never read.
src/views/admin/contracts/CreateContractWizard.tsx(15,97): error TS6133: 'ArrowRight' is declared but its value is never read.
src/views/admin/contracts/CreateContractWizard.tsx(17,31): error TS2307: Cannot find module '@/utils' or its corresponding type declarations.
src/views/admin/contracts/CreateContractWizard.tsx(53,34): error TS6133: 'watch' is declared but its value is never read.
src/views/admin/contracts/CreateContractWizard.tsx(55,20): error TS2705: An async function or method in ES5 requires the 'Promise' constructor.  Make sure you have a declaration for the 'Promise' constructor or include 'ES2015' in your '--lib' option.
src/views/admin/contracts/CreateContractWizard.tsx(73,21): error TS6133: 'data' is declared but its value is never read.
src/views/admin/contracts/CreateContractWizard.tsx(78,27): error TS2705: An async function or method in ES5 requires the 'Promise' constructor.  Make sure you have a declaration for the 'Promise' constructor or include 'ES2015' in your '--lib' option.
src/views/admin/contracts/CreateContractWizard.tsx(84,5): error TS17004: Cannot use JSX unless the '--jsx' flag is provided.
src/views/admin/contracts/CreateContractWizard.tsx(85,7): error TS17004: Cannot use JSX unless the '--jsx' flag is provided.
src/views/admin/contracts/CreateContractWizard.tsx(86,9): error TS17004: Cannot use JSX unless the '--jsx' flag is provided.
src/views/admin/contracts/CreateContractWizard.tsx(87,11): error TS17004: Cannot use JSX unless the '--jsx' flag is provided.
src/views/admin/contracts/CreateContractWizard.tsx(88,13): error TS17004: Cannot use JSX unless the '--jsx' flag is provided.
src/views/admin/contracts/CreateContractWizard.tsx(89,13): error TS17004: Cannot use JSX unless the '--jsx' flag is provided.
src/views/admin/contracts/CreateContractWizard.tsx(92,11): error TS17004: Cannot use JSX unless the '--jsx' flag is provided.
src/views/admin/contracts/CreateContractWizard.tsx(94,15): error TS17004: Cannot use JSX unless the '--jsx' flag is provided.
src/views/admin/contracts/CreateContractWizard.tsx(95,17): error TS17004: Cannot use JSX unless the '--jsx' flag is provided.
src/views/admin/contracts/CreateContractWizard.tsx(100,19): error TS17004: Cannot use JSX unless the '--jsx' flag is provided.
src/views/admin/contracts/CreateContractWizard.tsx(105,43): error TS17004: Cannot use JSX unless the '--jsx' flag is provided.
src/views/admin/contracts/CreateContractWizard.tsx(107,19): error TS17004: Cannot use JSX unless the '--jsx' flag is provided.
src/views/admin/contracts/CreateContractWizard.tsx(109,42): error TS17004: Cannot use JSX unless the '--jsx' flag is provided.
src/views/admin/contracts/CreateContractWizard.tsx(115,9): error TS17004: Cannot use JSX unless the '--jsx' flag is provided.
src/views/admin/contracts/CreateContractWizard.tsx(116,11): error TS17004: Cannot use JSX unless the '--jsx' flag is provided.
src/views/admin/contracts/CreateContractWizard.tsx(117,35): error TS17004: Cannot use JSX unless the '--jsx' flag is provided.
src/views/admin/contracts/CreateContractWizard.tsx(118,35): error TS17004: Cannot use JSX unless the '--jsx' flag is provided.
src/views/admin/contracts/CreateContractWizard.tsx(119,35): error TS17004: Cannot use JSX unless the '--jsx' flag is provided.
src/views/admin/contracts/CreateContractWizard.tsx(120,35): error TS17004: Cannot use JSX unless the '--jsx' flag is provided.
src/views/admin/contracts/CreateContractWizard.tsx(123,11): error TS17004: Cannot use JSX unless the '--jsx' flag is provided.
src/views/admin/contracts/CreateContractWizard.tsx(124,13): error TS17004: Cannot use JSX unless the '--jsx' flag is provided.
src/views/admin/contracts/CreateContractWizard.tsx(128,25): error TS17004: Cannot use JSX unless the '--jsx' flag is provided.
src/views/admin/contracts/CreateContractWizard.tsx(133,13): error TS17004: Cannot use JSX unless the '--jsx' flag is provided.
src/views/admin/contracts/CreateContractWizard.tsx(135,18): error TS17004: Cannot use JSX unless the '--jsx' flag is provided.
src/views/admin/contracts/CreateContractWizard.tsx(135,56): error TS17004: Cannot use JSX unless the '--jsx' flag is provided.
src/views/admin/contracts/CreateContractWizard.tsx(139,18): error TS17004: Cannot use JSX unless the '--jsx' flag is provided.
src/views/admin/contracts/CreateContractWizard.tsx(140,20): error TS17004: Cannot use JSX unless the '--jsx' flag is provided.
src/views/admin/contracts/CreateContractWizard.tsx(141,20): error TS17004: Cannot use JSX unless the '--jsx' flag is provided.
src/views/admin/contracts/CreateContractWizard.tsx(141,71): error TS17004: Cannot use JSX unless the '--jsx' flag is provided.
src/views/admin/contracts/CreateContractWizard.tsx(178,31): error TS2550: Property 'find' does not exist on type 'Room[]'. Do you need to change your target library? Try changing the 'lib' compiler option to 'es2015' or later.
src/views/admin/contracts/CreateContractWizard.tsx(178,36): error TS7006: Parameter 'r' implicitly has an 'any' type.
src/views/admin/contracts/CreateContractWizard.tsx(181,5): error TS17004: Cannot use JSX unless the '--jsx' flag is provided.
src/views/admin/contracts/CreateContractWizard.tsx(182,7): error TS17004: Cannot use JSX unless the '--jsx' flag is provided.
src/views/admin/contracts/CreateContractWizard.tsx(183,9): error TS17004: Cannot use JSX unless the '--jsx' flag is provided.
src/views/admin/contracts/CreateContractWizard.tsx(184,11): error TS17004: Cannot use JSX unless the '--jsx' flag is provided.
src/views/admin/contracts/CreateContractWizard.tsx(184,72): error TS17004: Cannot use JSX unless the '--jsx' flag is provided.
src/views/admin/contracts/CreateContractWizard.tsx(185,11): error TS17004: Cannot use JSX unless the '--jsx' flag is provided.
src/views/admin/contracts/CreateContractWizard.tsx(186,13): error TS17004: Cannot use JSX unless the '--jsx' flag is provided.
src/views/admin/contracts/CreateContractWizard.tsx(187,13): error TS17004: Cannot use JSX unless the '--jsx' flag is provided.
src/views/admin/contracts/CreateContractWizard.tsx(191,15): error TS17004: Cannot use JSX unless the '--jsx' flag is provided.
src/views/admin/contracts/CreateContractWizard.tsx(192,31): error TS7006: Parameter 'b' implicitly has an 'any' type.
src/views/admin/contracts/CreateContractWizard.tsx(193,17): error TS17004: Cannot use JSX unless the '--jsx' flag is provided.
src/views/admin/contracts/CreateContractWizard.tsx(196,35): error TS17004: Cannot use JSX unless the '--jsx' flag is provided.
src/views/admin/contracts/CreateContractWizard.tsx(199,11): error TS17004: Cannot use JSX unless the '--jsx' flag is provided.
src/views/admin/contracts/CreateContractWizard.tsx(200,13): error TS17004: Cannot use JSX unless the '--jsx' flag is provided.
src/views/admin/contracts/CreateContractWizard.tsx(201,13): error TS17004: Cannot use JSX unless the '--jsx' flag is provided.
src/views/admin/contracts/CreateContractWizard.tsx(205,15): error TS17004: Cannot use JSX unless the '--jsx' flag is provided.
src/views/admin/contracts/CreateContractWizard.tsx(207,17): error TS17004: Cannot use JSX unless the '--jsx' flag is provided.
src/views/admin/contracts/CreateContractWizard.tsx(213,15): error TS17004: Cannot use JSX unless the '--jsx' flag is provided.
src/views/admin/contracts/CreateContractWizard.tsx(214,17): error TS17004: Cannot use JSX unless the '--jsx' flag is provided.
src/views/admin/contracts/CreateContractWizard.tsx(220,9): error TS17004: Cannot use JSX unless the '--jsx' flag is provided.
src/views/admin/contracts/CreateContractWizard.tsx(222,13): error TS17004: Cannot use JSX unless the '--jsx' flag is provided.
src/views/admin/contracts/CreateContractWizard.tsx(223,15): error TS17004: Cannot use JSX unless the '--jsx' flag is provided.
src/views/admin/contracts/CreateContractWizard.tsx(224,15): error TS17004: Cannot use JSX unless the '--jsx' flag is provided.
src/views/admin/contracts/CreateContractWizard.tsx(228,15): error TS17004: Cannot use JSX unless the '--jsx' flag is provided.
src/views/admin/contracts/CreateContractWizard.tsx(229,15): error TS17004: Cannot use JSX unless the '--jsx' flag is provided.
src/views/admin/contracts/CreateContractWizard.tsx(230,18): error TS17004: Cannot use JSX unless the '--jsx' flag is provided.
src/views/admin/contracts/CreateContractWizard.tsx(234,13): error TS17004: Cannot use JSX unless the '--jsx' flag is provided.
src/views/admin/contracts/CreateContractWizard.tsx(235,15): error TS17004: Cannot use JSX unless the '--jsx' flag is provided.
src/views/admin/contracts/CreateContractWizard.tsx(236,15): error TS17004: Cannot use JSX unless the '--jsx' flag is provided.
src/views/admin/contracts/CreateContractWizard.tsx(242,7): error TS17004: Cannot use JSX unless the '--jsx' flag is provided.
src/views/admin/contracts/CreateContractWizard.tsx(243,9): error TS17004: Cannot use JSX unless the '--jsx' flag is provided.
src/views/admin/contracts/CreateContractWizard.tsx(244,11): error TS17004: Cannot use JSX unless the '--jsx' flag is provided.
src/views/admin/contracts/CreateContractWizard.tsx(244,72): error TS17004: Cannot use JSX unless the '--jsx' flag is provided.
src/views/admin/contracts/CreateContractWizard.tsx(245,11): error TS17004: Cannot use JSX unless the '--jsx' flag is provided.
src/views/admin/contracts/CreateContractWizard.tsx(246,14): error TS17004: Cannot use JSX unless the '--jsx' flag is provided.
src/views/admin/contracts/CreateContractWizard.tsx(253,14): error TS17004: Cannot use JSX unless the '--jsx' flag is provided.
src/views/admin/contracts/CreateContractWizard.tsx(253,85): error TS17004: Cannot use JSX unless the '--jsx' flag is provided.
src/views/admin/contracts/CreateContractWizard.tsx(257,9): error TS17004: Cannot use JSX unless the '--jsx' flag is provided.
src/views/admin/contracts/CreateContractWizard.tsx(258,11): error TS17004: Cannot use JSX unless the '--jsx' flag is provided.
src/views/admin/contracts/CreateContractWizard.tsx(260,16): error TS17004: Cannot use JSX unless the '--jsx' flag is provided.
src/views/admin/contracts/CreateContractWizard.tsx(264,18): error TS17004: Cannot use JSX unless the '--jsx' flag is provided.
src/views/admin/contracts/CreateContractWizard.tsx(265,20): error TS17004: Cannot use JSX unless the '--jsx' flag is provided.
src/views/admin/contracts/CreateContractWizard.tsx(268,20): error TS17004: Cannot use JSX unless the '--jsx' flag is provided.
src/views/admin/contracts/CreateContractWizard.tsx(269,22): error TS17004: Cannot use JSX unless the '--jsx' flag is provided.
src/views/admin/contracts/CreateContractWizard.tsx(270,22): error TS17004: Cannot use JSX unless the '--jsx' flag is provided.
src/views/admin/contracts/CreateContractWizard.tsx(273,18): error TS17004: Cannot use JSX unless the '--jsx' flag is provided.
src/views/admin/contracts/CreateContractWizard.tsx(274,20): error TS17004: Cannot use JSX unless the '--jsx' flag is provided.
src/views/admin/contracts/CreateContractWizard.tsx(275,20): error TS17004: Cannot use JSX unless the '--jsx' flag is provided.
src/views/admin/contracts/CreateContractWizard.tsx(286,11): error TS17004: Cannot use JSX unless the '--jsx' flag is provided.
src/views/admin/contracts/CreateContractWizard.tsx(290,23): error TS17004: Cannot use JSX unless the '--jsx' flag is provided.
src/views/admin/contracts/CreateContractWizard.tsx(294,39): error TS17004: Cannot use JSX unless the '--jsx' flag is provided.
src/views/admin/contracts/CreateContractWizard.tsx(321,5): error TS17004: Cannot use JSX unless the '--jsx' flag is provided.
src/views/admin/contracts/CreateContractWizard.tsx(322,7): error TS17004: Cannot use JSX unless the '--jsx' flag is provided.
src/views/admin/contracts/CreateContractWizard.tsx(323,9): error TS17004: Cannot use JSX unless the '--jsx' flag is provided.
src/views/admin/contracts/CreateContractWizard.tsx(324,11): error TS17004: Cannot use JSX unless the '--jsx' flag is provided.
src/views/admin/contracts/CreateContractWizard.tsx(325,13): error TS17004: Cannot use JSX unless the '--jsx' flag is provided.
src/views/admin/contracts/CreateContractWizard.tsx(326,15): error TS17004: Cannot use JSX unless the '--jsx' flag is provided.
src/views/admin/contracts/CreateContractWizard.tsx(327,15): error TS17004: Cannot use JSX unless the '--jsx' flag is provided.
src/views/admin/contracts/CreateContractWizard.tsx(328,17): error TS17004: Cannot use JSX unless the '--jsx' flag is provided.
src/views/admin/contracts/CreateContractWizard.tsx(334,17): error TS17004: Cannot use JSX unless the '--jsx' flag is provided.
src/views/admin/contracts/CreateContractWizard.tsx(337,17): error TS17004: Cannot use JSX unless the '--jsx' flag is provided.
src/views/admin/contracts/CreateContractWizard.tsx(338,19): error TS17004: Cannot use JSX unless the '--jsx' flag is provided.
src/views/admin/contracts/CreateContractWizard.tsx(341,36): error TS17004: Cannot use JSX unless the '--jsx' flag is provided.
src/views/admin/contracts/CreateContractWizard.tsx(344,13): error TS17004: Cannot use JSX unless the '--jsx' flag is provided.
src/views/admin/contracts/CreateContractWizard.tsx(345,15): error TS17004: Cannot use JSX unless the '--jsx' flag is provided.
src/views/admin/contracts/CreateContractWizard.tsx(346,15): error TS17004: Cannot use JSX unless the '--jsx' flag is provided.
src/views/admin/contracts/CreateContractWizard.tsx(347,17): error TS17004: Cannot use JSX unless the '--jsx' flag is provided.
src/views/admin/contracts/CreateContractWizard.tsx(352,17): error TS17004: Cannot use JSX unless the '--jsx' flag is provided.
src/views/admin/contracts/CreateContractWizard.tsx(354,40): error TS17004: Cannot use JSX unless the '--jsx' flag is provided.
src/views/admin/contracts/CreateContractWizard.tsx(358,11): error TS17004: Cannot use JSX unless the '--jsx' flag is provided.
src/views/admin/contracts/CreateContractWizard.tsx(359,14): error TS17004: Cannot use JSX unless the '--jsx' flag is provided.
src/views/admin/contracts/CreateContractWizard.tsx(360,16): error TS17004: Cannot use JSX unless the '--jsx' flag is provided.
src/views/admin/contracts/CreateContractWizard.tsx(361,16): error TS17004: Cannot use JSX unless the '--jsx' flag is provided.
src/views/admin/contracts/CreateContractWizard.tsx(366,37): error TS17004: Cannot use JSX unless the '--jsx' flag is provided.
src/views/admin/contracts/CreateContractWizard.tsx(368,14): error TS17004: Cannot use JSX unless the '--jsx' flag is provided.
src/views/admin/contracts/CreateContractWizard.tsx(369,16): error TS17004: Cannot use JSX unless the '--jsx' flag is provided.
src/views/admin/contracts/CreateContractWizard.tsx(370,16): error TS17004: Cannot use JSX unless the '--jsx' flag is provided.
src/views/admin/contracts/CreateContractWizard.tsx(375,35): error TS17004: Cannot use JSX unless the '--jsx' flag is provided.
src/views/admin/contracts/CreateContractWizard.tsx(379,11): error TS17004: Cannot use JSX unless the '--jsx' flag is provided.
src/views/admin/contracts/CreateContractWizard.tsx(380,14): error TS17004: Cannot use JSX unless the '--jsx' flag is provided.
src/views/admin/contracts/CreateContractWizard.tsx(381,16): error TS17004: Cannot use JSX unless the '--jsx' flag is provided.
src/views/admin/contracts/CreateContractWizard.tsx(382,16): error TS17004: Cannot use JSX unless the '--jsx' flag is provided.
src/views/admin/contracts/CreateContractWizard.tsx(383,18): error TS17004: Cannot use JSX unless the '--jsx' flag is provided.
src/views/admin/contracts/CreateContractWizard.tsx(384,18): error TS17004: Cannot use JSX unless the '--jsx' flag is provided.
src/views/admin/contracts/CreateContractWizard.tsx(385,18): error TS17004: Cannot use JSX unless the '--jsx' flag is provided.
src/views/admin/contracts/CreateContractWizard.tsx(386,18): error TS17004: Cannot use JSX unless the '--jsx' flag is provided.
src/views/admin/contracts/CreateContractWizard.tsx(389,14): error TS17004: Cannot use JSX unless the '--jsx' flag is provided.
src/views/admin/contracts/CreateContractWizard.tsx(390,16): error TS17004: Cannot use JSX unless the '--jsx' flag is provided.
src/views/admin/contracts/CreateContractWizard.tsx(391,16): error TS17004: Cannot use JSX unless the '--jsx' flag is provided.
src/views/admin/contracts/CreateContractWizard.tsx(393,14): error TS17004: Cannot use JSX unless the '--jsx' flag is provided.
src/views/admin/contracts/CreateContractWizard.tsx(394,16): error TS17004: Cannot use JSX unless the '--jsx' flag is provided.
src/views/admin/contracts/CreateContractWizard.tsx(395,16): error TS17004: Cannot use JSX unless the '--jsx' flag is provided.
src/views/admin/contracts/CreateContractWizard.tsx(396,18): error TS17004: Cannot use JSX unless the '--jsx' flag is provided.
src/views/admin/contracts/CreateContractWizard.tsx(397,18): error TS17004: Cannot use JSX unless the '--jsx' flag is provided.
src/views/admin/contracts/CreateContractWizard.tsx(398,18): error TS17004: Cannot use JSX unless the '--jsx' flag is provided.
src/views/admin/contracts/CreateContractWizard.tsx(403,11): error TS17004: Cannot use JSX unless the '--jsx' flag is provided.
src/views/admin/contracts/CreateContractWizard.tsx(404,13): error TS17004: Cannot use JSX unless the '--jsx' flag is provided.
src/views/admin/contracts/CreateContractWizard.tsx(410,13): error TS17004: Cannot use JSX unless the '--jsx' flag is provided.
src/views/admin/contracts/CreateContractWizard.tsx(414,9): error TS17004: Cannot use JSX unless the '--jsx' flag is provided.
src/views/admin/contracts/CreateContractWizard.tsx(415,11): error TS17004: Cannot use JSX unless the '--jsx' flag is provided.
src/views/admin/contracts/CreateContractWizard.tsx(416,13): error TS17004: Cannot use JSX unless the '--jsx' flag is provided.
src/views/admin/contracts/CreateContractWizard.tsx(416,111): error TS17004: Cannot use JSX unless the '--jsx' flag is provided.
src/views/admin/contracts/CreateContractWizard.tsx(417,13): error TS17004: Cannot use JSX unless the '--jsx' flag is provided.
src/views/admin/contracts/CreateContractWizard.tsx(418,13): error TS17004: Cannot use JSX unless the '--jsx' flag is provided.
src/views/admin/contracts/CreateContractWizard.tsx(419,13): error TS17004: Cannot use JSX unless the '--jsx' flag is provided.
src/views/admin/contracts/CreateContractWizard.tsx(422,11): error TS17004: Cannot use JSX unless the '--jsx' flag is provided.
src/views/admin/contracts/CreateContractWizard.tsx(423,14): error TS17004: Cannot use JSX unless the '--jsx' flag is provided.
src/views/admin/contracts/CreateContractWizard.tsx(423,117): error TS17004: Cannot use JSX unless the '--jsx' flag is provided.
src/views/admin/contracts/CreateContractWizard.tsx(424,14): error TS17004: Cannot use JSX unless the '--jsx' flag is provided.
src/views/admin/contracts/CreateContractWizard.tsx(425,17): error TS17004: Cannot use JSX unless the '--jsx' flag is provided.
src/views/admin/contracts/CreateContractWizard.tsx(426,19): error TS17004: Cannot use JSX unless the '--jsx' flag is provided.
src/views/admin/contracts/CreateContractWizard.tsx(427,19): error TS17004: Cannot use JSX unless the '--jsx' flag is provided.
src/views/admin/contracts/CreateContractWizard.tsx(429,17): error TS17004: Cannot use JSX unless the '--jsx' flag is provided.
src/views/admin/contracts/CreateContractWizard.tsx(430,19): error TS17004: Cannot use JSX unless the '--jsx' flag is provided.
src/views/admin/contracts/CreateContractWizard.tsx(431,19): error TS17004: Cannot use JSX unless the '--jsx' flag is provided.
src/views/admin/contracts/CreateContractWizard.tsx(433,17): error TS17004: Cannot use JSX unless the '--jsx' flag is provided.
src/views/admin/contracts/CreateContractWizard.tsx(434,19): error TS17004: Cannot use JSX unless the '--jsx' flag is provided.
src/views/admin/contracts/CreateContractWizard.tsx(435,19): error TS17004: Cannot use JSX unless the '--jsx' flag is provided.
src/views/admin/contracts/CreateContractWizard.tsx(466,5): error TS17004: Cannot use JSX unless the '--jsx' flag is provided.
src/views/admin/contracts/CreateContractWizard.tsx(467,7): error TS17004: Cannot use JSX unless the '--jsx' flag is provided.
src/views/admin/contracts/CreateContractWizard.tsx(468,9): error TS17004: Cannot use JSX unless the '--jsx' flag is provided.
src/views/admin/contracts/CreateContractWizard.tsx(469,12): error TS17004: Cannot use JSX unless the '--jsx' flag is provided.
src/views/admin/contracts/CreateContractWizard.tsx(469,73): error TS17004: Cannot use JSX unless the '--jsx' flag is provided.
src/views/admin/contracts/CreateContractWizard.tsx(470,12): error TS17004: Cannot use JSX unless the '--jsx' flag is provided.
src/views/admin/contracts/CreateContractWizard.tsx(472,9): error TS17004: Cannot use JSX unless the '--jsx' flag is provided.
src/views/admin/contracts/CreateContractWizard.tsx(474,14): error TS17004: Cannot use JSX unless the '--jsx' flag is provided.
src/views/admin/contracts/CreateContractWizard.tsx(481,16): error TS17004: Cannot use JSX unless the '--jsx' flag is provided.
src/views/admin/contracts/CreateContractWizard.tsx(487,16): error TS17004: Cannot use JSX unless the '--jsx' flag is provided.
src/views/admin/contracts/CreateContractWizard.tsx(489,18): error TS17004: Cannot use JSX unless the '--jsx' flag is provided.
src/views/admin/contracts/CreateContractWizard.tsx(491,16): error TS17004: Cannot use JSX unless the '--jsx' flag is provided.
src/views/admin/contracts/CreateContractWizard.tsx(492,19): error TS17004: Cannot use JSX unless the '--jsx' flag is provided.
src/views/admin/contracts/CreateContractWizard.tsx(493,19): error TS17004: Cannot use JSX unless the '--jsx' flag is provided.
src/views/admin/contracts/CreateContractWizard.tsx(500,7): error TS17004: Cannot use JSX unless the '--jsx' flag is provided.
src/views/admin/contracts/CreateContractWizard.tsx(501,9): error TS17004: Cannot use JSX unless the '--jsx' flag is provided.
src/views/admin/contracts/CreateContractWizard.tsx(501,70): error TS17004: Cannot use JSX unless the '--jsx' flag is provided.
src/views/admin/contracts/CreateContractWizard.tsx(502,9): error TS17004: Cannot use JSX unless the '--jsx' flag is provided.
src/views/admin/contracts/CreateContractWizard.tsx(503,13): error TS17004: Cannot use JSX unless the '--jsx' flag is provided.
src/views/admin/contracts/CreateContractWizard.tsx(504,15): error TS17004: Cannot use JSX unless the '--jsx' flag is provided.
src/views/admin/contracts/CreateContractWizard.tsx(505,15): error TS17004: Cannot use JSX unless the '--jsx' flag is provided.
src/views/admin/contracts/CreateContractWizard.tsx(510,45): error TS17004: Cannot use JSX unless the '--jsx' flag is provided.
src/views/admin/contracts/CreateContractWizard.tsx(512,13): error TS17004: Cannot use JSX unless the '--jsx' flag is provided.
src/views/admin/contracts/CreateContractWizard.tsx(513,15): error TS17004: Cannot use JSX unless the '--jsx' flag is provided.
src/views/admin/contracts/CreateContractWizard.tsx(514,15): error TS17004: Cannot use JSX unless the '--jsx' flag is provided.
src/views/admin/contracts/CreateContractWizard.tsx(519,41): error TS17004: Cannot use JSX unless the '--jsx' flag is provided.
src/views/admin/contracts/CreateContractWizard.tsx(521,13): error TS17004: Cannot use JSX unless the '--jsx' flag is provided.
src/views/admin/contracts/CreateContractWizard.tsx(522,15): error TS17004: Cannot use JSX unless the '--jsx' flag is provided.
src/views/admin/contracts/CreateContractWizard.tsx(523,15): error TS17004: Cannot use JSX unless the '--jsx' flag is provided.
src/views/admin/contracts/CreateContractWizard.tsx(536,29): error TS2550: Property 'find' does not exist on type 'Record<"id", string>[]'. Do you need to change your target library? Try changing the 'lib' compiler option to 'es2015' or later.
src/views/admin/contracts/CreateContractWizard.tsx(536,34): error TS7006: Parameter 't' implicitly has an 'any' type.
src/views/admin/contracts/CreateContractWizard.tsx(540,5): error TS17004: Cannot use JSX unless the '--jsx' flag is provided.
src/views/admin/contracts/CreateContractWizard.tsx(541,7): error TS17004: Cannot use JSX unless the '--jsx' flag is provided.
src/views/admin/contracts/CreateContractWizard.tsx(542,9): error TS17004: Cannot use JSX unless the '--jsx' flag is provided.
src/views/admin/contracts/CreateContractWizard.tsx(543,11): error TS17004: Cannot use JSX unless the '--jsx' flag is provided.
src/views/admin/contracts/CreateContractWizard.tsx(545,9): error TS17004: Cannot use JSX unless the '--jsx' flag is provided.
src/views/admin/contracts/CreateContractWizard.tsx(546,9): error TS17004: Cannot use JSX unless the '--jsx' flag is provided.
src/views/admin/contracts/CreateContractWizard.tsx(549,7): error TS17004: Cannot use JSX unless the '--jsx' flag is provided.
src/views/admin/contracts/CreateContractWizard.tsx(550,9): error TS17004: Cannot use JSX unless the '--jsx' flag is provided.
src/views/admin/contracts/CreateContractWizard.tsx(551,12): error TS17004: Cannot use JSX unless the '--jsx' flag is provided.
src/views/admin/contracts/CreateContractWizard.tsx(552,12): error TS17004: Cannot use JSX unless the '--jsx' flag is provided.
src/views/admin/contracts/CreateContractWizard.tsx(553,15): error TS17004: Cannot use JSX unless the '--jsx' flag is provided.
src/views/admin/contracts/CreateContractWizard.tsx(554,18): error TS17004: Cannot use JSX unless the '--jsx' flag is provided.
src/views/admin/contracts/CreateContractWizard.tsx(554,122): error TS17004: Cannot use JSX unless the '--jsx' flag is provided.
src/views/admin/contracts/CreateContractWizard.tsx(555,18): error TS17004: Cannot use JSX unless the '--jsx' flag is provided.
src/views/admin/contracts/CreateContractWizard.tsx(556,20): error TS17004: Cannot use JSX unless the '--jsx' flag is provided.
src/views/admin/contracts/CreateContractWizard.tsx(557,20): error TS17004: Cannot use JSX unless the '--jsx' flag is provided.
src/views/admin/contracts/CreateContractWizard.tsx(560,15): error TS17004: Cannot use JSX unless the '--jsx' flag is provided.
src/views/admin/contracts/CreateContractWizard.tsx(561,18): error TS17004: Cannot use JSX unless the '--jsx' flag is provided.
src/views/admin/contracts/CreateContractWizard.tsx(561,121): error TS17004: Cannot use JSX unless the '--jsx' flag is provided.
src/views/admin/contracts/CreateContractWizard.tsx(562,18): error TS17004: Cannot use JSX unless the '--jsx' flag is provided.
src/views/admin/contracts/CreateContractWizard.tsx(563,20): error TS17004: Cannot use JSX unless the '--jsx' flag is provided.
src/views/admin/contracts/CreateContractWizard.tsx(564,20): error TS17004: Cannot use JSX unless the '--jsx' flag is provided.
src/views/admin/contracts/CreateContractWizard.tsx(567,15): error TS17004: Cannot use JSX unless the '--jsx' flag is provided.
src/views/admin/contracts/CreateContractWizard.tsx(568,18): error TS17004: Cannot use JSX unless the '--jsx' flag is provided.
src/views/admin/contracts/CreateContractWizard.tsx(568,122): error TS17004: Cannot use JSX unless the '--jsx' flag is provided.
src/views/admin/contracts/CreateContractWizard.tsx(569,18): error TS17004: Cannot use JSX unless the '--jsx' flag is provided.
src/views/admin/contracts/CreateContractWizard.tsx(570,20): error TS17004: Cannot use JSX unless the '--jsx' flag is provided.
src/views/admin/contracts/CreateContractWizard.tsx(571,20): error TS17004: Cannot use JSX unless the '--jsx' flag is provided.
src/views/admin/contracts/CreateContractWizard.tsx(577,9): error TS17004: Cannot use JSX unless the '--jsx' flag is provided.
src/views/admin/contracts/CreateContractWizard.tsx(578,12): error TS17004: Cannot use JSX unless the '--jsx' flag is provided.
src/views/admin/contracts/CreateContractWizard.tsx(579,12): error TS17004: Cannot use JSX unless the '--jsx' flag is provided.
src/views/admin/contracts/CreateContractWizard.tsx(580,15): error TS17004: Cannot use JSX unless the '--jsx' flag is provided.
src/views/admin/contracts/CreateContractWizard.tsx(581,18): error TS17004: Cannot use JSX unless the '--jsx' flag is provided.
src/views/admin/contracts/CreateContractWizard.tsx(582,18): error TS17004: Cannot use JSX unless the '--jsx' flag is provided.
src/views/admin/contracts/CreateContractWizard.tsx(583,21): error TS17004: Cannot use JSX unless the '--jsx' flag is provided.
src/views/admin/contracts/CreateContractWizard.tsx(584,21): error TS17004: Cannot use JSX unless the '--jsx' flag is provided.
src/views/admin/contracts/CreateContractWizard.tsx(588,17): error TS17004: Cannot use JSX unless the '--jsx' flag is provided.
src/views/admin/contracts/CreateContractWizard.tsx(589,20): error TS17004: Cannot use JSX unless the '--jsx' flag is provided.
src/views/admin/contracts/CreateContractWizard.tsx(590,20): error TS17004: Cannot use JSX unless the '--jsx' flag is provided.
src/views/admin/contracts/CreateContractWizard.tsx(592,25): error TS17004: Cannot use JSX unless the '--jsx' flag is provided.
src/views/admin/contracts/CreateContractWizard.tsx(592,180): error TS2339: Property 'name' does not exist on type 'Record<"id", string>'.
src/views/admin/contracts/CreateContractWizard.tsx(597,15): error TS17004: Cannot use JSX unless the '--jsx' flag is provided.
src/views/admin/contracts/CreateContractWizard.tsx(598,18): error TS17004: Cannot use JSX unless the '--jsx' flag is provided.
src/views/admin/contracts/CreateContractWizard.tsx(599,18): error TS17004: Cannot use JSX unless the '--jsx' flag is provided.
src/views/admin/contracts/CreateContractWizard.tsx(601,23): error TS17004: Cannot use JSX unless the '--jsx' flag is provided.
src/views/admin/contracts/CreateContractWizard.tsx(603,64): error TS17004: Cannot use JSX unless the '--jsx' flag is provided.
src/views/admin/contracts/CreateContractWizard.tsx(609,9): error TS17004: Cannot use JSX unless the '--jsx' flag is provided.
src/views/admin/contracts/CreateContractWizard.tsx(610,12): error TS17004: Cannot use JSX unless the '--jsx' flag is provided.
src/views/admin/contracts/CreateContractWizard.tsx(611,12): error TS17004: Cannot use JSX unless the '--jsx' flag is provided.
src/views/admin/contracts/CreateContractWizard.tsx(612,15): error TS17004: Cannot use JSX unless the '--jsx' flag is provided.
src/views/admin/contracts/CreateContractWizard.tsx(613,18): error TS17004: Cannot use JSX unless the '--jsx' flag is provided.
src/views/admin/contracts/CreateContractWizard.tsx(614,18): error TS17004: Cannot use JSX unless the '--jsx' flag is provided.
src/views/admin/contracts/CreateContractWizard.tsx(616,15): error TS17004: Cannot use JSX unless the '--jsx' flag is provided.
src/views/admin/contracts/CreateContractWizard.tsx(617,18): error TS17004: Cannot use JSX unless the '--jsx' flag is provided.
src/views/admin/contracts/CreateContractWizard.tsx(618,18): error TS17004: Cannot use JSX unless the '--jsx' flag is provided.
src/views/admin/contracts/CreateContractWizard.tsx(620,15): error TS17004: Cannot use JSX unless the '--jsx' flag is provided.
src/views/admin/contracts/CreateContractWizard.tsx(621,18): error TS17004: Cannot use JSX unless the '--jsx' flag is provided.
src/views/admin/contracts/CreateContractWizard.tsx(622,18): error TS17004: Cannot use JSX unless the '--jsx' flag is provided.
src/views/admin/contracts/CreateContractWizard.tsx(624,15): error TS17004: Cannot use JSX unless the '--jsx' flag is provided.
src/views/admin/contracts/CreateContractWizard.tsx(625,18): error TS17004: Cannot use JSX unless the '--jsx' flag is provided.
src/views/admin/contracts/CreateContractWizard.tsx(626,18): error TS17004: Cannot use JSX unless the '--jsx' flag is provided.
src/views/admin/Dashboard.tsx(1,8): error TS1259: Module '"C:/code_visual_xanh/lab60622/lab60622/node_modules/@types/react/index"' can only be default-imported using the 'esModuleInterop' flag
src/views/admin/Dashboard.tsx(5,31): error TS6133: 'ArrowRight' is declared but its value is never read.
src/views/admin/Dashboard.tsx(6,23): error TS6133: 'CheckCircle2' is declared but its value is never read.
src/views/admin/Dashboard.tsx(11,43): error TS2307: Cannot find module '@/utils' or its corresponding type declarations.
src/views/admin/Dashboard.tsx(12,24): error TS2307: Cannot find module '@/stores/uiStore' or its corresponding type declarations.
src/views/admin/Dashboard.tsx(13,26): error TS2307: Cannot find module '@/stores/authStore' or its corresponding type declarations.
src/views/admin/Dashboard.tsx(14,34): error TS2307: Cannot find module '@/services/dashboardService' or its corresponding type declarations.
src/views/admin/Dashboard.tsx(15,25): error TS2307: Cannot find module '@/components/data/KPICard' or its corresponding type declarations.
src/views/admin/Dashboard.tsx(16,30): error TS2307: Cannot find module '@/components/data/RevenueChart' or its corresponding type declarations.
src/views/admin/Dashboard.tsx(17,32): error TS2307: Cannot find module '@/components/data/OccupancyChart' or its corresponding type declarations.
src/views/admin/Dashboard.tsx(18,34): error TS2307: Cannot find module '@/components/data/ElectricityChart' or its corresponding type declarations.
src/views/admin/Dashboard.tsx(19,29): error TS2307: Cannot find module '@/components/ui/StatusBadge' or its corresponding type declarations.
src/views/admin/Dashboard.tsx(24,29): error TS2307: Cannot find module '@/components/ui/DashboardUI' or its corresponding type declarations.
src/views/admin/Dashboard.tsx(25,28): error TS6142: Module './staff/StaffDashboard' was resolved to 'C:/code_visual_xanh/lab60622/lab60622/src/views/admin/staff/StaffDashboard.tsx', but '--jsx' is not set.
src/views/admin/Dashboard.tsx(60,38): error TS6133: 'paymentsLoading' is declared but its value is never read.
src/views/admin/Dashboard.tsx(65,37): error TS6133: 'ticketsLoading' is declared but its value is never read.
src/views/admin/Dashboard.tsx(75,36): error TS6133: 'alertsLoading' is declared but its value is never read.
src/views/admin/Dashboard.tsx(80,9): error TS6133: 'dismissAlertMutation' is declared but its value is never read.
src/views/admin/Dashboard.tsx(112,27): error TS17004: Cannot use JSX unless the '--jsx' flag is provided.
src/views/admin/Dashboard.tsx(113,27): error TS17004: Cannot use JSX unless the '--jsx' flag is provided.
src/views/admin/Dashboard.tsx(114,28): error TS17004: Cannot use JSX unless the '--jsx' flag is provided.
src/views/admin/Dashboard.tsx(115,27): error TS17004: Cannot use JSX unless the '--jsx' flag is provided.
src/views/admin/Dashboard.tsx(116,23): error TS17004: Cannot use JSX unless the '--jsx' flag is provided.
src/views/admin/Dashboard.tsx(136,5): error TS17004: Cannot use JSX unless the '--jsx' flag is provided.
src/views/admin/Dashboard.tsx(138,9): error TS17004: Cannot use JSX unless the '--jsx' flag is provided.
src/views/admin/Dashboard.tsx(144,7): error TS17004: Cannot use JSX unless the '--jsx' flag is provided.
src/views/admin/Dashboard.tsx(145,9): error TS17004: Cannot use JSX unless the '--jsx' flag is provided.
src/views/admin/Dashboard.tsx(146,12): error TS17004: Cannot use JSX unless the '--jsx' flag is provided.
src/views/admin/Dashboard.tsx(148,9): error TS17004: Cannot use JSX unless the '--jsx' flag is provided.
src/views/admin/Dashboard.tsx(149,11): error TS17004: Cannot use JSX unless the '--jsx' flag is provided.
src/views/admin/Dashboard.tsx(150,13): error TS17004: Cannot use JSX unless the '--jsx' flag is provided.
src/views/admin/Dashboard.tsx(151,13): error TS17004: Cannot use JSX unless the '--jsx' flag is provided.
src/views/admin/Dashboard.tsx(156,15): error TS17004: Cannot use JSX unless the '--jsx' flag is provided.
src/views/admin/Dashboard.tsx(158,17): error TS17004: Cannot use JSX unless the '--jsx' flag is provided.
src/views/admin/Dashboard.tsx(163,11): error TS17004: Cannot use JSX unless the '--jsx' flag is provided.
src/views/admin/Dashboard.tsx(164,13): error TS17004: Cannot use JSX unless the '--jsx' flag is provided.
src/views/admin/Dashboard.tsx(165,13): error TS17004: Cannot use JSX unless the '--jsx' flag is provided.
src/views/admin/Dashboard.tsx(170,15): error TS17004: Cannot use JSX unless the '--jsx' flag is provided.
src/views/admin/Dashboard.tsx(171,15): error TS17004: Cannot use JSX unless the '--jsx' flag is provided.
src/views/admin/Dashboard.tsx(172,15): error TS17004: Cannot use JSX unless the '--jsx' flag is provided.
src/views/admin/Dashboard.tsx(177,9): error TS17004: Cannot use JSX unless the '--jsx' flag is provided.
src/views/admin/Dashboard.tsx(178,11): error TS17004: Cannot use JSX unless the '--jsx' flag is provided.
src/views/admin/Dashboard.tsx(179,14): error TS17004: Cannot use JSX unless the '--jsx' flag is provided.
src/views/admin/Dashboard.tsx(180,14): error TS17004: Cannot use JSX unless the '--jsx' flag is provided.
src/views/admin/Dashboard.tsx(182,11): error TS17004: Cannot use JSX unless the '--jsx' flag is provided.
src/views/admin/Dashboard.tsx(187,13): error TS17004: Cannot use JSX unless the '--jsx' flag is provided.
src/views/admin/Dashboard.tsx(189,11): error TS17004: Cannot use JSX unless the '--jsx' flag is provided.
src/views/admin/Dashboard.tsx(190,13): error TS17004: Cannot use JSX unless the '--jsx' flag is provided.
src/views/admin/Dashboard.tsx(190,32): error TS17004: Cannot use JSX unless the '--jsx' flag is provided.
src/views/admin/Dashboard.tsx(195,7): error TS17004: Cannot use JSX unless the '--jsx' flag is provided.
src/views/admin/Dashboard.tsx(196,9): error TS17004: Cannot use JSX unless the '--jsx' flag is provided.
src/views/admin/Dashboard.tsx(204,9): error TS17004: Cannot use JSX unless the '--jsx' flag is provided.
src/views/admin/Dashboard.tsx(212,9): error TS17004: Cannot use JSX unless the '--jsx' flag is provided.
src/views/admin/Dashboard.tsx(220,9): error TS17004: Cannot use JSX unless the '--jsx' flag is provided.
src/views/admin/Dashboard.tsx(228,9): error TS17004: Cannot use JSX unless the '--jsx' flag is provided.
src/views/admin/Dashboard.tsx(237,9): error TS17004: Cannot use JSX unless the '--jsx' flag is provided.
src/views/admin/Dashboard.tsx(247,9): error TS17004: Cannot use JSX unless the '--jsx' flag is provided.
src/views/admin/Dashboard.tsx(255,9): error TS17004: Cannot use JSX unless the '--jsx' flag is provided.
src/views/admin/Dashboard.tsx(264,7): error TS17004: Cannot use JSX unless the '--jsx' flag is provided.
src/views/admin/Dashboard.tsx(265,9): error TS17004: Cannot use JSX unless the '--jsx' flag is provided.
src/views/admin/Dashboard.tsx(266,11): error TS17004: Cannot use JSX unless the '--jsx' flag is provided.
src/views/admin/Dashboard.tsx(267,14): error TS17004: Cannot use JSX unless the '--jsx' flag is provided.
src/views/admin/Dashboard.tsx(269,11): error TS17004: Cannot use JSX unless the '--jsx' flag is provided.
src/views/admin/Dashboard.tsx(270,13): error TS17004: Cannot use JSX unless the '--jsx' flag is provided.
src/views/admin/Dashboard.tsx(271,15): error TS17004: Cannot use JSX unless the '--jsx' flag is provided.
src/views/admin/Dashboard.tsx(272,15): error TS17004: Cannot use JSX unless the '--jsx' flag is provided.
src/views/admin/Dashboard.tsx(274,13): error TS17004: Cannot use JSX unless the '--jsx' flag is provided.
src/views/admin/Dashboard.tsx(275,15): error TS17004: Cannot use JSX unless the '--jsx' flag is provided.
src/views/admin/Dashboard.tsx(275,102): error TS17004: Cannot use JSX unless the '--jsx' flag is provided.
src/views/admin/Dashboard.tsx(276,15): error TS17004: Cannot use JSX unless the '--jsx' flag is provided.
src/views/admin/Dashboard.tsx(276,102): error TS17004: Cannot use JSX unless the '--jsx' flag is provided.
src/views/admin/Dashboard.tsx(279,11): error TS17004: Cannot use JSX unless the '--jsx' flag is provided.
src/views/admin/Dashboard.tsx(282,9): error TS17004: Cannot use JSX unless the '--jsx' flag is provided.
src/views/admin/Dashboard.tsx(283,11): error TS17004: Cannot use JSX unless the '--jsx' flag is provided.
src/views/admin/Dashboard.tsx(284,11): error TS17004: Cannot use JSX unless the '--jsx' flag is provided.
src/views/admin/Dashboard.tsx(287,9): error TS17004: Cannot use JSX unless the '--jsx' flag is provided.
src/views/admin/Dashboard.tsx(288,11): error TS17004: Cannot use JSX unless the '--jsx' flag is provided.
src/views/admin/Dashboard.tsx(289,13): error TS17004: Cannot use JSX unless the '--jsx' flag is provided.
src/views/admin/Dashboard.tsx(290,13): error TS17004: Cannot use JSX unless the '--jsx' flag is provided.
src/views/admin/Dashboard.tsx(292,11): error TS17004: Cannot use JSX unless the '--jsx' flag is provided.
src/views/admin/Dashboard.tsx(293,29): error TS7006: Parameter 'payment' implicitly has an 'any' type.
src/views/admin/Dashboard.tsx(294,15): error TS17004: Cannot use JSX unless the '--jsx' flag is provided.
src/views/admin/Dashboard.tsx(298,17): error TS17004: Cannot use JSX unless the '--jsx' flag is provided.
src/views/admin/Dashboard.tsx(299,19): error TS17004: Cannot use JSX unless the '--jsx' flag is provided.
src/views/admin/Dashboard.tsx(302,19): error TS17004: Cannot use JSX unless the '--jsx' flag is provided.
src/views/admin/Dashboard.tsx(303,21): error TS17004: Cannot use JSX unless the '--jsx' flag is provided.
src/views/admin/Dashboard.tsx(304,21): error TS17004: Cannot use JSX unless the '--jsx' flag is provided.
src/views/admin/Dashboard.tsx(305,24): error TS17004: Cannot use JSX unless the '--jsx' flag is provided.
src/views/admin/Dashboard.tsx(306,24): error TS17004: Cannot use JSX unless the '--jsx' flag is provided.
src/views/admin/Dashboard.tsx(316,55): error TS17004: Cannot use JSX unless the '--jsx' flag is provided.
src/views/admin/Dashboard.tsx(316,102): error TS17004: Cannot use JSX unless the '--jsx' flag is provided.
src/views/admin/Dashboard.tsx(321,17): error TS17004: Cannot use JSX unless the '--jsx' flag is provided.
src/views/admin/Dashboard.tsx(322,19): error TS17004: Cannot use JSX unless the '--jsx' flag is provided.
src/views/admin/Dashboard.tsx(323,22): error TS17004: Cannot use JSX unless the '--jsx' flag is provided.
src/views/admin/Dashboard.tsx(324,22): error TS17004: Cannot use JSX unless the '--jsx' flag is provided.
src/views/admin/Dashboard.tsx(326,19): error TS17004: Cannot use JSX unless the '--jsx' flag is provided.
src/views/admin/Dashboard.tsx(333,9): error TS17004: Cannot use JSX unless the '--jsx' flag is provided.
src/views/admin/Dashboard.tsx(334,11): error TS17004: Cannot use JSX unless the '--jsx' flag is provided.
src/views/admin/Dashboard.tsx(335,13): error TS17004: Cannot use JSX unless the '--jsx' flag is provided.
src/views/admin/Dashboard.tsx(336,13): error TS17004: Cannot use JSX unless the '--jsx' flag is provided.
src/views/admin/Dashboard.tsx(338,11): error TS17004: Cannot use JSX unless the '--jsx' flag is provided.
src/views/admin/Dashboard.tsx(339,28): error TS7006: Parameter 'ticket' implicitly has an 'any' type.
src/views/admin/Dashboard.tsx(342,17): error TS17004: Cannot use JSX unless the '--jsx' flag is provided.
src/views/admin/Dashboard.tsx(347,19): error TS17004: Cannot use JSX unless the '--jsx' flag is provided.
src/views/admin/Dashboard.tsx(348,21): error TS17004: Cannot use JSX unless the '--jsx' flag is provided.
src/views/admin/Dashboard.tsx(349,23): error TS17004: Cannot use JSX unless the '--jsx' flag is provided.
src/views/admin/Dashboard.tsx(355,23): error TS17004: Cannot use JSX unless the '--jsx' flag is provided.
src/views/admin/Dashboard.tsx(357,21): error TS17004: Cannot use JSX unless the '--jsx' flag is provided.
src/views/admin/Dashboard.tsx(359,19): error TS17004: Cannot use JSX unless the '--jsx' flag is provided.
src/views/admin/Dashboard.tsx(360,19): error TS17004: Cannot use JSX unless the '--jsx' flag is provided.
src/views/admin/Dashboard.tsx(361,21): error TS17004: Cannot use JSX unless the '--jsx' flag is provided.
src/views/admin/Dashboard.tsx(361,64): error TS17004: Cannot use JSX unless the '--jsx' flag is provided.
src/views/admin/Dashboard.tsx(362,21): error TS17004: Cannot use JSX unless the '--jsx' flag is provided.
src/views/admin/Dashboard.tsx(363,24): error TS17004: Cannot use JSX unless the '--jsx' flag is provided.
src/views/admin/Dashboard.tsx(372,9): error TS17004: Cannot use JSX unless the '--jsx' flag is provided.
src/views/admin/Dashboard.tsx(373,11): error TS17004: Cannot use JSX unless the '--jsx' flag is provided.
src/views/admin/Dashboard.tsx(374,11): error TS17004: Cannot use JSX unless the '--jsx' flag is provided.
src/views/admin/Dashboard.tsx(381,15): error TS17004: Cannot use JSX unless the '--jsx' flag is provided.
src/views/admin/Dashboard.tsx(386,17): error TS17004: Cannot use JSX unless the '--jsx' flag is provided.
src/views/admin/Dashboard.tsx(387,19): error TS17004: Cannot use JSX unless the '--jsx' flag is provided.
src/views/admin/Dashboard.tsx(389,17): error TS17004: Cannot use JSX unless the '--jsx' flag is provided.
src/views/admin/Dashboard.tsx(390,17): error TS17004: Cannot use JSX unless the '--jsx' flag is provided.
src/views/admin/Dashboard.tsx(396,9): error TS17004: Cannot use JSX unless the '--jsx' flag is provided.
src/views/admin/Dashboard.tsx(397,11): error TS17004: Cannot use JSX unless the '--jsx' flag is provided.
src/views/admin/Dashboard.tsx(398,14): error TS17004: Cannot use JSX unless the '--jsx' flag is provided.
src/views/admin/Dashboard.tsx(399,17): error TS17004: Cannot use JSX unless the '--jsx' flag is provided.
src/views/admin/Dashboard.tsx(400,17): error TS17004: Cannot use JSX unless the '--jsx' flag is provided.
src/views/admin/Dashboard.tsx(402,14): error TS17004: Cannot use JSX unless the '--jsx' flag is provided.
src/views/admin/Dashboard.tsx(403,17): error TS17004: Cannot use JSX unless the '--jsx' flag is provided.
src/views/admin/Dashboard.tsx(406,11): error TS17004: Cannot use JSX unless the '--jsx' flag is provided.
src/views/admin/Dashboard.tsx(409,9): error TS17004: Cannot use JSX unless the '--jsx' flag is provided.
src/views/admin/Dashboard.tsx(410,11): error TS17004: Cannot use JSX unless the '--jsx' flag is provided.
src/views/admin/Dashboard.tsx(411,14): error TS17004: Cannot use JSX unless the '--jsx' flag is provided.
src/views/admin/Dashboard.tsx(412,17): error TS17004: Cannot use JSX unless the '--jsx' flag is provided.
src/views/admin/Dashboard.tsx(413,20): error TS17004: Cannot use JSX unless the '--jsx' flag is provided.
src/views/admin/Dashboard.tsx(415,17): error TS17004: Cannot use JSX unless the '--jsx' flag is provided.
src/views/admin/Dashboard.tsx(419,11): error TS17004: Cannot use JSX unless the '--jsx' flag is provided.
src/views/admin/Dashboard.tsx(420,27): error TS7006: Parameter 'alert' implicitly has an 'any' type.
src/views/admin/Dashboard.tsx(421,15): error TS17004: Cannot use JSX unless the '--jsx' flag is provided.
src/views/admin/Dashboard.tsx(426,17): error TS17004: Cannot use JSX unless the '--jsx' flag is provided.
src/views/admin/Dashboard.tsx(427,19): error TS17004: Cannot use JSX unless the '--jsx' flag is provided.
src/views/admin/Dashboard.tsx(434,17): error TS17004: Cannot use JSX unless the '--jsx' flag is provided.
src/views/admin/Dashboard.tsx(448,12): error TS17004: Cannot use JSX unless the '--jsx' flag is provided.
src/views/admin/Dashboard.tsx(451,10): error TS17004: Cannot use JSX unless the '--jsx' flag is provided.
src/views/admin/finance/components/ApproveRejectModals.tsx(1,8): error TS1259: Module '"C:/code_visual_xanh/lab60622/lab60622/node_modules/@types/react/index"' can only be default-imported using the 'esModuleInterop' flag
src/views/admin/finance/components/ApproveRejectModals.tsx(4,3): error TS6133: 'Info' is declared but its value is never read.
src/views/admin/finance/components/ApproveRejectModals.tsx(4,9): error TS6133: 'DollarSign' is declared but its value is never read.
src/views/admin/finance/components/ApproveRejectModals.tsx(4,21): error TS6133: 'Calendar' is declared but its value is never read.
src/views/admin/finance/components/ApproveRejectModals.tsx(5,3): error TS6133: 'FileText' is declared but its value is never read.
src/views/admin/finance/components/ApproveRejectModals.tsx(5,26): error TS6133: 'X' is declared but its value is never read.
src/views/admin/finance/components/ApproveRejectModals.tsx(7,36): error TS2307: Cannot find module '@/models/Payment' or its corresponding type declarations.
src/views/admin/finance/components/ApproveRejectModals.tsx(8,21): error TS6133: 'formatDate' is declared but its value is never read.
src/views/admin/finance/components/ApproveRejectModals.tsx(8,43): error TS2307: Cannot find module '@/utils' or its corresponding type declarations.
src/views/admin/finance/components/ApproveRejectModals.tsx(19,5): error TS17004: Cannot use JSX unless the '--jsx' flag is provided.
src/views/admin/finance/components/ApproveRejectModals.tsx(20,7): error TS17004: Cannot use JSX unless the '--jsx' flag is provided.
src/views/admin/finance/components/ApproveRejectModals.tsx(21,7): error TS17004: Cannot use JSX unless the '--jsx' flag is provided.
src/views/admin/finance/components/ApproveRejectModals.tsx(22,9): error TS17004: Cannot use JSX unless the '--jsx' flag is provided.
src/views/admin/finance/components/ApproveRejectModals.tsx(23,9): error TS17004: Cannot use JSX unless the '--jsx' flag is provided.
src/views/admin/finance/components/ApproveRejectModals.tsx(24,11): error TS17004: Cannot use JSX unless the '--jsx' flag is provided.
src/views/admin/finance/components/ApproveRejectModals.tsx(25,13): error TS17004: Cannot use JSX unless the '--jsx' flag is provided.
src/views/admin/finance/components/ApproveRejectModals.tsx(26,15): error TS17004: Cannot use JSX unless the '--jsx' flag is provided.
src/views/admin/finance/components/ApproveRejectModals.tsx(29,13): error TS17004: Cannot use JSX unless the '--jsx' flag is provided.
src/views/admin/finance/components/ApproveRejectModals.tsx(30,15): error TS17004: Cannot use JSX unless the '--jsx' flag is provided.
src/views/admin/finance/components/ApproveRejectModals.tsx(31,15): error TS17004: Cannot use JSX unless the '--jsx' flag is provided.
src/views/admin/finance/components/ApproveRejectModals.tsx(34,13): error TS17004: Cannot use JSX unless the '--jsx' flag is provided.
src/views/admin/finance/components/ApproveRejectModals.tsx(35,15): error TS17004: Cannot use JSX unless the '--jsx' flag is provided.
src/views/admin/finance/components/ApproveRejectModals.tsx(36,17): error TS17004: Cannot use JSX unless the '--jsx' flag is provided.
src/views/admin/finance/components/ApproveRejectModals.tsx(37,17): error TS17004: Cannot use JSX unless the '--jsx' flag is provided.
src/views/admin/finance/components/ApproveRejectModals.tsx(39,15): error TS17004: Cannot use JSX unless the '--jsx' flag is provided.
src/views/admin/finance/components/ApproveRejectModals.tsx(40,17): error TS17004: Cannot use JSX unless the '--jsx' flag is provided.
src/views/admin/finance/components/ApproveRejectModals.tsx(41,17): error TS17004: Cannot use JSX unless the '--jsx' flag is provided.
src/views/admin/finance/components/ApproveRejectModals.tsx(43,15): error TS17004: Cannot use JSX unless the '--jsx' flag is provided.
src/views/admin/finance/components/ApproveRejectModals.tsx(44,17): error TS17004: Cannot use JSX unless the '--jsx' flag is provided.
src/views/admin/finance/components/ApproveRejectModals.tsx(45,17): error TS17004: Cannot use JSX unless the '--jsx' flag is provided.
src/views/admin/finance/components/ApproveRejectModals.tsx(45,69): error TS17004: Cannot use JSX unless the '--jsx' flag is provided.
src/views/admin/finance/components/ApproveRejectModals.tsx(49,13): error TS17004: Cannot use JSX unless the '--jsx' flag is provided.
src/views/admin/finance/components/ApproveRejectModals.tsx(50,16): error TS17004: Cannot use JSX unless the '--jsx' flag is provided.
src/views/admin/finance/components/ApproveRejectModals.tsx(54,13): error TS17004: Cannot use JSX unless the '--jsx' flag is provided.
src/views/admin/finance/components/ApproveRejectModals.tsx(55,15): error TS17004: Cannot use JSX unless the '--jsx' flag is provided.
src/views/admin/finance/components/ApproveRejectModals.tsx(62,15): error TS17004: Cannot use JSX unless the '--jsx' flag is provided.
src/views/admin/finance/components/ApproveRejectModals.tsx(96,5): error TS17004: Cannot use JSX unless the '--jsx' flag is provided.
src/views/admin/finance/components/ApproveRejectModals.tsx(97,7): error TS17004: Cannot use JSX unless the '--jsx' flag is provided.
src/views/admin/finance/components/ApproveRejectModals.tsx(98,7): error TS17004: Cannot use JSX unless the '--jsx' flag is provided.
src/views/admin/finance/components/ApproveRejectModals.tsx(99,9): error TS17004: Cannot use JSX unless the '--jsx' flag is provided.
src/views/admin/finance/components/ApproveRejectModals.tsx(100,9): error TS17004: Cannot use JSX unless the '--jsx' flag is provided.
src/views/admin/finance/components/ApproveRejectModals.tsx(101,11): error TS17004: Cannot use JSX unless the '--jsx' flag is provided.
src/views/admin/finance/components/ApproveRejectModals.tsx(102,13): error TS17004: Cannot use JSX unless the '--jsx' flag is provided.
src/views/admin/finance/components/ApproveRejectModals.tsx(103,15): error TS17004: Cannot use JSX unless the '--jsx' flag is provided.
src/views/admin/finance/components/ApproveRejectModals.tsx(104,17): error TS17004: Cannot use JSX unless the '--jsx' flag is provided.
src/views/admin/finance/components/ApproveRejectModals.tsx(106,15): error TS17004: Cannot use JSX unless the '--jsx' flag is provided.
src/views/admin/finance/components/ApproveRejectModals.tsx(107,18): error TS17004: Cannot use JSX unless the '--jsx' flag is provided.
src/views/admin/finance/components/ApproveRejectModals.tsx(108,18): error TS17004: Cannot use JSX unless the '--jsx' flag is provided.
src/views/admin/finance/components/ApproveRejectModals.tsx(112,13): error TS17004: Cannot use JSX unless the '--jsx' flag is provided.
src/views/admin/finance/components/ApproveRejectModals.tsx(113,15): error TS17004: Cannot use JSX unless the '--jsx' flag is provided.
src/views/admin/finance/components/ApproveRejectModals.tsx(114,17): error TS17004: Cannot use JSX unless the '--jsx' flag is provided.
src/views/admin/finance/components/ApproveRejectModals.tsx(115,17): error TS17004: Cannot use JSX unless the '--jsx' flag is provided.
src/views/admin/finance/components/ApproveRejectModals.tsx(127,27): error TS17004: Cannot use JSX unless the '--jsx' flag is provided.
src/views/admin/finance/components/ApproveRejectModals.tsx(130,15): error TS17004: Cannot use JSX unless the '--jsx' flag is provided.
src/views/admin/finance/components/ApproveRejectModals.tsx(131,18): error TS17004: Cannot use JSX unless the '--jsx' flag is provided.
src/views/admin/finance/components/ApproveRejectModals.tsx(132,21): error TS17004: Cannot use JSX unless the '--jsx' flag is provided.
src/views/admin/finance/components/ApproveRejectModals.tsx(134,18): error TS17004: Cannot use JSX unless the '--jsx' flag is provided.
src/views/admin/finance/components/ApproveRejectModals.tsx(140,13): error TS17004: Cannot use JSX unless the '--jsx' flag is provided.
src/views/admin/finance/components/ApproveRejectModals.tsx(141,16): error TS17004: Cannot use JSX unless the '--jsx' flag is provided.
src/views/admin/finance/components/ApproveRejectModals.tsx(147,15): error TS17004: Cannot use JSX unless the '--jsx' flag is provided.
src/views/admin/finance/components/RecordPaymentModal.tsx(1,8): error TS1259: Module '"C:/code_visual_xanh/lab60622/lab60622/node_modules/@types/react/index"' can only be default-imported using the 'esModuleInterop' flag
src/views/admin/finance/components/RecordPaymentModal.tsx(3,28): error TS6133: 'FileText' is declared but its value is never read.
src/views/admin/finance/components/RecordPaymentModal.tsx(4,3): error TS6133: 'User' is declared but its value is never read.
src/views/admin/finance/components/RecordPaymentModal.tsx(4,9): error TS6133: 'CreditCard' is declared but its value is never read.
src/views/admin/finance/components/RecordPaymentModal.tsx(5,3): error TS6133: 'Camera' is declared but its value is never read.
src/views/admin/finance/components/RecordPaymentModal.tsx(5,24): error TS6133: 'Check' is declared but its value is never read.
src/views/admin/finance/components/RecordPaymentModal.tsx(5,31): error TS6133: 'Info' is declared but its value is never read.
src/views/admin/finance/components/RecordPaymentModal.tsx(6,3): error TS6133: 'ChevronRight' is declared but its value is never read.
src/views/admin/finance/components/RecordPaymentModal.tsx(9,32): error TS2307: Cannot find module '@/services/invoiceService' or its corresponding type declarations.
src/views/admin/finance/components/RecordPaymentModal.tsx(10,32): error TS2307: Cannot find module '@/services/paymentService' or its corresponding type declarations.
src/views/admin/finance/components/RecordPaymentModal.tsx(11,46): error TS2307: Cannot find module '@/models/Payment' or its corresponding type declarations.
src/views/admin/finance/components/RecordPaymentModal.tsx(12,1): error TS6133: 'Invoice' is declared but its value is never read.
src/views/admin/finance/components/RecordPaymentModal.tsx(12,25): error TS2307: Cannot find module '@/models/Invoice' or its corresponding type declarations.
src/views/admin/finance/components/RecordPaymentModal.tsx(13,31): error TS2307: Cannot find module '@/utils' or its corresponding type declarations.
src/views/admin/finance/components/RecordPaymentModal.tsx(32,38): error TS6133: 'invoicesLoading' is declared but its value is never read.
src/views/admin/finance/components/RecordPaymentModal.tsx(37,43): error TS7006: Parameter 'i' implicitly has an 'any' type.
src/views/admin/finance/components/RecordPaymentModal.tsx(38,47): error TS7006: Parameter 'i' implicitly has an 'any' type.
src/views/admin/finance/components/RecordPaymentModal.tsx(99,5): error TS17004: Cannot use JSX unless the '--jsx' flag is provided.
src/views/admin/finance/components/RecordPaymentModal.tsx(100,7): error TS17004: Cannot use JSX unless the '--jsx' flag is provided.
src/views/admin/finance/components/RecordPaymentModal.tsx(101,7): error TS17004: Cannot use JSX unless the '--jsx' flag is provided.
src/views/admin/finance/components/RecordPaymentModal.tsx(104,9): error TS17004: Cannot use JSX unless the '--jsx' flag is provided.
src/views/admin/finance/components/RecordPaymentModal.tsx(105,11): error TS17004: Cannot use JSX unless the '--jsx' flag is provided.
src/views/admin/finance/components/RecordPaymentModal.tsx(106,13): error TS17004: Cannot use JSX unless the '--jsx' flag is provided.
src/views/admin/finance/components/RecordPaymentModal.tsx(107,16): error TS17004: Cannot use JSX unless the '--jsx' flag is provided.
src/views/admin/finance/components/RecordPaymentModal.tsx(108,19): error TS17004: Cannot use JSX unless the '--jsx' flag is provided.
src/views/admin/finance/components/RecordPaymentModal.tsx(110,16): error TS17004: Cannot use JSX unless the '--jsx' flag is provided.
src/views/admin/finance/components/RecordPaymentModal.tsx(111,19): error TS17004: Cannot use JSX unless the '--jsx' flag is provided.
src/views/admin/finance/components/RecordPaymentModal.tsx(112,19): error TS17004: Cannot use JSX unless the '--jsx' flag is provided.
src/views/admin/finance/components/RecordPaymentModal.tsx(115,13): error TS17004: Cannot use JSX unless the '--jsx' flag is provided.
src/views/admin/finance/components/RecordPaymentModal.tsx(116,15): error TS17004: Cannot use JSX unless the '--jsx' flag is provided.
src/views/admin/finance/components/RecordPaymentModal.tsx(120,11): error TS17004: Cannot use JSX unless the '--jsx' flag is provided.
src/views/admin/finance/components/RecordPaymentModal.tsx(121,13): error TS17004: Cannot use JSX unless the '--jsx' flag is provided.
src/views/admin/finance/components/RecordPaymentModal.tsx(122,16): error TS17004: Cannot use JSX unless the '--jsx' flag is provided.
src/views/admin/finance/components/RecordPaymentModal.tsx(123,16): error TS17004: Cannot use JSX unless the '--jsx' flag is provided.
src/views/admin/finance/components/RecordPaymentModal.tsx(128,18): error TS17004: Cannot use JSX unless the '--jsx' flag is provided.
src/views/admin/finance/components/RecordPaymentModal.tsx(129,38): error TS7006: Parameter 'inv' implicitly has an 'any' type.
src/views/admin/finance/components/RecordPaymentModal.tsx(130,20): error TS17004: Cannot use JSX unless the '--jsx' flag is provided.
src/views/admin/finance/components/RecordPaymentModal.tsx(137,13): error TS17004: Cannot use JSX unless the '--jsx' flag is provided.
src/views/admin/finance/components/RecordPaymentModal.tsx(138,15): error TS17004: Cannot use JSX unless the '--jsx' flag is provided.
src/views/admin/finance/components/RecordPaymentModal.tsx(139,17): error TS17004: Cannot use JSX unless the '--jsx' flag is provided.
src/views/admin/finance/components/RecordPaymentModal.tsx(140,17): error TS17004: Cannot use JSX unless the '--jsx' flag is provided.
src/views/admin/finance/components/RecordPaymentModal.tsx(141,19): error TS17004: Cannot use JSX unless the '--jsx' flag is provided.
src/views/admin/finance/components/RecordPaymentModal.tsx(147,19): error TS17004: Cannot use JSX unless the '--jsx' flag is provided.
src/views/admin/finance/components/RecordPaymentModal.tsx(150,15): error TS17004: Cannot use JSX unless the '--jsx' flag is provided.
src/views/admin/finance/components/RecordPaymentModal.tsx(151,17): error TS17004: Cannot use JSX unless the '--jsx' flag is provided.
src/views/admin/finance/components/RecordPaymentModal.tsx(152,17): error TS17004: Cannot use JSX unless the '--jsx' flag is provided.
src/views/admin/finance/components/RecordPaymentModal.tsx(153,19): error TS17004: Cannot use JSX unless the '--jsx' flag is provided.
src/views/admin/finance/components/RecordPaymentModal.tsx(159,19): error TS17004: Cannot use JSX unless the '--jsx' flag is provided.
src/views/admin/finance/components/RecordPaymentModal.tsx(164,13): error TS17004: Cannot use JSX unless the '--jsx' flag is provided.
src/views/admin/finance/components/RecordPaymentModal.tsx(165,16): error TS17004: Cannot use JSX unless the '--jsx' flag is provided.
src/views/admin/finance/components/RecordPaymentModal.tsx(166,16): error TS17004: Cannot use JSX unless the '--jsx' flag is provided.
src/views/admin/finance/components/RecordPaymentModal.tsx(168,20): error TS17004: Cannot use JSX unless the '--jsx' flag is provided.
src/views/admin/finance/components/RecordPaymentModal.tsx(176,39): error TS17004: Cannot use JSX unless the '--jsx' flag is provided.
src/views/admin/finance/components/RecordPaymentModal.tsx(177,47): error TS17004: Cannot use JSX unless the '--jsx' flag is provided.
src/views/admin/finance/components/RecordPaymentModal.tsx(178,40): error TS17004: Cannot use JSX unless the '--jsx' flag is provided.
src/views/admin/finance/components/RecordPaymentModal.tsx(179,39): error TS17004: Cannot use JSX unless the '--jsx' flag is provided.
src/views/admin/finance/components/RecordPaymentModal.tsx(180,42): error TS17004: Cannot use JSX unless the '--jsx' flag is provided.
src/views/admin/finance/components/RecordPaymentModal.tsx(181,22): error TS17004: Cannot use JSX unless the '--jsx' flag is provided.
src/views/admin/finance/components/RecordPaymentModal.tsx(187,13): error TS17004: Cannot use JSX unless the '--jsx' flag is provided.
src/views/admin/finance/components/RecordPaymentModal.tsx(188,15): error TS17004: Cannot use JSX unless the '--jsx' flag is provided.
src/views/admin/finance/components/RecordPaymentModal.tsx(189,15): error TS17004: Cannot use JSX unless the '--jsx' flag is provided.
src/views/admin/finance/components/RecordPaymentModal.tsx(196,15): error TS17004: Cannot use JSX unless the '--jsx' flag is provided.
src/views/admin/finance/components/RecordPaymentModal.tsx(207,9): error TS17004: Cannot use JSX unless the '--jsx' flag is provided.
src/views/admin/finance/components/RecordPaymentModal.tsx(208,11): error TS17004: Cannot use JSX unless the '--jsx' flag is provided.
src/views/admin/finance/components/RecordPaymentModal.tsx(209,13): error TS17004: Cannot use JSX unless the '--jsx' flag is provided.
src/views/admin/finance/components/RecordPaymentModal.tsx(210,16): error TS17004: Cannot use JSX unless the '--jsx' flag is provided.
src/views/admin/finance/components/RecordPaymentModal.tsx(213,13): error TS17004: Cannot use JSX unless the '--jsx' flag is provided.
src/views/admin/finance/components/RecordPaymentModal.tsx(214,16): error TS17004: Cannot use JSX unless the '--jsx' flag is provided.
src/views/admin/finance/components/RecordPaymentModal.tsx(215,19): error TS17004: Cannot use JSX unless the '--jsx' flag is provided.
src/views/admin/finance/components/RecordPaymentModal.tsx(216,19): error TS17004: Cannot use JSX unless the '--jsx' flag is provided.
src/views/admin/finance/components/RecordPaymentModal.tsx(218,16): error TS17004: Cannot use JSX unless the '--jsx' flag is provided.
src/views/admin/finance/components/RecordPaymentModal.tsx(219,19): error TS17004: Cannot use JSX unless the '--jsx' flag is provided.
src/views/admin/finance/components/RecordPaymentModal.tsx(220,19): error TS17004: Cannot use JSX unless the '--jsx' flag is provided.
src/views/admin/finance/components/RecordPaymentModal.tsx(222,16): error TS17004: Cannot use JSX unless the '--jsx' flag is provided.
src/views/admin/finance/components/RecordPaymentModal.tsx(223,16): error TS17004: Cannot use JSX unless the '--jsx' flag is provided.
src/views/admin/finance/components/RecordPaymentModal.tsx(224,19): error TS17004: Cannot use JSX unless the '--jsx' flag is provided.
src/views/admin/finance/components/RecordPaymentModal.tsx(225,19): error TS17004: Cannot use JSX unless the '--jsx' flag is provided.
src/views/admin/finance/components/RecordPaymentModal.tsx(227,16): error TS17004: Cannot use JSX unless the '--jsx' flag is provided.
src/views/admin/finance/components/RecordPaymentModal.tsx(228,19): error TS17004: Cannot use JSX unless the '--jsx' flag is provided.
src/views/admin/finance/components/RecordPaymentModal.tsx(229,19): error TS17004: Cannot use JSX unless the '--jsx' flag is provided.
src/views/admin/finance/components/RecordPaymentModal.tsx(239,15): error TS17004: Cannot use JSX unless the '--jsx' flag is provided.
src/views/admin/finance/components/RecordPaymentModal.tsx(240,18): error TS17004: Cannot use JSX unless the '--jsx' flag is provided.
src/views/admin/finance/components/RecordPaymentModal.tsx(241,18): error TS17004: Cannot use JSX unless the '--jsx' flag is provided.
src/views/admin/finance/components/RecordPaymentModal.tsx(242,21): error TS17004: Cannot use JSX unless the '--jsx' flag is provided.
src/views/admin/finance/components/RecordPaymentModal.tsx(243,21): error TS17004: Cannot use JSX unless the '--jsx' flag is provided.
src/views/admin/finance/components/RecordPaymentModal.tsx(249,11): error TS17004: Cannot use JSX unless the '--jsx' flag is provided.
src/views/admin/finance/components/RecordPaymentModal.tsx(250,14): error TS17004: Cannot use JSX unless the '--jsx' flag is provided.
src/views/admin/finance/components/RecordPaymentModal.tsx(256,14): error TS17004: Cannot use JSX unless the '--jsx' flag is provided.
src/views/admin/finance/components/RecordPaymentModal.tsx(267,11): error TS17004: Cannot use JSX unless the '--jsx' flag is provided.
src/views/admin/finance/components/RecordPaymentModal.tsx(268,13): error TS17004: Cannot use JSX unless the '--jsx' flag is provided.
src/views/admin/finance/components/RecordPaymentModal.tsx(269,13): error TS17004: Cannot use JSX unless the '--jsx' flag is provided.
src/views/admin/finance/components/RecordPaymentModal.tsx(270,16): error TS17004: Cannot use JSX unless the '--jsx' flag is provided.
src/views/admin/finance/components/RecordPaymentModal.tsx(271,19): error TS17004: Cannot use JSX unless the '--jsx' flag is provided.
src/views/admin/finance/components/RecordPaymentModal.tsx(273,16): error TS17004: Cannot use JSX unless the '--jsx' flag is provided.
src/views/admin/finance/components/RecordPaymentModal.tsx(274,19): error TS17004: Cannot use JSX unless the '--jsx' flag is provided.
src/views/admin/finance/components/RecordPaymentModal.tsx(275,19): error TS17004: Cannot use JSX unless the '--jsx' flag is provided.
src/views/admin/finance/components/RecordPaymentModal.tsx(277,16): error TS17004: Cannot use JSX unless the '--jsx' flag is provided.
src/views/admin/finance/components/RecordPaymentModal.tsx(278,19): error TS17004: Cannot use JSX unless the '--jsx' flag is provided.
src/views/admin/finance/components/RecordPaymentModal.tsx(287,19): error TS17004: Cannot use JSX unless the '--jsx' flag is provided.
src/views/admin/finance/InvoiceDetail.tsx(1,8): error TS1259: Module '"C:/code_visual_xanh/lab60622/lab60622/node_modules/@types/react/index"' can only be default-imported using the 'esModuleInterop' flag
src/views/admin/finance/InvoiceDetail.tsx(5,14): error TS6133: 'FileText' is declared but its value is never read.
src/views/admin/finance/InvoiceDetail.tsx(5,33): error TS6133: 'Share2' is declared but its value is never read.
src/views/admin/finance/InvoiceDetail.tsx(6,21): error TS6133: 'Trash2' is declared but its value is never read.
src/views/admin/finance/InvoiceDetail.tsx(8,18): error TS6133: 'ShieldCheck' is declared but its value is never read.
src/views/admin/finance/InvoiceDetail.tsx(12,32): error TS2307: Cannot find module '@/services/invoiceService' or its corresponding type declarations.
src/views/admin/finance/InvoiceDetail.tsx(13,52): error TS2307: Cannot find module '@/models/Invoice' or its corresponding type declarations.
src/views/admin/finance/InvoiceDetail.tsx(14,29): error TS2307: Cannot find module '@/components/ui/StatusBadge' or its corresponding type declarations.
src/views/admin/finance/InvoiceDetail.tsx(15,10): error TS6133: 'cn' is declared but its value is never read.
src/views/admin/finance/InvoiceDetail.tsx(15,43): error TS2307: Cannot find module '@/utils' or its corresponding type declarations.
src/views/admin/finance/InvoiceDetail.tsx(16,25): error TS2307: Cannot find module '@/components/ui/Feedback' or its corresponding type declarations.
src/views/admin/finance/InvoiceDetail.tsx(23,10): error TS6133: 'showWaterDetails' is declared but its value is never read.
src/views/admin/finance/InvoiceDetail.tsx(23,28): error TS6133: 'setShowWaterDetails' is declared but its value is never read.
src/views/admin/finance/InvoiceDetail.tsx(41,25): error TS17004: Cannot use JSX unless the '--jsx' flag is provided.
src/views/admin/finance/InvoiceDetail.tsx(41,84): error TS17004: Cannot use JSX unless the '--jsx' flag is provided.
src/views/admin/finance/InvoiceDetail.tsx(42,24): error TS17004: Cannot use JSX unless the '--jsx' flag is provided.
src/views/admin/finance/InvoiceDetail.tsx(45,29): error TS2705: An async function or method in ES5 requires the 'Promise' constructor.  Make sure you have a declaration for the 'Promise' constructor or include 'ES2015' in your '--lib' option.
src/views/admin/finance/InvoiceDetail.tsx(47,11): error TS2585: 'Promise' only refers to a type, but is being used as a value here. Do you need to change your target library? Try changing the 'lib' compiler option to es2015 or later.
src/views/admin/finance/InvoiceDetail.tsx(47,20): error TS7006: Parameter 'resolve' implicitly has an 'any' type.
src/views/admin/finance/InvoiceDetail.tsx(70,5): error TS17004: Cannot use JSX unless the '--jsx' flag is provided.
src/views/admin/finance/InvoiceDetail.tsx(72,7): error TS17004: Cannot use JSX unless the '--jsx' flag is provided.
src/views/admin/finance/InvoiceDetail.tsx(73,9): error TS17004: Cannot use JSX unless the '--jsx' flag is provided.
src/views/admin/finance/InvoiceDetail.tsx(74,11): error TS17004: Cannot use JSX unless the '--jsx' flag is provided.
src/views/admin/finance/InvoiceDetail.tsx(75,13): error TS17004: Cannot use JSX unless the '--jsx' flag is provided.
src/views/admin/finance/InvoiceDetail.tsx(77,11): error TS17004: Cannot use JSX unless the '--jsx' flag is provided.
src/views/admin/finance/InvoiceDetail.tsx(78,13): error TS17004: Cannot use JSX unless the '--jsx' flag is provided.
src/views/admin/finance/InvoiceDetail.tsx(79,16): error TS17004: Cannot use JSX unless the '--jsx' flag is provided.
src/views/admin/finance/InvoiceDetail.tsx(80,16): error TS17004: Cannot use JSX unless the '--jsx' flag is provided.
src/views/admin/finance/InvoiceDetail.tsx(82,13): error TS17004: Cannot use JSX unless the '--jsx' flag is provided.
src/views/admin/finance/InvoiceDetail.tsx(83,16): error TS17004: Cannot use JSX unless the '--jsx' flag is provided.
src/views/admin/finance/InvoiceDetail.tsx(83,58): error TS17004: Cannot use JSX unless the '--jsx' flag is provided.
src/views/admin/finance/InvoiceDetail.tsx(84,16): error TS17004: Cannot use JSX unless the '--jsx' flag is provided.
src/views/admin/finance/InvoiceDetail.tsx(84,58): error TS17004: Cannot use JSX unless the '--jsx' flag is provided.
src/views/admin/finance/InvoiceDetail.tsx(89,9): error TS17004: Cannot use JSX unless the '--jsx' flag is provided.
src/views/admin/finance/InvoiceDetail.tsx(90,11): error TS17004: Cannot use JSX unless the '--jsx' flag is provided.
src/views/admin/finance/InvoiceDetail.tsx(90,95): error TS17004: Cannot use JSX unless the '--jsx' flag is provided.
src/views/admin/finance/InvoiceDetail.tsx(91,11): error TS17004: Cannot use JSX unless the '--jsx' flag is provided.
src/views/admin/finance/InvoiceDetail.tsx(91,133): error TS17004: Cannot use JSX unless the '--jsx' flag is provided.
src/views/admin/finance/InvoiceDetail.tsx(92,11): error TS17004: Cannot use JSX unless the '--jsx' flag is provided.
src/views/admin/finance/InvoiceDetail.tsx(93,13): error TS17004: Cannot use JSX unless the '--jsx' flag is provided.
src/views/admin/finance/InvoiceDetail.tsx(98,7): error TS17004: Cannot use JSX unless the '--jsx' flag is provided.
src/views/admin/finance/InvoiceDetail.tsx(100,9): error TS17004: Cannot use JSX unless the '--jsx' flag is provided.
src/views/admin/finance/InvoiceDetail.tsx(101,11): error TS17004: Cannot use JSX unless the '--jsx' flag is provided.
src/views/admin/finance/InvoiceDetail.tsx(102,14): error TS17004: Cannot use JSX unless the '--jsx' flag is provided.
src/views/admin/finance/InvoiceDetail.tsx(103,17): error TS17004: Cannot use JSX unless the '--jsx' flag is provided.
src/views/admin/finance/InvoiceDetail.tsx(104,20): error TS17004: Cannot use JSX unless the '--jsx' flag is provided.
src/views/admin/finance/InvoiceDetail.tsx(105,20): error TS17004: Cannot use JSX unless the '--jsx' flag is provided.
src/views/admin/finance/InvoiceDetail.tsx(106,20): error TS17004: Cannot use JSX unless the '--jsx' flag is provided.
src/views/admin/finance/InvoiceDetail.tsx(108,17): error TS17004: Cannot use JSX unless the '--jsx' flag is provided.
src/views/admin/finance/InvoiceDetail.tsx(109,20): error TS17004: Cannot use JSX unless the '--jsx' flag is provided.
src/views/admin/finance/InvoiceDetail.tsx(110,20): error TS17004: Cannot use JSX unless the '--jsx' flag is provided.
src/views/admin/finance/InvoiceDetail.tsx(111,20): error TS17004: Cannot use JSX unless the '--jsx' flag is provided.
src/views/admin/finance/InvoiceDetail.tsx(112,20): error TS17004: Cannot use JSX unless the '--jsx' flag is provided.
src/views/admin/finance/InvoiceDetail.tsx(117,14): error TS17004: Cannot use JSX unless the '--jsx' flag is provided.
src/views/admin/finance/InvoiceDetail.tsx(118,16): error TS17004: Cannot use JSX unless the '--jsx' flag is provided.
src/views/admin/finance/InvoiceDetail.tsx(119,19): error TS17004: Cannot use JSX unless the '--jsx' flag is provided.
src/views/admin/finance/InvoiceDetail.tsx(120,21): error TS17004: Cannot use JSX unless the '--jsx' flag is provided.
src/views/admin/finance/InvoiceDetail.tsx(121,23): error TS17004: Cannot use JSX unless the '--jsx' flag is provided.
src/views/admin/finance/InvoiceDetail.tsx(122,23): error TS17004: Cannot use JSX unless the '--jsx' flag is provided.
src/views/admin/finance/InvoiceDetail.tsx(123,23): error TS17004: Cannot use JSX unless the '--jsx' flag is provided.
src/views/admin/finance/InvoiceDetail.tsx(124,23): error TS17004: Cannot use JSX unless the '--jsx' flag is provided.
src/views/admin/finance/InvoiceDetail.tsx(127,19): error TS17004: Cannot use JSX unless the '--jsx' flag is provided.
src/views/admin/finance/InvoiceDetail.tsx(128,41): error TS7006: Parameter 'item' implicitly has an 'any' type.
src/views/admin/finance/InvoiceDetail.tsx(129,23): error TS17004: Cannot use JSX unless the '--jsx' flag is provided.
src/views/admin/finance/InvoiceDetail.tsx(130,25): error TS17004: Cannot use JSX unless the '--jsx' flag is provided.
src/views/admin/finance/InvoiceDetail.tsx(131,27): error TS17004: Cannot use JSX unless the '--jsx' flag is provided.
src/views/admin/finance/InvoiceDetail.tsx(132,30): error TS17004: Cannot use JSX unless the '--jsx' flag is provided.
src/views/admin/finance/InvoiceDetail.tsx(133,64): error TS17004: Cannot use JSX unless the '--jsx' flag is provided.
src/views/admin/finance/InvoiceDetail.tsx(134,58): error TS17004: Cannot use JSX unless the '--jsx' flag is provided.
src/views/admin/finance/InvoiceDetail.tsx(135,57): error TS17004: Cannot use JSX unless the '--jsx' flag is provided.
src/views/admin/finance/InvoiceDetail.tsx(135,106): error TS17004: Cannot use JSX unless the '--jsx' flag is provided.
src/views/admin/finance/InvoiceDetail.tsx(136,33): error TS17004: Cannot use JSX unless the '--jsx' flag is provided.
src/views/admin/finance/InvoiceDetail.tsx(139,27): error TS17004: Cannot use JSX unless the '--jsx' flag is provided.
src/views/admin/finance/InvoiceDetail.tsx(140,27): error TS17004: Cannot use JSX unless the '--jsx' flag is provided.
src/views/admin/finance/InvoiceDetail.tsx(141,27): error TS17004: Cannot use JSX unless the '--jsx' flag is provided.
src/views/admin/finance/InvoiceDetail.tsx(146,27): error TS17004: Cannot use JSX unless the '--jsx' flag is provided.
src/views/admin/finance/InvoiceDetail.tsx(147,29): error TS17004: Cannot use JSX unless the '--jsx' flag is provided.
src/views/admin/finance/InvoiceDetail.tsx(148,32): error TS17004: Cannot use JSX unless the '--jsx' flag is provided.
src/views/admin/finance/InvoiceDetail.tsx(152,60): error TS17004: Cannot use JSX unless the '--jsx' flag is provided.
src/views/admin/finance/InvoiceDetail.tsx(152,86): error TS17004: Cannot use JSX unless the '--jsx' flag is provided.
src/views/admin/finance/InvoiceDetail.tsx(155,34): error TS17004: Cannot use JSX unless the '--jsx' flag is provided.
src/views/admin/finance/InvoiceDetail.tsx(156,36): error TS17004: Cannot use JSX unless the '--jsx' flag is provided.
src/views/admin/finance/InvoiceDetail.tsx(157,39): error TS17004: Cannot use JSX unless the '--jsx' flag is provided.
src/views/admin/finance/InvoiceDetail.tsx(158,41): error TS17004: Cannot use JSX unless the '--jsx' flag is provided.
src/views/admin/finance/InvoiceDetail.tsx(159,43): error TS17004: Cannot use JSX unless the '--jsx' flag is provided.
src/views/admin/finance/InvoiceDetail.tsx(160,43): error TS17004: Cannot use JSX unless the '--jsx' flag is provided.
src/views/admin/finance/InvoiceDetail.tsx(161,43): error TS17004: Cannot use JSX unless the '--jsx' flag is provided.
src/views/admin/finance/InvoiceDetail.tsx(162,43): error TS17004: Cannot use JSX unless the '--jsx' flag is provided.
src/views/admin/finance/InvoiceDetail.tsx(163,43): error TS17004: Cannot use JSX unless the '--jsx' flag is provided.
src/views/admin/finance/InvoiceDetail.tsx(164,43): error TS17004: Cannot use JSX unless the '--jsx' flag is provided.
src/views/admin/finance/InvoiceDetail.tsx(167,39): error TS17004: Cannot use JSX unless the '--jsx' flag is provided.
src/views/admin/finance/InvoiceDetail.tsx(169,43): error TS17004: Cannot use JSX unless the '--jsx' flag is provided.
src/views/admin/finance/InvoiceDetail.tsx(170,45): error TS17004: Cannot use JSX unless the '--jsx' flag is provided.
src/views/admin/finance/InvoiceDetail.tsx(171,45): error TS17004: Cannot use JSX unless the '--jsx' flag is provided.
src/views/admin/finance/InvoiceDetail.tsx(172,45): error TS17004: Cannot use JSX unless the '--jsx' flag is provided.
src/views/admin/finance/InvoiceDetail.tsx(173,45): error TS17004: Cannot use JSX unless the '--jsx' flag is provided.
src/views/admin/finance/InvoiceDetail.tsx(174,45): error TS17004: Cannot use JSX unless the '--jsx' flag is provided.
src/views/admin/finance/InvoiceDetail.tsx(175,45): error TS17004: Cannot use JSX unless the '--jsx' flag is provided.
src/views/admin/finance/InvoiceDetail.tsx(188,19): error TS17004: Cannot use JSX unless the '--jsx' flag is provided.
src/views/admin/finance/InvoiceDetail.tsx(189,21): error TS17004: Cannot use JSX unless the '--jsx' flag is provided.
src/views/admin/finance/InvoiceDetail.tsx(190,23): error TS17004: Cannot use JSX unless the '--jsx' flag is provided.
src/views/admin/finance/InvoiceDetail.tsx(191,23): error TS17004: Cannot use JSX unless the '--jsx' flag is provided.
src/views/admin/finance/InvoiceDetail.tsx(193,21): error TS17004: Cannot use JSX unless the '--jsx' flag is provided.
src/views/admin/finance/InvoiceDetail.tsx(194,23): error TS17004: Cannot use JSX unless the '--jsx' flag is provided.
src/views/admin/finance/InvoiceDetail.tsx(195,23): error TS17004: Cannot use JSX unless the '--jsx' flag is provided.
src/views/admin/finance/InvoiceDetail.tsx(198,23): error TS17004: Cannot use JSX unless the '--jsx' flag is provided.
src/views/admin/finance/InvoiceDetail.tsx(199,25): error TS17004: Cannot use JSX unless the '--jsx' flag is provided.
src/views/admin/finance/InvoiceDetail.tsx(200,25): error TS17004: Cannot use JSX unless the '--jsx' flag is provided.
src/views/admin/finance/InvoiceDetail.tsx(203,21): error TS17004: Cannot use JSX unless the '--jsx' flag is provided.
src/views/admin/finance/InvoiceDetail.tsx(204,23): error TS17004: Cannot use JSX unless the '--jsx' flag is provided.
src/views/admin/finance/InvoiceDetail.tsx(205,23): error TS17004: Cannot use JSX unless the '--jsx' flag is provided.
src/views/admin/finance/InvoiceDetail.tsx(212,11): error TS17004: Cannot use JSX unless the '--jsx' flag is provided.
src/views/admin/finance/InvoiceDetail.tsx(213,14): error TS17004: Cannot use JSX unless the '--jsx' flag is provided.
src/views/admin/finance/InvoiceDetail.tsx(214,14): error TS17004: Cannot use JSX unless the '--jsx' flag is provided.
src/views/admin/finance/InvoiceDetail.tsx(215,17): error TS17004: Cannot use JSX unless the '--jsx' flag is provided.
src/views/admin/finance/InvoiceDetail.tsx(216,17): error TS17004: Cannot use JSX unless the '--jsx' flag is provided.
src/views/admin/finance/InvoiceDetail.tsx(217,45): error TS17004: Cannot use JSX unless the '--jsx' flag is provided.
src/views/admin/finance/InvoiceDetail.tsx(225,9): error TS17004: Cannot use JSX unless the '--jsx' flag is provided.
src/views/admin/finance/InvoiceDetail.tsx(227,12): error TS17004: Cannot use JSX unless the '--jsx' flag is provided.
src/views/admin/finance/InvoiceDetail.tsx(228,15): error TS17004: Cannot use JSX unless the '--jsx' flag is provided.
src/views/admin/finance/InvoiceDetail.tsx(229,18): error TS17004: Cannot use JSX unless the '--jsx' flag is provided.
src/views/admin/finance/InvoiceDetail.tsx(230,18): error TS17004: Cannot use JSX unless the '--jsx' flag is provided.
src/views/admin/finance/InvoiceDetail.tsx(231,21): error TS17004: Cannot use JSX unless the '--jsx' flag is provided.
src/views/admin/finance/InvoiceDetail.tsx(234,18): error TS17004: Cannot use JSX unless the '--jsx' flag is provided.
src/views/admin/finance/InvoiceDetail.tsx(235,20): error TS17004: Cannot use JSX unless the '--jsx' flag is provided.
src/views/admin/finance/InvoiceDetail.tsx(236,20): error TS17004: Cannot use JSX unless the '--jsx' flag is provided.
src/views/admin/finance/InvoiceDetail.tsx(243,15): error TS17004: Cannot use JSX unless the '--jsx' flag is provided.
src/views/admin/finance/InvoiceDetail.tsx(244,18): error TS17004: Cannot use JSX unless the '--jsx' flag is provided.
src/views/admin/finance/InvoiceDetail.tsx(246,21): error TS17004: Cannot use JSX unless the '--jsx' flag is provided.
src/views/admin/finance/InvoiceDetail.tsx(247,21): error TS17004: Cannot use JSX unless the '--jsx' flag is provided.
src/views/admin/finance/InvoiceDetail.tsx(249,18): error TS17004: Cannot use JSX unless the '--jsx' flag is provided.
src/views/admin/finance/InvoiceDetail.tsx(250,21): error TS17004: Cannot use JSX unless the '--jsx' flag is provided.
src/views/admin/finance/InvoiceDetail.tsx(251,21): error TS17004: Cannot use JSX unless the '--jsx' flag is provided.
src/views/admin/finance/InvoiceDetail.tsx(252,21): error TS17004: Cannot use JSX unless the '--jsx' flag is provided.
src/views/admin/finance/InvoiceDetail.tsx(256,15): error TS17004: Cannot use JSX unless the '--jsx' flag is provided.
src/views/admin/finance/InvoiceDetail.tsx(257,18): error TS17004: Cannot use JSX unless the '--jsx' flag is provided.
src/views/admin/finance/InvoiceDetail.tsx(258,20): error TS17004: Cannot use JSX unless the '--jsx' flag is provided.
src/views/admin/finance/InvoiceDetail.tsx(261,20): error TS17004: Cannot use JSX unless the '--jsx' flag is provided.
src/views/admin/finance/InvoiceDetail.tsx(262,46): error TS7006: Parameter 'p' implicitly has an 'any' type.
src/views/admin/finance/InvoiceDetail.tsx(263,25): error TS17004: Cannot use JSX unless the '--jsx' flag is provided.
src/views/admin/finance/InvoiceDetail.tsx(264,28): error TS17004: Cannot use JSX unless the '--jsx' flag is provided.
src/views/admin/finance/InvoiceDetail.tsx(265,31): error TS17004: Cannot use JSX unless the '--jsx' flag is provided.
src/views/admin/finance/InvoiceDetail.tsx(267,28): error TS17004: Cannot use JSX unless the '--jsx' flag is provided.
src/views/admin/finance/InvoiceDetail.tsx(268,31): error TS17004: Cannot use JSX unless the '--jsx' flag is provided.
src/views/admin/finance/InvoiceDetail.tsx(269,31): error TS17004: Cannot use JSX unless the '--jsx' flag is provided.
src/views/admin/finance/InvoiceDetail.tsx(270,31): error TS17004: Cannot use JSX unless the '--jsx' flag is provided.
src/views/admin/finance/InvoiceDetail.tsx(276,20): error TS17004: Cannot use JSX unless the '--jsx' flag is provided.
src/views/admin/finance/InvoiceDetail.tsx(280,15): error TS17004: Cannot use JSX unless the '--jsx' flag is provided.
src/views/admin/finance/InvoiceDetail.tsx(281,18): error TS17004: Cannot use JSX unless the '--jsx' flag is provided.
src/views/admin/finance/InvoiceDetail.tsx(282,21): error TS17004: Cannot use JSX unless the '--jsx' flag is provided.
src/views/admin/finance/InvoiceDetail.tsx(284,18): error TS17004: Cannot use JSX unless the '--jsx' flag is provided.
src/views/admin/finance/InvoiceDetail.tsx(285,21): error TS17004: Cannot use JSX unless the '--jsx' flag is provided.
src/views/admin/finance/InvoiceList.tsx(1,8): error TS1259: Module '"C:/code_visual_xanh/lab60622/lab60622/node_modules/@types/react/index"' can only be default-imported using the 'esModuleInterop' flag
src/views/admin/finance/InvoiceList.tsx(3,3): error TS6133: 'FileText' is declared but its value is never read.
src/views/admin/finance/InvoiceList.tsx(3,19): error TS6133: 'Download' is declared but its value is never read.
src/views/admin/finance/InvoiceList.tsx(4,34): error TS6133: 'Send' is declared but its value is never read.
src/views/admin/finance/InvoiceList.tsx(4,40): error TS6133: 'Printer' is declared but its value is never read.
src/views/admin/finance/InvoiceList.tsx(5,3): error TS6133: 'Trash2' is declared but its value is never read.
src/views/admin/finance/InvoiceList.tsx(5,26): error TS6133: 'Building2' is declared but its value is never read.
src/views/admin/finance/InvoiceList.tsx(5,37): error TS6133: 'Calendar' is declared but its value is never read.
src/views/admin/finance/InvoiceList.tsx(6,12): error TS6133: 'CheckCircle2' is declared but its value is never read.
src/views/admin/finance/InvoiceList.tsx(6,26): error TS6133: 'XCircle' is declared but its value is never read.
src/views/admin/finance/InvoiceList.tsx(11,32): error TS2307: Cannot find module '@/services/invoiceService' or its corresponding type declarations.
src/views/admin/finance/InvoiceList.tsx(12,40): error TS2307: Cannot find module '@/models/Invoice' or its corresponding type declarations.
src/views/admin/finance/InvoiceList.tsx(13,29): error TS2307: Cannot find module '@/components/ui/StatusBadge' or its corresponding type declarations.
src/views/admin/finance/InvoiceList.tsx(14,43): error TS2307: Cannot find module '@/utils' or its corresponding type declarations.
src/views/admin/finance/InvoiceList.tsx(15,25): error TS2307: Cannot find module '@/components/ui/Feedback' or its corresponding type declarations.
src/views/admin/finance/InvoiceList.tsx(18,36): error TS2307: Cannot find module '@/components/invoices/modals/CreateInvoiceModal' or its corresponding type declarations.
src/views/admin/finance/InvoiceList.tsx(19,34): error TS2307: Cannot find module '@/components/invoices/modals/BulkInvoiceModal' or its corresponding type declarations.
src/views/admin/finance/InvoiceList.tsx(20,36): error TS2307: Cannot find module '@/components/payments/modals/RecordPaymentModal' or its corresponding type declarations.
src/views/admin/finance/InvoiceList.tsx(69,5): error TS17004: Cannot use JSX unless the '--jsx' flag is provided.
src/views/admin/finance/InvoiceList.tsx(71,7): error TS17004: Cannot use JSX unless the '--jsx' flag is provided.
src/views/admin/finance/InvoiceList.tsx(72,9): error TS17004: Cannot use JSX unless the '--jsx' flag is provided.
src/views/admin/finance/InvoiceList.tsx(73,11): error TS17004: Cannot use JSX unless the '--jsx' flag is provided.
src/views/admin/finance/InvoiceList.tsx(74,11): error TS17004: Cannot use JSX unless the '--jsx' flag is provided.
src/views/admin/finance/InvoiceList.tsx(76,9): error TS17004: Cannot use JSX unless the '--jsx' flag is provided.
src/views/admin/finance/InvoiceList.tsx(77,11): error TS17004: Cannot use JSX unless the '--jsx' flag is provided.
src/views/admin/finance/InvoiceList.tsx(78,13): error TS17004: Cannot use JSX unless the '--jsx' flag is provided.
src/views/admin/finance/InvoiceList.tsx(80,11): error TS17004: Cannot use JSX unless the '--jsx' flag is provided.
src/views/admin/finance/InvoiceList.tsx(81,13): error TS17004: Cannot use JSX unless the '--jsx' flag is provided.
src/views/admin/finance/InvoiceList.tsx(88,9): error TS17004: Cannot use JSX unless the '--jsx' flag is provided.
src/views/admin/finance/InvoiceList.tsx(89,11): error TS17004: Cannot use JSX unless the '--jsx' flag is provided.
src/views/admin/finance/InvoiceList.tsx(90,13): error TS17004: Cannot use JSX unless the '--jsx' flag is provided.
src/views/admin/finance/InvoiceList.tsx(91,15): error TS17004: Cannot use JSX unless the '--jsx' flag is provided.
src/views/admin/finance/InvoiceList.tsx(93,13): error TS17004: Cannot use JSX unless the '--jsx' flag is provided.
src/views/admin/finance/InvoiceList.tsx(94,15): error TS17004: Cannot use JSX unless the '--jsx' flag is provided.
src/views/admin/finance/InvoiceList.tsx(97,15): error TS17004: Cannot use JSX unless the '--jsx' flag is provided.
src/views/admin/finance/InvoiceList.tsx(100,11): error TS17004: Cannot use JSX unless the '--jsx' flag is provided.
src/views/admin/finance/InvoiceList.tsx(110,7): error TS17004: Cannot use JSX unless the '--jsx' flag is provided.
src/views/admin/finance/InvoiceList.tsx(112,11): error TS17004: Cannot use JSX unless the '--jsx' flag is provided.
src/views/admin/finance/InvoiceList.tsx(124,15): error TS17004: Cannot use JSX unless the '--jsx' flag is provided.
src/views/admin/finance/InvoiceList.tsx(136,7): error TS17004: Cannot use JSX unless the '--jsx' flag is provided.
src/views/admin/finance/InvoiceList.tsx(137,10): error TS17004: Cannot use JSX unless the '--jsx' flag is provided.
src/views/admin/finance/InvoiceList.tsx(138,13): error TS17004: Cannot use JSX unless the '--jsx' flag is provided.
src/views/admin/finance/InvoiceList.tsx(139,16): error TS17004: Cannot use JSX unless the '--jsx' flag is provided.
src/views/admin/finance/InvoiceList.tsx(140,16): error TS17004: Cannot use JSX unless the '--jsx' flag is provided.
src/views/admin/finance/InvoiceList.tsx(142,13): error TS17004: Cannot use JSX unless the '--jsx' flag is provided.
src/views/admin/finance/InvoiceList.tsx(143,16): error TS17004: Cannot use JSX unless the '--jsx' flag is provided.
src/views/admin/finance/InvoiceList.tsx(145,13): error TS17004: Cannot use JSX unless the '--jsx' flag is provided.
src/views/admin/finance/InvoiceList.tsx(146,13): error TS17004: Cannot use JSX unless the '--jsx' flag is provided.
src/views/admin/finance/InvoiceList.tsx(147,16): error TS17004: Cannot use JSX unless the '--jsx' flag is provided.
src/views/admin/finance/InvoiceList.tsx(147,55): error TS17004: Cannot use JSX unless the '--jsx' flag is provided.
src/views/admin/finance/InvoiceList.tsx(148,16): error TS17004: Cannot use JSX unless the '--jsx' flag is provided.
src/views/admin/finance/InvoiceList.tsx(148,52): error TS17004: Cannot use JSX unless the '--jsx' flag is provided.
src/views/admin/finance/InvoiceList.tsx(154,7): error TS17004: Cannot use JSX unless the '--jsx' flag is provided.
src/views/admin/finance/InvoiceList.tsx(155,9): error TS17004: Cannot use JSX unless the '--jsx' flag is provided.
src/views/admin/finance/InvoiceList.tsx(156,11): error TS17004: Cannot use JSX unless the '--jsx' flag is provided.
src/views/admin/finance/InvoiceList.tsx(157,13): error TS17004: Cannot use JSX unless the '--jsx' flag is provided.
src/views/admin/finance/InvoiceList.tsx(158,15): error TS17004: Cannot use JSX unless the '--jsx' flag is provided.
src/views/admin/finance/InvoiceList.tsx(159,17): error TS17004: Cannot use JSX unless the '--jsx' flag is provided.
src/views/admin/finance/InvoiceList.tsx(160,17): error TS17004: Cannot use JSX unless the '--jsx' flag is provided.
src/views/admin/finance/InvoiceList.tsx(161,17): error TS17004: Cannot use JSX unless the '--jsx' flag is provided.
src/views/admin/finance/InvoiceList.tsx(162,17): error TS17004: Cannot use JSX unless the '--jsx' flag is provided.
src/views/admin/finance/InvoiceList.tsx(163,17): error TS17004: Cannot use JSX unless the '--jsx' flag is provided.
src/views/admin/finance/InvoiceList.tsx(164,17): error TS17004: Cannot use JSX unless the '--jsx' flag is provided.
src/views/admin/finance/InvoiceList.tsx(165,17): error TS17004: Cannot use JSX unless the '--jsx' flag is provided.
src/views/admin/finance/InvoiceList.tsx(166,17): error TS17004: Cannot use JSX unless the '--jsx' flag is provided.
src/views/admin/finance/InvoiceList.tsx(167,17): error TS17004: Cannot use JSX unless the '--jsx' flag is provided.
src/views/admin/finance/InvoiceList.tsx(168,17): error TS17004: Cannot use JSX unless the '--jsx' flag is provided.
src/views/admin/finance/InvoiceList.tsx(171,13): error TS17004: Cannot use JSX unless the '--jsx' flag is provided.
src/views/admin/finance/InvoiceList.tsx(173,17): error TS17004: Cannot use JSX unless the '--jsx' flag is provided.
src/views/admin/finance/InvoiceList.tsx(174,19): error TS17004: Cannot use JSX unless the '--jsx' flag is provided.
src/views/admin/finance/InvoiceList.tsx(174,66): error TS17004: Cannot use JSX unless the '--jsx' flag is provided.
src/views/admin/finance/InvoiceList.tsx(177,17): error TS17004: Cannot use JSX unless the '--jsx' flag is provided.
src/views/admin/finance/InvoiceList.tsx(178,20): error TS17004: Cannot use JSX unless the '--jsx' flag is provided.
src/views/admin/finance/InvoiceList.tsx(179,23): error TS17004: Cannot use JSX unless the '--jsx' flag is provided.
src/views/admin/finance/InvoiceList.tsx(180,25): error TS17004: Cannot use JSX unless the '--jsx' flag is provided.
src/views/admin/finance/InvoiceList.tsx(186,25): error TS17004: Cannot use JSX unless the '--jsx' flag is provided.
src/views/admin/finance/InvoiceList.tsx(195,29): error TS17004: Cannot use JSX unless the '--jsx' flag is provided.
src/views/admin/finance/InvoiceList.tsx(197,29): error TS17004: Cannot use JSX unless the '--jsx' flag is provided.
src/views/admin/finance/InvoiceList.tsx(202,20): error TS17004: Cannot use JSX unless the '--jsx' flag is provided.
src/views/admin/finance/InvoiceList.tsx(203,23): error TS17004: Cannot use JSX unless the '--jsx' flag is provided.
src/views/admin/finance/InvoiceList.tsx(204,25): error TS17004: Cannot use JSX unless the '--jsx' flag is provided.
src/views/admin/finance/InvoiceList.tsx(205,25): error TS17004: Cannot use JSX unless the '--jsx' flag is provided.
src/views/admin/finance/InvoiceList.tsx(208,20): error TS17004: Cannot use JSX unless the '--jsx' flag is provided.
src/views/admin/finance/InvoiceList.tsx(209,23): error TS17004: Cannot use JSX unless the '--jsx' flag is provided.
src/views/admin/finance/InvoiceList.tsx(210,25): error TS17004: Cannot use JSX unless the '--jsx' flag is provided.
src/views/admin/finance/InvoiceList.tsx(213,25): error TS17004: Cannot use JSX unless the '--jsx' flag is provided.
src/views/admin/finance/InvoiceList.tsx(216,20): error TS17004: Cannot use JSX unless the '--jsx' flag is provided.
src/views/admin/finance/InvoiceList.tsx(217,20): error TS17004: Cannot use JSX unless the '--jsx' flag is provided.
src/views/admin/finance/InvoiceList.tsx(218,20): error TS17004: Cannot use JSX unless the '--jsx' flag is provided.
src/views/admin/finance/InvoiceList.tsx(219,23): error TS17004: Cannot use JSX unless the '--jsx' flag is provided.
src/views/admin/finance/InvoiceList.tsx(226,20): error TS17004: Cannot use JSX unless the '--jsx' flag is provided.
src/views/admin/finance/InvoiceList.tsx(227,23): error TS17004: Cannot use JSX unless the '--jsx' flag is provided.
src/views/admin/finance/InvoiceList.tsx(229,20): error TS17004: Cannot use JSX unless the '--jsx' flag is provided.
src/views/admin/finance/InvoiceList.tsx(230,23): error TS17004: Cannot use JSX unless the '--jsx' flag is provided.
src/views/admin/finance/InvoiceList.tsx(237,20): error TS17004: Cannot use JSX unless the '--jsx' flag is provided.
src/views/admin/finance/InvoiceList.tsx(238,22): error TS17004: Cannot use JSX unless the '--jsx' flag is provided.
src/views/admin/finance/InvoiceList.tsx(240,26): error TS17004: Cannot use JSX unless the '--jsx' flag is provided.
src/views/admin/finance/InvoiceList.tsx(241,28): error TS17004: Cannot use JSX unless the '--jsx' flag is provided.
src/views/admin/finance/InvoiceList.tsx(242,28): error TS17004: Cannot use JSX unless the '--jsx' flag is provided.
src/views/admin/finance/InvoiceList.tsx(244,28): error TS17004: Cannot use JSX unless the '--jsx' flag is provided.
src/views/admin/finance/InvoiceList.tsx(247,20): error TS17004: Cannot use JSX unless the '--jsx' flag is provided.
src/views/admin/finance/InvoiceList.tsx(248,23): error TS17004: Cannot use JSX unless the '--jsx' flag is provided.
src/views/admin/finance/InvoiceList.tsx(249,25): error TS17004: Cannot use JSX unless the '--jsx' flag is provided.
src/views/admin/finance/InvoiceList.tsx(250,27): error TS17004: Cannot use JSX unless the '--jsx' flag is provided.
src/views/admin/finance/InvoiceList.tsx(252,25): error TS17004: Cannot use JSX unless the '--jsx' flag is provided.
src/views/admin/finance/InvoiceList.tsx(260,27): error TS17004: Cannot use JSX unless the '--jsx' flag is provided.
src/views/admin/finance/InvoiceList.tsx(262,25): error TS17004: Cannot use JSX unless the '--jsx' flag is provided.
src/views/admin/finance/InvoiceList.tsx(263,25): error TS17004: Cannot use JSX unless the '--jsx' flag is provided.
src/views/admin/finance/InvoiceList.tsx(264,27): error TS17004: Cannot use JSX unless the '--jsx' flag is provided.
src/views/admin/finance/InvoiceList.tsx(275,7): error TS17004: Cannot use JSX unless the '--jsx' flag is provided.
src/views/admin/finance/InvoiceList.tsx(276,7): error TS17004: Cannot use JSX unless the '--jsx' flag is provided.
src/views/admin/finance/InvoiceList.tsx(277,7): error TS17004: Cannot use JSX unless the '--jsx' flag is provided.
src/views/admin/finance/PaymentDetail.tsx(1,8): error TS1259: Module '"C:/code_visual_xanh/lab60622/lab60622/node_modules/@types/react/index"' can only be default-imported using the 'esModuleInterop' flag
src/views/admin/finance/PaymentDetail.tsx(5,28): error TS6133: 'XCircle' is declared but its value is never read.
src/views/admin/finance/PaymentDetail.tsx(5,37): error TS6133: 'Clock' is declared but its value is never read.
src/views/admin/finance/PaymentDetail.tsx(6,21): error TS6133: 'CreditCard' is declared but its value is never read.
src/views/admin/finance/PaymentDetail.tsx(7,23): error TS6133: 'Building2' is declared but its value is never read.
src/views/admin/finance/PaymentDetail.tsx(7,34): error TS6133: 'Info' is declared but its value is never read.
src/views/admin/finance/PaymentDetail.tsx(8,36): error TS6133: 'Send' is declared but its value is never read.
src/views/admin/finance/PaymentDetail.tsx(9,3): error TS6133: 'AlertTriangle' is declared but its value is never read.
src/views/admin/finance/PaymentDetail.tsx(10,3): error TS6133: 'Smartphone' is declared but its value is never read.
src/views/admin/finance/PaymentDetail.tsx(12,32): error TS2307: Cannot find module '@/services/paymentService' or its corresponding type declarations.
src/views/admin/finance/PaymentDetail.tsx(13,32): error TS2307: Cannot find module '@/services/invoiceService' or its corresponding type declarations.
src/views/admin/finance/PaymentDetail.tsx(14,30): error TS6133: 'PaymentStatus' is declared but its value is never read.
src/views/admin/finance/PaymentDetail.tsx(14,51): error TS2307: Cannot find module '@/models/Payment' or its corresponding type declarations.
src/views/admin/finance/PaymentDetail.tsx(15,29): error TS2307: Cannot find module '@/components/ui/StatusBadge' or its corresponding type declarations.
src/views/admin/finance/PaymentDetail.tsx(16,10): error TS6133: 'cn' is declared but its value is never read.
src/views/admin/finance/PaymentDetail.tsx(16,43): error TS2307: Cannot find module '@/utils' or its corresponding type declarations.
src/views/admin/finance/PaymentDetail.tsx(17,25): error TS2307: Cannot find module '@/components/ui/Feedback' or its corresponding type declarations.
src/views/admin/finance/PaymentDetail.tsx(33,35): error TS7006: Parameter 'p' implicitly has an 'any' type.
src/views/admin/finance/PaymentDetail.tsx(54,25): error TS17004: Cannot use JSX unless the '--jsx' flag is provided.
src/views/admin/finance/PaymentDetail.tsx(54,84): error TS17004: Cannot use JSX unless the '--jsx' flag is provided.
src/views/admin/finance/PaymentDetail.tsx(55,24): error TS17004: Cannot use JSX unless the '--jsx' flag is provided.
src/views/admin/finance/PaymentDetail.tsx(58,5): error TS17004: Cannot use JSX unless the '--jsx' flag is provided.
src/views/admin/finance/PaymentDetail.tsx(60,7): error TS17004: Cannot use JSX unless the '--jsx' flag is provided.
src/views/admin/finance/PaymentDetail.tsx(61,9): error TS17004: Cannot use JSX unless the '--jsx' flag is provided.
src/views/admin/finance/PaymentDetail.tsx(62,11): error TS17004: Cannot use JSX unless the '--jsx' flag is provided.
src/views/admin/finance/PaymentDetail.tsx(63,13): error TS17004: Cannot use JSX unless the '--jsx' flag is provided.
src/views/admin/finance/PaymentDetail.tsx(65,11): error TS17004: Cannot use JSX unless the '--jsx' flag is provided.
src/views/admin/finance/PaymentDetail.tsx(66,13): error TS17004: Cannot use JSX unless the '--jsx' flag is provided.
src/views/admin/finance/PaymentDetail.tsx(67,16): error TS17004: Cannot use JSX unless the '--jsx' flag is provided.
src/views/admin/finance/PaymentDetail.tsx(68,16): error TS17004: Cannot use JSX unless the '--jsx' flag is provided.
src/views/admin/finance/PaymentDetail.tsx(70,13): error TS17004: Cannot use JSX unless the '--jsx' flag is provided.
src/views/admin/finance/PaymentDetail.tsx(71,16): error TS17004: Cannot use JSX unless the '--jsx' flag is provided.
src/views/admin/finance/PaymentDetail.tsx(71,58): error TS17004: Cannot use JSX unless the '--jsx' flag is provided.
src/views/admin/finance/PaymentDetail.tsx(72,16): error TS17004: Cannot use JSX unless the '--jsx' flag is provided.
src/views/admin/finance/PaymentDetail.tsx(72,58): error TS17004: Cannot use JSX unless the '--jsx' flag is provided.
src/views/admin/finance/PaymentDetail.tsx(77,9): error TS17004: Cannot use JSX unless the '--jsx' flag is provided.
src/views/admin/finance/PaymentDetail.tsx(79,13): error TS17004: Cannot use JSX unless the '--jsx' flag is provided.
src/views/admin/finance/PaymentDetail.tsx(80,15): error TS17004: Cannot use JSX unless the '--jsx' flag is provided.
src/views/admin/finance/PaymentDetail.tsx(84,17): error TS17004: Cannot use JSX unless the '--jsx' flag is provided.
src/views/admin/finance/PaymentDetail.tsx(86,15): error TS17004: Cannot use JSX unless the '--jsx' flag is provided.
src/views/admin/finance/PaymentDetail.tsx(90,17): error TS17004: Cannot use JSX unless the '--jsx' flag is provided.
src/views/admin/finance/PaymentDetail.tsx(94,11): error TS17004: Cannot use JSX unless the '--jsx' flag is provided.
src/views/admin/finance/PaymentDetail.tsx(95,13): error TS17004: Cannot use JSX unless the '--jsx' flag is provided.
src/views/admin/finance/PaymentDetail.tsx(100,7): error TS17004: Cannot use JSX unless the '--jsx' flag is provided.
src/views/admin/finance/PaymentDetail.tsx(102,9): error TS17004: Cannot use JSX unless the '--jsx' flag is provided.
src/views/admin/finance/PaymentDetail.tsx(104,11): error TS17004: Cannot use JSX unless the '--jsx' flag is provided.
src/views/admin/finance/PaymentDetail.tsx(105,14): error TS17004: Cannot use JSX unless the '--jsx' flag is provided.
src/views/admin/finance/PaymentDetail.tsx(106,17): error TS17004: Cannot use JSX unless the '--jsx' flag is provided.
src/views/admin/finance/PaymentDetail.tsx(107,20): error TS17004: Cannot use JSX unless the '--jsx' flag is provided.
src/views/admin/finance/PaymentDetail.tsx(108,20): error TS17004: Cannot use JSX unless the '--jsx' flag is provided.
src/views/admin/finance/PaymentDetail.tsx(110,17): error TS17004: Cannot use JSX unless the '--jsx' flag is provided.
src/views/admin/finance/PaymentDetail.tsx(111,20): error TS17004: Cannot use JSX unless the '--jsx' flag is provided.
src/views/admin/finance/PaymentDetail.tsx(112,60): error TS17004: Cannot use JSX unless the '--jsx' flag is provided.
src/views/admin/finance/PaymentDetail.tsx(112,85): error TS17004: Cannot use JSX unless the '--jsx' flag is provided.
src/views/admin/finance/PaymentDetail.tsx(114,20): error TS17004: Cannot use JSX unless the '--jsx' flag is provided.
src/views/admin/finance/PaymentDetail.tsx(115,23): error TS17004: Cannot use JSX unless the '--jsx' flag is provided.
src/views/admin/finance/PaymentDetail.tsx(116,23): error TS17004: Cannot use JSX unless the '--jsx' flag is provided.
src/views/admin/finance/PaymentDetail.tsx(119,17): error TS17004: Cannot use JSX unless the '--jsx' flag is provided.
src/views/admin/finance/PaymentDetail.tsx(120,20): error TS17004: Cannot use JSX unless the '--jsx' flag is provided.
src/views/admin/finance/PaymentDetail.tsx(121,20): error TS17004: Cannot use JSX unless the '--jsx' flag is provided.
src/views/admin/finance/PaymentDetail.tsx(122,23): error TS17004: Cannot use JSX unless the '--jsx' flag is provided.
src/views/admin/finance/PaymentDetail.tsx(123,23): error TS17004: Cannot use JSX unless the '--jsx' flag is provided.
src/views/admin/finance/PaymentDetail.tsx(126,22): error TS17004: Cannot use JSX unless the '--jsx' flag is provided.
src/views/admin/finance/PaymentDetail.tsx(127,25): error TS17004: Cannot use JSX unless the '--jsx' flag is provided.
src/views/admin/finance/PaymentDetail.tsx(128,25): error TS17004: Cannot use JSX unless the '--jsx' flag is provided.
src/views/admin/finance/PaymentDetail.tsx(132,28): error TS17004: Cannot use JSX unless the '--jsx' flag is provided.
src/views/admin/finance/PaymentDetail.tsx(140,14): error TS17004: Cannot use JSX unless the '--jsx' flag is provided.
src/views/admin/finance/PaymentDetail.tsx(141,17): error TS17004: Cannot use JSX unless the '--jsx' flag is provided.
src/views/admin/finance/PaymentDetail.tsx(143,19): error TS17004: Cannot use JSX unless the '--jsx' flag is provided.
src/views/admin/finance/PaymentDetail.tsx(144,21): error TS17004: Cannot use JSX unless the '--jsx' flag is provided.
src/views/admin/finance/PaymentDetail.tsx(145,21): error TS17004: Cannot use JSX unless the '--jsx' flag is provided.
src/views/admin/finance/PaymentDetail.tsx(146,24): error TS17004: Cannot use JSX unless the '--jsx' flag is provided.
src/views/admin/finance/PaymentDetail.tsx(147,27): error TS17004: Cannot use JSX unless the '--jsx' flag is provided.
src/views/admin/finance/PaymentDetail.tsx(152,19): error TS17004: Cannot use JSX unless the '--jsx' flag is provided.
src/views/admin/finance/PaymentDetail.tsx(153,22): error TS17004: Cannot use JSX unless the '--jsx' flag is provided.
src/views/admin/finance/PaymentDetail.tsx(154,22): error TS17004: Cannot use JSX unless the '--jsx' flag is provided.
src/views/admin/finance/PaymentDetail.tsx(162,13): error TS17004: Cannot use JSX unless the '--jsx' flag is provided.
src/views/admin/finance/PaymentDetail.tsx(163,16): error TS17004: Cannot use JSX unless the '--jsx' flag is provided.
src/views/admin/finance/PaymentDetail.tsx(164,19): error TS17004: Cannot use JSX unless the '--jsx' flag is provided.
src/views/admin/finance/PaymentDetail.tsx(165,21): error TS17004: Cannot use JSX unless the '--jsx' flag is provided.
src/views/admin/finance/PaymentDetail.tsx(166,21): error TS17004: Cannot use JSX unless the '--jsx' flag is provided.
src/views/admin/finance/PaymentDetail.tsx(168,19): error TS17004: Cannot use JSX unless the '--jsx' flag is provided.
src/views/admin/finance/PaymentDetail.tsx(172,16): error TS17004: Cannot use JSX unless the '--jsx' flag is provided.
src/views/admin/finance/PaymentDetail.tsx(173,19): error TS17004: Cannot use JSX unless the '--jsx' flag is provided.
src/views/admin/finance/PaymentDetail.tsx(174,22): error TS17004: Cannot use JSX unless the '--jsx' flag is provided.
src/views/admin/finance/PaymentDetail.tsx(175,22): error TS17004: Cannot use JSX unless the '--jsx' flag is provided.
src/views/admin/finance/PaymentDetail.tsx(177,19): error TS17004: Cannot use JSX unless the '--jsx' flag is provided.
src/views/admin/finance/PaymentDetail.tsx(178,22): error TS17004: Cannot use JSX unless the '--jsx' flag is provided.
src/views/admin/finance/PaymentDetail.tsx(179,22): error TS17004: Cannot use JSX unless the '--jsx' flag is provided.
src/views/admin/finance/PaymentDetail.tsx(181,19): error TS17004: Cannot use JSX unless the '--jsx' flag is provided.
src/views/admin/finance/PaymentDetail.tsx(182,22): error TS17004: Cannot use JSX unless the '--jsx' flag is provided.
src/views/admin/finance/PaymentDetail.tsx(183,22): error TS17004: Cannot use JSX unless the '--jsx' flag is provided.
src/views/admin/finance/PaymentDetail.tsx(185,19): error TS17004: Cannot use JSX unless the '--jsx' flag is provided.
src/views/admin/finance/PaymentDetail.tsx(186,22): error TS17004: Cannot use JSX unless the '--jsx' flag is provided.
src/views/admin/finance/PaymentDetail.tsx(187,22): error TS17004: Cannot use JSX unless the '--jsx' flag is provided.
src/views/admin/finance/PaymentDetail.tsx(195,9): error TS17004: Cannot use JSX unless the '--jsx' flag is provided.
src/views/admin/finance/PaymentDetail.tsx(196,12): error TS17004: Cannot use JSX unless the '--jsx' flag is provided.
src/views/admin/finance/PaymentDetail.tsx(197,15): error TS17004: Cannot use JSX unless the '--jsx' flag is provided.
src/views/admin/finance/PaymentDetail.tsx(198,18): error TS17004: Cannot use JSX unless the '--jsx' flag is provided.
src/views/admin/finance/PaymentDetail.tsx(199,20): error TS17004: Cannot use JSX unless the '--jsx' flag is provided.
src/views/admin/finance/PaymentDetail.tsx(201,18): error TS17004: Cannot use JSX unless the '--jsx' flag is provided.
src/views/admin/finance/PaymentDetail.tsx(202,21): error TS17004: Cannot use JSX unless the '--jsx' flag is provided.
src/views/admin/finance/PaymentDetail.tsx(203,24): error TS17004: Cannot use JSX unless the '--jsx' flag is provided.
src/views/admin/finance/PaymentDetail.tsx(204,24): error TS17004: Cannot use JSX unless the '--jsx' flag is provided.
src/views/admin/finance/PaymentDetail.tsx(205,27): error TS17004: Cannot use JSX unless the '--jsx' flag is provided.
src/views/admin/finance/PaymentDetail.tsx(206,27): error TS17004: Cannot use JSX unless the '--jsx' flag is provided.
src/views/admin/finance/PaymentDetail.tsx(209,21): error TS17004: Cannot use JSX unless the '--jsx' flag is provided.
src/views/admin/finance/PaymentDetail.tsx(210,24): error TS17004: Cannot use JSX unless the '--jsx' flag is provided.
src/views/admin/finance/PaymentDetail.tsx(211,24): error TS17004: Cannot use JSX unless the '--jsx' flag is provided.
src/views/admin/finance/PaymentDetail.tsx(212,27): error TS17004: Cannot use JSX unless the '--jsx' flag is provided.
src/views/admin/finance/PaymentDetail.tsx(213,27): error TS17004: Cannot use JSX unless the '--jsx' flag is provided.
src/views/admin/finance/PaymentDetail.tsx(219,15): error TS17004: Cannot use JSX unless the '--jsx' flag is provided.
src/views/admin/finance/PaymentDetail.tsx(220,18): error TS17004: Cannot use JSX unless the '--jsx' flag is provided.
src/views/admin/finance/PaymentDetail.tsx(221,20): error TS17004: Cannot use JSX unless the '--jsx' flag is provided.
src/views/admin/finance/PaymentDetail.tsx(223,18): error TS17004: Cannot use JSX unless the '--jsx' flag is provided.
src/views/admin/finance/PaymentDetail.tsx(224,21): error TS17004: Cannot use JSX unless the '--jsx' flag is provided.
src/views/admin/finance/PaymentDetail.tsx(225,24): error TS17004: Cannot use JSX unless the '--jsx' flag is provided.
src/views/admin/finance/PaymentDetail.tsx(226,24): error TS17004: Cannot use JSX unless the '--jsx' flag is provided.
src/views/admin/finance/PaymentDetail.tsx(227,24): error TS17004: Cannot use JSX unless the '--jsx' flag is provided.
src/views/admin/finance/PaymentDetail.tsx(228,24): error TS17004: Cannot use JSX unless the '--jsx' flag is provided.
src/views/admin/finance/PaymentDetail.tsx(231,23): error TS17004: Cannot use JSX unless the '--jsx' flag is provided.
src/views/admin/finance/PaymentDetail.tsx(232,26): error TS17004: Cannot use JSX unless the '--jsx' flag is provided.
src/views/admin/finance/PaymentDetail.tsx(233,26): error TS17004: Cannot use JSX unless the '--jsx' flag is provided.
src/views/admin/finance/PaymentDetail.tsx(234,26): error TS17004: Cannot use JSX unless the '--jsx' flag is provided.
src/views/admin/finance/PaymentDetail.tsx(235,26): error TS17004: Cannot use JSX unless the '--jsx' flag is provided.
src/views/admin/finance/PaymentDetail.tsx(241,15): error TS17004: Cannot use JSX unless the '--jsx' flag is provided.
src/views/admin/finance/PaymentDetail.tsx(242,18): error TS17004: Cannot use JSX unless the '--jsx' flag is provided.
src/views/admin/finance/PaymentDetail.tsx(243,21): error TS17004: Cannot use JSX unless the '--jsx' flag is provided.
src/views/admin/finance/PaymentDetail.tsx(245,18): error TS17004: Cannot use JSX unless the '--jsx' flag is provided.
src/views/admin/finance/PaymentDetail.tsx(246,21): error TS17004: Cannot use JSX unless the '--jsx' flag is provided.
src/views/admin/finance/PaymentDetail.tsx(257,49): error TS17004: Cannot use JSX unless the '--jsx' flag is provided.
src/views/admin/finance/PaymentList.tsx(1,8): error TS1259: Module '"C:/code_visual_xanh/lab60622/lab60622/node_modules/@types/react/index"' can only be default-imported using the 'esModuleInterop' flag
src/views/admin/finance/PaymentList.tsx(3,33): error TS6133: 'XCircle' is declared but its value is never read.
src/views/admin/finance/PaymentList.tsx(6,13): error TS6133: 'Building2' is declared but its value is never read.
src/views/admin/finance/PaymentList.tsx(6,30): error TS6133: 'DollarSign' is declared but its value is never read.
src/views/admin/finance/PaymentList.tsx(7,3): error TS6133: 'ArrowRight' is declared but its value is never read.
src/views/admin/finance/PaymentList.tsx(7,25): error TS6133: 'Send' is declared but its value is never read.
src/views/admin/finance/PaymentList.tsx(11,32): error TS2307: Cannot find module '@/services/paymentService' or its corresponding type declarations.
src/views/admin/finance/PaymentList.tsx(12,66): error TS2307: Cannot find module '@/models/Payment' or its corresponding type declarations.
src/views/admin/finance/PaymentList.tsx(13,29): error TS2307: Cannot find module '@/components/ui/StatusBadge' or its corresponding type declarations.
src/views/admin/finance/PaymentList.tsx(14,10): error TS6133: 'cn' is declared but its value is never read.
src/views/admin/finance/PaymentList.tsx(14,43): error TS2307: Cannot find module '@/utils' or its corresponding type declarations.
src/views/admin/finance/PaymentList.tsx(15,25): error TS2307: Cannot find module '@/components/ui/Feedback' or its corresponding type declarations.
src/views/admin/finance/PaymentList.tsx(21,25): error TS6133: 'setActiveFilters' is declared but its value is never read.
src/views/admin/finance/PaymentList.tsx(46,15): error TS6133: 'err' is declared but its value is never read.
src/views/admin/finance/PaymentList.tsx(46,20): error TS6133: 'id' is declared but its value is never read.
src/views/admin/finance/PaymentList.tsx(73,27): error TS17004: Cannot use JSX unless the '--jsx' flag is provided.
src/views/admin/finance/PaymentList.tsx(74,35): error TS17004: Cannot use JSX unless the '--jsx' flag is provided.
src/views/admin/finance/PaymentList.tsx(75,28): error TS17004: Cannot use JSX unless the '--jsx' flag is provided.
src/views/admin/finance/PaymentList.tsx(76,27): error TS17004: Cannot use JSX unless the '--jsx' flag is provided.
src/views/admin/finance/PaymentList.tsx(77,30): error TS17004: Cannot use JSX unless the '--jsx' flag is provided.
src/views/admin/finance/PaymentList.tsx(78,23): error TS17004: Cannot use JSX unless the '--jsx' flag is provided.
src/views/admin/finance/PaymentList.tsx(83,5): error TS17004: Cannot use JSX unless the '--jsx' flag is provided.
src/views/admin/finance/PaymentList.tsx(85,7): error TS17004: Cannot use JSX unless the '--jsx' flag is provided.
src/views/admin/finance/PaymentList.tsx(86,9): error TS17004: Cannot use JSX unless the '--jsx' flag is provided.
src/views/admin/finance/PaymentList.tsx(87,11): error TS17004: Cannot use JSX unless the '--jsx' flag is provided.
src/views/admin/finance/PaymentList.tsx(88,11): error TS17004: Cannot use JSX unless the '--jsx' flag is provided.
src/views/admin/finance/PaymentList.tsx(90,9): error TS17004: Cannot use JSX unless the '--jsx' flag is provided.
src/views/admin/finance/PaymentList.tsx(91,11): error TS17004: Cannot use JSX unless the '--jsx' flag is provided.
src/views/admin/finance/PaymentList.tsx(92,13): error TS17004: Cannot use JSX unless the '--jsx' flag is provided.
src/views/admin/finance/PaymentList.tsx(94,11): error TS17004: Cannot use JSX unless the '--jsx' flag is provided.
src/views/admin/finance/PaymentList.tsx(95,13): error TS17004: Cannot use JSX unless the '--jsx' flag is provided.
src/views/admin/finance/PaymentList.tsx(102,9): error TS17004: Cannot use JSX unless the '--jsx' flag is provided.
src/views/admin/finance/PaymentList.tsx(103,11): error TS17004: Cannot use JSX unless the '--jsx' flag is provided.
src/views/admin/finance/PaymentList.tsx(104,14): error TS17004: Cannot use JSX unless the '--jsx' flag is provided.
src/views/admin/finance/PaymentList.tsx(105,17): error TS17004: Cannot use JSX unless the '--jsx' flag is provided.
src/views/admin/finance/PaymentList.tsx(107,14): error TS17004: Cannot use JSX unless the '--jsx' flag is provided.
src/views/admin/finance/PaymentList.tsx(108,17): error TS17004: Cannot use JSX unless the '--jsx' flag is provided.
src/views/admin/finance/PaymentList.tsx(111,17): error TS17004: Cannot use JSX unless the '--jsx' flag is provided.
src/views/admin/finance/PaymentList.tsx(114,11): error TS17004: Cannot use JSX unless the '--jsx' flag is provided.
src/views/admin/finance/PaymentList.tsx(119,7): error TS17004: Cannot use JSX unless the '--jsx' flag is provided.
src/views/admin/finance/PaymentList.tsx(120,10): error TS17004: Cannot use JSX unless the '--jsx' flag is provided.
src/views/admin/finance/PaymentList.tsx(121,13): error TS17004: Cannot use JSX unless the '--jsx' flag is provided.
src/views/admin/finance/PaymentList.tsx(122,16): error TS17004: Cannot use JSX unless the '--jsx' flag is provided.
src/views/admin/finance/PaymentList.tsx(123,16): error TS17004: Cannot use JSX unless the '--jsx' flag is provided.
src/views/admin/finance/PaymentList.tsx(126,13): error TS17004: Cannot use JSX unless the '--jsx' flag is provided.
src/views/admin/finance/PaymentList.tsx(127,16): error TS17004: Cannot use JSX unless the '--jsx' flag is provided.
src/views/admin/finance/PaymentList.tsx(128,16): error TS17004: Cannot use JSX unless the '--jsx' flag is provided.
src/views/admin/finance/PaymentList.tsx(129,19): error TS17004: Cannot use JSX unless the '--jsx' flag is provided.
src/views/admin/finance/PaymentList.tsx(130,19): error TS17004: Cannot use JSX unless the '--jsx' flag is provided.
src/views/admin/finance/PaymentList.tsx(131,19): error TS17004: Cannot use JSX unless the '--jsx' flag is provided.
src/views/admin/finance/PaymentList.tsx(132,19): error TS17004: Cannot use JSX unless the '--jsx' flag is provided.
src/views/admin/finance/PaymentList.tsx(133,19): error TS17004: Cannot use JSX unless the '--jsx' flag is provided.
src/views/admin/finance/PaymentList.tsx(134,19): error TS17004: Cannot use JSX unless the '--jsx' flag is provided.
src/views/admin/finance/PaymentList.tsx(138,13): error TS17004: Cannot use JSX unless the '--jsx' flag is provided.
src/views/admin/finance/PaymentList.tsx(139,16): error TS17004: Cannot use JSX unless the '--jsx' flag is provided.
src/views/admin/finance/PaymentList.tsx(140,16): error TS17004: Cannot use JSX unless the '--jsx' flag is provided.
src/views/admin/finance/PaymentList.tsx(141,19): error TS17004: Cannot use JSX unless the '--jsx' flag is provided.
src/views/admin/finance/PaymentList.tsx(142,19): error TS17004: Cannot use JSX unless the '--jsx' flag is provided.
src/views/admin/finance/PaymentList.tsx(143,19): error TS17004: Cannot use JSX unless the '--jsx' flag is provided.
src/views/admin/finance/PaymentList.tsx(144,19): error TS17004: Cannot use JSX unless the '--jsx' flag is provided.
src/views/admin/finance/PaymentList.tsx(145,19): error TS17004: Cannot use JSX unless the '--jsx' flag is provided.
src/views/admin/finance/PaymentList.tsx(149,13): error TS17004: Cannot use JSX unless the '--jsx' flag is provided.
src/views/admin/finance/PaymentList.tsx(150,16): error TS17004: Cannot use JSX unless the '--jsx' flag is provided.
src/views/admin/finance/PaymentList.tsx(151,19): error TS17004: Cannot use JSX unless the '--jsx' flag is provided.
src/views/admin/finance/PaymentList.tsx(158,7): error TS17004: Cannot use JSX unless the '--jsx' flag is provided.
src/views/admin/finance/PaymentList.tsx(159,9): error TS17004: Cannot use JSX unless the '--jsx' flag is provided.
src/views/admin/finance/PaymentList.tsx(160,12): error TS17004: Cannot use JSX unless the '--jsx' flag is provided.
src/views/admin/finance/PaymentList.tsx(161,14): error TS17004: Cannot use JSX unless the '--jsx' flag is provided.
src/views/admin/finance/PaymentList.tsx(162,16): error TS17004: Cannot use JSX unless the '--jsx' flag is provided.
src/views/admin/finance/PaymentList.tsx(163,18): error TS17004: Cannot use JSX unless the '--jsx' flag is provided.
src/views/admin/finance/PaymentList.tsx(164,18): error TS17004: Cannot use JSX unless the '--jsx' flag is provided.
src/views/admin/finance/PaymentList.tsx(165,18): error TS17004: Cannot use JSX unless the '--jsx' flag is provided.
src/views/admin/finance/PaymentList.tsx(166,18): error TS17004: Cannot use JSX unless the '--jsx' flag is provided.
src/views/admin/finance/PaymentList.tsx(167,18): error TS17004: Cannot use JSX unless the '--jsx' flag is provided.
src/views/admin/finance/PaymentList.tsx(168,18): error TS17004: Cannot use JSX unless the '--jsx' flag is provided.
src/views/admin/finance/PaymentList.tsx(169,18): error TS17004: Cannot use JSX unless the '--jsx' flag is provided.
src/views/admin/finance/PaymentList.tsx(170,18): error TS17004: Cannot use JSX unless the '--jsx' flag is provided.
src/views/admin/finance/PaymentList.tsx(173,14): error TS17004: Cannot use JSX unless the '--jsx' flag is provided.
src/views/admin/finance/PaymentList.tsx(175,18): error TS17004: Cannot use JSX unless the '--jsx' flag is provided.
src/views/admin/finance/PaymentList.tsx(175,22): error TS17004: Cannot use JSX unless the '--jsx' flag is provided.
src/views/admin/finance/PaymentList.tsx(175,68): error TS17004: Cannot use JSX unless the '--jsx' flag is provided.
src/views/admin/finance/PaymentList.tsx(177,18): error TS17004: Cannot use JSX unless the '--jsx' flag is provided.
src/views/admin/finance/PaymentList.tsx(178,20): error TS17004: Cannot use JSX unless the '--jsx' flag is provided.
src/views/admin/finance/PaymentList.tsx(179,23): error TS17004: Cannot use JSX unless the '--jsx' flag is provided.
src/views/admin/finance/PaymentList.tsx(180,26): error TS17004: Cannot use JSX unless the '--jsx' flag is provided.
src/views/admin/finance/PaymentList.tsx(181,26): error TS17004: Cannot use JSX unless the '--jsx' flag is provided.
src/views/admin/finance/PaymentList.tsx(185,28): error TS17004: Cannot use JSX unless the '--jsx' flag is provided.
src/views/admin/finance/PaymentList.tsx(189,20): error TS17004: Cannot use JSX unless the '--jsx' flag is provided.
src/views/admin/finance/PaymentList.tsx(190,23): error TS17004: Cannot use JSX unless the '--jsx' flag is provided.
src/views/admin/finance/PaymentList.tsx(191,25): error TS17004: Cannot use JSX unless the '--jsx' flag is provided.
src/views/admin/finance/PaymentList.tsx(192,27): error TS17004: Cannot use JSX unless the '--jsx' flag is provided.
src/views/admin/finance/PaymentList.tsx(194,25): error TS17004: Cannot use JSX unless the '--jsx' flag is provided.
src/views/admin/finance/PaymentList.tsx(195,27): error TS17004: Cannot use JSX unless the '--jsx' flag is provided.
src/views/admin/finance/PaymentList.tsx(199,20): error TS17004: Cannot use JSX unless the '--jsx' flag is provided.
src/views/admin/finance/PaymentList.tsx(200,23): error TS17004: Cannot use JSX unless the '--jsx' flag is provided.
src/views/admin/finance/PaymentList.tsx(202,20): error TS17004: Cannot use JSX unless the '--jsx' flag is provided.
src/views/admin/finance/PaymentList.tsx(203,23): error TS17004: Cannot use JSX unless the '--jsx' flag is provided.
src/views/admin/finance/PaymentList.tsx(205,26): error TS17004: Cannot use JSX unless the '--jsx' flag is provided.
src/views/admin/finance/PaymentList.tsx(208,20): error TS17004: Cannot use JSX unless the '--jsx' flag is provided.
src/views/admin/finance/PaymentList.tsx(209,23): error TS17004: Cannot use JSX unless the '--jsx' flag is provided.
src/views/admin/finance/PaymentList.tsx(211,20): error TS17004: Cannot use JSX unless the '--jsx' flag is provided.
src/views/admin/finance/PaymentList.tsx(214,20): error TS17004: Cannot use JSX unless the '--jsx' flag is provided.
src/views/admin/finance/PaymentList.tsx(216,25): error TS17004: Cannot use JSX unless the '--jsx' flag is provided.
src/views/admin/finance/PaymentList.tsx(217,27): error TS17004: Cannot use JSX unless the '--jsx' flag is provided.
src/views/admin/finance/PaymentList.tsx(218,27): error TS17004: Cannot use JSX unless the '--jsx' flag is provided.
src/views/admin/finance/PaymentList.tsx(219,30): error TS17004: Cannot use JSX unless the '--jsx' flag is provided.
src/views/admin/finance/PaymentList.tsx(222,27): error TS17004: Cannot use JSX unless the '--jsx' flag is provided.
src/views/admin/finance/PaymentList.tsx(224,20): error TS17004: Cannot use JSX unless the '--jsx' flag is provided.
src/views/admin/finance/PaymentList.tsx(226,25): error TS17004: Cannot use JSX unless the '--jsx' flag is provided.
src/views/admin/finance/PaymentList.tsx(228,30): error TS17004: Cannot use JSX unless the '--jsx' flag is provided.
src/views/admin/finance/PaymentList.tsx(229,33): error TS17004: Cannot use JSX unless the '--jsx' flag is provided.
src/views/admin/finance/PaymentList.tsx(240,33): error TS17004: Cannot use JSX unless the '--jsx' flag is provided.
src/views/admin/finance/PaymentList.tsx(240,182): error TS17004: Cannot use JSX unless the '--jsx' flag is provided.
src/views/admin/finance/PaymentList.tsx(241,33): error TS17004: Cannot use JSX unless the '--jsx' flag is provided.
src/views/admin/finance/PaymentList.tsx(241,135): error TS17004: Cannot use JSX unless the '--jsx' flag is provided.
src/views/admin/finance/PaymentList.tsx(244,30): error TS17004: Cannot use JSX unless the '--jsx' flag is provided.
src/views/admin/finance/PaymentList.tsx(245,32): error TS17004: Cannot use JSX unless the '--jsx' flag is provided.
src/views/admin/finance/PaymentList.tsx(249,35): error TS17004: Cannot use JSX unless the '--jsx' flag is provided.
src/views/admin/finance/PaymentList.tsx(251,32): error TS17004: Cannot use JSX unless the '--jsx' flag is provided.
src/views/admin/finance/PaymentList.tsx(255,35): error TS17004: Cannot use JSX unless the '--jsx' flag is provided.
src/views/admin/finance/PaymentList.tsx(261,25): error TS17004: Cannot use JSX unless the '--jsx' flag is provided.
src/views/admin/finance/PaymentList.tsx(262,28): error TS17004: Cannot use JSX unless the '--jsx' flag is provided.
src/views/admin/finance/PaymentList.tsx(273,7): error TS17004: Cannot use JSX unless the '--jsx' flag is provided.
src/views/admin/finance/PaymentList.tsx(274,10): error TS17004: Cannot use JSX unless the '--jsx' flag is provided.
src/views/admin/finance/PaymentList.tsx(275,10): error TS17004: Cannot use JSX unless the '--jsx' flag is provided.
src/views/admin/finance/PaymentList.tsx(276,13): error TS17004: Cannot use JSX unless the '--jsx' flag is provided.
src/views/admin/finance/PaymentList.tsx(276,68): error TS17004: Cannot use JSX unless the '--jsx' flag is provided.
src/views/admin/finance/PaymentList.tsx(277,13): error TS17004: Cannot use JSX unless the '--jsx' flag is provided.
src/views/admin/finance/PaymentList.tsx(277,55): error TS17004: Cannot use JSX unless the '--jsx' flag is provided.
src/views/admin/finance/WebhookLogs.tsx(1,8): error TS1259: Module '"C:/code_visual_xanh/lab60622/lab60622/node_modules/@types/react/index"' can only be default-imported using the 'esModuleInterop' flag
src/views/admin/finance/WebhookLogs.tsx(3,13): error TS6133: 'AlertTriangle' is declared but its value is never read.
src/views/admin/finance/WebhookLogs.tsx(4,14): error TS6133: 'Eye' is declared but its value is never read.
src/views/admin/finance/WebhookLogs.tsx(4,19): error TS6133: 'Search' is declared but its value is never read.
src/views/admin/finance/WebhookLogs.tsx(4,27): error TS6133: 'Filter' is declared but its value is never read.
src/views/admin/finance/WebhookLogs.tsx(5,31): error TS6133: 'Smartphone' is declared but its value is never read.
src/views/admin/finance/WebhookLogs.tsx(6,3): error TS6133: 'CloudLightning' is declared but its value is never read.
src/views/admin/finance/WebhookLogs.tsx(6,19): error TS6133: 'Layers' is declared but its value is never read.
src/views/admin/finance/WebhookLogs.tsx(9,32): error TS2307: Cannot find module '@/services/paymentService' or its corresponding type declarations.
src/views/admin/finance/WebhookLogs.tsx(10,43): error TS2307: Cannot find module '@/models/Payment' or its corresponding type declarations.
src/views/admin/finance/WebhookLogs.tsx(11,43): error TS2307: Cannot find module '@/utils' or its corresponding type declarations.
src/views/admin/finance/WebhookLogs.tsx(12,25): error TS2307: Cannot find module '@/components/ui/Feedback' or its corresponding type declarations.
src/views/admin/finance/WebhookLogs.tsx(49,5): error TS17004: Cannot use JSX unless the '--jsx' flag is provided.
src/views/admin/finance/WebhookLogs.tsx(51,7): error TS17004: Cannot use JSX unless the '--jsx' flag is provided.
src/views/admin/finance/WebhookLogs.tsx(53,11): error TS17004: Cannot use JSX unless the '--jsx' flag is provided.
src/views/admin/finance/WebhookLogs.tsx(54,13): error TS17004: Cannot use JSX unless the '--jsx' flag is provided.
src/views/admin/finance/WebhookLogs.tsx(58,16): error TS17004: Cannot use JSX unless the '--jsx' flag is provided.
src/views/admin/finance/WebhookLogs.tsx(61,13): error TS17004: Cannot use JSX unless the '--jsx' flag is provided.
src/views/admin/finance/WebhookLogs.tsx(62,16): error TS17004: Cannot use JSX unless the '--jsx' flag is provided.
src/views/admin/finance/WebhookLogs.tsx(63,19): error TS17004: Cannot use JSX unless the '--jsx' flag is provided.
src/views/admin/finance/WebhookLogs.tsx(67,22): error TS17004: Cannot use JSX unless the '--jsx' flag is provided.
src/views/admin/finance/WebhookLogs.tsx(69,19): error TS17004: Cannot use JSX unless the '--jsx' flag is provided.
src/views/admin/finance/WebhookLogs.tsx(70,21): error TS17004: Cannot use JSX unless the '--jsx' flag is provided.
src/views/admin/finance/WebhookLogs.tsx(71,21): error TS17004: Cannot use JSX unless the '--jsx' flag is provided.
src/views/admin/finance/WebhookLogs.tsx(72,24): error TS17004: Cannot use JSX unless the '--jsx' flag is provided.
src/views/admin/finance/WebhookLogs.tsx(76,16): error TS17004: Cannot use JSX unless the '--jsx' flag is provided.
src/views/admin/finance/WebhookLogs.tsx(83,13): error TS17004: Cannot use JSX unless the '--jsx' flag is provided.
src/views/admin/finance/WebhookLogs.tsx(84,16): error TS17004: Cannot use JSX unless the '--jsx' flag is provided.
src/views/admin/finance/WebhookLogs.tsx(85,16): error TS17004: Cannot use JSX unless the '--jsx' flag is provided.
src/views/admin/finance/WebhookLogs.tsx(91,7): error TS17004: Cannot use JSX unless the '--jsx' flag is provided.
src/views/admin/finance/WebhookLogs.tsx(92,9): error TS17004: Cannot use JSX unless the '--jsx' flag is provided.
src/views/admin/finance/WebhookLogs.tsx(93,12): error TS17004: Cannot use JSX unless the '--jsx' flag is provided.
src/views/admin/finance/WebhookLogs.tsx(94,15): error TS17004: Cannot use JSX unless the '--jsx' flag is provided.
src/views/admin/finance/WebhookLogs.tsx(95,15): error TS17004: Cannot use JSX unless the '--jsx' flag is provided.
src/views/admin/finance/WebhookLogs.tsx(97,12): error TS17004: Cannot use JSX unless the '--jsx' flag is provided.
src/views/admin/finance/WebhookLogs.tsx(98,15): error TS17004: Cannot use JSX unless the '--jsx' flag is provided.
src/views/admin/finance/WebhookLogs.tsx(103,9): error TS17004: Cannot use JSX unless the '--jsx' flag is provided.
src/views/admin/finance/WebhookLogs.tsx(104,12): error TS17004: Cannot use JSX unless the '--jsx' flag is provided.
src/views/admin/finance/WebhookLogs.tsx(105,15): error TS17004: Cannot use JSX unless the '--jsx' flag is provided.
src/views/admin/finance/WebhookLogs.tsx(106,18): error TS17004: Cannot use JSX unless the '--jsx' flag is provided.
src/views/admin/finance/WebhookLogs.tsx(107,20): error TS17004: Cannot use JSX unless the '--jsx' flag is provided.
src/views/admin/finance/WebhookLogs.tsx(108,22): error TS17004: Cannot use JSX unless the '--jsx' flag is provided.
src/views/admin/finance/WebhookLogs.tsx(109,22): error TS17004: Cannot use JSX unless the '--jsx' flag is provided.
src/views/admin/finance/WebhookLogs.tsx(110,22): error TS17004: Cannot use JSX unless the '--jsx' flag is provided.
src/views/admin/finance/WebhookLogs.tsx(111,22): error TS17004: Cannot use JSX unless the '--jsx' flag is provided.
src/views/admin/finance/WebhookLogs.tsx(112,22): error TS17004: Cannot use JSX unless the '--jsx' flag is provided.
src/views/admin/finance/WebhookLogs.tsx(113,22): error TS17004: Cannot use JSX unless the '--jsx' flag is provided.
src/views/admin/finance/WebhookLogs.tsx(114,22): error TS17004: Cannot use JSX unless the '--jsx' flag is provided.
src/views/admin/finance/WebhookLogs.tsx(117,18): error TS17004: Cannot use JSX unless the '--jsx' flag is provided.
src/views/admin/finance/WebhookLogs.tsx(119,22): error TS17004: Cannot use JSX unless the '--jsx' flag is provided.
src/views/admin/finance/WebhookLogs.tsx(119,26): error TS17004: Cannot use JSX unless the '--jsx' flag is provided.
src/views/admin/finance/WebhookLogs.tsx(119,72): error TS17004: Cannot use JSX unless the '--jsx' flag is provided.
src/views/admin/finance/WebhookLogs.tsx(121,22): error TS17004: Cannot use JSX unless the '--jsx' flag is provided.
src/views/admin/finance/WebhookLogs.tsx(122,25): error TS17004: Cannot use JSX unless the '--jsx' flag is provided.
src/views/admin/finance/WebhookLogs.tsx(123,28): error TS17004: Cannot use JSX unless the '--jsx' flag is provided.
src/views/admin/finance/WebhookLogs.tsx(124,30): error TS17004: Cannot use JSX unless the '--jsx' flag is provided.
src/views/admin/finance/WebhookLogs.tsx(130,30): error TS17004: Cannot use JSX unless the '--jsx' flag is provided.
src/views/admin/finance/WebhookLogs.tsx(133,25): error TS17004: Cannot use JSX unless the '--jsx' flag is provided.
src/views/admin/finance/WebhookLogs.tsx(134,28): error TS17004: Cannot use JSX unless the '--jsx' flag is provided.
src/views/admin/finance/WebhookLogs.tsx(135,31): error TS17004: Cannot use JSX unless the '--jsx' flag is provided.
src/views/admin/finance/WebhookLogs.tsx(136,31): error TS17004: Cannot use JSX unless the '--jsx' flag is provided.
src/views/admin/finance/WebhookLogs.tsx(140,33): error TS17004: Cannot use JSX unless the '--jsx' flag is provided.
src/views/admin/finance/WebhookLogs.tsx(144,25): error TS17004: Cannot use JSX unless the '--jsx' flag is provided.
src/views/admin/finance/WebhookLogs.tsx(145,25): error TS17004: Cannot use JSX unless the '--jsx' flag is provided.
src/views/admin/finance/WebhookLogs.tsx(146,28): error TS17004: Cannot use JSX unless the '--jsx' flag is provided.
src/views/admin/finance/WebhookLogs.tsx(153,25): error TS17004: Cannot use JSX unless the '--jsx' flag is provided.
src/views/admin/finance/WebhookLogs.tsx(154,25): error TS17004: Cannot use JSX unless the '--jsx' flag is provided.
src/views/admin/finance/WebhookLogs.tsx(155,28): error TS17004: Cannot use JSX unless the '--jsx' flag is provided.
src/views/admin/finance/WebhookLogs.tsx(156,31): error TS17004: Cannot use JSX unless the '--jsx' flag is provided.
src/views/admin/finance/WebhookLogs.tsx(157,31): error TS17004: Cannot use JSX unless the '--jsx' flag is provided.
src/views/admin/finance/WebhookLogs.tsx(160,25): error TS17004: Cannot use JSX unless the '--jsx' flag is provided.
src/views/admin/finance/WebhookLogs.tsx(161,28): error TS17004: Cannot use JSX unless the '--jsx' flag is provided.
src/views/admin/finance/WebhookLogs.tsx(163,31): error TS17004: Cannot use JSX unless the '--jsx' flag is provided.
src/views/admin/finance/WebhookLogs.tsx(168,34): error TS17004: Cannot use JSX unless the '--jsx' flag is provided.
src/views/admin/finance/WebhookLogs.tsx(171,33): error TS17004: Cannot use JSX unless the '--jsx' flag is provided.
src/views/admin/finance/WebhookLogs.tsx(177,63): error TS17004: Cannot use JSX unless the '--jsx' flag is provided.
src/views/admin/finance/WebhookLogs.tsx(177,77): error TS17004: Cannot use JSX unless the '--jsx' flag is provided.
src/views/admin/finance/WebhookLogs.tsx(192,9): error TS17004: Cannot use JSX unless the '--jsx' flag is provided.
src/views/admin/finance/WebhookLogs.tsx(193,11): error TS17004: Cannot use JSX unless the '--jsx' flag is provided.
src/views/admin/finance/WebhookLogs.tsx(194,11): error TS17004: Cannot use JSX unless the '--jsx' flag is provided.
src/views/admin/finance/WebhookLogs.tsx(195,14): error TS17004: Cannot use JSX unless the '--jsx' flag is provided.
src/views/admin/finance/WebhookLogs.tsx(196,17): error TS17004: Cannot use JSX unless the '--jsx' flag is provided.
src/views/admin/finance/WebhookLogs.tsx(197,20): error TS17004: Cannot use JSX unless the '--jsx' flag is provided.
src/views/admin/finance/WebhookLogs.tsx(198,20): error TS17004: Cannot use JSX unless the '--jsx' flag is provided.
src/views/admin/finance/WebhookLogs.tsx(200,17): error TS17004: Cannot use JSX unless the '--jsx' flag is provided.
src/views/admin/finance/WebhookLogs.tsx(201,20): error TS17004: Cannot use JSX unless the '--jsx' flag is provided.
src/views/admin/finance/WebhookLogs.tsx(204,14): error TS17004: Cannot use JSX unless the '--jsx' flag is provided.
src/views/admin/finance/WebhookLogs.tsx(205,17): error TS17004: Cannot use JSX unless the '--jsx' flag is provided.
src/views/admin/finance/WebhookLogs.tsx(209,14): error TS17004: Cannot use JSX unless the '--jsx' flag is provided.
src/views/admin/finance/WebhookLogs.tsx(210,17): error TS17004: Cannot use JSX unless the '--jsx' flag is provided.
src/views/admin/meters/BulkMeterEntry.tsx(1,8): error TS1259: Module '"C:/code_visual_xanh/lab60622/lab60622/node_modules/@types/react/index"' can only be default-imported using the 'esModuleInterop' flag
src/views/admin/meters/BulkMeterEntry.tsx(3,28): error TS6133: 'Calendar' is declared but its value is never read.
src/views/admin/meters/BulkMeterEntry.tsx(5,13): error TS6133: 'Info' is declared but its value is never read.
src/views/admin/meters/BulkMeterEntry.tsx(6,3): error TS6133: 'Search' is declared but its value is never read.
src/views/admin/meters/BulkMeterEntry.tsx(10,30): error TS2307: Cannot find module '@/services/meterService' or its corresponding type declarations.
src/views/admin/meters/BulkMeterEntry.tsx(11,34): error TS2307: Cannot find module '@/models/Meter' or its corresponding type declarations.
src/views/admin/meters/BulkMeterEntry.tsx(12,20): error TS2307: Cannot find module '@/utils' or its corresponding type declarations.
src/views/admin/meters/BulkMeterEntry.tsx(13,29): error TS2307: Cannot find module '@/components/ui/SelectAsync' or its corresponding type declarations.
src/views/admin/meters/BulkMeterEntry.tsx(14,24): error TS2307: Cannot find module '@/components/ui/Select' or its corresponding type declarations.
src/views/admin/meters/BulkMeterEntry.tsx(15,26): error TS2307: Cannot find module '@/components/ui/Feedback' or its corresponding type declarations.
src/views/admin/meters/BulkMeterEntry.tsx(51,32): error TS2705: An async function or method in ES5 requires the 'Promise' constructor.  Make sure you have a declaration for the 'Promise' constructor or include 'ES2015' in your '--lib' option.
src/views/admin/meters/BulkMeterEntry.tsx(57,21): error TS2585: 'Promise' only refers to a type, but is being used as a value here. Do you need to change your target library? Try changing the 'lib' compiler option to es2015 or later.
src/views/admin/meters/BulkMeterEntry.tsx(57,49): error TS2705: An async function or method in ES5 requires the 'Promise' constructor.  Make sure you have a declaration for the 'Promise' constructor or include 'ES2015' in your '--lib' option.
src/views/admin/meters/BulkMeterEntry.tsx(88,46): error TS7006: Parameter 'r' implicitly has an 'any' type.
src/views/admin/meters/BulkMeterEntry.tsx(95,20): error TS7006: Parameter 'row' implicitly has an 'any' type.
src/views/admin/meters/BulkMeterEntry.tsx(95,25): error TS7006: Parameter 'i' implicitly has an 'any' type.
src/views/admin/meters/BulkMeterEntry.tsx(125,5): error TS17004: Cannot use JSX unless the '--jsx' flag is provided.
src/views/admin/meters/BulkMeterEntry.tsx(127,8): error TS17004: Cannot use JSX unless the '--jsx' flag is provided.
src/views/admin/meters/BulkMeterEntry.tsx(128,11): error TS17004: Cannot use JSX unless the '--jsx' flag is provided.
src/views/admin/meters/BulkMeterEntry.tsx(129,14): error TS17004: Cannot use JSX unless the '--jsx' flag is provided.
src/views/admin/meters/BulkMeterEntry.tsx(130,17): error TS17004: Cannot use JSX unless the '--jsx' flag is provided.
src/views/admin/meters/BulkMeterEntry.tsx(132,14): error TS17004: Cannot use JSX unless the '--jsx' flag is provided.
src/views/admin/meters/BulkMeterEntry.tsx(133,17): error TS17004: Cannot use JSX unless the '--jsx' flag is provided.
src/views/admin/meters/BulkMeterEntry.tsx(134,17): error TS17004: Cannot use JSX unless the '--jsx' flag is provided.
src/views/admin/meters/BulkMeterEntry.tsx(138,11): error TS17004: Cannot use JSX unless the '--jsx' flag is provided.
src/views/admin/meters/BulkMeterEntry.tsx(139,14): error TS17004: Cannot use JSX unless the '--jsx' flag is provided.
src/views/admin/meters/BulkMeterEntry.tsx(140,17): error TS17004: Cannot use JSX unless the '--jsx' flag is provided.
src/views/admin/meters/BulkMeterEntry.tsx(141,17): error TS17004: Cannot use JSX unless the '--jsx' flag is provided.
src/views/admin/meters/BulkMeterEntry.tsx(143,14): error TS17004: Cannot use JSX unless the '--jsx' flag is provided.
src/views/admin/meters/BulkMeterEntry.tsx(144,17): error TS17004: Cannot use JSX unless the '--jsx' flag is provided.
src/views/admin/meters/BulkMeterEntry.tsx(145,17): error TS17004: Cannot use JSX unless the '--jsx' flag is provided.
src/views/admin/meters/BulkMeterEntry.tsx(152,10): error TS17004: Cannot use JSX unless the '--jsx' flag is provided.
src/views/admin/meters/BulkMeterEntry.tsx(153,13): error TS17004: Cannot use JSX unless the '--jsx' flag is provided.
src/views/admin/meters/BulkMeterEntry.tsx(154,16): error TS17004: Cannot use JSX unless the '--jsx' flag is provided.
src/views/admin/meters/BulkMeterEntry.tsx(155,16): error TS17004: Cannot use JSX unless the '--jsx' flag is provided.
src/views/admin/meters/BulkMeterEntry.tsx(156,20): error TS17004: Cannot use JSX unless the '--jsx' flag is provided.
src/views/admin/meters/BulkMeterEntry.tsx(168,20): error TS17004: Cannot use JSX unless the '--jsx' flag is provided.
src/views/admin/meters/BulkMeterEntry.tsx(177,34): error TS7006: Parameter 'val' implicitly has an 'any' type.
src/views/admin/meters/BulkMeterEntry.tsx(180,20): error TS17004: Cannot use JSX unless the '--jsx' flag is provided.
src/views/admin/meters/BulkMeterEntry.tsx(181,23): error TS17004: Cannot use JSX unless the '--jsx' flag is provided.
src/views/admin/meters/BulkMeterEntry.tsx(182,26): error TS17004: Cannot use JSX unless the '--jsx' flag is provided.
src/views/admin/meters/BulkMeterEntry.tsx(183,26): error TS17004: Cannot use JSX unless the '--jsx' flag is provided.
src/views/admin/meters/BulkMeterEntry.tsx(185,23): error TS17004: Cannot use JSX unless the '--jsx' flag is provided.
src/views/admin/meters/BulkMeterEntry.tsx(186,26): error TS17004: Cannot use JSX unless the '--jsx' flag is provided.
src/views/admin/meters/BulkMeterEntry.tsx(187,26): error TS17004: Cannot use JSX unless the '--jsx' flag is provided.
src/views/admin/meters/BulkMeterEntry.tsx(191,20): error TS17004: Cannot use JSX unless the '--jsx' flag is provided.
src/views/admin/meters/BulkMeterEntry.tsx(192,23): error TS17004: Cannot use JSX unless the '--jsx' flag is provided.
src/views/admin/meters/BulkMeterEntry.tsx(199,23): error TS17004: Cannot use JSX unless the '--jsx' flag is provided.
src/views/admin/meters/BulkMeterEntry.tsx(202,19): error TS17004: Cannot use JSX unless the '--jsx' flag is provided.
src/views/admin/meters/BulkMeterEntry.tsx(206,31): error TS17004: Cannot use JSX unless the '--jsx' flag is provided.
src/views/admin/meters/BulkMeterEntry.tsx(209,16): error TS17004: Cannot use JSX unless the '--jsx' flag is provided.
src/views/admin/meters/BulkMeterEntry.tsx(210,19): error TS17004: Cannot use JSX unless the '--jsx' flag is provided.
src/views/admin/meters/BulkMeterEntry.tsx(214,13): error TS17004: Cannot use JSX unless the '--jsx' flag is provided.
src/views/admin/meters/BulkMeterEntry.tsx(215,16): error TS17004: Cannot use JSX unless the '--jsx' flag is provided.
src/views/admin/meters/BulkMeterEntry.tsx(216,19): error TS17004: Cannot use JSX unless the '--jsx' flag is provided.
src/views/admin/meters/BulkMeterEntry.tsx(217,19): error TS17004: Cannot use JSX unless the '--jsx' flag is provided.
src/views/admin/meters/BulkMeterEntry.tsx(218,22): error TS17004: Cannot use JSX unless the '--jsx' flag is provided.
src/views/admin/meters/BulkMeterEntry.tsx(219,25): error TS17004: Cannot use JSX unless the '--jsx' flag is provided.
src/views/admin/meters/BulkMeterEntry.tsx(219,117): error TS17004: Cannot use JSX unless the '--jsx' flag is provided.
src/views/admin/meters/BulkMeterEntry.tsx(220,25): error TS17004: Cannot use JSX unless the '--jsx' flag is provided.
src/views/admin/meters/BulkMeterEntry.tsx(222,22): error TS17004: Cannot use JSX unless the '--jsx' flag is provided.
src/views/admin/meters/BulkMeterEntry.tsx(223,25): error TS17004: Cannot use JSX unless the '--jsx' flag is provided.
src/views/admin/meters/BulkMeterEntry.tsx(223,117): error TS17004: Cannot use JSX unless the '--jsx' flag is provided.
src/views/admin/meters/BulkMeterEntry.tsx(224,25): error TS17004: Cannot use JSX unless the '--jsx' flag is provided.
src/views/admin/meters/BulkMeterEntry.tsx(226,22): error TS17004: Cannot use JSX unless the '--jsx' flag is provided.
src/views/admin/meters/BulkMeterEntry.tsx(227,25): error TS17004: Cannot use JSX unless the '--jsx' flag is provided.
src/views/admin/meters/BulkMeterEntry.tsx(227,117): error TS17004: Cannot use JSX unless the '--jsx' flag is provided.
src/views/admin/meters/BulkMeterEntry.tsx(228,25): error TS17004: Cannot use JSX unless the '--jsx' flag is provided.
src/views/admin/meters/BulkMeterEntry.tsx(231,19): error TS17004: Cannot use JSX unless the '--jsx' flag is provided.
src/views/admin/meters/BulkMeterEntry.tsx(234,16): error TS17004: Cannot use JSX unless the '--jsx' flag is provided.
src/views/admin/meters/BulkMeterEntry.tsx(235,19): error TS17004: Cannot use JSX unless the '--jsx' flag is provided.
src/views/admin/meters/BulkMeterEntry.tsx(235,124): error TS17004: Cannot use JSX unless the '--jsx' flag is provided.
src/views/admin/meters/BulkMeterEntry.tsx(236,19): error TS17004: Cannot use JSX unless the '--jsx' flag is provided.
src/views/admin/meters/BulkMeterEntry.tsx(237,22): error TS17004: Cannot use JSX unless the '--jsx' flag is provided.
src/views/admin/meters/BulkMeterEntry.tsx(238,22): error TS17004: Cannot use JSX unless the '--jsx' flag is provided.
src/views/admin/meters/BulkMeterEntry.tsx(247,10): error TS17004: Cannot use JSX unless the '--jsx' flag is provided.
src/views/admin/meters/BulkMeterEntry.tsx(248,13): error TS17004: Cannot use JSX unless the '--jsx' flag is provided.
src/views/admin/meters/BulkMeterEntry.tsx(249,16): error TS17004: Cannot use JSX unless the '--jsx' flag is provided.
src/views/admin/meters/BulkMeterEntry.tsx(250,19): error TS17004: Cannot use JSX unless the '--jsx' flag is provided.
src/views/admin/meters/BulkMeterEntry.tsx(251,23): error TS17004: Cannot use JSX unless the '--jsx' flag is provided.
src/views/admin/meters/BulkMeterEntry.tsx(252,25): error TS17004: Cannot use JSX unless the '--jsx' flag is provided.
src/views/admin/meters/BulkMeterEntry.tsx(253,28): error TS17004: Cannot use JSX unless the '--jsx' flag is provided.
src/views/admin/meters/BulkMeterEntry.tsx(254,28): error TS17004: Cannot use JSX unless the '--jsx' flag is provided.
src/views/admin/meters/BulkMeterEntry.tsx(255,28): error TS17004: Cannot use JSX unless the '--jsx' flag is provided.
src/views/admin/meters/BulkMeterEntry.tsx(256,28): error TS17004: Cannot use JSX unless the '--jsx' flag is provided.
src/views/admin/meters/BulkMeterEntry.tsx(257,28): error TS17004: Cannot use JSX unless the '--jsx' flag is provided.
src/views/admin/meters/BulkMeterEntry.tsx(258,28): error TS17004: Cannot use JSX unless the '--jsx' flag is provided.
src/views/admin/meters/BulkMeterEntry.tsx(261,22): error TS17004: Cannot use JSX unless the '--jsx' flag is provided.
src/views/admin/meters/BulkMeterEntry.tsx(263,34): error TS2550: Property 'from' does not exist on type 'ArrayConstructor'. Do you need to change your target library? Try changing the 'lib' compiler option to 'es2015' or later.
src/views/admin/meters/BulkMeterEntry.tsx(263,60): error TS7006: Parameter '_' implicitly has an 'any' type.
src/views/admin/meters/BulkMeterEntry.tsx(263,63): error TS7006: Parameter 'i' implicitly has an 'any' type.
src/views/admin/meters/BulkMeterEntry.tsx(264,30): error TS17004: Cannot use JSX unless the '--jsx' flag is provided.
src/views/admin/meters/BulkMeterEntry.tsx(265,33): error TS17004: Cannot use JSX unless the '--jsx' flag is provided.
src/views/admin/meters/BulkMeterEntry.tsx(265,59): error TS17004: Cannot use JSX unless the '--jsx' flag is provided.
src/views/admin/meters/BulkMeterEntry.tsx(265,97): error TS17004: Cannot use JSX unless the '--jsx' flag is provided.
src/views/admin/meters/BulkMeterEntry.tsx(266,33): error TS17004: Cannot use JSX unless the '--jsx' flag is provided.
src/views/admin/meters/BulkMeterEntry.tsx(266,84): error TS17004: Cannot use JSX unless the '--jsx' flag is provided.
src/views/admin/meters/BulkMeterEntry.tsx(267,33): error TS17004: Cannot use JSX unless the '--jsx' flag is provided.
src/views/admin/meters/BulkMeterEntry.tsx(267,96): error TS17004: Cannot use JSX unless the '--jsx' flag is provided.
src/views/admin/meters/BulkMeterEntry.tsx(268,33): error TS17004: Cannot use JSX unless the '--jsx' flag is provided.
src/views/admin/meters/BulkMeterEntry.tsx(268,84): error TS17004: Cannot use JSX unless the '--jsx' flag is provided.
src/views/admin/meters/BulkMeterEntry.tsx(269,33): error TS17004: Cannot use JSX unless the '--jsx' flag is provided.
src/views/admin/meters/BulkMeterEntry.tsx(269,84): error TS17004: Cannot use JSX unless the '--jsx' flag is provided.
src/views/admin/meters/BulkMeterEntry.tsx(270,33): error TS17004: Cannot use JSX unless the '--jsx' flag is provided.
src/views/admin/meters/BulkMeterEntry.tsx(270,84): error TS17004: Cannot use JSX unless the '--jsx' flag is provided.
src/views/admin/meters/BulkMeterEntry.tsx(283,31): error TS17004: Cannot use JSX unless the '--jsx' flag is provided.
src/views/admin/meters/BulkMeterEntry.tsx(284,34): error TS17004: Cannot use JSX unless the '--jsx' flag is provided.
src/views/admin/meters/BulkMeterEntry.tsx(285,37): error TS17004: Cannot use JSX unless the '--jsx' flag is provided.
src/views/admin/meters/BulkMeterEntry.tsx(286,40): error TS17004: Cannot use JSX unless the '--jsx' flag is provided.
src/views/admin/meters/BulkMeterEntry.tsx(287,40): error TS17004: Cannot use JSX unless the '--jsx' flag is provided.
src/views/admin/meters/BulkMeterEntry.tsx(290,34): error TS17004: Cannot use JSX unless the '--jsx' flag is provided.
src/views/admin/meters/BulkMeterEntry.tsx(291,34): error TS17004: Cannot use JSX unless the '--jsx' flag is provided.
src/views/admin/meters/BulkMeterEntry.tsx(292,37): error TS17004: Cannot use JSX unless the '--jsx' flag is provided.
src/views/admin/meters/BulkMeterEntry.tsx(299,66): error TS2550: Property 'from' does not exist on type 'ArrayConstructor'. Do you need to change your target library? Try changing the 'lib' compiler option to 'es2015' or later.
src/views/admin/meters/BulkMeterEntry.tsx(311,40): error TS17004: Cannot use JSX unless the '--jsx' flag is provided.
src/views/admin/meters/BulkMeterEntry.tsx(311,125): error TS17004: Cannot use JSX unless the '--jsx' flag is provided.
src/views/admin/meters/BulkMeterEntry.tsx(314,34): error TS17004: Cannot use JSX unless the '--jsx' flag is provided.
src/views/admin/meters/BulkMeterEntry.tsx(316,40): error TS17004: Cannot use JSX unless the '--jsx' flag is provided.
src/views/admin/meters/BulkMeterEntry.tsx(321,34): error TS17004: Cannot use JSX unless the '--jsx' flag is provided.
src/views/admin/meters/BulkMeterEntry.tsx(323,40): error TS17004: Cannot use JSX unless the '--jsx' flag is provided.
src/views/admin/meters/BulkMeterEntry.tsx(325,40): error TS17004: Cannot use JSX unless the '--jsx' flag is provided.
src/views/admin/meters/BulkMeterEntry.tsx(327,40): error TS17004: Cannot use JSX unless the '--jsx' flag is provided.
src/views/admin/meters/BulkMeterEntry.tsx(330,34): error TS17004: Cannot use JSX unless the '--jsx' flag is provided.
src/views/admin/meters/BulkMeterEntry.tsx(331,37): error TS17004: Cannot use JSX unless the '--jsx' flag is provided.
src/views/admin/meters/BulkMeterEntry.tsx(348,19): error TS17004: Cannot use JSX unless the '--jsx' flag is provided.
src/views/admin/meters/BulkMeterEntry.tsx(349,22): error TS17004: Cannot use JSX unless the '--jsx' flag is provided.
src/views/admin/meters/BulkMeterEntry.tsx(354,25): error TS17004: Cannot use JSX unless the '--jsx' flag is provided.
src/views/admin/meters/BulkMeterEntry.tsx(356,22): error TS17004: Cannot use JSX unless the '--jsx' flag is provided.
src/views/admin/meters/BulkMeterEntry.tsx(357,22): error TS17004: Cannot use JSX unless the '--jsx' flag is provided.
src/views/admin/meters/BulkMeterEntry.tsx(362,25): error TS17004: Cannot use JSX unless the '--jsx' flag is provided.
src/views/admin/meters/BulkMeterEntry.tsx(368,13): error TS17004: Cannot use JSX unless the '--jsx' flag is provided.
src/views/admin/meters/BulkMeterEntry.tsx(369,16): error TS17004: Cannot use JSX unless the '--jsx' flag is provided.
src/views/admin/meters/BulkMeterEntry.tsx(370,19): error TS17004: Cannot use JSX unless the '--jsx' flag is provided.
src/views/admin/meters/BulkMeterEntry.tsx(372,16): error TS17004: Cannot use JSX unless the '--jsx' flag is provided.
src/views/admin/meters/BulkMeterEntry.tsx(380,44): error TS17004: Cannot use JSX unless the '--jsx' flag is provided.
src/views/admin/meters/BulkMeterEntry.tsx(388,10): error TS17004: Cannot use JSX unless the '--jsx' flag is provided.
src/views/admin/meters/BulkMeterEntry.tsx(389,13): error TS17004: Cannot use JSX unless the '--jsx' flag is provided.
src/views/admin/meters/BulkMeterEntry.tsx(390,16): error TS17004: Cannot use JSX unless the '--jsx' flag is provided.
src/views/admin/meters/BulkMeterEntry.tsx(391,19): error TS17004: Cannot use JSX unless the '--jsx' flag is provided.
src/views/admin/meters/BulkMeterEntry.tsx(393,16): error TS17004: Cannot use JSX unless the '--jsx' flag is provided.
src/views/admin/meters/BulkMeterEntry.tsx(394,16): error TS17004: Cannot use JSX unless the '--jsx' flag is provided.
src/views/admin/meters/BulkMeterEntry.tsx(397,13): error TS17004: Cannot use JSX unless the '--jsx' flag is provided.
src/views/admin/meters/BulkMeterEntry.tsx(398,17): error TS17004: Cannot use JSX unless the '--jsx' flag is provided.
src/views/admin/meters/BulkMeterEntry.tsx(399,20): error TS17004: Cannot use JSX unless the '--jsx' flag is provided.
src/views/admin/meters/BulkMeterEntry.tsx(400,23): error TS17004: Cannot use JSX unless the '--jsx' flag is provided.
src/views/admin/meters/BulkMeterEntry.tsx(401,23): error TS17004: Cannot use JSX unless the '--jsx' flag is provided.
src/views/admin/meters/BulkMeterEntry.tsx(403,20): error TS17004: Cannot use JSX unless the '--jsx' flag is provided.
src/views/admin/meters/BulkMeterEntry.tsx(405,17): error TS17004: Cannot use JSX unless the '--jsx' flag is provided.
src/views/admin/meters/BulkMeterEntry.tsx(406,20): error TS17004: Cannot use JSX unless the '--jsx' flag is provided.
src/views/admin/meters/BulkMeterEntry.tsx(407,23): error TS17004: Cannot use JSX unless the '--jsx' flag is provided.
src/views/admin/meters/BulkMeterEntry.tsx(407,108): error TS17004: Cannot use JSX unless the '--jsx' flag is provided.
src/views/admin/meters/BulkMeterEntry.tsx(408,23): error TS17004: Cannot use JSX unless the '--jsx' flag is provided.
src/views/admin/meters/BulkMeterEntry.tsx(410,20): error TS17004: Cannot use JSX unless the '--jsx' flag is provided.
src/views/admin/meters/BulkMeterEntry.tsx(414,13): error TS17004: Cannot use JSX unless the '--jsx' flag is provided.
src/views/admin/meters/BulkMeterEntry.tsx(415,16): error TS17004: Cannot use JSX unless the '--jsx' flag is provided.
src/views/admin/meters/BulkMeterEntry.tsx(417,38): error TS2585: 'Promise' only refers to a type, but is being used as a value here. Do you need to change your target library? Try changing the 'lib' compiler option to es2015 or later.
src/views/admin/meters/BulkMeterEntry.tsx(417,46): error TS7006: Parameter 'res' implicitly has an 'any' type.
src/views/admin/meters/BulkMeterEntry.tsx(427,19): error TS17004: Cannot use JSX unless the '--jsx' flag is provided.
src/views/admin/meters/BulkMeterEntry.tsx(429,16): error TS17004: Cannot use JSX unless the '--jsx' flag is provided.
src/views/admin/meters/MeterList.tsx(1,8): error TS1259: Module '"C:/code_visual_xanh/lab60622/lab60622/node_modules/@types/react/index"' can only be default-imported using the 'esModuleInterop' flag
src/views/admin/meters/MeterList.tsx(8,20): error TS2307: Cannot find module '@/utils' or its corresponding type declarations.
src/views/admin/meters/MeterList.tsx(9,24): error TS2307: Cannot find module '@/components/ui/Select' or its corresponding type declarations.
src/views/admin/meters/MeterList.tsx(10,29): error TS2307: Cannot find module '@/components/ui/SelectAsync' or its corresponding type declarations.
src/views/admin/meters/MeterList.tsx(11,29): error TS2307: Cannot find module '@/components/ui/StatusBadge' or its corresponding type declarations.
src/views/admin/meters/MeterList.tsx(12,10): error TS6133: 'Spinner' is declared but its value is never read.
src/views/admin/meters/MeterList.tsx(12,35): error TS2307: Cannot find module '@/components/ui/Feedback' or its corresponding type declarations.
src/views/admin/meters/MeterList.tsx(14,30): error TS2307: Cannot find module '@/services/meterService' or its corresponding type declarations.
src/views/admin/meters/MeterList.tsx(15,23): error TS2307: Cannot find module '@/models/Meter' or its corresponding type declarations.
src/views/admin/meters/MeterList.tsx(16,35): error TS2307: Cannot find module '@/components/forms/MeterReadingModal' or its corresponding type declarations.
src/views/admin/meters/MeterList.tsx(17,24): error TS2307: Cannot find module '@/stores/uiStore' or its corresponding type declarations.
src/views/admin/meters/MeterList.tsx(48,5): error TS17004: Cannot use JSX unless the '--jsx' flag is provided.
src/views/admin/meters/MeterList.tsx(50,7): error TS17004: Cannot use JSX unless the '--jsx' flag is provided.
src/views/admin/meters/MeterList.tsx(51,9): error TS17004: Cannot use JSX unless the '--jsx' flag is provided.
src/views/admin/meters/MeterList.tsx(52,11): error TS17004: Cannot use JSX unless the '--jsx' flag is provided.
src/views/admin/meters/MeterList.tsx(53,21): error TS17004: Cannot use JSX unless the '--jsx' flag is provided.
src/views/admin/meters/MeterList.tsx(55,11): error TS17004: Cannot use JSX unless the '--jsx' flag is provided.
src/views/admin/meters/MeterList.tsx(60,9): error TS17004: Cannot use JSX unless the '--jsx' flag is provided.
src/views/admin/meters/MeterList.tsx(61,11): error TS17004: Cannot use JSX unless the '--jsx' flag is provided.
src/views/admin/meters/MeterList.tsx(65,13): error TS17004: Cannot use JSX unless the '--jsx' flag is provided.
src/views/admin/meters/MeterList.tsx(66,13): error TS17004: Cannot use JSX unless the '--jsx' flag is provided.
src/views/admin/meters/MeterList.tsx(68,11): error TS17004: Cannot use JSX unless the '--jsx' flag is provided.
src/views/admin/meters/MeterList.tsx(69,13): error TS17004: Cannot use JSX unless the '--jsx' flag is provided.
src/views/admin/meters/MeterList.tsx(75,7): error TS17004: Cannot use JSX unless the '--jsx' flag is provided.
src/views/admin/meters/MeterList.tsx(76,9): error TS17004: Cannot use JSX unless the '--jsx' flag is provided.
src/views/admin/meters/MeterList.tsx(77,11): error TS17004: Cannot use JSX unless the '--jsx' flag is provided.
src/views/admin/meters/MeterList.tsx(78,13): error TS17004: Cannot use JSX unless the '--jsx' flag is provided.
src/views/admin/meters/MeterList.tsx(87,26): error TS7006: Parameter 'val' implicitly has an 'any' type.
src/views/admin/meters/MeterList.tsx(91,11): error TS17004: Cannot use JSX unless the '--jsx' flag is provided.
src/views/admin/meters/MeterList.tsx(92,13): error TS17004: Cannot use JSX unless the '--jsx' flag is provided.
src/views/admin/meters/MeterList.tsx(97,35): error TS7006: Parameter 'search' implicitly has an 'any' type.
src/views/admin/meters/MeterList.tsx(103,65): error TS2550: Property 'includes' does not exist on type 'string'. Do you need to change your target library? Try changing the 'lib' compiler option to 'es2015' or later.
src/views/admin/meters/MeterList.tsx(105,26): error TS7006: Parameter 'val' implicitly has an 'any' type.
src/views/admin/meters/MeterList.tsx(109,11): error TS17004: Cannot use JSX unless the '--jsx' flag is provided.
src/views/admin/meters/MeterList.tsx(110,13): error TS17004: Cannot use JSX unless the '--jsx' flag is provided.
src/views/admin/meters/MeterList.tsx(120,26): error TS7006: Parameter 'val' implicitly has an 'any' type.
src/views/admin/meters/MeterList.tsx(124,11): error TS17004: Cannot use JSX unless the '--jsx' flag is provided.
src/views/admin/meters/MeterList.tsx(125,13): error TS17004: Cannot use JSX unless the '--jsx' flag is provided.
src/views/admin/meters/MeterList.tsx(135,26): error TS7006: Parameter 'val' implicitly has an 'any' type.
src/views/admin/meters/MeterList.tsx(139,11): error TS17004: Cannot use JSX unless the '--jsx' flag is provided.
src/views/admin/meters/MeterList.tsx(140,13): error TS17004: Cannot use JSX unless the '--jsx' flag is provided.
src/views/admin/meters/MeterList.tsx(141,16): error TS17004: Cannot use JSX unless the '--jsx' flag is provided.
src/views/admin/meters/MeterList.tsx(142,16): error TS17004: Cannot use JSX unless the '--jsx' flag is provided.
src/views/admin/meters/MeterList.tsx(143,19): error TS17004: Cannot use JSX unless the '--jsx' flag is provided.
src/views/admin/meters/MeterList.tsx(144,19): error TS17004: Cannot use JSX unless the '--jsx' flag is provided.
src/views/admin/meters/MeterList.tsx(155,11): error TS17004: Cannot use JSX unless the '--jsx' flag is provided.
src/views/admin/meters/MeterList.tsx(156,13): error TS17004: Cannot use JSX unless the '--jsx' flag is provided.
src/views/admin/meters/MeterList.tsx(157,16): error TS17004: Cannot use JSX unless the '--jsx' flag is provided.
src/views/admin/meters/MeterList.tsx(158,16): error TS17004: Cannot use JSX unless the '--jsx' flag is provided.
src/views/admin/meters/MeterList.tsx(165,19): error TS17004: Cannot use JSX unless the '--jsx' flag is provided.
src/views/admin/meters/MeterList.tsx(174,7): error TS17004: Cannot use JSX unless the '--jsx' flag is provided.
src/views/admin/meters/MeterList.tsx(175,9): error TS17004: Cannot use JSX unless the '--jsx' flag is provided.
src/views/admin/meters/MeterList.tsx(176,12): error TS17004: Cannot use JSX unless the '--jsx' flag is provided.
src/views/admin/meters/MeterList.tsx(177,15): error TS17004: Cannot use JSX unless the '--jsx' flag is provided.
src/views/admin/meters/MeterList.tsx(178,18): error TS17004: Cannot use JSX unless the '--jsx' flag is provided.
src/views/admin/meters/MeterList.tsx(179,21): error TS17004: Cannot use JSX unless the '--jsx' flag is provided.
src/views/admin/meters/MeterList.tsx(180,21): error TS17004: Cannot use JSX unless the '--jsx' flag is provided.
src/views/admin/meters/MeterList.tsx(181,21): error TS17004: Cannot use JSX unless the '--jsx' flag is provided.
src/views/admin/meters/MeterList.tsx(182,21): error TS17004: Cannot use JSX unless the '--jsx' flag is provided.
src/views/admin/meters/MeterList.tsx(183,21): error TS17004: Cannot use JSX unless the '--jsx' flag is provided.
src/views/admin/meters/MeterList.tsx(184,21): error TS17004: Cannot use JSX unless the '--jsx' flag is provided.
src/views/admin/meters/MeterList.tsx(185,21): error TS17004: Cannot use JSX unless the '--jsx' flag is provided.
src/views/admin/meters/MeterList.tsx(188,15): error TS17004: Cannot use JSX unless the '--jsx' flag is provided.
src/views/admin/meters/MeterList.tsx(190,27): error TS2550: Property 'from' does not exist on type 'ArrayConstructor'. Do you need to change your target library? Try changing the 'lib' compiler option to 'es2015' or later.
src/views/admin/meters/MeterList.tsx(190,52): error TS7006: Parameter '_' implicitly has an 'any' type.
src/views/admin/meters/MeterList.tsx(190,55): error TS7006: Parameter 'i' implicitly has an 'any' type.
src/views/admin/meters/MeterList.tsx(191,23): error TS17004: Cannot use JSX unless the '--jsx' flag is provided.
src/views/admin/meters/MeterList.tsx(192,25): error TS17004: Cannot use JSX unless the '--jsx' flag is provided.
src/views/admin/meters/MeterList.tsx(192,51): error TS17004: Cannot use JSX unless the '--jsx' flag is provided.
src/views/admin/meters/MeterList.tsx(193,25): error TS17004: Cannot use JSX unless the '--jsx' flag is provided.
src/views/admin/meters/MeterList.tsx(193,51): error TS17004: Cannot use JSX unless the '--jsx' flag is provided.
src/views/admin/meters/MeterList.tsx(194,25): error TS17004: Cannot use JSX unless the '--jsx' flag is provided.
src/views/admin/meters/MeterList.tsx(194,51): error TS17004: Cannot use JSX unless the '--jsx' flag is provided.
src/views/admin/meters/MeterList.tsx(195,25): error TS17004: Cannot use JSX unless the '--jsx' flag is provided.
src/views/admin/meters/MeterList.tsx(195,51): error TS17004: Cannot use JSX unless the '--jsx' flag is provided.
src/views/admin/meters/MeterList.tsx(196,25): error TS17004: Cannot use JSX unless the '--jsx' flag is provided.
src/views/admin/meters/MeterList.tsx(196,51): error TS17004: Cannot use JSX unless the '--jsx' flag is provided.
src/views/admin/meters/MeterList.tsx(197,25): error TS17004: Cannot use JSX unless the '--jsx' flag is provided.
src/views/admin/meters/MeterList.tsx(197,51): error TS17004: Cannot use JSX unless the '--jsx' flag is provided.
src/views/admin/meters/MeterList.tsx(198,25): error TS17004: Cannot use JSX unless the '--jsx' flag is provided.
src/views/admin/meters/MeterList.tsx(198,62): error TS17004: Cannot use JSX unless the '--jsx' flag is provided.
src/views/admin/meters/MeterList.tsx(202,21): error TS17004: Cannot use JSX unless the '--jsx' flag is provided.
src/views/admin/meters/MeterList.tsx(203,24): error TS17004: Cannot use JSX unless the '--jsx' flag is provided.
src/views/admin/meters/MeterList.tsx(204,27): error TS17004: Cannot use JSX unless the '--jsx' flag is provided.
src/views/admin/meters/MeterList.tsx(205,29): error TS17004: Cannot use JSX unless the '--jsx' flag is provided.
src/views/admin/meters/MeterList.tsx(206,29): error TS17004: Cannot use JSX unless the '--jsx' flag is provided.
src/views/admin/meters/MeterList.tsx(207,29): error TS17004: Cannot use JSX unless the '--jsx' flag is provided.
src/views/admin/meters/MeterList.tsx(213,24): error TS17004: Cannot use JSX unless the '--jsx' flag is provided.
src/views/admin/meters/MeterList.tsx(214,27): error TS17004: Cannot use JSX unless the '--jsx' flag is provided.
src/views/admin/meters/MeterList.tsx(215,30): error TS17004: Cannot use JSX unless the '--jsx' flag is provided.
src/views/admin/meters/MeterList.tsx(217,32): error TS17004: Cannot use JSX unless the '--jsx' flag is provided.
src/views/admin/meters/MeterList.tsx(220,27): error TS17004: Cannot use JSX unless the '--jsx' flag is provided.
src/views/admin/meters/MeterList.tsx(221,30): error TS17004: Cannot use JSX unless the '--jsx' flag is provided.
src/views/admin/meters/MeterList.tsx(225,27): error TS17004: Cannot use JSX unless the '--jsx' flag is provided.
src/views/admin/meters/MeterList.tsx(226,30): error TS17004: Cannot use JSX unless the '--jsx' flag is provided.
src/views/admin/meters/MeterList.tsx(230,70): error TS17004: Cannot use JSX unless the '--jsx' flag is provided.
src/views/admin/meters/MeterList.tsx(230,110): error TS17004: Cannot use JSX unless the '--jsx' flag is provided.
src/views/admin/meters/MeterList.tsx(231,33): error TS17004: Cannot use JSX unless the '--jsx' flag is provided.
src/views/admin/meters/MeterList.tsx(236,27): error TS17004: Cannot use JSX unless the '--jsx' flag is provided.
src/views/admin/meters/MeterList.tsx(237,30): error TS17004: Cannot use JSX unless the '--jsx' flag is provided.
src/views/admin/meters/MeterList.tsx(240,30): error TS17004: Cannot use JSX unless the '--jsx' flag is provided.
src/views/admin/meters/MeterList.tsx(242,27): error TS17004: Cannot use JSX unless the '--jsx' flag is provided.
src/views/admin/meters/MeterList.tsx(245,27): error TS17004: Cannot use JSX unless the '--jsx' flag is provided.
src/views/admin/meters/MeterList.tsx(246,30): error TS17004: Cannot use JSX unless the '--jsx' flag is provided.
src/views/admin/meters/MeterList.tsx(248,27): error TS17004: Cannot use JSX unless the '--jsx' flag is provided.
src/views/admin/meters/MeterList.tsx(249,30): error TS17004: Cannot use JSX unless the '--jsx' flag is provided.
src/views/admin/meters/MeterList.tsx(250,33): error TS17004: Cannot use JSX unless the '--jsx' flag is provided.
src/views/admin/meters/MeterList.tsx(255,36): error TS17004: Cannot use JSX unless the '--jsx' flag is provided.
src/views/admin/meters/MeterList.tsx(257,33): error TS17004: Cannot use JSX unless the '--jsx' flag is provided.
src/views/admin/meters/MeterList.tsx(262,36): error TS17004: Cannot use JSX unless the '--jsx' flag is provided.
src/views/admin/meters/MeterList.tsx(274,9): error TS17004: Cannot use JSX unless the '--jsx' flag is provided.
src/views/admin/meters/MeterList.tsx(275,12): error TS17004: Cannot use JSX unless the '--jsx' flag is provided.
src/views/admin/meters/MeterList.tsx(278,12): error TS17004: Cannot use JSX unless the '--jsx' flag is provided.
src/views/admin/meters/MeterList.tsx(279,15): error TS17004: Cannot use JSX unless the '--jsx' flag is provided.
src/views/admin/meters/MeterList.tsx(280,15): error TS17004: Cannot use JSX unless the '--jsx' flag is provided.
src/views/admin/meters/MeterList.tsx(281,15): error TS17004: Cannot use JSX unless the '--jsx' flag is provided.
src/views/admin/meters/MeterList.tsx(287,7): error TS17004: Cannot use JSX unless the '--jsx' flag is provided.
src/views/admin/meters/MeterReadingConfirm.tsx(1,8): error TS1259: Module '"C:/code_visual_xanh/lab60622/lab60622/node_modules/@types/react/index"' can only be default-imported using the 'esModuleInterop' flag
src/views/admin/meters/MeterReadingConfirm.tsx(3,3): error TS6133: 'Building' is declared but its value is never read.
src/views/admin/meters/MeterReadingConfirm.tsx(20,23): error TS2585: 'Promise' only refers to a type, but is being used as a value here. Do you need to change your target library? Try changing the 'lib' compiler option to es2015 or later.
src/views/admin/meters/MeterReadingConfirm.tsx(20,31): error TS7006: Parameter 'res' implicitly has an 'any' type.
src/views/admin/meters/MeterReadingConfirm.tsx(29,5): error TS17004: Cannot use JSX unless the '--jsx' flag is provided.
src/views/admin/meters/MeterReadingConfirm.tsx(31,7): error TS17004: Cannot use JSX unless the '--jsx' flag is provided.
src/views/admin/meters/MeterReadingConfirm.tsx(32,9): error TS17004: Cannot use JSX unless the '--jsx' flag is provided.
src/views/admin/meters/MeterReadingConfirm.tsx(36,11): error TS17004: Cannot use JSX unless the '--jsx' flag is provided.
src/views/admin/meters/MeterReadingConfirm.tsx(38,9): error TS17004: Cannot use JSX unless the '--jsx' flag is provided.
src/views/admin/meters/MeterReadingConfirm.tsx(39,11): error TS17004: Cannot use JSX unless the '--jsx' flag is provided.
src/views/admin/meters/MeterReadingConfirm.tsx(40,11): error TS17004: Cannot use JSX unless the '--jsx' flag is provided.
src/views/admin/meters/MeterReadingConfirm.tsx(45,7): error TS17004: Cannot use JSX unless the '--jsx' flag is provided.
src/views/admin/meters/MeterReadingConfirm.tsx(46,9): error TS17004: Cannot use JSX unless the '--jsx' flag is provided.
src/views/admin/meters/MeterReadingConfirm.tsx(47,11): error TS17004: Cannot use JSX unless the '--jsx' flag is provided.
src/views/admin/meters/MeterReadingConfirm.tsx(48,13): error TS17004: Cannot use JSX unless the '--jsx' flag is provided.
src/views/admin/meters/MeterReadingConfirm.tsx(49,15): error TS17004: Cannot use JSX unless the '--jsx' flag is provided.
src/views/admin/meters/MeterReadingConfirm.tsx(51,13): error TS17004: Cannot use JSX unless the '--jsx' flag is provided.
src/views/admin/meters/MeterReadingConfirm.tsx(52,15): error TS17004: Cannot use JSX unless the '--jsx' flag is provided.
src/views/admin/meters/MeterReadingConfirm.tsx(53,15): error TS17004: Cannot use JSX unless the '--jsx' flag is provided.
src/views/admin/meters/MeterReadingConfirm.tsx(53,64): error TS17004: Cannot use JSX unless the '--jsx' flag is provided.
src/views/admin/meters/MeterReadingConfirm.tsx(57,11): error TS17004: Cannot use JSX unless the '--jsx' flag is provided.
src/views/admin/meters/MeterReadingConfirm.tsx(58,13): error TS17004: Cannot use JSX unless the '--jsx' flag is provided.
src/views/admin/meters/MeterReadingConfirm.tsx(59,15): error TS17004: Cannot use JSX unless the '--jsx' flag is provided.
src/views/admin/meters/MeterReadingConfirm.tsx(60,15): error TS17004: Cannot use JSX unless the '--jsx' flag is provided.
src/views/admin/meters/MeterReadingConfirm.tsx(62,13): error TS17004: Cannot use JSX unless the '--jsx' flag is provided.
src/views/admin/meters/MeterReadingConfirm.tsx(63,13): error TS17004: Cannot use JSX unless the '--jsx' flag is provided.
src/views/admin/meters/MeterReadingConfirm.tsx(64,15): error TS17004: Cannot use JSX unless the '--jsx' flag is provided.
src/views/admin/meters/MeterReadingConfirm.tsx(65,15): error TS17004: Cannot use JSX unless the '--jsx' flag is provided.
src/views/admin/meters/MeterReadingConfirm.tsx(70,9): error TS17004: Cannot use JSX unless the '--jsx' flag is provided.
src/views/admin/meters/MeterReadingConfirm.tsx(74,7): error TS17004: Cannot use JSX unless the '--jsx' flag is provided.
src/views/admin/meters/MeterReadingConfirm.tsx(75,9): error TS17004: Cannot use JSX unless the '--jsx' flag is provided.
src/views/admin/meters/MeterReadingConfirm.tsx(76,11): error TS17004: Cannot use JSX unless the '--jsx' flag is provided.
src/views/admin/meters/MeterReadingConfirm.tsx(78,9): error TS17004: Cannot use JSX unless the '--jsx' flag is provided.
src/views/admin/meters/MeterReadingConfirm.tsx(79,11): error TS17004: Cannot use JSX unless the '--jsx' flag is provided.
src/views/admin/meters/MeterReadingConfirm.tsx(80,11): error TS17004: Cannot use JSX unless the '--jsx' flag is provided.
src/views/admin/meters/MeterReadingConfirm.tsx(87,7): error TS17004: Cannot use JSX unless the '--jsx' flag is provided.
src/views/admin/meters/MeterReadingConfirm.tsx(88,9): error TS17004: Cannot use JSX unless the '--jsx' flag is provided.
src/views/admin/meters/MeterReadingConfirm.tsx(93,11): error TS17004: Cannot use JSX unless the '--jsx' flag is provided.
src/views/admin/meters/MeterReadingConfirm.tsx(95,9): error TS17004: Cannot use JSX unless the '--jsx' flag is provided.
src/views/admin/meters/MeterReadingConfirm.tsx(100,11): error TS17004: Cannot use JSX unless the '--jsx' flag is provided.
src/views/admin/meters/MeterReadingConfirm.tsx(105,7): error TS17004: Cannot use JSX unless the '--jsx' flag is provided.
src/views/admin/meters/MeterReadingConfirm.tsx(106,40): error TS17004: Cannot use JSX unless the '--jsx' flag is provided.
src/views/admin/meters/MeterReadingConfirm.tsx(106,61): error TS17004: Cannot use JSX unless the '--jsx' flag is provided.
src/views/admin/meters/MeterReadingHistory.tsx(1,8): error TS1259: Module '"C:/code_visual_xanh/lab60622/lab60622/node_modules/@types/react/index"' can only be default-imported using the 'esModuleInterop' flag
src/views/admin/meters/MeterReadingHistory.tsx(1,17): error TS6133: 'useState' is declared but its value is never read.
src/views/admin/meters/MeterReadingHistory.tsx(5,15): error TS6133: 'Calendar' is declared but its value is never read.
src/views/admin/meters/MeterReadingHistory.tsx(5,25): error TS6133: 'User' is declared but its value is never read.
src/views/admin/meters/MeterReadingHistory.tsx(6,17): error TS6133: 'Trash2' is declared but its value is never read.
src/views/admin/meters/MeterReadingHistory.tsx(7,17): error TS6133: 'MoreVertical' is declared but its value is never read.
src/views/admin/meters/MeterReadingHistory.tsx(16,30): error TS2307: Cannot find module '@/services/meterService' or its corresponding type declarations.
src/views/admin/meters/MeterReadingHistory.tsx(17,37): error TS2307: Cannot find module '@/models/Meter' or its corresponding type declarations.
src/views/admin/meters/MeterReadingHistory.tsx(18,1): error TS6133: 'cn' is declared but its value is never read.
src/views/admin/meters/MeterReadingHistory.tsx(18,20): error TS2307: Cannot find module '@/utils' or its corresponding type declarations.
src/views/admin/meters/MeterReadingHistory.tsx(19,29): error TS2307: Cannot find module '@/components/ui/StatusBadge' or its corresponding type declarations.
src/views/admin/meters/MeterReadingHistory.tsx(20,35): error TS2307: Cannot find module '@/components/ui/Feedback' or its corresponding type declarations.
src/views/admin/meters/MeterReadingHistory.tsx(22,31): error TS2307: Cannot find module '@/hooks/usePermission' or its corresponding type declarations.
src/views/admin/meters/MeterReadingHistory.tsx(48,70): error TS7006: Parameter 'res' implicitly has an 'any' type.
src/views/admin/meters/MeterReadingHistory.tsx(61,30): error TS17004: Cannot use JSX unless the '--jsx' flag is provided.
src/views/admin/meters/MeterReadingHistory.tsx(61,89): error TS17004: Cannot use JSX unless the '--jsx' flag is provided.
src/views/admin/meters/MeterReadingHistory.tsx(62,22): error TS17004: Cannot use JSX unless the '--jsx' flag is provided.
src/views/admin/meters/MeterReadingHistory.tsx(65,5): error TS17004: Cannot use JSX unless the '--jsx' flag is provided.
src/views/admin/meters/MeterReadingHistory.tsx(67,7): error TS17004: Cannot use JSX unless the '--jsx' flag is provided.
src/views/admin/meters/MeterReadingHistory.tsx(68,10): error TS17004: Cannot use JSX unless the '--jsx' flag is provided.
src/views/admin/meters/MeterReadingHistory.tsx(69,13): error TS17004: Cannot use JSX unless the '--jsx' flag is provided.
src/views/admin/meters/MeterReadingHistory.tsx(70,16): error TS17004: Cannot use JSX unless the '--jsx' flag is provided.
src/views/admin/meters/MeterReadingHistory.tsx(72,13): error TS17004: Cannot use JSX unless the '--jsx' flag is provided.
src/views/admin/meters/MeterReadingHistory.tsx(73,16): error TS17004: Cannot use JSX unless the '--jsx' flag is provided.
src/views/admin/meters/MeterReadingHistory.tsx(74,19): error TS17004: Cannot use JSX unless the '--jsx' flag is provided.
src/views/admin/meters/MeterReadingHistory.tsx(75,19): error TS17004: Cannot use JSX unless the '--jsx' flag is provided.
src/views/admin/meters/MeterReadingHistory.tsx(77,16): error TS17004: Cannot use JSX unless the '--jsx' flag is provided.
src/views/admin/meters/MeterReadingHistory.tsx(78,19): error TS17004: Cannot use JSX unless the '--jsx' flag is provided.
src/views/admin/meters/MeterReadingHistory.tsx(79,59): error TS17004: Cannot use JSX unless the '--jsx' flag is provided.
src/views/admin/meters/MeterReadingHistory.tsx(79,126): error TS17004: Cannot use JSX unless the '--jsx' flag is provided.
src/views/admin/meters/MeterReadingHistory.tsx(82,19): error TS17004: Cannot use JSX unless the '--jsx' flag is provided.
src/views/admin/meters/MeterReadingHistory.tsx(83,19): error TS17004: Cannot use JSX unless the '--jsx' flag is provided.
src/views/admin/meters/MeterReadingHistory.tsx(88,10): error TS17004: Cannot use JSX unless the '--jsx' flag is provided.
src/views/admin/meters/MeterReadingHistory.tsx(89,13): error TS17004: Cannot use JSX unless the '--jsx' flag is provided.
src/views/admin/meters/MeterReadingHistory.tsx(90,16): error TS17004: Cannot use JSX unless the '--jsx' flag is provided.
src/views/admin/meters/MeterReadingHistory.tsx(91,16): error TS17004: Cannot use JSX unless the '--jsx' flag is provided.
src/views/admin/meters/MeterReadingHistory.tsx(92,38): error TS17004: Cannot use JSX unless the '--jsx' flag is provided.
src/views/admin/meters/MeterReadingHistory.tsx(94,16): error TS17004: Cannot use JSX unless the '--jsx' flag is provided.
src/views/admin/meters/MeterReadingHistory.tsx(95,19): error TS17004: Cannot use JSX unless the '--jsx' flag is provided.
src/views/admin/meters/MeterReadingHistory.tsx(98,13): error TS17004: Cannot use JSX unless the '--jsx' flag is provided.
src/views/admin/meters/MeterReadingHistory.tsx(99,16): error TS17004: Cannot use JSX unless the '--jsx' flag is provided.
src/views/admin/meters/MeterReadingHistory.tsx(100,19): error TS17004: Cannot use JSX unless the '--jsx' flag is provided.
src/views/admin/meters/MeterReadingHistory.tsx(101,22): error TS17004: Cannot use JSX unless the '--jsx' flag is provided.
src/views/admin/meters/MeterReadingHistory.tsx(105,13): error TS17004: Cannot use JSX unless the '--jsx' flag is provided.
src/views/admin/meters/MeterReadingHistory.tsx(110,7): error TS17004: Cannot use JSX unless the '--jsx' flag is provided.
src/views/admin/meters/MeterReadingHistory.tsx(111,10): error TS17004: Cannot use JSX unless the '--jsx' flag is provided.
src/views/admin/meters/MeterReadingHistory.tsx(112,13): error TS17004: Cannot use JSX unless the '--jsx' flag is provided.
src/views/admin/meters/MeterReadingHistory.tsx(113,16): error TS17004: Cannot use JSX unless the '--jsx' flag is provided.
src/views/admin/meters/MeterReadingHistory.tsx(114,19): error TS17004: Cannot use JSX unless the '--jsx' flag is provided.
src/views/admin/meters/MeterReadingHistory.tsx(115,22): error TS17004: Cannot use JSX unless the '--jsx' flag is provided.
src/views/admin/meters/MeterReadingHistory.tsx(117,19): error TS17004: Cannot use JSX unless the '--jsx' flag is provided.
src/views/admin/meters/MeterReadingHistory.tsx(118,22): error TS17004: Cannot use JSX unless the '--jsx' flag is provided.
src/views/admin/meters/MeterReadingHistory.tsx(119,22): error TS17004: Cannot use JSX unless the '--jsx' flag is provided.
src/views/admin/meters/MeterReadingHistory.tsx(122,16): error TS17004: Cannot use JSX unless the '--jsx' flag is provided.
src/views/admin/meters/MeterReadingHistory.tsx(123,19): error TS17004: Cannot use JSX unless the '--jsx' flag is provided.
src/views/admin/meters/MeterReadingHistory.tsx(127,13): error TS17004: Cannot use JSX unless the '--jsx' flag is provided.
src/views/admin/meters/MeterReadingHistory.tsx(128,16): error TS17004: Cannot use JSX unless the '--jsx' flag is provided.
src/views/admin/meters/MeterReadingHistory.tsx(129,19): error TS17004: Cannot use JSX unless the '--jsx' flag is provided.
src/views/admin/meters/MeterReadingHistory.tsx(130,22): error TS17004: Cannot use JSX unless the '--jsx' flag is provided.
src/views/admin/meters/MeterReadingHistory.tsx(131,22): error TS17004: Cannot use JSX unless the '--jsx' flag is provided.
src/views/admin/meters/MeterReadingHistory.tsx(137,22): error TS17004: Cannot use JSX unless the '--jsx' flag is provided.
src/views/admin/meters/MeterReadingHistory.tsx(142,22): error TS17004: Cannot use JSX unless the '--jsx' flag is provided.
src/views/admin/meters/MeterReadingHistory.tsx(146,22): error TS17004: Cannot use JSX unless the '--jsx' flag is provided.
src/views/admin/meters/MeterReadingHistory.tsx(152,41): error TS6133: 'entry' is declared but its value is never read.
src/views/admin/meters/MeterReadingHistory.tsx(153,27): error TS17004: Cannot use JSX unless the '--jsx' flag is provided.
src/views/admin/meters/MeterReadingHistory.tsx(164,10): error TS17004: Cannot use JSX unless the '--jsx' flag is provided.
src/views/admin/meters/MeterReadingHistory.tsx(165,13): error TS17004: Cannot use JSX unless the '--jsx' flag is provided.
src/views/admin/meters/MeterReadingHistory.tsx(166,16): error TS17004: Cannot use JSX unless the '--jsx' flag is provided.
src/views/admin/meters/MeterReadingHistory.tsx(167,16): error TS17004: Cannot use JSX unless the '--jsx' flag is provided.
src/views/admin/meters/MeterReadingHistory.tsx(168,19): error TS17004: Cannot use JSX unless the '--jsx' flag is provided.
src/views/admin/meters/MeterReadingHistory.tsx(169,22): error TS17004: Cannot use JSX unless the '--jsx' flag is provided.
src/views/admin/meters/MeterReadingHistory.tsx(170,25): error TS17004: Cannot use JSX unless the '--jsx' flag is provided.
src/views/admin/meters/MeterReadingHistory.tsx(171,25): error TS17004: Cannot use JSX unless the '--jsx' flag is provided.
src/views/admin/meters/MeterReadingHistory.tsx(171,79): error TS17004: Cannot use JSX unless the '--jsx' flag is provided.
src/views/admin/meters/MeterReadingHistory.tsx(173,22): error TS17004: Cannot use JSX unless the '--jsx' flag is provided.
src/views/admin/meters/MeterReadingHistory.tsx(175,19): error TS17004: Cannot use JSX unless the '--jsx' flag is provided.
src/views/admin/meters/MeterReadingHistory.tsx(176,19): error TS17004: Cannot use JSX unless the '--jsx' flag is provided.
src/views/admin/meters/MeterReadingHistory.tsx(177,22): error TS17004: Cannot use JSX unless the '--jsx' flag is provided.
src/views/admin/meters/MeterReadingHistory.tsx(178,22): error TS17004: Cannot use JSX unless the '--jsx' flag is provided.
src/views/admin/meters/MeterReadingHistory.tsx(178,100): error TS17004: Cannot use JSX unless the '--jsx' flag is provided.
src/views/admin/meters/MeterReadingHistory.tsx(183,13): error TS17004: Cannot use JSX unless the '--jsx' flag is provided.
src/views/admin/meters/MeterReadingHistory.tsx(185,16): error TS17004: Cannot use JSX unless the '--jsx' flag is provided.
src/views/admin/meters/MeterReadingHistory.tsx(187,13): error TS17004: Cannot use JSX unless the '--jsx' flag is provided.
src/views/admin/meters/MeterReadingHistory.tsx(192,7): error TS17004: Cannot use JSX unless the '--jsx' flag is provided.
src/views/admin/meters/MeterReadingHistory.tsx(193,10): error TS17004: Cannot use JSX unless the '--jsx' flag is provided.
src/views/admin/meters/MeterReadingHistory.tsx(194,13): error TS17004: Cannot use JSX unless the '--jsx' flag is provided.
src/views/admin/meters/MeterReadingHistory.tsx(195,16): error TS17004: Cannot use JSX unless the '--jsx' flag is provided.
src/views/admin/meters/MeterReadingHistory.tsx(196,19): error TS17004: Cannot use JSX unless the '--jsx' flag is provided.
src/views/admin/meters/MeterReadingHistory.tsx(198,16): error TS17004: Cannot use JSX unless the '--jsx' flag is provided.
src/views/admin/meters/MeterReadingHistory.tsx(200,13): error TS17004: Cannot use JSX unless the '--jsx' flag is provided.
src/views/admin/meters/MeterReadingHistory.tsx(201,16): error TS17004: Cannot use JSX unless the '--jsx' flag is provided.
src/views/admin/meters/MeterReadingHistory.tsx(204,10): error TS17004: Cannot use JSX unless the '--jsx' flag is provided.
src/views/admin/meters/MeterReadingHistory.tsx(205,13): error TS17004: Cannot use JSX unless the '--jsx' flag is provided.
src/views/admin/meters/MeterReadingHistory.tsx(206,16): error TS17004: Cannot use JSX unless the '--jsx' flag is provided.
src/views/admin/meters/MeterReadingHistory.tsx(207,19): error TS17004: Cannot use JSX unless the '--jsx' flag is provided.
src/views/admin/meters/MeterReadingHistory.tsx(208,22): error TS17004: Cannot use JSX unless the '--jsx' flag is provided.
src/views/admin/meters/MeterReadingHistory.tsx(209,22): error TS17004: Cannot use JSX unless the '--jsx' flag is provided.
src/views/admin/meters/MeterReadingHistory.tsx(210,22): error TS17004: Cannot use JSX unless the '--jsx' flag is provided.
src/views/admin/meters/MeterReadingHistory.tsx(211,22): error TS17004: Cannot use JSX unless the '--jsx' flag is provided.
src/views/admin/meters/MeterReadingHistory.tsx(212,22): error TS17004: Cannot use JSX unless the '--jsx' flag is provided.
src/views/admin/meters/MeterReadingHistory.tsx(213,22): error TS17004: Cannot use JSX unless the '--jsx' flag is provided.
src/views/admin/meters/MeterReadingHistory.tsx(214,22): error TS17004: Cannot use JSX unless the '--jsx' flag is provided.
src/views/admin/meters/MeterReadingHistory.tsx(215,22): error TS17004: Cannot use JSX unless the '--jsx' flag is provided.
src/views/admin/meters/MeterReadingHistory.tsx(218,16): error TS17004: Cannot use JSX unless the '--jsx' flag is provided.
src/views/admin/meters/MeterReadingHistory.tsx(220,28): error TS2550: Property 'from' does not exist on type 'ArrayConstructor'. Do you need to change your target library? Try changing the 'lib' compiler option to 'es2015' or later.
src/views/admin/meters/MeterReadingHistory.tsx(220,53): error TS7006: Parameter '_' implicitly has an 'any' type.
src/views/admin/meters/MeterReadingHistory.tsx(220,56): error TS7006: Parameter 'i' implicitly has an 'any' type.
src/views/admin/meters/MeterReadingHistory.tsx(221,25): error TS17004: Cannot use JSX unless the '--jsx' flag is provided.
src/views/admin/meters/MeterReadingHistory.tsx(222,28): error TS17004: Cannot use JSX unless the '--jsx' flag is provided.
src/views/admin/meters/MeterReadingHistory.tsx(222,66): error TS17004: Cannot use JSX unless the '--jsx' flag is provided.
src/views/admin/meters/MeterReadingHistory.tsx(226,22): error TS17004: Cannot use JSX unless the '--jsx' flag is provided.
src/views/admin/meters/MeterReadingHistory.tsx(226,26): error TS17004: Cannot use JSX unless the '--jsx' flag is provided.
src/views/admin/meters/MeterReadingHistory.tsx(231,25): error TS17004: Cannot use JSX unless the '--jsx' flag is provided.
src/views/admin/meters/MeterReadingHistory.tsx(232,28): error TS17004: Cannot use JSX unless the '--jsx' flag is provided.
src/views/admin/meters/MeterReadingHistory.tsx(233,31): error TS17004: Cannot use JSX unless the '--jsx' flag is provided.
src/views/admin/meters/MeterReadingHistory.tsx(234,45): error TS17004: Cannot use JSX unless the '--jsx' flag is provided.
src/views/admin/meters/MeterReadingHistory.tsx(236,28): error TS17004: Cannot use JSX unless the '--jsx' flag is provided.
src/views/admin/meters/MeterReadingHistory.tsx(237,28): error TS17004: Cannot use JSX unless the '--jsx' flag is provided.
src/views/admin/meters/MeterReadingHistory.tsx(238,28): error TS17004: Cannot use JSX unless the '--jsx' flag is provided.
src/views/admin/meters/MeterReadingHistory.tsx(239,28): error TS17004: Cannot use JSX unless the '--jsx' flag is provided.
src/views/admin/meters/MeterReadingHistory.tsx(240,31): error TS17004: Cannot use JSX unless the '--jsx' flag is provided.
src/views/admin/meters/MeterReadingHistory.tsx(241,34): error TS17004: Cannot use JSX unless the '--jsx' flag is provided.
src/views/admin/meters/MeterReadingHistory.tsx(242,34): error TS17004: Cannot use JSX unless the '--jsx' flag is provided.
src/views/admin/meters/MeterReadingHistory.tsx(245,28): error TS17004: Cannot use JSX unless the '--jsx' flag is provided.
src/views/admin/meters/MeterReadingHistory.tsx(246,31): error TS17004: Cannot use JSX unless the '--jsx' flag is provided.
src/views/admin/meters/MeterReadingHistory.tsx(247,34): error TS17004: Cannot use JSX unless the '--jsx' flag is provided.
src/views/admin/meters/MeterReadingHistory.tsx(248,34): error TS17004: Cannot use JSX unless the '--jsx' flag is provided.
src/views/admin/meters/MeterReadingHistory.tsx(251,28): error TS17004: Cannot use JSX unless the '--jsx' flag is provided.
src/views/admin/meters/MeterReadingHistory.tsx(252,31): error TS17004: Cannot use JSX unless the '--jsx' flag is provided.
src/views/admin/meters/MeterReadingHistory.tsx(253,34): error TS17004: Cannot use JSX unless the '--jsx' flag is provided.
src/views/admin/meters/MeterReadingHistory.tsx(254,34): error TS17004: Cannot use JSX unless the '--jsx' flag is provided.
src/views/admin/meters/MeterReadingHistory.tsx(257,28): error TS17004: Cannot use JSX unless the '--jsx' flag is provided.
src/views/admin/meters/MeterReadingHistory.tsx(259,34): error TS17004: Cannot use JSX unless the '--jsx' flag is provided.
src/views/admin/meters/MeterReadingHistory.tsx(260,37): error TS17004: Cannot use JSX unless the '--jsx' flag is provided.
src/views/admin/meters/MeterReadingHistory.tsx(263,34): error TS17004: Cannot use JSX unless the '--jsx' flag is provided.
src/views/admin/meters/MeterReadingHistory.tsx(272,10): error TS17004: Cannot use JSX unless the '--jsx' flag is provided.
src/views/admin/meters/MeterReadingHistory.tsx(273,13): error TS17004: Cannot use JSX unless the '--jsx' flag is provided.
src/views/admin/meters/MeterReadingHistory.tsx(274,36): error TS17004: Cannot use JSX unless the '--jsx' flag is provided.
src/views/admin/owners/OwnerDetail.tsx(1,8): error TS1259: Module '"C:/code_visual_xanh/lab60622/lab60622/node_modules/@types/react/index"' can only be default-imported using the 'esModuleInterop' flag
src/views/admin/owners/OwnerDetail.tsx(6,9): error TS6133: 'CreditCard' is declared but its value is never read.
src/views/admin/owners/OwnerDetail.tsx(7,12): error TS6133: 'Eye' is declared but its value is never read.
src/views/admin/owners/OwnerDetail.tsx(8,9): error TS6133: 'ExternalLink' is declared but its value is never read.
src/views/admin/owners/OwnerDetail.tsx(9,3): error TS6133: 'Trash2' is declared but its value is never read.
src/views/admin/owners/OwnerDetail.tsx(10,21): error TS6133: 'Users' is declared but its value is never read.
src/views/admin/owners/OwnerDetail.tsx(10,28): error TS6133: 'Search' is declared but its value is never read.
src/views/admin/owners/OwnerDetail.tsx(11,3): error TS6133: 'Filter' is declared but its value is never read.
src/views/admin/owners/OwnerDetail.tsx(13,33): error TS2307: Cannot find module '@/services/buildingService' or its corresponding type declarations.
src/views/admin/owners/OwnerDetail.tsx(14,30): error TS2307: Cannot find module '@/models/Owner' or its corresponding type declarations.
src/views/admin/owners/OwnerDetail.tsx(15,10): error TS6133: 'cn' is declared but its value is never read.
src/views/admin/owners/OwnerDetail.tsx(15,14): error TS6133: 'formatVND' is declared but its value is never read.
src/views/admin/owners/OwnerDetail.tsx(15,43): error TS2307: Cannot find module '@/utils' or its corresponding type declarations.
src/views/admin/owners/OwnerDetail.tsx(16,25): error TS2307: Cannot find module '@/components/ui/Feedback' or its corresponding type declarations.
src/views/admin/owners/OwnerDetail.tsx(31,33): error TS7006: Parameter 'o' implicitly has an 'any' type.
src/views/admin/owners/OwnerDetail.tsx(37,25): error TS17004: Cannot use JSX unless the '--jsx' flag is provided.
src/views/admin/owners/OwnerDetail.tsx(37,84): error TS17004: Cannot use JSX unless the '--jsx' flag is provided.
src/views/admin/owners/OwnerDetail.tsx(38,22): error TS17004: Cannot use JSX unless the '--jsx' flag is provided.
src/views/admin/owners/OwnerDetail.tsx(41,5): error TS17004: Cannot use JSX unless the '--jsx' flag is provided.
src/views/admin/owners/OwnerDetail.tsx(43,7): error TS17004: Cannot use JSX unless the '--jsx' flag is provided.
src/views/admin/owners/OwnerDetail.tsx(44,9): error TS17004: Cannot use JSX unless the '--jsx' flag is provided.
src/views/admin/owners/OwnerDetail.tsx(45,11): error TS17004: Cannot use JSX unless the '--jsx' flag is provided.
src/views/admin/owners/OwnerDetail.tsx(46,13): error TS17004: Cannot use JSX unless the '--jsx' flag is provided.
src/views/admin/owners/OwnerDetail.tsx(49,11): error TS17004: Cannot use JSX unless the '--jsx' flag is provided.
src/views/admin/owners/OwnerDetail.tsx(50,14): error TS17004: Cannot use JSX unless the '--jsx' flag is provided.
src/views/admin/owners/OwnerDetail.tsx(52,19): error TS17004: Cannot use JSX unless the '--jsx' flag is provided.
src/views/admin/owners/OwnerDetail.tsx(54,19): error TS17004: Cannot use JSX unless the '--jsx' flag is provided.
src/views/admin/owners/OwnerDetail.tsx(57,14): error TS17004: Cannot use JSX unless the '--jsx' flag is provided.
src/views/admin/owners/OwnerDetail.tsx(58,17): error TS17004: Cannot use JSX unless the '--jsx' flag is provided.
src/views/admin/owners/OwnerDetail.tsx(59,20): error TS17004: Cannot use JSX unless the '--jsx' flag is provided.
src/views/admin/owners/OwnerDetail.tsx(60,20): error TS17004: Cannot use JSX unless the '--jsx' flag is provided.
src/views/admin/owners/OwnerDetail.tsx(64,17): error TS17004: Cannot use JSX unless the '--jsx' flag is provided.
src/views/admin/owners/OwnerDetail.tsx(65,20): error TS17004: Cannot use JSX unless the '--jsx' flag is provided.
src/views/admin/owners/OwnerDetail.tsx(65,64): error TS17004: Cannot use JSX unless the '--jsx' flag is provided.
src/views/admin/owners/OwnerDetail.tsx(66,20): error TS17004: Cannot use JSX unless the '--jsx' flag is provided.
src/views/admin/owners/OwnerDetail.tsx(66,64): error TS17004: Cannot use JSX unless the '--jsx' flag is provided.
src/views/admin/owners/OwnerDetail.tsx(67,20): error TS17004: Cannot use JSX unless the '--jsx' flag is provided.
src/views/admin/owners/OwnerDetail.tsx(67,64): error TS17004: Cannot use JSX unless the '--jsx' flag is provided.
src/views/admin/owners/OwnerDetail.tsx(73,9): error TS17004: Cannot use JSX unless the '--jsx' flag is provided.
src/views/admin/owners/OwnerDetail.tsx(74,11): error TS17004: Cannot use JSX unless the '--jsx' flag is provided.
src/views/admin/owners/OwnerDetail.tsx(75,13): error TS17004: Cannot use JSX unless the '--jsx' flag is provided.
src/views/admin/owners/OwnerDetail.tsx(77,11): error TS17004: Cannot use JSX unless the '--jsx' flag is provided.
src/views/admin/owners/OwnerDetail.tsx(78,13): error TS17004: Cannot use JSX unless the '--jsx' flag is provided.
src/views/admin/owners/OwnerDetail.tsx(83,7): error TS17004: Cannot use JSX unless the '--jsx' flag is provided.
src/views/admin/owners/OwnerDetail.tsx(85,9): error TS17004: Cannot use JSX unless the '--jsx' flag is provided.
src/views/admin/owners/OwnerDetail.tsx(86,11): error TS17004: Cannot use JSX unless the '--jsx' flag is provided.
src/views/admin/owners/OwnerDetail.tsx(87,14): error TS17004: Cannot use JSX unless the '--jsx' flag is provided.
src/views/admin/owners/OwnerDetail.tsx(89,14): error TS17004: Cannot use JSX unless the '--jsx' flag is provided.
src/views/admin/owners/OwnerDetail.tsx(90,17): error TS17004: Cannot use JSX unless the '--jsx' flag is provided.
src/views/admin/owners/OwnerDetail.tsx(91,20): error TS17004: Cannot use JSX unless the '--jsx' flag is provided.
src/views/admin/owners/OwnerDetail.tsx(92,20): error TS17004: Cannot use JSX unless the '--jsx' flag is provided.
src/views/admin/owners/OwnerDetail.tsx(94,17): error TS17004: Cannot use JSX unless the '--jsx' flag is provided.
src/views/admin/owners/OwnerDetail.tsx(95,20): error TS17004: Cannot use JSX unless the '--jsx' flag is provided.
src/views/admin/owners/OwnerDetail.tsx(96,20): error TS17004: Cannot use JSX unless the '--jsx' flag is provided.
src/views/admin/owners/OwnerDetail.tsx(98,17): error TS17004: Cannot use JSX unless the '--jsx' flag is provided.
src/views/admin/owners/OwnerDetail.tsx(99,20): error TS17004: Cannot use JSX unless the '--jsx' flag is provided.
src/views/admin/owners/OwnerDetail.tsx(100,20): error TS17004: Cannot use JSX unless the '--jsx' flag is provided.
src/views/admin/owners/OwnerDetail.tsx(104,14): error TS17004: Cannot use JSX unless the '--jsx' flag is provided.
src/views/admin/owners/OwnerDetail.tsx(105,17): error TS17004: Cannot use JSX unless the '--jsx' flag is provided.
src/views/admin/owners/OwnerDetail.tsx(109,11): error TS17004: Cannot use JSX unless the '--jsx' flag is provided.
src/views/admin/owners/OwnerDetail.tsx(110,14): error TS17004: Cannot use JSX unless the '--jsx' flag is provided.
src/views/admin/owners/OwnerDetail.tsx(111,17): error TS17004: Cannot use JSX unless the '--jsx' flag is provided.
src/views/admin/owners/OwnerDetail.tsx(114,14): error TS17004: Cannot use JSX unless the '--jsx' flag is provided.
src/views/admin/owners/OwnerDetail.tsx(115,17): error TS17004: Cannot use JSX unless the '--jsx' flag is provided.
src/views/admin/owners/OwnerDetail.tsx(116,17): error TS17004: Cannot use JSX unless the '--jsx' flag is provided.
src/views/admin/owners/OwnerDetail.tsx(117,20): error TS17004: Cannot use JSX unless the '--jsx' flag is provided.
src/views/admin/owners/OwnerDetail.tsx(118,23): error TS17004: Cannot use JSX unless the '--jsx' flag is provided.
src/views/admin/owners/OwnerDetail.tsx(119,23): error TS17004: Cannot use JSX unless the '--jsx' flag is provided.
src/views/admin/owners/OwnerDetail.tsx(121,20): error TS17004: Cannot use JSX unless the '--jsx' flag is provided.
src/views/admin/owners/OwnerDetail.tsx(122,23): error TS17004: Cannot use JSX unless the '--jsx' flag is provided.
src/views/admin/owners/OwnerDetail.tsx(123,23): error TS17004: Cannot use JSX unless the '--jsx' flag is provided.
src/views/admin/owners/OwnerDetail.tsx(127,17): error TS17004: Cannot use JSX unless the '--jsx' flag is provided.
src/views/admin/owners/OwnerDetail.tsx(128,20): error TS17004: Cannot use JSX unless the '--jsx' flag is provided.
src/views/admin/owners/OwnerDetail.tsx(129,20): error TS17004: Cannot use JSX unless the '--jsx' flag is provided.
src/views/admin/owners/OwnerDetail.tsx(136,9): error TS17004: Cannot use JSX unless the '--jsx' flag is provided.
src/views/admin/owners/OwnerDetail.tsx(137,11): error TS17004: Cannot use JSX unless the '--jsx' flag is provided.
src/views/admin/owners/OwnerDetail.tsx(138,14): error TS17004: Cannot use JSX unless the '--jsx' flag is provided.
src/views/admin/owners/OwnerDetail.tsx(139,17): error TS17004: Cannot use JSX unless the '--jsx' flag is provided.
src/views/admin/owners/OwnerDetail.tsx(141,14): error TS17004: Cannot use JSX unless the '--jsx' flag is provided.
src/views/admin/owners/OwnerDetail.tsx(142,28): error TS17004: Cannot use JSX unless the '--jsx' flag is provided.
src/views/admin/owners/OwnerDetail.tsx(146,11): error TS17004: Cannot use JSX unless the '--jsx' flag is provided.
src/views/admin/owners/OwnerDetail.tsx(147,41): error TS7006: Parameter 'b' implicitly has an 'any' type.
src/views/admin/owners/OwnerDetail.tsx(148,17): error TS17004: Cannot use JSX unless the '--jsx' flag is provided.
src/views/admin/owners/OwnerDetail.tsx(153,20): error TS17004: Cannot use JSX unless the '--jsx' flag is provided.
src/views/admin/owners/OwnerDetail.tsx(154,23): error TS17004: Cannot use JSX unless the '--jsx' flag is provided.
src/views/admin/owners/OwnerDetail.tsx(155,26): error TS17004: Cannot use JSX unless the '--jsx' flag is provided.
src/views/admin/owners/OwnerDetail.tsx(156,29): error TS17004: Cannot use JSX unless the '--jsx' flag is provided.
src/views/admin/owners/OwnerDetail.tsx(158,26): error TS17004: Cannot use JSX unless the '--jsx' flag is provided.
src/views/admin/owners/OwnerDetail.tsx(159,26): error TS17004: Cannot use JSX unless the '--jsx' flag is provided.
src/views/admin/owners/OwnerDetail.tsx(161,23): error TS17004: Cannot use JSX unless the '--jsx' flag is provided.
src/views/admin/owners/OwnerDetail.tsx(164,20): error TS17004: Cannot use JSX unless the '--jsx' flag is provided.
src/views/admin/owners/OwnerDetail.tsx(165,23): error TS17004: Cannot use JSX unless the '--jsx' flag is provided.
src/views/admin/owners/OwnerDetail.tsx(166,26): error TS17004: Cannot use JSX unless the '--jsx' flag is provided.
src/views/admin/owners/OwnerDetail.tsx(167,29): error TS17004: Cannot use JSX unless the '--jsx' flag is provided.
src/views/admin/owners/OwnerDetail.tsx(168,29): error TS17004: Cannot use JSX unless the '--jsx' flag is provided.
src/views/admin/owners/OwnerDetail.tsx(170,26): error TS17004: Cannot use JSX unless the '--jsx' flag is provided.
src/views/admin/owners/OwnerDetail.tsx(171,26): error TS17004: Cannot use JSX unless the '--jsx' flag is provided.
src/views/admin/owners/OwnerDetail.tsx(172,29): error TS17004: Cannot use JSX unless the '--jsx' flag is provided.
src/views/admin/owners/OwnerDetail.tsx(173,29): error TS17004: Cannot use JSX unless the '--jsx' flag is provided.
src/views/admin/owners/OwnerDetail.tsx(176,23): error TS17004: Cannot use JSX unless the '--jsx' flag is provided.
src/views/admin/owners/OwnerDetail.tsx(177,26): error TS17004: Cannot use JSX unless the '--jsx' flag is provided.
src/views/admin/owners/OwnerDetail.tsx(185,11): error TS17004: Cannot use JSX unless the '--jsx' flag is provided.
src/views/admin/owners/OwnerDetail.tsx(186,15): error TS17004: Cannot use JSX unless the '--jsx' flag is provided.
src/views/admin/owners/OwnerDetail.tsx(187,18): error TS17004: Cannot use JSX unless the '--jsx' flag is provided.
src/views/admin/owners/OwnerDetail.tsx(189,15): error TS17004: Cannot use JSX unless the '--jsx' flag is provided.
src/views/admin/owners/OwnerDetail.tsx(195,20): error TS17004: Cannot use JSX unless the '--jsx' flag is provided.
src/views/admin/owners/OwnerDetail.tsx(196,23): error TS17004: Cannot use JSX unless the '--jsx' flag is provided.
src/views/admin/owners/OwnerDetail.tsx(197,26): error TS17004: Cannot use JSX unless the '--jsx' flag is provided.
src/views/admin/owners/OwnerDetail.tsx(199,23): error TS17004: Cannot use JSX unless the '--jsx' flag is provided.
src/views/admin/owners/OwnerDetail.tsx(200,26): error TS17004: Cannot use JSX unless the '--jsx' flag is provided.
src/views/admin/owners/OwnerDetail.tsx(201,26): error TS17004: Cannot use JSX unless the '--jsx' flag is provided.
src/views/admin/owners/OwnerDetail.tsx(202,54): error TS17004: Cannot use JSX unless the '--jsx' flag is provided.
src/views/admin/owners/OwnerList.tsx(1,8): error TS1259: Module '"C:/code_visual_xanh/lab60622/lab60622/node_modules/@types/react/index"' can only be default-imported using the 'esModuleInterop' flag
src/views/admin/owners/OwnerList.tsx(5,3): error TS6133: 'Users' is declared but its value is never read.
src/views/admin/owners/OwnerList.tsx(11,33): error TS2307: Cannot find module '@/services/buildingService' or its corresponding type declarations.
src/views/admin/owners/OwnerList.tsx(12,30): error TS2307: Cannot find module '@/models/Owner' or its corresponding type declarations.
src/views/admin/owners/OwnerList.tsx(13,20): error TS2307: Cannot find module '@/utils' or its corresponding type declarations.
src/views/admin/owners/OwnerList.tsx(14,25): error TS2307: Cannot find module '@/components/ui/Feedback' or its corresponding type declarations.
src/views/admin/owners/OwnerList.tsx(15,31): error TS2307: Cannot find module '@/hooks/usePermission' or its corresponding type declarations.
src/views/admin/owners/OwnerList.tsx(33,12): error TS2550: Property 'includes' does not exist on type 'string[]'. Do you need to change your target library? Try changing the 'lib' compiler option to 'es2016' or later.
src/views/admin/owners/OwnerList.tsx(43,5): error TS17004: Cannot use JSX unless the '--jsx' flag is provided.
src/views/admin/owners/OwnerList.tsx(45,7): error TS17004: Cannot use JSX unless the '--jsx' flag is provided.
src/views/admin/owners/OwnerList.tsx(46,9): error TS17004: Cannot use JSX unless the '--jsx' flag is provided.
src/views/admin/owners/OwnerList.tsx(47,11): error TS17004: Cannot use JSX unless the '--jsx' flag is provided.
src/views/admin/owners/OwnerList.tsx(48,11): error TS17004: Cannot use JSX unless the '--jsx' flag is provided.
src/views/admin/owners/OwnerList.tsx(50,9): error TS17004: Cannot use JSX unless the '--jsx' flag is provided.
src/views/admin/owners/OwnerList.tsx(51,11): error TS17004: Cannot use JSX unless the '--jsx' flag is provided.
src/views/admin/owners/OwnerList.tsx(51,72): error TS17004: Cannot use JSX unless the '--jsx' flag is provided.
src/views/admin/owners/OwnerList.tsx(52,11): error TS17004: Cannot use JSX unless the '--jsx' flag is provided.
src/views/admin/owners/OwnerList.tsx(52,105): error TS17004: Cannot use JSX unless the '--jsx' flag is provided.
src/views/admin/owners/OwnerList.tsx(57,7): error TS17004: Cannot use JSX unless the '--jsx' flag is provided.
src/views/admin/owners/OwnerList.tsx(58,10): error TS17004: Cannot use JSX unless the '--jsx' flag is provided.
src/views/admin/owners/OwnerList.tsx(59,13): error TS17004: Cannot use JSX unless the '--jsx' flag is provided.
src/views/admin/owners/OwnerList.tsx(60,13): error TS17004: Cannot use JSX unless the '--jsx' flag is provided.
src/views/admin/owners/OwnerList.tsx(68,10): error TS17004: Cannot use JSX unless the '--jsx' flag is provided.
src/views/admin/owners/OwnerList.tsx(69,13): error TS17004: Cannot use JSX unless the '--jsx' flag is provided.
src/views/admin/owners/OwnerList.tsx(74,9): error TS17004: Cannot use JSX unless the '--jsx' flag is provided.
src/views/admin/owners/OwnerList.tsx(74,52): error TS17004: Cannot use JSX unless the '--jsx' flag is provided.
src/views/admin/owners/OwnerList.tsx(76,9): error TS17004: Cannot use JSX unless the '--jsx' flag is provided.
src/views/admin/owners/OwnerList.tsx(77,12): error TS17004: Cannot use JSX unless the '--jsx' flag is provided.
src/views/admin/owners/OwnerList.tsx(78,15): error TS17004: Cannot use JSX unless the '--jsx' flag is provided.
src/views/admin/owners/OwnerList.tsx(79,18): error TS17004: Cannot use JSX unless the '--jsx' flag is provided.
src/views/admin/owners/OwnerList.tsx(80,21): error TS17004: Cannot use JSX unless the '--jsx' flag is provided.
src/views/admin/owners/OwnerList.tsx(81,21): error TS17004: Cannot use JSX unless the '--jsx' flag is provided.
src/views/admin/owners/OwnerList.tsx(82,21): error TS17004: Cannot use JSX unless the '--jsx' flag is provided.
src/views/admin/owners/OwnerList.tsx(83,21): error TS17004: Cannot use JSX unless the '--jsx' flag is provided.
src/views/admin/owners/OwnerList.tsx(84,21): error TS17004: Cannot use JSX unless the '--jsx' flag is provided.
src/views/admin/owners/OwnerList.tsx(87,15): error TS17004: Cannot use JSX unless the '--jsx' flag is provided.
src/views/admin/owners/OwnerList.tsx(89,20): error TS17004: Cannot use JSX unless the '--jsx' flag is provided.
src/views/admin/owners/OwnerList.tsx(90,23): error TS17004: Cannot use JSX unless the '--jsx' flag is provided.
src/views/admin/owners/OwnerList.tsx(91,26): error TS17004: Cannot use JSX unless the '--jsx' flag is provided.
src/views/admin/owners/OwnerList.tsx(92,29): error TS17004: Cannot use JSX unless the '--jsx' flag is provided.
src/views/admin/owners/OwnerList.tsx(93,29): error TS17004: Cannot use JSX unless the '--jsx' flag is provided.
src/views/admin/owners/OwnerList.tsx(94,32): error TS17004: Cannot use JSX unless the '--jsx' flag is provided.
src/views/admin/owners/OwnerList.tsx(100,32): error TS17004: Cannot use JSX unless the '--jsx' flag is provided.
src/views/admin/owners/OwnerList.tsx(101,35): error TS17004: Cannot use JSX unless the '--jsx' flag is provided.
src/views/admin/owners/OwnerList.tsx(102,38): error TS17004: Cannot use JSX unless the '--jsx' flag is provided.
src/views/admin/owners/OwnerList.tsx(104,35): error TS17004: Cannot use JSX unless the '--jsx' flag is provided.
src/views/admin/owners/OwnerList.tsx(105,38): error TS17004: Cannot use JSX unless the '--jsx' flag is provided.
src/views/admin/owners/OwnerList.tsx(111,23): error TS17004: Cannot use JSX unless the '--jsx' flag is provided.
src/views/admin/owners/OwnerList.tsx(112,26): error TS17004: Cannot use JSX unless the '--jsx' flag is provided.
src/views/admin/owners/OwnerList.tsx(113,29): error TS17004: Cannot use JSX unless the '--jsx' flag is provided.
src/views/admin/owners/OwnerList.tsx(114,32): error TS17004: Cannot use JSX unless the '--jsx' flag is provided.
src/views/admin/owners/OwnerList.tsx(118,29): error TS17004: Cannot use JSX unless the '--jsx' flag is provided.
src/views/admin/owners/OwnerList.tsx(119,32): error TS17004: Cannot use JSX unless the '--jsx' flag is provided.
src/views/admin/owners/OwnerList.tsx(120,53): error TS17004: Cannot use JSX unless the '--jsx' flag is provided.
src/views/admin/owners/OwnerList.tsx(122,32): error TS17004: Cannot use JSX unless the '--jsx' flag is provided.
src/views/admin/owners/OwnerList.tsx(123,62): error TS7006: Parameter 'b' implicitly has an 'any' type.
src/views/admin/owners/OwnerList.tsx(123,65): error TS7006: Parameter 'idx' implicitly has an 'any' type.
src/views/admin/owners/OwnerList.tsx(124,37): error TS17004: Cannot use JSX unless the '--jsx' flag is provided.
src/views/admin/owners/OwnerList.tsx(125,40): error TS17004: Cannot use JSX unless the '--jsx' flag is provided.
src/views/admin/owners/OwnerList.tsx(129,32): error TS17004: Cannot use JSX unless the '--jsx' flag is provided.
src/views/admin/owners/OwnerList.tsx(133,23): error TS17004: Cannot use JSX unless the '--jsx' flag is provided.
src/views/admin/owners/OwnerList.tsx(134,26): error TS17004: Cannot use JSX unless the '--jsx' flag is provided.
src/views/admin/owners/OwnerList.tsx(136,23): error TS17004: Cannot use JSX unless the '--jsx' flag is provided.
src/views/admin/owners/OwnerList.tsx(137,26): error TS17004: Cannot use JSX unless the '--jsx' flag is provided.
src/views/admin/owners/OwnerList.tsx(138,29): error TS17004: Cannot use JSX unless the '--jsx' flag is provided.
src/views/admin/owners/OwnerList.tsx(139,66): error TS2550: Property 'includes' does not exist on type 'string[]'. Do you need to change your target library? Try changing the 'lib' compiler option to 'es2016' or later.
src/views/admin/owners/OwnerList.tsx(141,31): error TS17004: Cannot use JSX unless the '--jsx' flag is provided.
src/views/admin/owners/OwnerList.tsx(142,49): error TS2550: Property 'includes' does not exist on type 'string[]'. Do you need to change your target library? Try changing the 'lib' compiler option to 'es2016' or later.
src/views/admin/owners/OwnerList.tsx(142,70): error TS17004: Cannot use JSX unless the '--jsx' flag is provided.
src/views/admin/owners/OwnerList.tsx(142,93): error TS17004: Cannot use JSX unless the '--jsx' flag is provided.
src/views/admin/owners/OwnerList.tsx(147,23): error TS17004: Cannot use JSX unless the '--jsx' flag is provided.
src/views/admin/owners/OwnerList.tsx(148,26): error TS17004: Cannot use JSX unless the '--jsx' flag is provided.
src/views/admin/owners/OwnerList.tsx(149,29): error TS17004: Cannot use JSX unless the '--jsx' flag is provided.
src/views/admin/owners/OwnerList.tsx(150,32): error TS17004: Cannot use JSX unless the '--jsx' flag is provided.
src/views/admin/owners/OwnerList.tsx(152,29): error TS17004: Cannot use JSX unless the '--jsx' flag is provided.
src/views/admin/owners/OwnerList.tsx(153,32): error TS17004: Cannot use JSX unless the '--jsx' flag is provided.
src/views/admin/owners/OwnerList.tsx(166,9): error TS17004: Cannot use JSX unless the '--jsx' flag is provided.
src/views/admin/owners/OwnerList.tsx(167,12): error TS17004: Cannot use JSX unless the '--jsx' flag is provided.
src/views/admin/owners/OwnerList.tsx(168,12): error TS17004: Cannot use JSX unless the '--jsx' flag is provided.
src/views/admin/reports/AlertsReport.tsx(1,8): error TS1259: Module '"C:/code_visual_xanh/lab60622/lab60622/node_modules/@types/react/index"' can only be default-imported using the 'esModuleInterop' flag
src/views/admin/reports/AlertsReport.tsx(6,3): error TS6133: 'TrendingUp' is declared but its value is never read.
src/views/admin/reports/AlertsReport.tsx(7,3): error TS6133: 'TrendingDown' is declared but its value is never read.
src/views/admin/reports/AlertsReport.tsx(9,3): error TS6133: 'Info' is declared but its value is never read.
src/views/admin/reports/AlertsReport.tsx(14,3): error TS6133: 'LineChart' is declared but its value is never read.
src/views/admin/reports/AlertsReport.tsx(15,3): error TS6133: 'Line' is declared but its value is never read.
src/views/admin/reports/AlertsReport.tsx(26,27): error TS2307: Cannot find module '@/services/reportService' or its corresponding type declarations.
src/views/admin/reports/AlertsReport.tsx(27,33): error TS2307: Cannot find module '@/services/buildingService' or its corresponding type declarations.
src/views/admin/reports/AlertsReport.tsx(28,25): error TS2307: Cannot find module '@/components/data/KPICard' or its corresponding type declarations.
src/views/admin/reports/AlertsReport.tsx(29,43): error TS2307: Cannot find module '@/components/shared/FilterPanel' or its corresponding type declarations.
src/views/admin/reports/AlertsReport.tsx(30,23): error TS6133: 'EmptyState' is declared but its value is never read.
src/views/admin/reports/AlertsReport.tsx(30,41): error TS2307: Cannot find module '@/components/ui/StatusStates' or its corresponding type declarations.
src/views/admin/reports/AlertsReport.tsx(31,30): error TS2307: Cannot find module '@/types/reports' or its corresponding type declarations.
src/views/admin/reports/AlertsReport.tsx(51,12): error TS2550: Property 'entries' does not exist on type 'ObjectConstructor'. Do you need to change your target library? Try changing the 'lib' compiler option to 'es2017' or later.
src/views/admin/reports/AlertsReport.tsx(51,41): error TS7031: Binding element 'key' implicitly has an 'any' type.
src/views/admin/reports/AlertsReport.tsx(51,46): error TS7031: Binding element 'value' implicitly has an 'any' type.
src/views/admin/reports/AlertsReport.tsx(73,24): error TS7006: Parameter 'q' implicitly has an 'any' type.
src/views/admin/reports/AlertsReport.tsx(75,24): error TS7006: Parameter 'b' implicitly has an 'any' type.
src/views/admin/reports/AlertsReport.tsx(92,23): error TS17004: Cannot use JSX unless the '--jsx' flag is provided.
src/views/admin/reports/AlertsReport.tsx(92,44): error TS17004: Cannot use JSX unless the '--jsx' flag is provided.
src/views/admin/reports/AlertsReport.tsx(95,5): error TS17004: Cannot use JSX unless the '--jsx' flag is provided.
src/views/admin/reports/AlertsReport.tsx(96,7): error TS17004: Cannot use JSX unless the '--jsx' flag is provided.
src/views/admin/reports/AlertsReport.tsx(97,9): error TS17004: Cannot use JSX unless the '--jsx' flag is provided.
src/views/admin/reports/AlertsReport.tsx(98,11): error TS17004: Cannot use JSX unless the '--jsx' flag is provided.
src/views/admin/reports/AlertsReport.tsx(99,11): error TS17004: Cannot use JSX unless the '--jsx' flag is provided.
src/views/admin/reports/AlertsReport.tsx(103,7): error TS17004: Cannot use JSX unless the '--jsx' flag is provided.
src/views/admin/reports/AlertsReport.tsx(107,29): error TS2550: Property 'values' does not exist on type 'ObjectConstructor'. Do you need to change your target library? Try changing the 'lib' compiler option to 'es2017' or later.
src/views/admin/reports/AlertsReport.tsx(110,7): error TS17004: Cannot use JSX unless the '--jsx' flag is provided.
src/views/admin/reports/AlertsReport.tsx(111,9): error TS17004: Cannot use JSX unless the '--jsx' flag is provided.
src/views/admin/reports/AlertsReport.tsx(119,9): error TS17004: Cannot use JSX unless the '--jsx' flag is provided.
src/views/admin/reports/AlertsReport.tsx(127,9): error TS17004: Cannot use JSX unless the '--jsx' flag is provided.
src/views/admin/reports/AlertsReport.tsx(137,7): error TS17004: Cannot use JSX unless the '--jsx' flag is provided.
src/views/admin/reports/AlertsReport.tsx(138,9): error TS17004: Cannot use JSX unless the '--jsx' flag is provided.
src/views/admin/reports/AlertsReport.tsx(139,9): error TS17004: Cannot use JSX unless the '--jsx' flag is provided.
src/views/admin/reports/AlertsReport.tsx(141,14): error TS17004: Cannot use JSX unless the '--jsx' flag is provided.
src/views/admin/reports/AlertsReport.tsx(143,14): error TS17004: Cannot use JSX unless the '--jsx' flag is provided.
src/views/admin/reports/AlertsReport.tsx(144,17): error TS17004: Cannot use JSX unless the '--jsx' flag is provided.
src/views/admin/reports/AlertsReport.tsx(145,20): error TS17004: Cannot use JSX unless the '--jsx' flag is provided.
src/views/admin/reports/AlertsReport.tsx(146,22): error TS17004: Cannot use JSX unless the '--jsx' flag is provided.
src/views/admin/reports/AlertsReport.tsx(147,24): error TS17004: Cannot use JSX unless the '--jsx' flag is provided.
src/views/admin/reports/AlertsReport.tsx(148,24): error TS17004: Cannot use JSX unless the '--jsx' flag is provided.
src/views/admin/reports/AlertsReport.tsx(151,20): error TS17004: Cannot use JSX unless the '--jsx' flag is provided.
src/views/admin/reports/AlertsReport.tsx(152,20): error TS17004: Cannot use JSX unless the '--jsx' flag is provided.
src/views/admin/reports/AlertsReport.tsx(153,20): error TS17004: Cannot use JSX unless the '--jsx' flag is provided.
src/views/admin/reports/AlertsReport.tsx(154,20): error TS17004: Cannot use JSX unless the '--jsx' flag is provided.
src/views/admin/reports/AlertsReport.tsx(157,20): error TS17004: Cannot use JSX unless the '--jsx' flag is provided.
src/views/admin/reports/AlertsReport.tsx(164,7): error TS17004: Cannot use JSX unless the '--jsx' flag is provided.
src/views/admin/reports/AlertsReport.tsx(165,10): error TS17004: Cannot use JSX unless the '--jsx' flag is provided.
src/views/admin/reports/AlertsReport.tsx(166,13): error TS17004: Cannot use JSX unless the '--jsx' flag is provided.
src/views/admin/reports/AlertsReport.tsx(167,16): error TS17004: Cannot use JSX unless the '--jsx' flag is provided.
src/views/admin/reports/AlertsReport.tsx(168,16): error TS17004: Cannot use JSX unless the '--jsx' flag is provided.
src/views/admin/reports/AlertsReport.tsx(170,13): error TS17004: Cannot use JSX unless the '--jsx' flag is provided.
src/views/admin/reports/AlertsReport.tsx(172,18): error TS17004: Cannot use JSX unless the '--jsx' flag is provided.
src/views/admin/reports/AlertsReport.tsx(173,21): error TS17004: Cannot use JSX unless the '--jsx' flag is provided.
src/views/admin/reports/AlertsReport.tsx(174,24): error TS17004: Cannot use JSX unless the '--jsx' flag is provided.
src/views/admin/reports/AlertsReport.tsx(176,21): error TS17004: Cannot use JSX unless the '--jsx' flag is provided.
src/views/admin/reports/AlertsReport.tsx(177,24): error TS17004: Cannot use JSX unless the '--jsx' flag is provided.
src/views/admin/reports/AlertsReport.tsx(178,27): error TS17004: Cannot use JSX unless the '--jsx' flag is provided.
src/views/admin/reports/AlertsReport.tsx(179,27): error TS17004: Cannot use JSX unless the '--jsx' flag is provided.
src/views/admin/reports/AlertsReport.tsx(181,24): error TS17004: Cannot use JSX unless the '--jsx' flag is provided.
src/views/admin/reports/AlertsReport.tsx(186,13): error TS17004: Cannot use JSX unless the '--jsx' flag is provided.
src/views/admin/reports/AlertsReport.tsx(187,16): error TS17004: Cannot use JSX unless the '--jsx' flag is provided.
src/views/admin/reports/AlertsReport.tsx(188,39): error TS17004: Cannot use JSX unless the '--jsx' flag is provided.
src/views/admin/reports/AlertsReport.tsx(193,10): error TS17004: Cannot use JSX unless the '--jsx' flag is provided.
src/views/admin/reports/AlertsReport.tsx(194,13): error TS17004: Cannot use JSX unless the '--jsx' flag is provided.
src/views/admin/reports/AlertsReport.tsx(195,16): error TS17004: Cannot use JSX unless the '--jsx' flag is provided.
src/views/admin/reports/AlertsReport.tsx(197,13): error TS17004: Cannot use JSX unless the '--jsx' flag is provided.
src/views/admin/reports/AlertsReport.tsx(198,16): error TS17004: Cannot use JSX unless the '--jsx' flag is provided.
src/views/admin/reports/AlertsReport.tsx(199,19): error TS17004: Cannot use JSX unless the '--jsx' flag is provided.
src/views/admin/reports/AlertsReport.tsx(200,22): error TS17004: Cannot use JSX unless the '--jsx' flag is provided.
src/views/admin/reports/AlertsReport.tsx(201,22): error TS17004: Cannot use JSX unless the '--jsx' flag is provided.
src/views/admin/reports/AlertsReport.tsx(203,19): error TS17004: Cannot use JSX unless the '--jsx' flag is provided.
src/views/admin/reports/AlertsReport.tsx(204,22): error TS17004: Cannot use JSX unless the '--jsx' flag is provided.
src/views/admin/reports/AlertsReport.tsx(207,16): error TS17004: Cannot use JSX unless the '--jsx' flag is provided.
src/views/admin/reports/AlertsReport.tsx(208,19): error TS17004: Cannot use JSX unless the '--jsx' flag is provided.
src/views/admin/reports/AlertsReport.tsx(209,22): error TS17004: Cannot use JSX unless the '--jsx' flag is provided.
src/views/admin/reports/AlertsReport.tsx(210,22): error TS17004: Cannot use JSX unless the '--jsx' flag is provided.
src/views/admin/reports/AlertsReport.tsx(212,19): error TS17004: Cannot use JSX unless the '--jsx' flag is provided.
src/views/admin/reports/AlertsReport.tsx(213,22): error TS17004: Cannot use JSX unless the '--jsx' flag is provided.
src/views/admin/reports/AlertsReport.tsx(216,16): error TS17004: Cannot use JSX unless the '--jsx' flag is provided.
src/views/admin/reports/AlertsReport.tsx(217,19): error TS17004: Cannot use JSX unless the '--jsx' flag is provided.
src/views/admin/reports/AlertsReport.tsx(218,22): error TS17004: Cannot use JSX unless the '--jsx' flag is provided.
src/views/admin/reports/AlertsReport.tsx(219,22): error TS17004: Cannot use JSX unless the '--jsx' flag is provided.
src/views/admin/reports/AlertsReport.tsx(221,19): error TS17004: Cannot use JSX unless the '--jsx' flag is provided.
src/views/admin/reports/AlertsReport.tsx(222,22): error TS17004: Cannot use JSX unless the '--jsx' flag is provided.
src/views/admin/reports/ConsumptionReport.tsx(1,8): error TS1259: Module '"C:/code_visual_xanh/lab60622/lab60622/node_modules/@types/react/index"' can only be default-imported using the 'esModuleInterop' flag
src/views/admin/reports/ConsumptionReport.tsx(10,3): error TS6133: 'Home' is declared but its value is never read.
src/views/admin/reports/ConsumptionReport.tsx(26,27): error TS2307: Cannot find module '@/services/reportService' or its corresponding type declarations.
src/views/admin/reports/ConsumptionReport.tsx(27,33): error TS2307: Cannot find module '@/services/buildingService' or its corresponding type declarations.
src/views/admin/reports/ConsumptionReport.tsx(28,25): error TS2307: Cannot find module '@/components/data/KPICard' or its corresponding type declarations.
src/views/admin/reports/ConsumptionReport.tsx(29,43): error TS2307: Cannot find module '@/components/shared/FilterPanel' or its corresponding type declarations.
src/views/admin/reports/ConsumptionReport.tsx(30,30): error TS2307: Cannot find module '@/types/reports' or its corresponding type declarations.
src/views/admin/reports/ConsumptionReport.tsx(31,31): error TS2307: Cannot find module '@/utils' or its corresponding type declarations.
src/views/admin/reports/ConsumptionReport.tsx(32,41): error TS2307: Cannot find module '@/components/ui/StatusStates' or its corresponding type declarations.
src/views/admin/reports/ConsumptionReport.tsx(69,12): error TS2550: Property 'entries' does not exist on type 'ObjectConstructor'. Do you need to change your target library? Try changing the 'lib' compiler option to 'es2017' or later.
src/views/admin/reports/ConsumptionReport.tsx(69,41): error TS7031: Binding element 'key' implicitly has an 'any' type.
src/views/admin/reports/ConsumptionReport.tsx(69,46): error TS7031: Binding element 'value' implicitly has an 'any' type.
src/views/admin/reports/ConsumptionReport.tsx(97,24): error TS7006: Parameter 'q' implicitly has an 'any' type.
src/views/admin/reports/ConsumptionReport.tsx(99,24): error TS7006: Parameter 'b' implicitly has an 'any' type.
src/views/admin/reports/ConsumptionReport.tsx(119,26): error TS2550: Property 'from' does not exist on type 'ArrayConstructor'. Do you need to change your target library? Try changing the 'lib' compiler option to 'es2015' or later.
src/views/admin/reports/ConsumptionReport.tsx(119,35): error TS2583: Cannot find name 'Set'. Do you need to change your target library? Try changing the 'lib' compiler option to 'es2015' or later.
src/views/admin/reports/ConsumptionReport.tsx(120,23): error TS7006: Parameter 'm' implicitly has an 'any' type.
src/views/admin/reports/ConsumptionReport.tsx(132,18): error TS2550: Property 'from' does not exist on type 'ArrayConstructor'. Do you need to change your target library? Try changing the 'lib' compiler option to 'es2015' or later.
src/views/admin/reports/ConsumptionReport.tsx(132,27): error TS2583: Cannot find name 'Set'. Do you need to change your target library? Try changing the 'lib' compiler option to 'es2015' or later.
src/views/admin/reports/ConsumptionReport.tsx(142,12): error TS17004: Cannot use JSX unless the '--jsx' flag is provided.
src/views/admin/reports/ConsumptionReport.tsx(142,33): error TS17004: Cannot use JSX unless the '--jsx' flag is provided.
src/views/admin/reports/ConsumptionReport.tsx(146,5): error TS17004: Cannot use JSX unless the '--jsx' flag is provided.
src/views/admin/reports/ConsumptionReport.tsx(147,7): error TS17004: Cannot use JSX unless the '--jsx' flag is provided.
src/views/admin/reports/ConsumptionReport.tsx(148,9): error TS17004: Cannot use JSX unless the '--jsx' flag is provided.
src/views/admin/reports/ConsumptionReport.tsx(149,11): error TS17004: Cannot use JSX unless the '--jsx' flag is provided.
src/views/admin/reports/ConsumptionReport.tsx(150,13): error TS17004: Cannot use JSX unless the '--jsx' flag is provided.
src/views/admin/reports/ConsumptionReport.tsx(152,11): error TS17004: Cannot use JSX unless the '--jsx' flag is provided.
src/views/admin/reports/ConsumptionReport.tsx(154,9): error TS17004: Cannot use JSX unless the '--jsx' flag is provided.
src/views/admin/reports/ConsumptionReport.tsx(158,11): error TS17004: Cannot use JSX unless the '--jsx' flag is provided.
src/views/admin/reports/ConsumptionReport.tsx(162,7): error TS17004: Cannot use JSX unless the '--jsx' flag is provided.
src/views/admin/reports/ConsumptionReport.tsx(163,9): error TS17004: Cannot use JSX unless the '--jsx' flag is provided.
src/views/admin/reports/ConsumptionReport.tsx(164,11): error TS17004: Cannot use JSX unless the '--jsx' flag is provided.
src/views/admin/reports/ConsumptionReport.tsx(168,33): error TS2550: Property 'values' does not exist on type 'ObjectConstructor'. Do you need to change your target library? Try changing the 'lib' compiler option to 'es2017' or later.
src/views/admin/reports/ConsumptionReport.tsx(171,9): error TS17004: Cannot use JSX unless the '--jsx' flag is provided.
src/views/admin/reports/ConsumptionReport.tsx(172,11): error TS17004: Cannot use JSX unless the '--jsx' flag is provided.
src/views/admin/reports/ConsumptionReport.tsx(178,13): error TS17004: Cannot use JSX unless the '--jsx' flag is provided.
src/views/admin/reports/ConsumptionReport.tsx(188,15): error TS17004: Cannot use JSX unless the '--jsx' flag is provided.
src/views/admin/reports/ConsumptionReport.tsx(195,7): error TS17004: Cannot use JSX unless the '--jsx' flag is provided.
src/views/admin/reports/ConsumptionReport.tsx(196,9): error TS17004: Cannot use JSX unless the '--jsx' flag is provided.
src/views/admin/reports/ConsumptionReport.tsx(205,9): error TS17004: Cannot use JSX unless the '--jsx' flag is provided.
src/views/admin/reports/ConsumptionReport.tsx(214,9): error TS17004: Cannot use JSX unless the '--jsx' flag is provided.
src/views/admin/reports/ConsumptionReport.tsx(223,9): error TS17004: Cannot use JSX unless the '--jsx' flag is provided.
src/views/admin/reports/ConsumptionReport.tsx(233,7): error TS17004: Cannot use JSX unless the '--jsx' flag is provided.
src/views/admin/reports/ConsumptionReport.tsx(234,9): error TS17004: Cannot use JSX unless the '--jsx' flag is provided.
src/views/admin/reports/ConsumptionReport.tsx(235,12): error TS17004: Cannot use JSX unless the '--jsx' flag is provided.
src/views/admin/reports/ConsumptionReport.tsx(238,9): error TS17004: Cannot use JSX unless the '--jsx' flag is provided.
src/views/admin/reports/ConsumptionReport.tsx(240,13): error TS17004: Cannot use JSX unless the '--jsx' flag is provided.
src/views/admin/reports/ConsumptionReport.tsx(242,13): error TS17004: Cannot use JSX unless the '--jsx' flag is provided.
src/views/admin/reports/ConsumptionReport.tsx(244,13): error TS17004: Cannot use JSX unless the '--jsx' flag is provided.
src/views/admin/reports/ConsumptionReport.tsx(245,15): error TS17004: Cannot use JSX unless the '--jsx' flag is provided.
src/views/admin/reports/ConsumptionReport.tsx(246,17): error TS17004: Cannot use JSX unless the '--jsx' flag is provided.
src/views/admin/reports/ConsumptionReport.tsx(247,17): error TS17004: Cannot use JSX unless the '--jsx' flag is provided.
src/views/admin/reports/ConsumptionReport.tsx(248,17): error TS17004: Cannot use JSX unless the '--jsx' flag is provided.
src/views/admin/reports/ConsumptionReport.tsx(249,17): error TS17004: Cannot use JSX unless the '--jsx' flag is provided.
src/views/admin/reports/ConsumptionReport.tsx(253,25): error TS17004: Cannot use JSX unless the '--jsx' flag is provided.
src/views/admin/reports/ConsumptionReport.tsx(254,27): error TS17004: Cannot use JSX unless the '--jsx' flag is provided.
src/views/admin/reports/ConsumptionReport.tsx(256,29): error TS17004: Cannot use JSX unless the '--jsx' flag is provided.
src/views/admin/reports/ConsumptionReport.tsx(257,31): error TS17004: Cannot use JSX unless the '--jsx' flag is provided.
src/views/admin/reports/ConsumptionReport.tsx(258,31): error TS17004: Cannot use JSX unless the '--jsx' flag is provided.
src/views/admin/reports/ConsumptionReport.tsx(259,33): error TS17004: Cannot use JSX unless the '--jsx' flag is provided.
src/views/admin/reports/ConsumptionReport.tsx(262,33): error TS17004: Cannot use JSX unless the '--jsx' flag is provided.
src/views/admin/reports/ConsumptionReport.tsx(274,17): error TS17004: Cannot use JSX unless the '--jsx' flag is provided.
src/views/admin/reports/ConsumptionReport.tsx(275,37): error TS7006: Parameter 'name' implicitly has an 'any' type.
src/views/admin/reports/ConsumptionReport.tsx(275,43): error TS7006: Parameter 'i' implicitly has an 'any' type.
src/views/admin/reports/ConsumptionReport.tsx(276,19): error TS17004: Cannot use JSX unless the '--jsx' flag is provided.
src/views/admin/reports/ConsumptionReport.tsx(290,7): error TS17004: Cannot use JSX unless the '--jsx' flag is provided.
src/views/admin/reports/ConsumptionReport.tsx(291,9): error TS17004: Cannot use JSX unless the '--jsx' flag is provided.
src/views/admin/reports/ConsumptionReport.tsx(292,9): error TS17004: Cannot use JSX unless the '--jsx' flag is provided.
src/views/admin/reports/ConsumptionReport.tsx(293,11): error TS17004: Cannot use JSX unless the '--jsx' flag is provided.
src/views/admin/reports/ConsumptionReport.tsx(294,13): error TS17004: Cannot use JSX unless the '--jsx' flag is provided.
src/views/admin/reports/ConsumptionReport.tsx(295,15): error TS17004: Cannot use JSX unless the '--jsx' flag is provided.
src/views/admin/reports/ConsumptionReport.tsx(296,17): error TS17004: Cannot use JSX unless the '--jsx' flag is provided.
src/views/admin/reports/ConsumptionReport.tsx(297,17): error TS17004: Cannot use JSX unless the '--jsx' flag is provided.
src/views/admin/reports/ConsumptionReport.tsx(298,17): error TS17004: Cannot use JSX unless the '--jsx' flag is provided.
src/views/admin/reports/ConsumptionReport.tsx(299,17): error TS17004: Cannot use JSX unless the '--jsx' flag is provided.
src/views/admin/reports/ConsumptionReport.tsx(300,17): error TS17004: Cannot use JSX unless the '--jsx' flag is provided.
src/views/admin/reports/ConsumptionReport.tsx(301,17): error TS17004: Cannot use JSX unless the '--jsx' flag is provided.
src/views/admin/reports/ConsumptionReport.tsx(302,17): error TS17004: Cannot use JSX unless the '--jsx' flag is provided.
src/views/admin/reports/ConsumptionReport.tsx(303,17): error TS17004: Cannot use JSX unless the '--jsx' flag is provided.
src/views/admin/reports/ConsumptionReport.tsx(306,13): error TS17004: Cannot use JSX unless the '--jsx' flag is provided.
src/views/admin/reports/ConsumptionReport.tsx(308,42): error TS17004: Cannot use JSX unless the '--jsx' flag is provided.
src/views/admin/reports/ConsumptionReport.tsx(310,17): error TS17004: Cannot use JSX unless the '--jsx' flag is provided.
src/views/admin/reports/ConsumptionReport.tsx(311,19): error TS17004: Cannot use JSX unless the '--jsx' flag is provided.
src/views/admin/reports/ConsumptionReport.tsx(312,21): error TS17004: Cannot use JSX unless the '--jsx' flag is provided.
src/views/admin/reports/ConsumptionReport.tsx(316,17): error TS17004: Cannot use JSX unless the '--jsx' flag is provided.
src/views/admin/reports/ConsumptionReport.tsx(317,19): error TS17004: Cannot use JSX unless the '--jsx' flag is provided.
src/views/admin/reports/ConsumptionReport.tsx(318,21): error TS17004: Cannot use JSX unless the '--jsx' flag is provided.
src/views/admin/reports/ConsumptionReport.tsx(319,38): error TS17004: Cannot use JSX unless the '--jsx' flag is provided.
src/views/admin/reports/ConsumptionReport.tsx(322,19): error TS17004: Cannot use JSX unless the '--jsx' flag is provided.
src/views/admin/reports/ConsumptionReport.tsx(323,19): error TS17004: Cannot use JSX unless the '--jsx' flag is provided.
src/views/admin/reports/ConsumptionReport.tsx(324,21): error TS17004: Cannot use JSX unless the '--jsx' flag is provided.
src/views/admin/reports/ConsumptionReport.tsx(331,19): error TS17004: Cannot use JSX unless the '--jsx' flag is provided.
src/views/admin/reports/ConsumptionReport.tsx(332,19): error TS17004: Cannot use JSX unless the '--jsx' flag is provided.
src/views/admin/reports/ConsumptionReport.tsx(333,19): error TS17004: Cannot use JSX unless the '--jsx' flag is provided.
src/views/admin/reports/ConsumptionReport.tsx(336,19): error TS17004: Cannot use JSX unless the '--jsx' flag is provided.
src/views/admin/reports/ConsumptionReport.tsx(337,19): error TS17004: Cannot use JSX unless the '--jsx' flag is provided.
src/views/admin/reports/DebtReport.tsx(1,8): error TS1259: Module '"C:/code_visual_xanh/lab60622/lab60622/node_modules/@types/react/index"' can only be default-imported using the 'esModuleInterop' flag
src/views/admin/reports/DebtReport.tsx(9,3): error TS6133: 'Filter' is declared but its value is never read.
src/views/admin/reports/DebtReport.tsx(10,3): error TS6133: 'Users' is declared but its value is never read.
src/views/admin/reports/DebtReport.tsx(11,3): error TS6133: 'Building2' is declared but its value is never read.
src/views/admin/reports/DebtReport.tsx(12,3): error TS6133: 'Calendar' is declared but its value is never read.
src/views/admin/reports/DebtReport.tsx(13,3): error TS6133: 'ChevronRight' is declared but its value is never read.
src/views/admin/reports/DebtReport.tsx(28,27): error TS2307: Cannot find module '@/services/reportService' or its corresponding type declarations.
src/views/admin/reports/DebtReport.tsx(29,33): error TS2307: Cannot find module '@/services/buildingService' or its corresponding type declarations.
src/views/admin/reports/DebtReport.tsx(30,43): error TS2307: Cannot find module '@/components/shared/FilterPanel' or its corresponding type declarations.
src/views/admin/reports/DebtReport.tsx(31,10): error TS6133: 'DebtAgingRow' is declared but its value is never read.
src/views/admin/reports/DebtReport.tsx(31,58): error TS2307: Cannot find module '@/types/reports' or its corresponding type declarations.
src/views/admin/reports/DebtReport.tsx(32,31): error TS2307: Cannot find module '@/utils' or its corresponding type declarations.
src/views/admin/reports/DebtReport.tsx(33,41): error TS2307: Cannot find module '@/components/ui/StatusStates' or its corresponding type declarations.
src/views/admin/reports/DebtReport.tsx(39,9): error TS6133: 'queryClient' is declared but its value is never read.
src/views/admin/reports/DebtReport.tsx(113,24): error TS7006: Parameter 'q' implicitly has an 'any' type.
src/views/admin/reports/DebtReport.tsx(115,24): error TS7006: Parameter 'b' implicitly has an 'any' type.
src/views/admin/reports/DebtReport.tsx(138,34): error TS2550: Property 'includes' does not exist on type 'number[]'. Do you need to change your target library? Try changing the 'lib' compiler option to 'es2016' or later.
src/views/admin/reports/DebtReport.tsx(149,45): error TS17004: Cannot use JSX unless the '--jsx' flag is provided.
src/views/admin/reports/DebtReport.tsx(149,66): error TS17004: Cannot use JSX unless the '--jsx' flag is provided.
src/views/admin/reports/DebtReport.tsx(152,5): error TS17004: Cannot use JSX unless the '--jsx' flag is provided.
src/views/admin/reports/DebtReport.tsx(153,7): error TS17004: Cannot use JSX unless the '--jsx' flag is provided.
src/views/admin/reports/DebtReport.tsx(154,9): error TS17004: Cannot use JSX unless the '--jsx' flag is provided.
src/views/admin/reports/DebtReport.tsx(155,11): error TS17004: Cannot use JSX unless the '--jsx' flag is provided.
src/views/admin/reports/DebtReport.tsx(156,13): error TS17004: Cannot use JSX unless the '--jsx' flag is provided.
src/views/admin/reports/DebtReport.tsx(158,11): error TS17004: Cannot use JSX unless the '--jsx' flag is provided.
src/views/admin/reports/DebtReport.tsx(160,9): error TS17004: Cannot use JSX unless the '--jsx' flag is provided.
src/views/admin/reports/DebtReport.tsx(164,11): error TS17004: Cannot use JSX unless the '--jsx' flag is provided.
src/views/admin/reports/DebtReport.tsx(168,7): error TS17004: Cannot use JSX unless the '--jsx' flag is provided.
src/views/admin/reports/DebtReport.tsx(175,7): error TS17004: Cannot use JSX unless the '--jsx' flag is provided.
src/views/admin/reports/DebtReport.tsx(177,9): error TS17004: Cannot use JSX unless the '--jsx' flag is provided.
src/views/admin/reports/DebtReport.tsx(178,11): error TS17004: Cannot use JSX unless the '--jsx' flag is provided.
src/views/admin/reports/DebtReport.tsx(179,13): error TS17004: Cannot use JSX unless the '--jsx' flag is provided.
src/views/admin/reports/DebtReport.tsx(180,15): error TS17004: Cannot use JSX unless the '--jsx' flag is provided.
src/views/admin/reports/DebtReport.tsx(181,17): error TS17004: Cannot use JSX unless the '--jsx' flag is provided.
src/views/admin/reports/DebtReport.tsx(182,17): error TS17004: Cannot use JSX unless the '--jsx' flag is provided.
src/views/admin/reports/DebtReport.tsx(183,17): error TS17004: Cannot use JSX unless the '--jsx' flag is provided.
src/views/admin/reports/DebtReport.tsx(184,17): error TS17004: Cannot use JSX unless the '--jsx' flag is provided.
src/views/admin/reports/DebtReport.tsx(185,17): error TS17004: Cannot use JSX unless the '--jsx' flag is provided.
src/views/admin/reports/DebtReport.tsx(188,13): error TS17004: Cannot use JSX unless the '--jsx' flag is provided.
src/views/admin/reports/DebtReport.tsx(190,42): error TS17004: Cannot use JSX unless the '--jsx' flag is provided.
src/views/admin/reports/DebtReport.tsx(192,17): error TS17004: Cannot use JSX unless the '--jsx' flag is provided.
src/views/admin/reports/DebtReport.tsx(201,19): error TS17004: Cannot use JSX unless the '--jsx' flag is provided.
src/views/admin/reports/DebtReport.tsx(202,21): error TS17004: Cannot use JSX unless the '--jsx' flag is provided.
src/views/admin/reports/DebtReport.tsx(203,23): error TS17004: Cannot use JSX unless the '--jsx' flag is provided.
src/views/admin/reports/DebtReport.tsx(204,23): error TS17004: Cannot use JSX unless the '--jsx' flag is provided.
src/views/admin/reports/DebtReport.tsx(207,19): error TS17004: Cannot use JSX unless the '--jsx' flag is provided.
src/views/admin/reports/DebtReport.tsx(208,19): error TS17004: Cannot use JSX unless the '--jsx' flag is provided.
src/views/admin/reports/DebtReport.tsx(209,19): error TS17004: Cannot use JSX unless the '--jsx' flag is provided.
src/views/admin/reports/DebtReport.tsx(210,19): error TS17004: Cannot use JSX unless the '--jsx' flag is provided.
src/views/admin/reports/DebtReport.tsx(211,21): error TS17004: Cannot use JSX unless the '--jsx' flag is provided.
src/views/admin/reports/DebtReport.tsx(212,23): error TS17004: Cannot use JSX unless the '--jsx' flag is provided.
src/views/admin/reports/DebtReport.tsx(213,23): error TS17004: Cannot use JSX unless the '--jsx' flag is provided.
src/views/admin/reports/DebtReport.tsx(214,25): error TS17004: Cannot use JSX unless the '--jsx' flag is provided.
src/views/admin/reports/DebtReport.tsx(225,9): error TS17004: Cannot use JSX unless the '--jsx' flag is provided.
src/views/admin/reports/DebtReport.tsx(226,11): error TS17004: Cannot use JSX unless the '--jsx' flag is provided.
src/views/admin/reports/DebtReport.tsx(227,11): error TS17004: Cannot use JSX unless the '--jsx' flag is provided.
src/views/admin/reports/DebtReport.tsx(228,13): error TS17004: Cannot use JSX unless the '--jsx' flag is provided.
src/views/admin/reports/DebtReport.tsx(229,15): error TS17004: Cannot use JSX unless the '--jsx' flag is provided.
src/views/admin/reports/DebtReport.tsx(230,17): error TS17004: Cannot use JSX unless the '--jsx' flag is provided.
src/views/admin/reports/DebtReport.tsx(231,17): error TS17004: Cannot use JSX unless the '--jsx' flag is provided.
src/views/admin/reports/DebtReport.tsx(232,17): error TS17004: Cannot use JSX unless the '--jsx' flag is provided.
src/views/admin/reports/DebtReport.tsx(233,17): error TS17004: Cannot use JSX unless the '--jsx' flag is provided.
src/views/admin/reports/DebtReport.tsx(237,17): error TS17004: Cannot use JSX unless the '--jsx' flag is provided.
src/views/admin/reports/DebtReport.tsx(239,21): error TS17004: Cannot use JSX unless the '--jsx' flag is provided.
src/views/admin/reports/DebtReport.tsx(245,11): error TS17004: Cannot use JSX unless the '--jsx' flag is provided.
src/views/admin/reports/DebtReport.tsx(247,16): error TS17004: Cannot use JSX unless the '--jsx' flag is provided.
src/views/admin/reports/DebtReport.tsx(248,19): error TS17004: Cannot use JSX unless the '--jsx' flag is provided.
src/views/admin/reports/DebtReport.tsx(257,7): error TS17004: Cannot use JSX unless the '--jsx' flag is provided.
src/views/admin/reports/DebtReport.tsx(258,9): error TS17004: Cannot use JSX unless the '--jsx' flag is provided.
src/views/admin/reports/DebtReport.tsx(259,11): error TS17004: Cannot use JSX unless the '--jsx' flag is provided.
src/views/admin/reports/DebtReport.tsx(260,13): error TS17004: Cannot use JSX unless the '--jsx' flag is provided.
src/views/admin/reports/DebtReport.tsx(264,15): error TS17004: Cannot use JSX unless the '--jsx' flag is provided.
src/views/admin/reports/DebtReport.tsx(269,17): error TS17004: Cannot use JSX unless the '--jsx' flag is provided.
src/views/admin/reports/DebtReport.tsx(273,11): error TS17004: Cannot use JSX unless the '--jsx' flag is provided.
src/views/admin/reports/DebtReport.tsx(278,9): error TS17004: Cannot use JSX unless the '--jsx' flag is provided.
src/views/admin/reports/DebtReport.tsx(279,11): error TS17004: Cannot use JSX unless the '--jsx' flag is provided.
src/views/admin/reports/DebtReport.tsx(280,13): error TS17004: Cannot use JSX unless the '--jsx' flag is provided.
src/views/admin/reports/DebtReport.tsx(281,15): error TS17004: Cannot use JSX unless the '--jsx' flag is provided.
src/views/admin/reports/DebtReport.tsx(282,17): error TS17004: Cannot use JSX unless the '--jsx' flag is provided.
src/views/admin/reports/DebtReport.tsx(283,19): error TS17004: Cannot use JSX unless the '--jsx' flag is provided.
src/views/admin/reports/DebtReport.tsx(284,21): error TS17004: Cannot use JSX unless the '--jsx' flag is provided.
src/views/admin/reports/DebtReport.tsx(286,19): error TS17004: Cannot use JSX unless the '--jsx' flag is provided.
src/views/admin/reports/DebtReport.tsx(287,19): error TS17004: Cannot use JSX unless the '--jsx' flag is provided.
src/views/admin/reports/DebtReport.tsx(288,19): error TS17004: Cannot use JSX unless the '--jsx' flag is provided.
src/views/admin/reports/DebtReport.tsx(289,19): error TS17004: Cannot use JSX unless the '--jsx' flag is provided.
src/views/admin/reports/DebtReport.tsx(290,19): error TS17004: Cannot use JSX unless the '--jsx' flag is provided.
src/views/admin/reports/DebtReport.tsx(291,19): error TS17004: Cannot use JSX unless the '--jsx' flag is provided.
src/views/admin/reports/DebtReport.tsx(292,19): error TS17004: Cannot use JSX unless the '--jsx' flag is provided.
src/views/admin/reports/DebtReport.tsx(295,15): error TS17004: Cannot use JSX unless the '--jsx' flag is provided.
src/views/admin/reports/DebtReport.tsx(297,44): error TS17004: Cannot use JSX unless the '--jsx' flag is provided.
src/views/admin/reports/DebtReport.tsx(299,19): error TS17004: Cannot use JSX unless the '--jsx' flag is provided.
src/views/admin/reports/DebtReport.tsx(300,21): error TS17004: Cannot use JSX unless the '--jsx' flag is provided.
src/views/admin/reports/DebtReport.tsx(301,23): error TS17004: Cannot use JSX unless the '--jsx' flag is provided.
src/views/admin/reports/DebtReport.tsx(305,19): error TS17004: Cannot use JSX unless the '--jsx' flag is provided.
src/views/admin/reports/DebtReport.tsx(310,36): error TS2550: Property 'includes' does not exist on type 'number[]'. Do you need to change your target library? Try changing the 'lib' compiler option to 'es2016' or later.
src/views/admin/reports/DebtReport.tsx(313,21): error TS17004: Cannot use JSX unless the '--jsx' flag is provided.
src/views/admin/reports/DebtReport.tsx(314,23): error TS17004: Cannot use JSX unless the '--jsx' flag is provided.
src/views/admin/reports/DebtReport.tsx(316,47): error TS2550: Property 'includes' does not exist on type 'number[]'. Do you need to change your target library? Try changing the 'lib' compiler option to 'es2016' or later.
src/views/admin/reports/DebtReport.tsx(321,21): error TS17004: Cannot use JSX unless the '--jsx' flag is provided.
src/views/admin/reports/DebtReport.tsx(322,23): error TS17004: Cannot use JSX unless the '--jsx' flag is provided.
src/views/admin/reports/DebtReport.tsx(323,23): error TS17004: Cannot use JSX unless the '--jsx' flag is provided.
src/views/admin/reports/DebtReport.tsx(325,21): error TS17004: Cannot use JSX unless the '--jsx' flag is provided.
src/views/admin/reports/DebtReport.tsx(326,21): error TS17004: Cannot use JSX unless the '--jsx' flag is provided.
src/views/admin/reports/DebtReport.tsx(327,21): error TS17004: Cannot use JSX unless the '--jsx' flag is provided.
src/views/admin/reports/DebtReport.tsx(328,21): error TS17004: Cannot use JSX unless the '--jsx' flag is provided.
src/views/admin/reports/DebtReport.tsx(329,23): error TS17004: Cannot use JSX unless the '--jsx' flag is provided.
src/views/admin/reports/DebtReport.tsx(337,21): error TS17004: Cannot use JSX unless the '--jsx' flag is provided.
src/views/admin/reports/DebtReport.tsx(338,21): error TS17004: Cannot use JSX unless the '--jsx' flag is provided.
src/views/admin/reports/DebtReport.tsx(339,23): error TS17004: Cannot use JSX unless the '--jsx' flag is provided.
src/views/admin/reports/DebtReport.tsx(345,25): error TS17004: Cannot use JSX unless the '--jsx' flag is provided.
src/views/admin/reports/FinancialReport.tsx(1,8): error TS1259: Module '"C:/code_visual_xanh/lab60622/lab60622/node_modules/@types/react/index"' can only be default-imported using the 'esModuleInterop' flag
src/views/admin/reports/FinancialReport.tsx(7,3): error TS6133: 'TrendingDown' is declared but its value is never read.
src/views/admin/reports/FinancialReport.tsx(26,27): error TS2307: Cannot find module '@/services/reportService' or its corresponding type declarations.
src/views/admin/reports/FinancialReport.tsx(27,33): error TS2307: Cannot find module '@/services/buildingService' or its corresponding type declarations.
src/views/admin/reports/FinancialReport.tsx(28,25): error TS2307: Cannot find module '@/components/data/KPICard' or its corresponding type declarations.
src/views/admin/reports/FinancialReport.tsx(29,43): error TS2307: Cannot find module '@/components/shared/FilterPanel' or its corresponding type declarations.
src/views/admin/reports/FinancialReport.tsx(30,30): error TS2307: Cannot find module '@/types/reports' or its corresponding type declarations.
src/views/admin/reports/FinancialReport.tsx(31,31): error TS2307: Cannot find module '@/utils' or its corresponding type declarations.
src/views/admin/reports/FinancialReport.tsx(32,41): error TS2307: Cannot find module '@/components/ui/StatusStates' or its corresponding type declarations.
src/views/admin/reports/FinancialReport.tsx(67,12): error TS2550: Property 'entries' does not exist on type 'ObjectConstructor'. Do you need to change your target library? Try changing the 'lib' compiler option to 'es2017' or later.
src/views/admin/reports/FinancialReport.tsx(67,41): error TS7031: Binding element 'key' implicitly has an 'any' type.
src/views/admin/reports/FinancialReport.tsx(67,46): error TS7031: Binding element 'value' implicitly has an 'any' type.
src/views/admin/reports/FinancialReport.tsx(89,24): error TS7006: Parameter 'q' implicitly has an 'any' type.
src/views/admin/reports/FinancialReport.tsx(91,24): error TS7006: Parameter 'b' implicitly has an 'any' type.
src/views/admin/reports/FinancialReport.tsx(115,12): error TS17004: Cannot use JSX unless the '--jsx' flag is provided.
src/views/admin/reports/FinancialReport.tsx(115,33): error TS17004: Cannot use JSX unless the '--jsx' flag is provided.
src/views/admin/reports/FinancialReport.tsx(119,5): error TS17004: Cannot use JSX unless the '--jsx' flag is provided.
src/views/admin/reports/FinancialReport.tsx(120,7): error TS17004: Cannot use JSX unless the '--jsx' flag is provided.
src/views/admin/reports/FinancialReport.tsx(121,9): error TS17004: Cannot use JSX unless the '--jsx' flag is provided.
src/views/admin/reports/FinancialReport.tsx(122,11): error TS17004: Cannot use JSX unless the '--jsx' flag is provided.
src/views/admin/reports/FinancialReport.tsx(123,11): error TS17004: Cannot use JSX unless the '--jsx' flag is provided.
src/views/admin/reports/FinancialReport.tsx(125,9): error TS17004: Cannot use JSX unless the '--jsx' flag is provided.
src/views/admin/reports/FinancialReport.tsx(129,11): error TS17004: Cannot use JSX unless the '--jsx' flag is provided.
src/views/admin/reports/FinancialReport.tsx(133,7): error TS17004: Cannot use JSX unless the '--jsx' flag is provided.
src/views/admin/reports/FinancialReport.tsx(137,29): error TS2550: Property 'values' does not exist on type 'ObjectConstructor'. Do you need to change your target library? Try changing the 'lib' compiler option to 'es2017' or later.
src/views/admin/reports/FinancialReport.tsx(140,7): error TS17004: Cannot use JSX unless the '--jsx' flag is provided.
src/views/admin/reports/FinancialReport.tsx(141,9): error TS17004: Cannot use JSX unless the '--jsx' flag is provided.
src/views/admin/reports/FinancialReport.tsx(150,9): error TS17004: Cannot use JSX unless the '--jsx' flag is provided.
src/views/admin/reports/FinancialReport.tsx(158,9): error TS17004: Cannot use JSX unless the '--jsx' flag is provided.
src/views/admin/reports/FinancialReport.tsx(168,9): error TS17004: Cannot use JSX unless the '--jsx' flag is provided.
src/views/admin/reports/FinancialReport.tsx(176,9): error TS17004: Cannot use JSX unless the '--jsx' flag is provided.
src/views/admin/reports/FinancialReport.tsx(183,9): error TS17004: Cannot use JSX unless the '--jsx' flag is provided.
src/views/admin/reports/FinancialReport.tsx(192,7): error TS17004: Cannot use JSX unless the '--jsx' flag is provided.
src/views/admin/reports/FinancialReport.tsx(193,9): error TS17004: Cannot use JSX unless the '--jsx' flag is provided.
src/views/admin/reports/FinancialReport.tsx(194,12): error TS17004: Cannot use JSX unless the '--jsx' flag is provided.
src/views/admin/reports/FinancialReport.tsx(197,9): error TS17004: Cannot use JSX unless the '--jsx' flag is provided.
src/views/admin/reports/FinancialReport.tsx(199,13): error TS17004: Cannot use JSX unless the '--jsx' flag is provided.
src/views/admin/reports/FinancialReport.tsx(201,13): error TS17004: Cannot use JSX unless the '--jsx' flag is provided.
src/views/admin/reports/FinancialReport.tsx(203,13): error TS17004: Cannot use JSX unless the '--jsx' flag is provided.
src/views/admin/reports/FinancialReport.tsx(204,15): error TS17004: Cannot use JSX unless the '--jsx' flag is provided.
src/views/admin/reports/FinancialReport.tsx(213,17): error TS17004: Cannot use JSX unless the '--jsx' flag is provided.
src/views/admin/reports/FinancialReport.tsx(214,17): error TS17004: Cannot use JSX unless the '--jsx' flag is provided.
src/views/admin/reports/FinancialReport.tsx(215,17): error TS17004: Cannot use JSX unless the '--jsx' flag is provided.
src/views/admin/reports/FinancialReport.tsx(216,17): error TS17004: Cannot use JSX unless the '--jsx' flag is provided.
src/views/admin/reports/FinancialReport.tsx(217,17): error TS17004: Cannot use JSX unless the '--jsx' flag is provided.
src/views/admin/reports/FinancialReport.tsx(222,25): error TS17004: Cannot use JSX unless the '--jsx' flag is provided.
src/views/admin/reports/FinancialReport.tsx(223,27): error TS17004: Cannot use JSX unless the '--jsx' flag is provided.
src/views/admin/reports/FinancialReport.tsx(224,27): error TS17004: Cannot use JSX unless the '--jsx' flag is provided.
src/views/admin/reports/FinancialReport.tsx(224,41): error TS17004: Cannot use JSX unless the '--jsx' flag is provided.
src/views/admin/reports/FinancialReport.tsx(225,27): error TS17004: Cannot use JSX unless the '--jsx' flag is provided.
src/views/admin/reports/FinancialReport.tsx(225,35): error TS17004: Cannot use JSX unless the '--jsx' flag is provided.
src/views/admin/reports/FinancialReport.tsx(226,27): error TS17004: Cannot use JSX unless the '--jsx' flag is provided.
src/views/admin/reports/FinancialReport.tsx(226,39): error TS17004: Cannot use JSX unless the '--jsx' flag is provided.
src/views/admin/reports/FinancialReport.tsx(233,17): error TS17004: Cannot use JSX unless the '--jsx' flag is provided.
src/views/admin/reports/FinancialReport.tsx(234,17): error TS17004: Cannot use JSX unless the '--jsx' flag is provided.
src/views/admin/reports/FinancialReport.tsx(235,17): error TS17004: Cannot use JSX unless the '--jsx' flag is provided.
src/views/admin/reports/FinancialReport.tsx(236,17): error TS17004: Cannot use JSX unless the '--jsx' flag is provided.
src/views/admin/reports/FinancialReport.tsx(243,7): error TS17004: Cannot use JSX unless the '--jsx' flag is provided.
src/views/admin/reports/FinancialReport.tsx(244,9): error TS17004: Cannot use JSX unless the '--jsx' flag is provided.
src/views/admin/reports/FinancialReport.tsx(245,9): error TS17004: Cannot use JSX unless the '--jsx' flag is provided.
src/views/admin/reports/FinancialReport.tsx(246,11): error TS17004: Cannot use JSX unless the '--jsx' flag is provided.
src/views/admin/reports/FinancialReport.tsx(247,13): error TS17004: Cannot use JSX unless the '--jsx' flag is provided.
src/views/admin/reports/FinancialReport.tsx(248,15): error TS17004: Cannot use JSX unless the '--jsx' flag is provided.
src/views/admin/reports/FinancialReport.tsx(249,17): error TS17004: Cannot use JSX unless the '--jsx' flag is provided.
src/views/admin/reports/FinancialReport.tsx(250,46): error TS7006: Parameter '_' implicitly has an 'any' type.
src/views/admin/reports/FinancialReport.tsx(250,49): error TS7006: Parameter 'i' implicitly has an 'any' type.
src/views/admin/reports/FinancialReport.tsx(251,19): error TS17004: Cannot use JSX unless the '--jsx' flag is provided.
src/views/admin/reports/FinancialReport.tsx(253,17): error TS17004: Cannot use JSX unless the '--jsx' flag is provided.
src/views/admin/reports/FinancialReport.tsx(254,17): error TS17004: Cannot use JSX unless the '--jsx' flag is provided.
src/views/admin/reports/FinancialReport.tsx(255,17): error TS17004: Cannot use JSX unless the '--jsx' flag is provided.
src/views/admin/reports/FinancialReport.tsx(258,13): error TS17004: Cannot use JSX unless the '--jsx' flag is provided.
src/views/admin/reports/FinancialReport.tsx(260,39): error TS17004: Cannot use JSX unless the '--jsx' flag is provided.
src/views/admin/reports/FinancialReport.tsx(261,35): error TS7006: Parameter 'row' implicitly has an 'any' type.
src/views/admin/reports/FinancialReport.tsx(261,40): error TS7006: Parameter 'i' implicitly has an 'any' type.
src/views/admin/reports/FinancialReport.tsx(262,17): error TS17004: Cannot use JSX unless the '--jsx' flag is provided.
src/views/admin/reports/FinancialReport.tsx(263,19): error TS17004: Cannot use JSX unless the '--jsx' flag is provided.
src/views/admin/reports/FinancialReport.tsx(264,36): error TS7006: Parameter 'm' implicitly has an 'any' type.
src/views/admin/reports/FinancialReport.tsx(264,39): error TS7006: Parameter 'idx' implicitly has an 'any' type.
src/views/admin/reports/FinancialReport.tsx(265,21): error TS17004: Cannot use JSX unless the '--jsx' flag is provided.
src/views/admin/reports/FinancialReport.tsx(267,19): error TS17004: Cannot use JSX unless the '--jsx' flag is provided.
src/views/admin/reports/FinancialReport.tsx(268,19): error TS17004: Cannot use JSX unless the '--jsx' flag is provided.
src/views/admin/reports/FinancialReport.tsx(269,19): error TS17004: Cannot use JSX unless the '--jsx' flag is provided.
src/views/admin/reports/NPSReport.tsx(1,8): error TS1259: Module '"C:/code_visual_xanh/lab60622/lab60622/node_modules/@types/react/index"' can only be default-imported using the 'esModuleInterop' flag
src/views/admin/reports/NPSReport.tsx(10,3): error TS6133: 'Calendar' is declared but its value is never read.
src/views/admin/reports/NPSReport.tsx(28,27): error TS2307: Cannot find module '@/services/reportService' or its corresponding type declarations.
src/views/admin/reports/NPSReport.tsx(29,33): error TS2307: Cannot find module '@/services/buildingService' or its corresponding type declarations.
src/views/admin/reports/NPSReport.tsx(30,43): error TS2307: Cannot find module '@/components/shared/FilterPanel' or its corresponding type declarations.
src/views/admin/reports/NPSReport.tsx(31,30): error TS2307: Cannot find module '@/types/reports' or its corresponding type declarations.
src/views/admin/reports/NPSReport.tsx(32,20): error TS2307: Cannot find module '@/utils' or its corresponding type declarations.
src/views/admin/reports/NPSReport.tsx(33,41): error TS2307: Cannot find module '@/components/ui/StatusStates' or its corresponding type declarations.
src/views/admin/reports/NPSReport.tsx(69,12): error TS2550: Property 'entries' does not exist on type 'ObjectConstructor'. Do you need to change your target library? Try changing the 'lib' compiler option to 'es2017' or later.
src/views/admin/reports/NPSReport.tsx(69,41): error TS7031: Binding element 'key' implicitly has an 'any' type.
src/views/admin/reports/NPSReport.tsx(69,46): error TS7031: Binding element 'value' implicitly has an 'any' type.
src/views/admin/reports/NPSReport.tsx(91,24): error TS7006: Parameter 'q' implicitly has an 'any' type.
src/views/admin/reports/NPSReport.tsx(93,24): error TS7006: Parameter 'b' implicitly has an 'any' type.
src/views/admin/reports/NPSReport.tsx(146,12): error TS17004: Cannot use JSX unless the '--jsx' flag is provided.
src/views/admin/reports/NPSReport.tsx(146,33): error TS17004: Cannot use JSX unless the '--jsx' flag is provided.
src/views/admin/reports/NPSReport.tsx(150,5): error TS17004: Cannot use JSX unless the '--jsx' flag is provided.
src/views/admin/reports/NPSReport.tsx(151,7): error TS17004: Cannot use JSX unless the '--jsx' flag is provided.
src/views/admin/reports/NPSReport.tsx(152,9): error TS17004: Cannot use JSX unless the '--jsx' flag is provided.
src/views/admin/reports/NPSReport.tsx(153,11): error TS17004: Cannot use JSX unless the '--jsx' flag is provided.
src/views/admin/reports/NPSReport.tsx(154,13): error TS17004: Cannot use JSX unless the '--jsx' flag is provided.
src/views/admin/reports/NPSReport.tsx(156,11): error TS17004: Cannot use JSX unless the '--jsx' flag is provided.
src/views/admin/reports/NPSReport.tsx(158,9): error TS17004: Cannot use JSX unless the '--jsx' flag is provided.
src/views/admin/reports/NPSReport.tsx(162,11): error TS17004: Cannot use JSX unless the '--jsx' flag is provided.
src/views/admin/reports/NPSReport.tsx(166,7): error TS17004: Cannot use JSX unless the '--jsx' flag is provided.
src/views/admin/reports/NPSReport.tsx(170,29): error TS2550: Property 'values' does not exist on type 'ObjectConstructor'. Do you need to change your target library? Try changing the 'lib' compiler option to 'es2017' or later.
src/views/admin/reports/NPSReport.tsx(173,7): error TS17004: Cannot use JSX unless the '--jsx' flag is provided.
src/views/admin/reports/NPSReport.tsx(175,9): error TS17004: Cannot use JSX unless the '--jsx' flag is provided.
src/views/admin/reports/NPSReport.tsx(176,11): error TS17004: Cannot use JSX unless the '--jsx' flag is provided.
src/views/admin/reports/NPSReport.tsx(178,16): error TS17004: Cannot use JSX unless the '--jsx' flag is provided.
src/views/admin/reports/NPSReport.tsx(180,16): error TS17004: Cannot use JSX unless the '--jsx' flag is provided.
src/views/admin/reports/NPSReport.tsx(181,18): error TS17004: Cannot use JSX unless the '--jsx' flag is provided.
src/views/admin/reports/NPSReport.tsx(182,21): error TS17004: Cannot use JSX unless the '--jsx' flag is provided.
src/views/admin/reports/NPSReport.tsx(190,23): error TS17004: Cannot use JSX unless the '--jsx' flag is provided.
src/views/admin/reports/NPSReport.tsx(196,23): error TS17004: Cannot use JSX unless the '--jsx' flag is provided.
src/views/admin/reports/NPSReport.tsx(202,18): error TS17004: Cannot use JSX unless the '--jsx' flag is provided.
src/views/admin/reports/NPSReport.tsx(203,21): error TS17004: Cannot use JSX unless the '--jsx' flag is provided.
src/views/admin/reports/NPSReport.tsx(204,21): error TS17004: Cannot use JSX unless the '--jsx' flag is provided.
src/views/admin/reports/NPSReport.tsx(210,21): error TS17004: Cannot use JSX unless the '--jsx' flag is provided.
src/views/admin/reports/NPSReport.tsx(211,24): error TS17004: Cannot use JSX unless the '--jsx' flag is provided.
src/views/admin/reports/NPSReport.tsx(223,11): error TS17004: Cannot use JSX unless the '--jsx' flag is provided.
src/views/admin/reports/NPSReport.tsx(224,14): error TS17004: Cannot use JSX unless the '--jsx' flag is provided.
src/views/admin/reports/NPSReport.tsx(225,17): error TS17004: Cannot use JSX unless the '--jsx' flag is provided.
src/views/admin/reports/NPSReport.tsx(226,20): error TS17004: Cannot use JSX unless the '--jsx' flag is provided.
src/views/admin/reports/NPSReport.tsx(227,23): error TS17004: Cannot use JSX unless the '--jsx' flag is provided.
src/views/admin/reports/NPSReport.tsx(229,20): error TS17004: Cannot use JSX unless the '--jsx' flag is provided.
src/views/admin/reports/NPSReport.tsx(230,23): error TS17004: Cannot use JSX unless the '--jsx' flag is provided.
src/views/admin/reports/NPSReport.tsx(231,23): error TS17004: Cannot use JSX unless the '--jsx' flag is provided.
src/views/admin/reports/NPSReport.tsx(234,17): error TS17004: Cannot use JSX unless the '--jsx' flag is provided.
src/views/admin/reports/NPSReport.tsx(235,20): error TS17004: Cannot use JSX unless the '--jsx' flag is provided.
src/views/admin/reports/NPSReport.tsx(239,14): error TS17004: Cannot use JSX unless the '--jsx' flag is provided.
src/views/admin/reports/NPSReport.tsx(240,17): error TS17004: Cannot use JSX unless the '--jsx' flag is provided.
src/views/admin/reports/NPSReport.tsx(241,20): error TS17004: Cannot use JSX unless the '--jsx' flag is provided.
src/views/admin/reports/NPSReport.tsx(242,23): error TS17004: Cannot use JSX unless the '--jsx' flag is provided.
src/views/admin/reports/NPSReport.tsx(244,20): error TS17004: Cannot use JSX unless the '--jsx' flag is provided.
src/views/admin/reports/NPSReport.tsx(245,23): error TS17004: Cannot use JSX unless the '--jsx' flag is provided.
src/views/admin/reports/NPSReport.tsx(246,23): error TS17004: Cannot use JSX unless the '--jsx' flag is provided.
src/views/admin/reports/NPSReport.tsx(249,17): error TS17004: Cannot use JSX unless the '--jsx' flag is provided.
src/views/admin/reports/NPSReport.tsx(250,20): error TS17004: Cannot use JSX unless the '--jsx' flag is provided.
src/views/admin/reports/NPSReport.tsx(254,14): error TS17004: Cannot use JSX unless the '--jsx' flag is provided.
src/views/admin/reports/NPSReport.tsx(255,17): error TS17004: Cannot use JSX unless the '--jsx' flag is provided.
src/views/admin/reports/NPSReport.tsx(256,20): error TS17004: Cannot use JSX unless the '--jsx' flag is provided.
src/views/admin/reports/NPSReport.tsx(257,23): error TS17004: Cannot use JSX unless the '--jsx' flag is provided.
src/views/admin/reports/NPSReport.tsx(259,20): error TS17004: Cannot use JSX unless the '--jsx' flag is provided.
src/views/admin/reports/NPSReport.tsx(260,23): error TS17004: Cannot use JSX unless the '--jsx' flag is provided.
src/views/admin/reports/NPSReport.tsx(261,23): error TS17004: Cannot use JSX unless the '--jsx' flag is provided.
src/views/admin/reports/NPSReport.tsx(264,17): error TS17004: Cannot use JSX unless the '--jsx' flag is provided.
src/views/admin/reports/NPSReport.tsx(265,20): error TS17004: Cannot use JSX unless the '--jsx' flag is provided.
src/views/admin/reports/NPSReport.tsx(272,9): error TS17004: Cannot use JSX unless the '--jsx' flag is provided.
src/views/admin/reports/NPSReport.tsx(273,12): error TS17004: Cannot use JSX unless the '--jsx' flag is provided.
src/views/admin/reports/NPSReport.tsx(274,15): error TS17004: Cannot use JSX unless the '--jsx' flag is provided.
src/views/admin/reports/NPSReport.tsx(275,18): error TS17004: Cannot use JSX unless the '--jsx' flag is provided.
src/views/admin/reports/NPSReport.tsx(278,15): error TS17004: Cannot use JSX unless the '--jsx' flag is provided.
src/views/admin/reports/NPSReport.tsx(279,18): error TS17004: Cannot use JSX unless the '--jsx' flag is provided.
src/views/admin/reports/NPSReport.tsx(280,21): error TS17004: Cannot use JSX unless the '--jsx' flag is provided.
src/views/admin/reports/NPSReport.tsx(285,12): error TS17004: Cannot use JSX unless the '--jsx' flag is provided.
src/views/admin/reports/NPSReport.tsx(287,16): error TS17004: Cannot use JSX unless the '--jsx' flag is provided.
src/views/admin/reports/NPSReport.tsx(289,16): error TS17004: Cannot use JSX unless the '--jsx' flag is provided.
src/views/admin/reports/NPSReport.tsx(290,18): error TS17004: Cannot use JSX unless the '--jsx' flag is provided.
src/views/admin/reports/NPSReport.tsx(291,20): error TS17004: Cannot use JSX unless the '--jsx' flag is provided.
src/views/admin/reports/NPSReport.tsx(292,20): error TS17004: Cannot use JSX unless the '--jsx' flag is provided.
src/views/admin/reports/NPSReport.tsx(298,20): error TS17004: Cannot use JSX unless the '--jsx' flag is provided.
src/views/admin/reports/NPSReport.tsx(304,20): error TS17004: Cannot use JSX unless the '--jsx' flag is provided.
src/views/admin/reports/NPSReport.tsx(308,20): error TS2607: JSX element class does not support attributes because it does not have a 'props' property.
src/views/admin/reports/NPSReport.tsx(308,20): error TS17004: Cannot use JSX unless the '--jsx' flag is provided.
src/views/admin/reports/NPSReport.tsx(308,21): error TS2786: 'ReferenceLine' cannot be used as a JSX component.
  Its type 'typeof ReferenceLine' is not a valid JSX element type.
    Type 'typeof ReferenceLine' is not assignable to type 'new (props: any, deprecatedLegacyContext?: any) => Component<any, any, any>'.
      Type 'ReferenceLine' is missing the following properties from type 'Component<any, any, any>': context, setState, forceUpdate, props, and 2 more.
src/views/admin/reports/NPSReport.tsx(309,20): error TS2607: JSX element class does not support attributes because it does not have a 'props' property.
src/views/admin/reports/NPSReport.tsx(309,20): error TS17004: Cannot use JSX unless the '--jsx' flag is provided.
src/views/admin/reports/NPSReport.tsx(309,21): error TS2786: 'ReferenceLine' cannot be used as a JSX component.
  Its type 'typeof ReferenceLine' is not a valid JSX element type.
    Type 'typeof ReferenceLine' is not assignable to type 'new (props: any, deprecatedLegacyContext?: any) => Component<any, any, any>'.
      Type 'ReferenceLine' is missing the following properties from type 'Component<any, any, any>': context, setState, forceUpdate, props, and 2 more.
src/views/admin/reports/NPSReport.tsx(310,20): error TS17004: Cannot use JSX unless the '--jsx' flag is provided.
src/views/admin/reports/NPSReport.tsx(323,12): error TS17004: Cannot use JSX unless the '--jsx' flag is provided.
src/views/admin/reports/NPSReport.tsx(324,15): error TS17004: Cannot use JSX unless the '--jsx' flag is provided.
src/views/admin/reports/NPSReport.tsx(325,18): error TS17004: Cannot use JSX unless the '--jsx' flag is provided.
src/views/admin/reports/NPSReport.tsx(326,21): error TS17004: Cannot use JSX unless the '--jsx' flag is provided.
src/views/admin/reports/NPSReport.tsx(327,21): error TS17004: Cannot use JSX unless the '--jsx' flag is provided.
src/views/admin/reports/NPSReport.tsx(329,18): error TS17004: Cannot use JSX unless the '--jsx' flag is provided.
src/views/admin/reports/NPSReport.tsx(330,41): error TS17004: Cannot use JSX unless the '--jsx' flag is provided.
src/views/admin/reports/NPSReport.tsx(338,7): error TS17004: Cannot use JSX unless the '--jsx' flag is provided.
src/views/admin/reports/NPSReport.tsx(339,9): error TS17004: Cannot use JSX unless the '--jsx' flag is provided.
src/views/admin/reports/NPSReport.tsx(340,12): error TS17004: Cannot use JSX unless the '--jsx' flag is provided.
src/views/admin/reports/NPSReport.tsx(343,9): error TS17004: Cannot use JSX unless the '--jsx' flag is provided.
src/views/admin/reports/NPSReport.tsx(344,12): error TS17004: Cannot use JSX unless the '--jsx' flag is provided.
src/views/admin/reports/NPSReport.tsx(345,15): error TS17004: Cannot use JSX unless the '--jsx' flag is provided.
src/views/admin/reports/NPSReport.tsx(346,18): error TS17004: Cannot use JSX unless the '--jsx' flag is provided.
src/views/admin/reports/NPSReport.tsx(347,21): error TS17004: Cannot use JSX unless the '--jsx' flag is provided.
src/views/admin/reports/NPSReport.tsx(348,24): error TS17004: Cannot use JSX unless the '--jsx' flag is provided.
src/views/admin/reports/NPSReport.tsx(349,24): error TS17004: Cannot use JSX unless the '--jsx' flag is provided.
src/views/admin/reports/NPSReport.tsx(350,24): error TS17004: Cannot use JSX unless the '--jsx' flag is provided.
src/views/admin/reports/NPSReport.tsx(351,24): error TS17004: Cannot use JSX unless the '--jsx' flag is provided.
src/views/admin/reports/NPSReport.tsx(352,24): error TS17004: Cannot use JSX unless the '--jsx' flag is provided.
src/views/admin/reports/NPSReport.tsx(355,18): error TS17004: Cannot use JSX unless the '--jsx' flag is provided.
src/views/admin/reports/NPSReport.tsx(357,44): error TS17004: Cannot use JSX unless the '--jsx' flag is provided.
src/views/admin/reports/NPSReport.tsx(359,23): error TS17004: Cannot use JSX unless the '--jsx' flag is provided.
src/views/admin/reports/NPSReport.tsx(360,25): error TS17004: Cannot use JSX unless the '--jsx' flag is provided.
src/views/admin/reports/NPSReport.tsx(361,28): error TS17004: Cannot use JSX unless the '--jsx' flag is provided.
src/views/admin/reports/NPSReport.tsx(364,41): error TS7006: Parameter 'a' implicitly has an 'any' type.
src/views/admin/reports/NPSReport.tsx(364,44): error TS7006: Parameter 'b' implicitly has an 'any' type.
src/views/admin/reports/NPSReport.tsx(364,74): error TS7006: Parameter 'resp' implicitly has an 'any' type.
src/views/admin/reports/NPSReport.tsx(364,80): error TS7006: Parameter 'i' implicitly has an 'any' type.
src/views/admin/reports/NPSReport.tsx(365,23): error TS17004: Cannot use JSX unless the '--jsx' flag is provided.
src/views/admin/reports/NPSReport.tsx(366,26): error TS17004: Cannot use JSX unless the '--jsx' flag is provided.
src/views/admin/reports/NPSReport.tsx(367,26): error TS17004: Cannot use JSX unless the '--jsx' flag is provided.
src/views/admin/reports/NPSReport.tsx(368,29): error TS17004: Cannot use JSX unless the '--jsx' flag is provided.
src/views/admin/reports/NPSReport.tsx(375,26): error TS17004: Cannot use JSX unless the '--jsx' flag is provided.
src/views/admin/reports/NPSReport.tsx(378,26): error TS17004: Cannot use JSX unless the '--jsx' flag is provided.
src/views/admin/reports/NPSReport.tsx(379,29): error TS17004: Cannot use JSX unless the '--jsx' flag is provided.
src/views/admin/reports/NPSReport.tsx(383,26): error TS17004: Cannot use JSX unless the '--jsx' flag is provided.
src/views/admin/reports/OccupancyReport.tsx(1,8): error TS1259: Module '"C:/code_visual_xanh/lab60622/lab60622/node_modules/@types/react/index"' can only be default-imported using the 'esModuleInterop' flag
src/views/admin/reports/OccupancyReport.tsx(6,3): error TS6133: 'TrendingDown' is declared but its value is never read.
src/views/admin/reports/OccupancyReport.tsx(10,3): error TS6133: 'AlertCircle' is declared but its value is never read.
src/views/admin/reports/OccupancyReport.tsx(26,27): error TS2307: Cannot find module '@/services/reportService' or its corresponding type declarations.
src/views/admin/reports/OccupancyReport.tsx(27,33): error TS2307: Cannot find module '@/services/buildingService' or its corresponding type declarations.
src/views/admin/reports/OccupancyReport.tsx(28,25): error TS2307: Cannot find module '@/components/data/KPICard' or its corresponding type declarations.
src/views/admin/reports/OccupancyReport.tsx(29,43): error TS2307: Cannot find module '@/components/shared/FilterPanel' or its corresponding type declarations.
src/views/admin/reports/OccupancyReport.tsx(30,30): error TS2307: Cannot find module '@/types/reports' or its corresponding type declarations.
src/views/admin/reports/OccupancyReport.tsx(31,20): error TS2307: Cannot find module '@/utils' or its corresponding type declarations.
src/views/admin/reports/OccupancyReport.tsx(32,41): error TS2307: Cannot find module '@/components/ui/StatusStates' or its corresponding type declarations.
src/views/admin/reports/OccupancyReport.tsx(36,3): error TS17004: Cannot use JSX unless the '--jsx' flag is provided.
src/views/admin/reports/OccupancyReport.tsx(37,5): error TS17004: Cannot use JSX unless the '--jsx' flag is provided.
src/views/admin/reports/OccupancyReport.tsx(39,9): error TS17004: Cannot use JSX unless the '--jsx' flag is provided.
src/views/admin/reports/OccupancyReport.tsx(42,5): error TS17004: Cannot use JSX unless the '--jsx' flag is provided.
src/views/admin/reports/OccupancyReport.tsx(43,5): error TS17004: Cannot use JSX unless the '--jsx' flag is provided.
src/views/admin/reports/OccupancyReport.tsx(48,3): error TS17004: Cannot use JSX unless the '--jsx' flag is provided.
src/views/admin/reports/OccupancyReport.tsx(49,5): error TS17004: Cannot use JSX unless the '--jsx' flag is provided.
src/views/admin/reports/OccupancyReport.tsx(50,7): error TS17004: Cannot use JSX unless the '--jsx' flag is provided.
src/views/admin/reports/OccupancyReport.tsx(51,9): error TS17004: Cannot use JSX unless the '--jsx' flag is provided.
src/views/admin/reports/OccupancyReport.tsx(94,12): error TS2550: Property 'entries' does not exist on type 'ObjectConstructor'. Do you need to change your target library? Try changing the 'lib' compiler option to 'es2017' or later.
src/views/admin/reports/OccupancyReport.tsx(94,41): error TS7031: Binding element 'key' implicitly has an 'any' type.
src/views/admin/reports/OccupancyReport.tsx(94,46): error TS7031: Binding element 'value' implicitly has an 'any' type.
src/views/admin/reports/OccupancyReport.tsx(116,24): error TS7006: Parameter 'q' implicitly has an 'any' type.
src/views/admin/reports/OccupancyReport.tsx(118,24): error TS7006: Parameter 'b' implicitly has an 'any' type.
src/views/admin/reports/OccupancyReport.tsx(155,26): error TS2550: Property 'from' does not exist on type 'ArrayConstructor'. Do you need to change your target library? Try changing the 'lib' compiler option to 'es2015' or later.
src/views/admin/reports/OccupancyReport.tsx(155,35): error TS2583: Cannot find name 'Set'. Do you need to change your target library? Try changing the 'lib' compiler option to 'es2015' or later.
src/views/admin/reports/OccupancyReport.tsx(155,49): error TS7006: Parameter 'p' implicitly has an 'any' type.
src/views/admin/reports/OccupancyReport.tsx(156,23): error TS7006: Parameter 'month' implicitly has an 'any' type.
src/views/admin/reports/OccupancyReport.tsx(158,20): error TS7006: Parameter 'p' implicitly has an 'any' type.
src/views/admin/reports/OccupancyReport.tsx(158,52): error TS7006: Parameter 'p' implicitly has an 'any' type.
src/views/admin/reports/OccupancyReport.tsx(167,18): error TS2550: Property 'from' does not exist on type 'ArrayConstructor'. Do you need to change your target library? Try changing the 'lib' compiler option to 'es2015' or later.
src/views/admin/reports/OccupancyReport.tsx(167,27): error TS2583: Cannot find name 'Set'. Do you need to change your target library? Try changing the 'lib' compiler option to 'es2015' or later.
src/views/admin/reports/OccupancyReport.tsx(167,41): error TS7006: Parameter 'p' implicitly has an 'any' type.
src/views/admin/reports/OccupancyReport.tsx(181,12): error TS17004: Cannot use JSX unless the '--jsx' flag is provided.
src/views/admin/reports/OccupancyReport.tsx(181,33): error TS17004: Cannot use JSX unless the '--jsx' flag is provided.
src/views/admin/reports/OccupancyReport.tsx(185,5): error TS17004: Cannot use JSX unless the '--jsx' flag is provided.
src/views/admin/reports/OccupancyReport.tsx(186,7): error TS17004: Cannot use JSX unless the '--jsx' flag is provided.
src/views/admin/reports/OccupancyReport.tsx(187,9): error TS17004: Cannot use JSX unless the '--jsx' flag is provided.
src/views/admin/reports/OccupancyReport.tsx(188,11): error TS17004: Cannot use JSX unless the '--jsx' flag is provided.
src/views/admin/reports/OccupancyReport.tsx(189,11): error TS17004: Cannot use JSX unless the '--jsx' flag is provided.
src/views/admin/reports/OccupancyReport.tsx(191,9): error TS17004: Cannot use JSX unless the '--jsx' flag is provided.
src/views/admin/reports/OccupancyReport.tsx(195,11): error TS17004: Cannot use JSX unless the '--jsx' flag is provided.
src/views/admin/reports/OccupancyReport.tsx(199,7): error TS17004: Cannot use JSX unless the '--jsx' flag is provided.
src/views/admin/reports/OccupancyReport.tsx(203,29): error TS2550: Property 'values' does not exist on type 'ObjectConstructor'. Do you need to change your target library? Try changing the 'lib' compiler option to 'es2017' or later.
src/views/admin/reports/OccupancyReport.tsx(207,9): error TS17004: Cannot use JSX unless the '--jsx' flag is provided.
src/views/admin/reports/OccupancyReport.tsx(209,9): error TS17004: Cannot use JSX unless the '--jsx' flag is provided.
src/views/admin/reports/OccupancyReport.tsx(210,11): error TS17004: Cannot use JSX unless the '--jsx' flag is provided.
src/views/admin/reports/OccupancyReport.tsx(211,13): error TS17004: Cannot use JSX unless the '--jsx' flag is provided.
src/views/admin/reports/OccupancyReport.tsx(218,13): error TS17004: Cannot use JSX unless the '--jsx' flag is provided.
src/views/admin/reports/OccupancyReport.tsx(224,17): error TS17004: Cannot use JSX unless the '--jsx' flag is provided.
src/views/admin/reports/OccupancyReport.tsx(225,19): error TS17004: Cannot use JSX unless the '--jsx' flag is provided.
src/views/admin/reports/OccupancyReport.tsx(228,19): error TS17004: Cannot use JSX unless the '--jsx' flag is provided.
src/views/admin/reports/OccupancyReport.tsx(232,13): error TS17004: Cannot use JSX unless the '--jsx' flag is provided.
src/views/admin/reports/OccupancyReport.tsx(239,13): error TS17004: Cannot use JSX unless the '--jsx' flag is provided.
src/views/admin/reports/OccupancyReport.tsx(247,11): error TS17004: Cannot use JSX unless the '--jsx' flag is provided.
src/views/admin/reports/OccupancyReport.tsx(248,13): error TS17004: Cannot use JSX unless the '--jsx' flag is provided.
src/views/admin/reports/OccupancyReport.tsx(249,13): error TS17004: Cannot use JSX unless the '--jsx' flag is provided.
src/views/admin/reports/OccupancyReport.tsx(251,17): error TS17004: Cannot use JSX unless the '--jsx' flag is provided.
src/views/admin/reports/OccupancyReport.tsx(253,17): error TS17004: Cannot use JSX unless the '--jsx' flag is provided.
src/views/admin/reports/OccupancyReport.tsx(254,19): error TS17004: Cannot use JSX unless the '--jsx' flag is provided.
src/views/admin/reports/OccupancyReport.tsx(262,21): error TS17004: Cannot use JSX unless the '--jsx' flag is provided.
src/views/admin/reports/OccupancyReport.tsx(263,21): error TS17004: Cannot use JSX unless the '--jsx' flag is provided.
src/views/admin/reports/OccupancyReport.tsx(264,21): error TS17004: Cannot use JSX unless the '--jsx' flag is provided.
src/views/admin/reports/OccupancyReport.tsx(265,21): error TS17004: Cannot use JSX unless the '--jsx' flag is provided.
src/views/admin/reports/OccupancyReport.tsx(266,21): error TS17004: Cannot use JSX unless the '--jsx' flag is provided.
src/views/admin/reports/OccupancyReport.tsx(267,21): error TS2607: JSX element class does not support attributes because it does not have a 'props' property.
src/views/admin/reports/OccupancyReport.tsx(267,21): error TS17004: Cannot use JSX unless the '--jsx' flag is provided.
src/views/admin/reports/OccupancyReport.tsx(267,22): error TS2786: 'ReferenceLine' cannot be used as a JSX component.
  Its type 'typeof ReferenceLine' is not a valid JSX element type.
    Type 'typeof ReferenceLine' is not assignable to type 'new (props: any, deprecatedLegacyContext?: any) => Component<any, any, any>'.
      Type 'ReferenceLine' is missing the following properties from type 'Component<any, any, any>': context, setState, forceUpdate, props, and 2 more.
src/views/admin/reports/OccupancyReport.tsx(268,21): error TS2607: JSX element class does not support attributes because it does not have a 'props' property.
src/views/admin/reports/OccupancyReport.tsx(268,21): error TS17004: Cannot use JSX unless the '--jsx' flag is provided.
src/views/admin/reports/OccupancyReport.tsx(268,22): error TS2786: 'ReferenceLine' cannot be used as a JSX component.
  Its type 'typeof ReferenceLine' is not a valid JSX element type.
    Type 'typeof ReferenceLine' is not assignable to type 'new (props: any, deprecatedLegacyContext?: any) => Component<any, any, any>'.
      Type 'ReferenceLine' is missing the following properties from type 'Component<any, any, any>': context, setState, forceUpdate, props, and 2 more.
src/views/admin/reports/OccupancyReport.tsx(269,41): error TS7006: Parameter 'name' implicitly has an 'any' type.
src/views/admin/reports/OccupancyReport.tsx(269,47): error TS7006: Parameter 'i' implicitly has an 'any' type.
src/views/admin/reports/OccupancyReport.tsx(270,23): error TS17004: Cannot use JSX unless the '--jsx' flag is provided.
src/views/admin/reports/OccupancyReport.tsx(285,11): error TS17004: Cannot use JSX unless the '--jsx' flag is provided.
src/views/admin/reports/OccupancyReport.tsx(286,13): error TS17004: Cannot use JSX unless the '--jsx' flag is provided.
src/views/admin/reports/OccupancyReport.tsx(287,13): error TS17004: Cannot use JSX unless the '--jsx' flag is provided.
src/views/admin/reports/OccupancyReport.tsx(288,16): error TS17004: Cannot use JSX unless the '--jsx' flag is provided.
src/views/admin/reports/OccupancyReport.tsx(288,59): error TS17004: Cannot use JSX unless the '--jsx' flag is provided.
src/views/admin/reports/OccupancyReport.tsx(289,16): error TS17004: Cannot use JSX unless the '--jsx' flag is provided.
src/views/admin/reports/OccupancyReport.tsx(289,59): error TS17004: Cannot use JSX unless the '--jsx' flag is provided.
src/views/admin/reports/OccupancyReport.tsx(290,16): error TS17004: Cannot use JSX unless the '--jsx' flag is provided.
src/views/admin/reports/OccupancyReport.tsx(290,59): error TS17004: Cannot use JSX unless the '--jsx' flag is provided.
src/views/admin/reports/OccupancyReport.tsx(291,16): error TS17004: Cannot use JSX unless the '--jsx' flag is provided.
src/views/admin/reports/OccupancyReport.tsx(291,59): error TS17004: Cannot use JSX unless the '--jsx' flag is provided.
src/views/admin/reports/OccupancyReport.tsx(294,13): error TS17004: Cannot use JSX unless the '--jsx' flag is provided.
src/views/admin/reports/OccupancyReport.tsx(296,17): error TS17004: Cannot use JSX unless the '--jsx' flag is provided.
src/views/admin/reports/OccupancyReport.tsx(297,20): error TS17004: Cannot use JSX unless the '--jsx' flag is provided.
src/views/admin/reports/OccupancyReport.tsx(300,17): error TS17004: Cannot use JSX unless the '--jsx' flag is provided.
src/views/admin/reports/OccupancyReport.tsx(302,17): error TS17004: Cannot use JSX unless the '--jsx' flag is provided.
src/views/admin/reports/OccupancyReport.tsx(305,64): error TS2550: Property 'from' does not exist on type 'ArrayConstructor'. Do you need to change your target library? Try changing the 'lib' compiler option to 'es2015' or later.
src/views/admin/reports/OccupancyReport.tsx(305,73): error TS2583: Cannot find name 'Set'. Do you need to change your target library? Try changing the 'lib' compiler option to 'es2015' or later.
src/views/admin/reports/OccupancyReport.tsx(305,89): error TS7006: Parameter 'c' implicitly has an 'any' type.
src/views/admin/reports/OccupancyReport.tsx(309,19): error TS17004: Cannot use JSX unless the '--jsx' flag is provided.
src/views/admin/reports/OccupancyReport.tsx(310,26): error TS2550: Property 'from' does not exist on type 'ArrayConstructor'. Do you need to change your target library? Try changing the 'lib' compiler option to 'es2015' or later.
src/views/admin/reports/OccupancyReport.tsx(310,35): error TS2583: Cannot find name 'Set'. Do you need to change your target library? Try changing the 'lib' compiler option to 'es2015' or later.
src/views/admin/reports/OccupancyReport.tsx(310,51): error TS7006: Parameter 'c' implicitly has an 'any' type.
src/views/admin/reports/OccupancyReport.tsx(310,78): error TS7006: Parameter 'm' implicitly has an 'any' type.
src/views/admin/reports/OccupancyReport.tsx(311,21): error TS17004: Cannot use JSX unless the '--jsx' flag is provided.
src/views/admin/reports/OccupancyReport.tsx(314,26): error TS2550: Property 'from' does not exist on type 'ArrayConstructor'. Do you need to change your target library? Try changing the 'lib' compiler option to 'es2015' or later.
src/views/admin/reports/OccupancyReport.tsx(314,35): error TS2583: Cannot find name 'Set'. Do you need to change your target library? Try changing the 'lib' compiler option to 'es2015' or later.
src/views/admin/reports/OccupancyReport.tsx(314,51): error TS7006: Parameter 'c' implicitly has an 'any' type.
src/views/admin/reports/OccupancyReport.tsx(314,94): error TS7006: Parameter 'room' implicitly has an 'any' type.
src/views/admin/reports/OccupancyReport.tsx(315,21): error TS17004: Cannot use JSX unless the '--jsx' flag is provided.
src/views/admin/reports/OccupancyReport.tsx(316,23): error TS17004: Cannot use JSX unless the '--jsx' flag is provided.
src/views/admin/reports/OccupancyReport.tsx(317,30): error TS2550: Property 'from' does not exist on type 'ArrayConstructor'. Do you need to change your target library? Try changing the 'lib' compiler option to 'es2015' or later.
src/views/admin/reports/OccupancyReport.tsx(317,39): error TS2583: Cannot find name 'Set'. Do you need to change your target library? Try changing the 'lib' compiler option to 'es2015' or later.
src/views/admin/reports/OccupancyReport.tsx(317,55): error TS7006: Parameter 'c' implicitly has an 'any' type.
src/views/admin/reports/OccupancyReport.tsx(317,82): error TS7006: Parameter 'month' implicitly has an 'any' type.
src/views/admin/reports/OccupancyReport.tsx(318,51): error TS7006: Parameter 'c' implicitly has an 'any' type.
src/views/admin/reports/OccupancyReport.tsx(320,27): error TS17004: Cannot use JSX unless the '--jsx' flag is provided.
src/views/admin/reports/OccupancyReport.tsx(325,32): error TS17004: Cannot use JSX unless the '--jsx' flag is provided.
src/views/admin/reports/OccupancyReport.tsx(326,35): error TS17004: Cannot use JSX unless the '--jsx' flag is provided.
src/views/admin/reports/OccupancyReport.tsx(327,61): error TS17004: Cannot use JSX unless the '--jsx' flag is provided.
src/views/admin/reports/OccupancyReport.tsx(328,38): error TS17004: Cannot use JSX unless the '--jsx' flag is provided.
src/views/admin/reports/OccupancyReport.tsx(331,35): error TS17004: Cannot use JSX unless the '--jsx' flag is provided.
src/views/admin/reports/ReportsHub.tsx(1,8): error TS1259: Module '"C:/code_visual_xanh/lab60622/lab60622/node_modules/@types/react/index"' can only be default-imported using the 'esModuleInterop' flag
src/views/admin/reports/ReportsHub.tsx(14,20): error TS2307: Cannot find module '@/utils' or its corresponding type declarations.
src/views/admin/reports/ReportsHub.tsx(87,5): error TS17004: Cannot use JSX unless the '--jsx' flag is provided.
src/views/admin/reports/ReportsHub.tsx(88,7): error TS17004: Cannot use JSX unless the '--jsx' flag is provided.
src/views/admin/reports/ReportsHub.tsx(89,9): error TS17004: Cannot use JSX unless the '--jsx' flag is provided.
src/views/admin/reports/ReportsHub.tsx(90,9): error TS17004: Cannot use JSX unless the '--jsx' flag is provided.
src/views/admin/reports/ReportsHub.tsx(93,7): error TS17004: Cannot use JSX unless the '--jsx' flag is provided.
src/views/admin/reports/ReportsHub.tsx(95,11): error TS17004: Cannot use JSX unless the '--jsx' flag is provided.
src/views/admin/reports/ReportsHub.tsx(99,13): error TS17004: Cannot use JSX unless the '--jsx' flag is provided.
src/views/admin/reports/ReportsHub.tsx(100,15): error TS17004: Cannot use JSX unless the '--jsx' flag is provided.
src/views/admin/reports/ReportsHub.tsx(105,17): error TS17004: Cannot use JSX unless the '--jsx' flag is provided.
src/views/admin/reports/ReportsHub.tsx(108,15): error TS17004: Cannot use JSX unless the '--jsx' flag is provided.
src/views/admin/reports/ReportsHub.tsx(109,17): error TS17004: Cannot use JSX unless the '--jsx' flag is provided.
src/views/admin/reports/ReportsHub.tsx(112,17): error TS17004: Cannot use JSX unless the '--jsx' flag is provided.
src/views/admin/reports/ReportsHub.tsx(118,13): error TS17004: Cannot use JSX unless the '--jsx' flag is provided.
src/views/admin/reports/ReportsHub.tsx(123,15): error TS17004: Cannot use JSX unless the '--jsx' flag is provided.
src/views/admin/reports/RoomLifecycleReport.tsx(1,8): error TS1259: Module '"C:/code_visual_xanh/lab60622/lab60622/node_modules/@types/react/index"' can only be default-imported using the 'esModuleInterop' flag
src/views/admin/reports/RoomLifecycleReport.tsx(2,27): error TS6133: 'Link' is declared but its value is never read.
src/views/admin/reports/RoomLifecycleReport.tsx(9,3): error TS6133: 'ArrowRight' is declared but its value is never read.
src/views/admin/reports/RoomLifecycleReport.tsx(11,3): error TS6133: 'Calendar' is declared but its value is never read.
src/views/admin/reports/RoomLifecycleReport.tsx(15,27): error TS2307: Cannot find module '@/services/reportService' or its corresponding type declarations.
src/views/admin/reports/RoomLifecycleReport.tsx(16,33): error TS2307: Cannot find module '@/services/buildingService' or its corresponding type declarations.
src/views/admin/reports/RoomLifecycleReport.tsx(17,25): error TS2307: Cannot find module '@/components/data/KPICard' or its corresponding type declarations.
src/views/admin/reports/RoomLifecycleReport.tsx(18,43): error TS2307: Cannot find module '@/components/shared/FilterPanel' or its corresponding type declarations.
src/views/admin/reports/RoomLifecycleReport.tsx(19,30): error TS2307: Cannot find module '@/types/reports' or its corresponding type declarations.
src/views/admin/reports/RoomLifecycleReport.tsx(20,20): error TS2307: Cannot find module '@/utils' or its corresponding type declarations.
src/views/admin/reports/RoomLifecycleReport.tsx(21,41): error TS2307: Cannot find module '@/components/ui/StatusStates' or its corresponding type declarations.
src/views/admin/reports/RoomLifecycleReport.tsx(52,12): error TS2550: Property 'entries' does not exist on type 'ObjectConstructor'. Do you need to change your target library? Try changing the 'lib' compiler option to 'es2017' or later.
src/views/admin/reports/RoomLifecycleReport.tsx(52,41): error TS7031: Binding element 'key' implicitly has an 'any' type.
src/views/admin/reports/RoomLifecycleReport.tsx(52,46): error TS7031: Binding element 'value' implicitly has an 'any' type.
src/views/admin/reports/RoomLifecycleReport.tsx(74,24): error TS7006: Parameter 'q' implicitly has an 'any' type.
src/views/admin/reports/RoomLifecycleReport.tsx(76,24): error TS7006: Parameter 'b' implicitly has an 'any' type.
src/views/admin/reports/RoomLifecycleReport.tsx(83,22): error TS2550: Property 'from' does not exist on type 'ArrayConstructor'. Do you need to change your target library? Try changing the 'lib' compiler option to 'es2015' or later.
src/views/admin/reports/RoomLifecycleReport.tsx(83,44): error TS7006: Parameter '_' implicitly has an 'any' type.
src/views/admin/reports/RoomLifecycleReport.tsx(83,47): error TS7006: Parameter 'i' implicitly has an 'any' type.
src/views/admin/reports/RoomLifecycleReport.tsx(123,12): error TS17004: Cannot use JSX unless the '--jsx' flag is provided.
src/views/admin/reports/RoomLifecycleReport.tsx(123,33): error TS17004: Cannot use JSX unless the '--jsx' flag is provided.
src/views/admin/reports/RoomLifecycleReport.tsx(127,5): error TS17004: Cannot use JSX unless the '--jsx' flag is provided.
src/views/admin/reports/RoomLifecycleReport.tsx(128,7): error TS17004: Cannot use JSX unless the '--jsx' flag is provided.
src/views/admin/reports/RoomLifecycleReport.tsx(129,9): error TS17004: Cannot use JSX unless the '--jsx' flag is provided.
src/views/admin/reports/RoomLifecycleReport.tsx(130,11): error TS17004: Cannot use JSX unless the '--jsx' flag is provided.
src/views/admin/reports/RoomLifecycleReport.tsx(131,11): error TS17004: Cannot use JSX unless the '--jsx' flag is provided.
src/views/admin/reports/RoomLifecycleReport.tsx(133,9): error TS17004: Cannot use JSX unless the '--jsx' flag is provided.
src/views/admin/reports/RoomLifecycleReport.tsx(137,11): error TS17004: Cannot use JSX unless the '--jsx' flag is provided.
src/views/admin/reports/RoomLifecycleReport.tsx(141,7): error TS17004: Cannot use JSX unless the '--jsx' flag is provided.
src/views/admin/reports/RoomLifecycleReport.tsx(145,29): error TS2550: Property 'values' does not exist on type 'ObjectConstructor'. Do you need to change your target library? Try changing the 'lib' compiler option to 'es2017' or later.
src/views/admin/reports/RoomLifecycleReport.tsx(148,7): error TS17004: Cannot use JSX unless the '--jsx' flag is provided.
src/views/admin/reports/RoomLifecycleReport.tsx(149,9): error TS17004: Cannot use JSX unless the '--jsx' flag is provided.
src/views/admin/reports/RoomLifecycleReport.tsx(158,9): error TS17004: Cannot use JSX unless the '--jsx' flag is provided.
src/views/admin/reports/RoomLifecycleReport.tsx(167,9): error TS17004: Cannot use JSX unless the '--jsx' flag is provided.
src/views/admin/reports/RoomLifecycleReport.tsx(176,9): error TS17004: Cannot use JSX unless the '--jsx' flag is provided.
src/views/admin/reports/RoomLifecycleReport.tsx(186,7): error TS17004: Cannot use JSX unless the '--jsx' flag is provided.
src/views/admin/reports/RoomLifecycleReport.tsx(187,9): error TS17004: Cannot use JSX unless the '--jsx' flag is provided.
src/views/admin/reports/RoomLifecycleReport.tsx(188,11): error TS17004: Cannot use JSX unless the '--jsx' flag is provided.
src/views/admin/reports/RoomLifecycleReport.tsx(189,13): error TS17004: Cannot use JSX unless the '--jsx' flag is provided.
src/views/admin/reports/RoomLifecycleReport.tsx(190,15): error TS17004: Cannot use JSX unless the '--jsx' flag is provided.
src/views/admin/reports/RoomLifecycleReport.tsx(193,13): error TS17004: Cannot use JSX unless the '--jsx' flag is provided.
src/views/admin/reports/RoomLifecycleReport.tsx(195,11): error TS17004: Cannot use JSX unless the '--jsx' flag is provided.
src/views/admin/reports/RoomLifecycleReport.tsx(196,14): error TS17004: Cannot use JSX unless the '--jsx' flag is provided.
src/views/admin/reports/RoomLifecycleReport.tsx(197,17): error TS17004: Cannot use JSX unless the '--jsx' flag is provided.
src/views/admin/reports/RoomLifecycleReport.tsx(198,17): error TS17004: Cannot use JSX unless the '--jsx' flag is provided.
src/views/admin/reports/RoomLifecycleReport.tsx(200,14): error TS17004: Cannot use JSX unless the '--jsx' flag is provided.
src/views/admin/reports/RoomLifecycleReport.tsx(201,17): error TS17004: Cannot use JSX unless the '--jsx' flag is provided.
src/views/admin/reports/RoomLifecycleReport.tsx(202,17): error TS17004: Cannot use JSX unless the '--jsx' flag is provided.
src/views/admin/reports/RoomLifecycleReport.tsx(204,14): error TS17004: Cannot use JSX unless the '--jsx' flag is provided.
src/views/admin/reports/RoomLifecycleReport.tsx(205,17): error TS17004: Cannot use JSX unless the '--jsx' flag is provided.
src/views/admin/reports/RoomLifecycleReport.tsx(206,17): error TS17004: Cannot use JSX unless the '--jsx' flag is provided.
src/views/admin/reports/RoomLifecycleReport.tsx(208,14): error TS17004: Cannot use JSX unless the '--jsx' flag is provided.
src/views/admin/reports/RoomLifecycleReport.tsx(209,17): error TS17004: Cannot use JSX unless the '--jsx' flag is provided.
src/views/admin/reports/RoomLifecycleReport.tsx(210,17): error TS17004: Cannot use JSX unless the '--jsx' flag is provided.
src/views/admin/reports/RoomLifecycleReport.tsx(216,11): error TS17004: Cannot use JSX unless the '--jsx' flag is provided.
src/views/admin/reports/RoomLifecycleReport.tsx(218,16): error TS17004: Cannot use JSX unless the '--jsx' flag is provided.
src/views/admin/reports/RoomLifecycleReport.tsx(219,19): error TS17004: Cannot use JSX unless the '--jsx' flag is provided.
src/views/admin/reports/RoomLifecycleReport.tsx(220,19): error TS17004: Cannot use JSX unless the '--jsx' flag is provided.
src/views/admin/reports/RoomLifecycleReport.tsx(225,11): error TS17004: Cannot use JSX unless the '--jsx' flag is provided.
src/views/admin/reports/RoomLifecycleReport.tsx(227,11): error TS17004: Cannot use JSX unless the '--jsx' flag is provided.
src/views/admin/reports/RoomLifecycleReport.tsx(229,15): error TS17004: Cannot use JSX unless the '--jsx' flag is provided.
src/views/admin/reports/RoomLifecycleReport.tsx(230,17): error TS17004: Cannot use JSX unless the '--jsx' flag is provided.
src/views/admin/reports/RoomLifecycleReport.tsx(231,19): error TS17004: Cannot use JSX unless the '--jsx' flag is provided.
src/views/admin/reports/RoomLifecycleReport.tsx(232,19): error TS17004: Cannot use JSX unless the '--jsx' flag is provided.
src/views/admin/reports/RoomLifecycleReport.tsx(234,17): error TS17004: Cannot use JSX unless the '--jsx' flag is provided.
src/views/admin/reports/RoomLifecycleReport.tsx(236,21): error TS17004: Cannot use JSX unless the '--jsx' flag is provided.
src/views/admin/reports/RoomLifecycleReport.tsx(245,26): error TS17004: Cannot use JSX unless the '--jsx' flag is provided.
src/views/admin/reports/RoomLifecycleReport.tsx(247,24): error TS17004: Cannot use JSX unless the '--jsx' flag is provided.
src/views/admin/reports/RoomLifecycleReport.tsx(248,27): error TS17004: Cannot use JSX unless the '--jsx' flag is provided.
src/views/admin/reports/RoomLifecycleReport.tsx(249,30): error TS17004: Cannot use JSX unless the '--jsx' flag is provided.
src/views/admin/reports/RoomLifecycleReport.tsx(250,30): error TS17004: Cannot use JSX unless the '--jsx' flag is provided.
src/views/admin/reports/RoomLifecycleReport.tsx(251,30): error TS17004: Cannot use JSX unless the '--jsx' flag is provided.
src/views/admin/reports/RoomLifecycleReport.tsx(253,27): error TS17004: Cannot use JSX unless the '--jsx' flag is provided.
src/views/admin/reports/RoomLifecycleReport.tsx(264,7): error TS17004: Cannot use JSX unless the '--jsx' flag is provided.
src/views/admin/reports/RoomLifecycleReport.tsx(265,9): error TS17004: Cannot use JSX unless the '--jsx' flag is provided.
src/views/admin/reports/RoomLifecycleReport.tsx(266,11): error TS17004: Cannot use JSX unless the '--jsx' flag is provided.
src/views/admin/reports/RoomLifecycleReport.tsx(269,9): error TS17004: Cannot use JSX unless the '--jsx' flag is provided.
src/views/admin/reports/RoomLifecycleReport.tsx(270,11): error TS17004: Cannot use JSX unless the '--jsx' flag is provided.
src/views/admin/reports/RoomLifecycleReport.tsx(271,13): error TS17004: Cannot use JSX unless the '--jsx' flag is provided.
src/views/admin/reports/RoomLifecycleReport.tsx(272,15): error TS17004: Cannot use JSX unless the '--jsx' flag is provided.
src/views/admin/reports/RoomLifecycleReport.tsx(273,17): error TS17004: Cannot use JSX unless the '--jsx' flag is provided.
src/views/admin/reports/RoomLifecycleReport.tsx(274,17): error TS17004: Cannot use JSX unless the '--jsx' flag is provided.
src/views/admin/reports/RoomLifecycleReport.tsx(275,17): error TS17004: Cannot use JSX unless the '--jsx' flag is provided.
src/views/admin/reports/RoomLifecycleReport.tsx(276,17): error TS17004: Cannot use JSX unless the '--jsx' flag is provided.
src/views/admin/reports/RoomLifecycleReport.tsx(277,17): error TS17004: Cannot use JSX unless the '--jsx' flag is provided.
src/views/admin/reports/RoomLifecycleReport.tsx(280,13): error TS17004: Cannot use JSX unless the '--jsx' flag is provided.
src/views/admin/reports/RoomLifecycleReport.tsx(312,17): error TS17004: Cannot use JSX unless the '--jsx' flag is provided.
src/views/admin/reports/RoomLifecycleReport.tsx(313,19): error TS17004: Cannot use JSX unless the '--jsx' flag is provided.
src/views/admin/reports/RoomLifecycleReport.tsx(314,19): error TS17004: Cannot use JSX unless the '--jsx' flag is provided.
src/views/admin/reports/RoomLifecycleReport.tsx(315,19): error TS17004: Cannot use JSX unless the '--jsx' flag is provided.
src/views/admin/reports/RoomLifecycleReport.tsx(316,19): error TS17004: Cannot use JSX unless the '--jsx' flag is provided.
src/views/admin/reports/RoomLifecycleReport.tsx(322,19): error TS17004: Cannot use JSX unless the '--jsx' flag is provided.
src/views/admin/reports/StaffReport.tsx(1,8): error TS1259: Module '"C:/code_visual_xanh/lab60622/lab60622/node_modules/@types/react/index"' can only be default-imported using the 'esModuleInterop' flag
src/views/admin/reports/StaffReport.tsx(16,27): error TS2307: Cannot find module '@/services/reportService' or its corresponding type declarations.
src/views/admin/reports/StaffReport.tsx(17,33): error TS2307: Cannot find module '@/services/buildingService' or its corresponding type declarations.
src/views/admin/reports/StaffReport.tsx(18,43): error TS2307: Cannot find module '@/components/shared/FilterPanel' or its corresponding type declarations.
src/views/admin/reports/StaffReport.tsx(19,48): error TS2307: Cannot find module '@/types/reports' or its corresponding type declarations.
src/views/admin/reports/StaffReport.tsx(20,20): error TS2307: Cannot find module '@/utils' or its corresponding type declarations.
src/views/admin/reports/StaffReport.tsx(21,41): error TS2307: Cannot find module '@/components/ui/StatusStates' or its corresponding type declarations.
src/views/admin/reports/StaffReport.tsx(47,12): error TS2550: Property 'entries' does not exist on type 'ObjectConstructor'. Do you need to change your target library? Try changing the 'lib' compiler option to 'es2017' or later.
src/views/admin/reports/StaffReport.tsx(47,41): error TS7031: Binding element 'key' implicitly has an 'any' type.
src/views/admin/reports/StaffReport.tsx(47,46): error TS7031: Binding element 'value' implicitly has an 'any' type.
src/views/admin/reports/StaffReport.tsx(69,24): error TS7006: Parameter 'q' implicitly has an 'any' type.
src/views/admin/reports/StaffReport.tsx(71,24): error TS7006: Parameter 'b' implicitly has an 'any' type.
src/views/admin/reports/StaffReport.tsx(123,23): error TS17004: Cannot use JSX unless the '--jsx' flag is provided.
src/views/admin/reports/StaffReport.tsx(123,44): error TS17004: Cannot use JSX unless the '--jsx' flag is provided.
src/views/admin/reports/StaffReport.tsx(126,5): error TS17004: Cannot use JSX unless the '--jsx' flag is provided.
src/views/admin/reports/StaffReport.tsx(127,7): error TS17004: Cannot use JSX unless the '--jsx' flag is provided.
src/views/admin/reports/StaffReport.tsx(128,9): error TS17004: Cannot use JSX unless the '--jsx' flag is provided.
src/views/admin/reports/StaffReport.tsx(129,11): error TS17004: Cannot use JSX unless the '--jsx' flag is provided.
src/views/admin/reports/StaffReport.tsx(130,13): error TS17004: Cannot use JSX unless the '--jsx' flag is provided.
src/views/admin/reports/StaffReport.tsx(132,11): error TS17004: Cannot use JSX unless the '--jsx' flag is provided.
src/views/admin/reports/StaffReport.tsx(134,9): error TS17004: Cannot use JSX unless the '--jsx' flag is provided.
src/views/admin/reports/StaffReport.tsx(138,11): error TS17004: Cannot use JSX unless the '--jsx' flag is provided.
src/views/admin/reports/StaffReport.tsx(142,7): error TS17004: Cannot use JSX unless the '--jsx' flag is provided.
src/views/admin/reports/StaffReport.tsx(146,29): error TS2550: Property 'values' does not exist on type 'ObjectConstructor'. Do you need to change your target library? Try changing the 'lib' compiler option to 'es2017' or later.
src/views/admin/reports/StaffReport.tsx(149,7): error TS17004: Cannot use JSX unless the '--jsx' flag is provided.
src/views/admin/reports/StaffReport.tsx(150,9): error TS17004: Cannot use JSX unless the '--jsx' flag is provided.
src/views/admin/reports/StaffReport.tsx(151,11): error TS17004: Cannot use JSX unless the '--jsx' flag is provided.
src/views/admin/reports/StaffReport.tsx(152,13): error TS17004: Cannot use JSX unless the '--jsx' flag is provided.
src/views/admin/reports/StaffReport.tsx(153,15): error TS17004: Cannot use JSX unless the '--jsx' flag is provided.
src/views/admin/reports/StaffReport.tsx(154,17): error TS17004: Cannot use JSX unless the '--jsx' flag is provided.
src/views/admin/reports/StaffReport.tsx(155,19): error TS17004: Cannot use JSX unless the '--jsx' flag is provided.
src/views/admin/reports/StaffReport.tsx(155,70): error TS17004: Cannot use JSX unless the '--jsx' flag is provided.
src/views/admin/reports/StaffReport.tsx(157,17): error TS17004: Cannot use JSX unless the '--jsx' flag is provided.
src/views/admin/reports/StaffReport.tsx(158,19): error TS17004: Cannot use JSX unless the '--jsx' flag is provided.
src/views/admin/reports/StaffReport.tsx(158,88): error TS17004: Cannot use JSX unless the '--jsx' flag is provided.
src/views/admin/reports/StaffReport.tsx(160,17): error TS17004: Cannot use JSX unless the '--jsx' flag is provided.
src/views/admin/reports/StaffReport.tsx(161,19): error TS17004: Cannot use JSX unless the '--jsx' flag is provided.
src/views/admin/reports/StaffReport.tsx(161,87): error TS17004: Cannot use JSX unless the '--jsx' flag is provided.
src/views/admin/reports/StaffReport.tsx(163,17): error TS17004: Cannot use JSX unless the '--jsx' flag is provided.
src/views/admin/reports/StaffReport.tsx(164,19): error TS17004: Cannot use JSX unless the '--jsx' flag is provided.
src/views/admin/reports/StaffReport.tsx(164,88): error TS17004: Cannot use JSX unless the '--jsx' flag is provided.
src/views/admin/reports/StaffReport.tsx(166,17): error TS17004: Cannot use JSX unless the '--jsx' flag is provided.
src/views/admin/reports/StaffReport.tsx(167,19): error TS17004: Cannot use JSX unless the '--jsx' flag is provided.
src/views/admin/reports/StaffReport.tsx(167,87): error TS17004: Cannot use JSX unless the '--jsx' flag is provided.
src/views/admin/reports/StaffReport.tsx(169,17): error TS17004: Cannot use JSX unless the '--jsx' flag is provided.
src/views/admin/reports/StaffReport.tsx(170,19): error TS17004: Cannot use JSX unless the '--jsx' flag is provided.
src/views/admin/reports/StaffReport.tsx(170,83): error TS17004: Cannot use JSX unless the '--jsx' flag is provided.
src/views/admin/reports/StaffReport.tsx(174,13): error TS17004: Cannot use JSX unless the '--jsx' flag is provided.
src/views/admin/reports/StaffReport.tsx(177,19): error TS17004: Cannot use JSX unless the '--jsx' flag is provided.
src/views/admin/reports/StaffReport.tsx(178,21): error TS17004: Cannot use JSX unless the '--jsx' flag is provided.
src/views/admin/reports/StaffReport.tsx(178,59): error TS17004: Cannot use JSX unless the '--jsx' flag is provided.
src/views/admin/reports/StaffReport.tsx(182,17): error TS17004: Cannot use JSX unless the '--jsx' flag is provided.
src/views/admin/reports/StaffReport.tsx(183,19): error TS17004: Cannot use JSX unless the '--jsx' flag is provided.
src/views/admin/reports/StaffReport.tsx(184,21): error TS17004: Cannot use JSX unless the '--jsx' flag is provided.
src/views/admin/reports/StaffReport.tsx(188,17): error TS17004: Cannot use JSX unless the '--jsx' flag is provided.
src/views/admin/reports/StaffReport.tsx(189,19): error TS17004: Cannot use JSX unless the '--jsx' flag is provided.
src/views/admin/reports/StaffReport.tsx(190,21): error TS17004: Cannot use JSX unless the '--jsx' flag is provided.
src/views/admin/reports/StaffReport.tsx(191,24): error TS17004: Cannot use JSX unless the '--jsx' flag is provided.
src/views/admin/reports/StaffReport.tsx(193,29): error TS17004: Cannot use JSX unless the '--jsx' flag is provided.
src/views/admin/reports/StaffReport.tsx(195,29): error TS17004: Cannot use JSX unless the '--jsx' flag is provided.
src/views/admin/reports/StaffReport.tsx(198,24): error TS17004: Cannot use JSX unless the '--jsx' flag is provided.
src/views/admin/reports/StaffReport.tsx(199,27): error TS17004: Cannot use JSX unless the '--jsx' flag is provided.
src/views/admin/reports/StaffReport.tsx(200,27): error TS17004: Cannot use JSX unless the '--jsx' flag is provided.
src/views/admin/reports/StaffReport.tsx(204,19): error TS17004: Cannot use JSX unless the '--jsx' flag is provided.
src/views/admin/reports/StaffReport.tsx(205,22): error TS17004: Cannot use JSX unless the '--jsx' flag is provided.
src/views/admin/reports/StaffReport.tsx(206,25): error TS17004: Cannot use JSX unless the '--jsx' flag is provided.
src/views/admin/reports/StaffReport.tsx(209,19): error TS17004: Cannot use JSX unless the '--jsx' flag is provided.
src/views/admin/reports/StaffReport.tsx(210,21): error TS17004: Cannot use JSX unless the '--jsx' flag is provided.
src/views/admin/reports/StaffReport.tsx(211,24): error TS17004: Cannot use JSX unless the '--jsx' flag is provided.
src/views/admin/reports/StaffReport.tsx(215,19): error TS17004: Cannot use JSX unless the '--jsx' flag is provided.
src/views/admin/reports/StaffReport.tsx(216,21): error TS17004: Cannot use JSX unless the '--jsx' flag is provided.
src/views/admin/reports/StaffReport.tsx(220,24): error TS17004: Cannot use JSX unless the '--jsx' flag is provided.
src/views/admin/reports/StaffReport.tsx(224,19): error TS17004: Cannot use JSX unless the '--jsx' flag is provided.
src/views/admin/reports/StaffReport.tsx(225,21): error TS17004: Cannot use JSX unless the '--jsx' flag is provided.
src/views/admin/reports/StaffReport.tsx(226,24): error TS17004: Cannot use JSX unless the '--jsx' flag is provided.
src/views/admin/reports/StaffReport.tsx(228,29): error TS17004: Cannot use JSX unless the '--jsx' flag is provided.
src/views/admin/reports/StaffReport.tsx(237,24): error TS17004: Cannot use JSX unless the '--jsx' flag is provided.
src/views/admin/reports/StaffReport.tsx(240,19): error TS17004: Cannot use JSX unless the '--jsx' flag is provided.
src/views/admin/reports/StaffReport.tsx(241,21): error TS17004: Cannot use JSX unless the '--jsx' flag is provided.
src/views/admin/rooms/HandoverChecklist.tsx(1,8): error TS1259: Module '"C:/code_visual_xanh/lab60622/lab60622/node_modules/@types/react/index"' can only be default-imported using the 'esModuleInterop' flag
src/views/admin/rooms/HandoverChecklist.tsx(5,26): error TS6133: 'CheckCircle2' is declared but its value is never read.
src/views/admin/rooms/HandoverChecklist.tsx(5,40): error TS6133: 'XCircle' is declared but its value is never read.
src/views/admin/rooms/HandoverChecklist.tsx(9,29): error TS2307: Cannot find module '@/services/roomService' or its corresponding type declarations.
src/views/admin/rooms/HandoverChecklist.tsx(11,14): error TS6133: 'formatVND' is declared but its value is never read.
src/views/admin/rooms/HandoverChecklist.tsx(11,31): error TS2307: Cannot find module '@/utils' or its corresponding type declarations.
src/views/admin/rooms/HandoverChecklist.tsx(12,25): error TS2307: Cannot find module '@/components/ui/Feedback' or its corresponding type declarations.
src/views/admin/rooms/HandoverChecklist.tsx(47,25): error TS17004: Cannot use JSX unless the '--jsx' flag is provided.
src/views/admin/rooms/HandoverChecklist.tsx(47,84): error TS17004: Cannot use JSX unless the '--jsx' flag is provided.
src/views/admin/rooms/HandoverChecklist.tsx(48,21): error TS17004: Cannot use JSX unless the '--jsx' flag is provided.
src/views/admin/rooms/HandoverChecklist.tsx(59,11): error TS6133: 'tenantSig' is declared but its value is never read.
src/views/admin/rooms/HandoverChecklist.tsx(71,5): error TS17004: Cannot use JSX unless the '--jsx' flag is provided.
src/views/admin/rooms/HandoverChecklist.tsx(73,7): error TS17004: Cannot use JSX unless the '--jsx' flag is provided.
src/views/admin/rooms/HandoverChecklist.tsx(74,9): error TS17004: Cannot use JSX unless the '--jsx' flag is provided.
src/views/admin/rooms/HandoverChecklist.tsx(75,12): error TS17004: Cannot use JSX unless the '--jsx' flag is provided.
src/views/admin/rooms/HandoverChecklist.tsx(76,14): error TS17004: Cannot use JSX unless the '--jsx' flag is provided.
src/views/admin/rooms/HandoverChecklist.tsx(78,12): error TS17004: Cannot use JSX unless the '--jsx' flag is provided.
src/views/admin/rooms/HandoverChecklist.tsx(79,15): error TS17004: Cannot use JSX unless the '--jsx' flag is provided.
src/views/admin/rooms/HandoverChecklist.tsx(80,18): error TS17004: Cannot use JSX unless the '--jsx' flag is provided.
src/views/admin/rooms/HandoverChecklist.tsx(81,18): error TS17004: Cannot use JSX unless the '--jsx' flag is provided.
src/views/admin/rooms/HandoverChecklist.tsx(88,15): error TS17004: Cannot use JSX unless the '--jsx' flag is provided.
src/views/admin/rooms/HandoverChecklist.tsx(89,18): error TS17004: Cannot use JSX unless the '--jsx' flag is provided.
src/views/admin/rooms/HandoverChecklist.tsx(89,61): error TS17004: Cannot use JSX unless the '--jsx' flag is provided.
src/views/admin/rooms/HandoverChecklist.tsx(93,9): error TS17004: Cannot use JSX unless the '--jsx' flag is provided.
src/views/admin/rooms/HandoverChecklist.tsx(94,12): error TS17004: Cannot use JSX unless the '--jsx' flag is provided.
src/views/admin/rooms/HandoverChecklist.tsx(94,68): error TS17004: Cannot use JSX unless the '--jsx' flag is provided.
src/views/admin/rooms/HandoverChecklist.tsx(95,12): error TS17004: Cannot use JSX unless the '--jsx' flag is provided.
src/views/admin/rooms/HandoverChecklist.tsx(96,15): error TS17004: Cannot use JSX unless the '--jsx' flag is provided.
src/views/admin/rooms/HandoverChecklist.tsx(102,7): error TS17004: Cannot use JSX unless the '--jsx' flag is provided.
src/views/admin/rooms/HandoverChecklist.tsx(103,10): error TS17004: Cannot use JSX unless the '--jsx' flag is provided.
src/views/admin/rooms/HandoverChecklist.tsx(105,15): error TS17004: Cannot use JSX unless the '--jsx' flag is provided.
src/views/admin/rooms/HandoverChecklist.tsx(106,18): error TS17004: Cannot use JSX unless the '--jsx' flag is provided.
src/views/admin/rooms/HandoverChecklist.tsx(107,21): error TS17004: Cannot use JSX unless the '--jsx' flag is provided.
src/views/admin/rooms/HandoverChecklist.tsx(108,24): error TS17004: Cannot use JSX unless the '--jsx' flag is provided.
src/views/admin/rooms/HandoverChecklist.tsx(111,18): error TS17004: Cannot use JSX unless the '--jsx' flag is provided.
src/views/admin/rooms/HandoverChecklist.tsx(113,23): error TS17004: Cannot use JSX unless the '--jsx' flag is provided.
src/views/admin/rooms/HandoverChecklist.tsx(114,26): error TS17004: Cannot use JSX unless the '--jsx' flag is provided.
src/views/admin/rooms/HandoverChecklist.tsx(115,29): error TS17004: Cannot use JSX unless the '--jsx' flag is provided.
src/views/admin/rooms/HandoverChecklist.tsx(116,29): error TS17004: Cannot use JSX unless the '--jsx' flag is provided.
src/views/admin/rooms/HandoverChecklist.tsx(117,32): error TS17004: Cannot use JSX unless the '--jsx' flag is provided.
src/views/admin/rooms/HandoverChecklist.tsx(123,32): error TS17004: Cannot use JSX unless the '--jsx' flag is provided.
src/views/admin/rooms/HandoverChecklist.tsx(131,26): error TS17004: Cannot use JSX unless the '--jsx' flag is provided.
src/views/admin/rooms/HandoverChecklist.tsx(132,29): error TS17004: Cannot use JSX unless the '--jsx' flag is provided.
src/views/admin/rooms/HandoverChecklist.tsx(133,32): error TS17004: Cannot use JSX unless the '--jsx' flag is provided.
src/views/admin/rooms/HandoverChecklist.tsx(145,29): error TS17004: Cannot use JSX unless the '--jsx' flag is provided.
src/views/admin/rooms/HandoverChecklist.tsx(146,32): error TS17004: Cannot use JSX unless the '--jsx' flag is provided.
src/views/admin/rooms/HandoverChecklist.tsx(150,29): error TS17004: Cannot use JSX unless the '--jsx' flag is provided.
src/views/admin/rooms/HandoverChecklist.tsx(151,32): error TS17004: Cannot use JSX unless the '--jsx' flag is provided.
src/views/admin/rooms/HandoverChecklist.tsx(161,13): error TS17004: Cannot use JSX unless the '--jsx' flag is provided.
src/views/admin/rooms/HandoverChecklist.tsx(162,16): error TS17004: Cannot use JSX unless the '--jsx' flag is provided.
src/views/admin/rooms/HandoverChecklist.tsx(163,19): error TS17004: Cannot use JSX unless the '--jsx' flag is provided.
src/views/admin/rooms/HandoverChecklist.tsx(165,16): error TS17004: Cannot use JSX unless the '--jsx' flag is provided.
src/views/admin/rooms/HandoverChecklist.tsx(166,19): error TS17004: Cannot use JSX unless the '--jsx' flag is provided.
src/views/admin/rooms/HandoverChecklist.tsx(167,22): error TS17004: Cannot use JSX unless the '--jsx' flag is provided.
src/views/admin/rooms/HandoverChecklist.tsx(168,25): error TS17004: Cannot use JSX unless the '--jsx' flag is provided.
src/views/admin/rooms/HandoverChecklist.tsx(169,28): error TS17004: Cannot use JSX unless the '--jsx' flag is provided.
src/views/admin/rooms/HandoverChecklist.tsx(170,28): error TS17004: Cannot use JSX unless the '--jsx' flag is provided.
src/views/admin/rooms/HandoverChecklist.tsx(171,28): error TS17004: Cannot use JSX unless the '--jsx' flag is provided.
src/views/admin/rooms/HandoverChecklist.tsx(174,22): error TS17004: Cannot use JSX unless the '--jsx' flag is provided.
src/views/admin/rooms/HandoverChecklist.tsx(176,27): error TS17004: Cannot use JSX unless the '--jsx' flag is provided.
src/views/admin/rooms/HandoverChecklist.tsx(177,30): error TS17004: Cannot use JSX unless the '--jsx' flag is provided.
src/views/admin/rooms/HandoverChecklist.tsx(178,33): error TS17004: Cannot use JSX unless the '--jsx' flag is provided.
src/views/admin/rooms/HandoverChecklist.tsx(179,33): error TS17004: Cannot use JSX unless the '--jsx' flag is provided.
src/views/admin/rooms/HandoverChecklist.tsx(181,30): error TS17004: Cannot use JSX unless the '--jsx' flag is provided.
src/views/admin/rooms/HandoverChecklist.tsx(182,33): error TS17004: Cannot use JSX unless the '--jsx' flag is provided.
src/views/admin/rooms/HandoverChecklist.tsx(184,30): error TS17004: Cannot use JSX unless the '--jsx' flag is provided.
src/views/admin/rooms/HandoverChecklist.tsx(185,33): error TS17004: Cannot use JSX unless the '--jsx' flag is provided.
src/views/admin/rooms/HandoverChecklist.tsx(186,36): error TS17004: Cannot use JSX unless the '--jsx' flag is provided.
src/views/admin/rooms/HandoverChecklist.tsx(187,36): error TS17004: Cannot use JSX unless the '--jsx' flag is provided.
src/views/admin/rooms/HandoverChecklist.tsx(188,36): error TS17004: Cannot use JSX unless the '--jsx' flag is provided.
src/views/admin/rooms/HandoverChecklist.tsx(189,36): error TS17004: Cannot use JSX unless the '--jsx' flag is provided.
src/views/admin/rooms/HandoverChecklist.tsx(201,10): error TS17004: Cannot use JSX unless the '--jsx' flag is provided.
src/views/admin/rooms/HandoverChecklist.tsx(202,13): error TS17004: Cannot use JSX unless the '--jsx' flag is provided.
src/views/admin/rooms/HandoverChecklist.tsx(203,17): error TS17004: Cannot use JSX unless the '--jsx' flag is provided.
src/views/admin/rooms/HandoverChecklist.tsx(205,17): error TS17004: Cannot use JSX unless the '--jsx' flag is provided.
src/views/admin/rooms/HandoverChecklist.tsx(207,20): error TS17004: Cannot use JSX unless the '--jsx' flag is provided.
src/views/admin/rooms/HandoverChecklist.tsx(208,23): error TS17004: Cannot use JSX unless the '--jsx' flag is provided.
src/views/admin/rooms/HandoverChecklist.tsx(208,122): error TS17004: Cannot use JSX unless the '--jsx' flag is provided.
src/views/admin/rooms/HandoverChecklist.tsx(209,23): error TS17004: Cannot use JSX unless the '--jsx' flag is provided.
src/views/admin/rooms/HandoverChecklist.tsx(210,26): error TS17004: Cannot use JSX unless the '--jsx' flag is provided.
src/views/admin/rooms/HandoverChecklist.tsx(215,26): error TS17004: Cannot use JSX unless the '--jsx' flag is provided.
src/views/admin/rooms/HandoverChecklist.tsx(219,29): error TS17004: Cannot use JSX unless the '--jsx' flag is provided.
src/views/admin/rooms/HandoverChecklist.tsx(225,20): error TS17004: Cannot use JSX unless the '--jsx' flag is provided.
src/views/admin/rooms/HandoverChecklist.tsx(226,23): error TS17004: Cannot use JSX unless the '--jsx' flag is provided.
src/views/admin/rooms/HandoverChecklist.tsx(226,122): error TS17004: Cannot use JSX unless the '--jsx' flag is provided.
src/views/admin/rooms/HandoverChecklist.tsx(227,23): error TS17004: Cannot use JSX unless the '--jsx' flag is provided.
src/views/admin/rooms/HandoverChecklist.tsx(228,26): error TS17004: Cannot use JSX unless the '--jsx' flag is provided.
src/views/admin/rooms/HandoverChecklist.tsx(233,26): error TS17004: Cannot use JSX unless the '--jsx' flag is provided.
src/views/admin/rooms/HandoverChecklist.tsx(237,29): error TS17004: Cannot use JSX unless the '--jsx' flag is provided.
src/views/admin/rooms/HandoverChecklist.tsx(243,17): error TS17004: Cannot use JSX unless the '--jsx' flag is provided.
src/views/admin/rooms/RoomDetail.tsx(1,8): error TS1259: Module '"C:/code_visual_xanh/lab60622/lab60622/node_modules/@types/react/index"' can only be default-imported using the 'esModuleInterop' flag
src/views/admin/rooms/RoomDetail.tsx(3,20): error TS6133: 'useMutation' is declared but its value is never read.
src/views/admin/rooms/RoomDetail.tsx(9,9): error TS6133: 'Share2' is declared but its value is never read.
src/views/admin/rooms/RoomDetail.tsx(9,17): error TS6133: 'Printer' is declared but its value is never read.
src/views/admin/rooms/RoomDetail.tsx(9,26): error TS6133: 'Download' is declared but its value is never read.
src/views/admin/rooms/RoomDetail.tsx(10,3): error TS6133: 'Calendar' is declared but its value is never read.
src/views/admin/rooms/RoomDetail.tsx(14,29): error TS2307: Cannot find module '@/services/roomService' or its corresponding type declarations.
src/views/admin/rooms/RoomDetail.tsx(15,40): error TS6133: 'RoomStatus' is declared but its value is never read.
src/views/admin/rooms/RoomDetail.tsx(15,58): error TS2307: Cannot find module '@/models/Room' or its corresponding type declarations.
src/views/admin/rooms/RoomDetail.tsx(16,29): error TS2307: Cannot find module '@/components/ui/StatusBadge' or its corresponding type declarations.
src/views/admin/rooms/RoomDetail.tsx(17,43): error TS2307: Cannot find module '@/utils' or its corresponding type declarations.
src/views/admin/rooms/RoomDetail.tsx(18,25): error TS2307: Cannot find module '@/components/ui/Feedback' or its corresponding type declarations.
src/views/admin/rooms/RoomDetail.tsx(20,27): error TS2307: Cannot find module '@/components/rooms/RoomModal' or its corresponding type declarations.
src/views/admin/rooms/RoomDetail.tsx(34,3): error TS17004: Cannot use JSX unless the '--jsx' flag is provided.
src/views/admin/rooms/RoomDetail.tsx(41,5): error TS17004: Cannot use JSX unless the '--jsx' flag is provided.
src/views/admin/rooms/RoomDetail.tsx(48,9): error TS6133: 'queryClient' is declared but its value is never read.
src/views/admin/rooms/RoomDetail.tsx(64,25): error TS17004: Cannot use JSX unless the '--jsx' flag is provided.
src/views/admin/rooms/RoomDetail.tsx(64,84): error TS17004: Cannot use JSX unless the '--jsx' flag is provided.
src/views/admin/rooms/RoomDetail.tsx(65,21): error TS17004: Cannot use JSX unless the '--jsx' flag is provided.
src/views/admin/rooms/RoomDetail.tsx(73,18): error TS2550: Property 'from' does not exist on type 'ArrayConstructor'. Do you need to change your target library? Try changing the 'lib' compiler option to 'es2015' or later.
src/views/admin/rooms/RoomDetail.tsx(73,43): error TS7006: Parameter '_' implicitly has an 'any' type.
src/views/admin/rooms/RoomDetail.tsx(73,46): error TS7006: Parameter 'i' implicitly has an 'any' type.
src/views/admin/rooms/RoomDetail.tsx(74,7): error TS17004: Cannot use JSX unless the '--jsx' flag is provided.
src/views/admin/rooms/RoomDetail.tsx(87,27): error TS17004: Cannot use JSX unless the '--jsx' flag is provided.
src/views/admin/rooms/RoomDetail.tsx(88,37): error TS17004: Cannot use JSX unless the '--jsx' flag is provided.
src/views/admin/rooms/RoomDetail.tsx(89,31): error TS17004: Cannot use JSX unless the '--jsx' flag is provided.
src/views/admin/rooms/RoomDetail.tsx(90,29): error TS17004: Cannot use JSX unless the '--jsx' flag is provided.
src/views/admin/rooms/RoomDetail.tsx(91,29): error TS17004: Cannot use JSX unless the '--jsx' flag is provided.
src/views/admin/rooms/RoomDetail.tsx(92,30): error TS17004: Cannot use JSX unless the '--jsx' flag is provided.
src/views/admin/rooms/RoomDetail.tsx(93,32): error TS17004: Cannot use JSX unless the '--jsx' flag is provided.
src/views/admin/rooms/RoomDetail.tsx(94,23): error TS17004: Cannot use JSX unless the '--jsx' flag is provided.
src/views/admin/rooms/RoomDetail.tsx(99,5): error TS17004: Cannot use JSX unless the '--jsx' flag is provided.
src/views/admin/rooms/RoomDetail.tsx(101,7): error TS17004: Cannot use JSX unless the '--jsx' flag is provided.
src/views/admin/rooms/RoomDetail.tsx(102,9): error TS17004: Cannot use JSX unless the '--jsx' flag is provided.
src/views/admin/rooms/RoomDetail.tsx(103,11): error TS17004: Cannot use JSX unless the '--jsx' flag is provided.
src/views/admin/rooms/RoomDetail.tsx(104,13): error TS17004: Cannot use JSX unless the '--jsx' flag is provided.
src/views/admin/rooms/RoomDetail.tsx(106,11): error TS17004: Cannot use JSX unless the '--jsx' flag is provided.
src/views/admin/rooms/RoomDetail.tsx(107,13): error TS17004: Cannot use JSX unless the '--jsx' flag is provided.
src/views/admin/rooms/RoomDetail.tsx(108,16): error TS17004: Cannot use JSX unless the '--jsx' flag is provided.
src/views/admin/rooms/RoomDetail.tsx(109,18): error TS17004: Cannot use JSX unless the '--jsx' flag is provided.
src/views/admin/rooms/RoomDetail.tsx(110,18): error TS17004: Cannot use JSX unless the '--jsx' flag is provided.
src/views/admin/rooms/RoomDetail.tsx(111,21): error TS17004: Cannot use JSX unless the '--jsx' flag is provided.
src/views/admin/rooms/RoomDetail.tsx(114,16): error TS17004: Cannot use JSX unless the '--jsx' flag is provided.
src/views/admin/rooms/RoomDetail.tsx(116,13): error TS17004: Cannot use JSX unless the '--jsx' flag is provided.
src/views/admin/rooms/RoomDetail.tsx(117,16): error TS17004: Cannot use JSX unless the '--jsx' flag is provided.
src/views/admin/rooms/RoomDetail.tsx(117,60): error TS17004: Cannot use JSX unless the '--jsx' flag is provided.
src/views/admin/rooms/RoomDetail.tsx(118,16): error TS17004: Cannot use JSX unless the '--jsx' flag is provided.
src/views/admin/rooms/RoomDetail.tsx(118,60): error TS17004: Cannot use JSX unless the '--jsx' flag is provided.
src/views/admin/rooms/RoomDetail.tsx(119,16): error TS17004: Cannot use JSX unless the '--jsx' flag is provided.
src/views/admin/rooms/RoomDetail.tsx(119,60): error TS17004: Cannot use JSX unless the '--jsx' flag is provided.
src/views/admin/rooms/RoomDetail.tsx(124,9): error TS17004: Cannot use JSX unless the '--jsx' flag is provided.
src/views/admin/rooms/RoomDetail.tsx(126,13): error TS17004: Cannot use JSX unless the '--jsx' flag is provided.
src/views/admin/rooms/RoomDetail.tsx(127,15): error TS17004: Cannot use JSX unless the '--jsx' flag is provided.
src/views/admin/rooms/RoomDetail.tsx(131,17): error TS17004: Cannot use JSX unless the '--jsx' flag is provided.
src/views/admin/rooms/RoomDetail.tsx(133,15): error TS17004: Cannot use JSX unless the '--jsx' flag is provided.
src/views/admin/rooms/RoomDetail.tsx(134,18): error TS17004: Cannot use JSX unless the '--jsx' flag is provided.
src/views/admin/rooms/RoomDetail.tsx(139,13): error TS17004: Cannot use JSX unless the '--jsx' flag is provided.
src/views/admin/rooms/RoomDetail.tsx(140,15): error TS17004: Cannot use JSX unless the '--jsx' flag is provided.
src/views/admin/rooms/RoomDetail.tsx(141,17): error TS17004: Cannot use JSX unless the '--jsx' flag is provided.
src/views/admin/rooms/RoomDetail.tsx(143,15): error TS17004: Cannot use JSX unless the '--jsx' flag is provided.
src/views/admin/rooms/RoomDetail.tsx(147,17): error TS17004: Cannot use JSX unless the '--jsx' flag is provided.
src/views/admin/rooms/RoomDetail.tsx(152,13): error TS17004: Cannot use JSX unless the '--jsx' flag is provided.
src/views/admin/rooms/RoomDetail.tsx(153,15): error TS17004: Cannot use JSX unless the '--jsx' flag is provided.
src/views/admin/rooms/RoomDetail.tsx(156,11): error TS17004: Cannot use JSX unless the '--jsx' flag is provided.
src/views/admin/rooms/RoomDetail.tsx(161,14): error TS17004: Cannot use JSX unless the '--jsx' flag is provided.
src/views/admin/rooms/RoomDetail.tsx(163,11): error TS17004: Cannot use JSX unless the '--jsx' flag is provided.
src/views/admin/rooms/RoomDetail.tsx(164,14): error TS17004: Cannot use JSX unless the '--jsx' flag is provided.
src/views/admin/rooms/RoomDetail.tsx(169,7): error TS17004: Cannot use JSX unless the '--jsx' flag is provided.
src/views/admin/rooms/RoomDetail.tsx(170,9): error TS17004: Cannot use JSX unless the '--jsx' flag is provided.
src/views/admin/rooms/RoomDetail.tsx(171,11): error TS17004: Cannot use JSX unless the '--jsx' flag is provided.
src/views/admin/rooms/RoomDetail.tsx(172,11): error TS17004: Cannot use JSX unless the '--jsx' flag is provided.
src/views/admin/rooms/RoomDetail.tsx(173,11): error TS17004: Cannot use JSX unless the '--jsx' flag is provided.
src/views/admin/rooms/RoomDetail.tsx(174,11): error TS17004: Cannot use JSX unless the '--jsx' flag is provided.
src/views/admin/rooms/RoomDetail.tsx(175,11): error TS17004: Cannot use JSX unless the '--jsx' flag is provided.
src/views/admin/rooms/RoomDetail.tsx(176,11): error TS17004: Cannot use JSX unless the '--jsx' flag is provided.
src/views/admin/rooms/RoomDetail.tsx(179,9): error TS17004: Cannot use JSX unless the '--jsx' flag is provided.
src/views/admin/rooms/RoomDetail.tsx(181,13): error TS17004: Cannot use JSX unless the '--jsx' flag is provided.
src/views/admin/rooms/RoomDetail.tsx(182,15): error TS17004: Cannot use JSX unless the '--jsx' flag is provided.
src/views/admin/rooms/RoomDetail.tsx(183,17): error TS17004: Cannot use JSX unless the '--jsx' flag is provided.
src/views/admin/rooms/RoomDetail.tsx(192,21): error TS17004: Cannot use JSX unless the '--jsx' flag is provided.
src/views/admin/rooms/RoomDetail.tsx(193,24): error TS17004: Cannot use JSX unless the '--jsx' flag is provided.
src/views/admin/rooms/RoomDetail.tsx(194,27): error TS17004: Cannot use JSX unless the '--jsx' flag is provided.
src/views/admin/rooms/RoomDetail.tsx(196,24): error TS17004: Cannot use JSX unless the '--jsx' flag is provided.
src/views/admin/rooms/RoomDetail.tsx(197,27): error TS17004: Cannot use JSX unless the '--jsx' flag is provided.
src/views/admin/rooms/RoomDetail.tsx(198,27): error TS17004: Cannot use JSX unless the '--jsx' flag is provided.
src/views/admin/rooms/RoomDetail.tsx(204,17): error TS17004: Cannot use JSX unless the '--jsx' flag is provided.
src/views/admin/rooms/RoomDetail.tsx(205,20): error TS17004: Cannot use JSX unless the '--jsx' flag is provided.
src/views/admin/rooms/RoomDetail.tsx(206,20): error TS17004: Cannot use JSX unless the '--jsx' flag is provided.
src/views/admin/rooms/RoomDetail.tsx(207,44): error TS7006: Parameter 'amenity' implicitly has an 'any' type.
src/views/admin/rooms/RoomDetail.tsx(207,53): error TS7006: Parameter 'i' implicitly has an 'any' type.
src/views/admin/rooms/RoomDetail.tsx(208,25): error TS17004: Cannot use JSX unless the '--jsx' flag is provided.
src/views/admin/rooms/RoomDetail.tsx(209,28): error TS17004: Cannot use JSX unless the '--jsx' flag is provided.
src/views/admin/rooms/RoomDetail.tsx(212,28): error TS17004: Cannot use JSX unless the '--jsx' flag is provided.
src/views/admin/rooms/RoomDetail.tsx(218,17): error TS17004: Cannot use JSX unless the '--jsx' flag is provided.
src/views/admin/rooms/RoomDetail.tsx(219,20): error TS17004: Cannot use JSX unless the '--jsx' flag is provided.
src/views/admin/rooms/RoomDetail.tsx(220,20): error TS17004: Cannot use JSX unless the '--jsx' flag is provided.
src/views/admin/rooms/RoomDetail.tsx(221,23): error TS17004: Cannot use JSX unless the '--jsx' flag is provided.
src/views/admin/rooms/RoomDetail.tsx(221,86): error TS17004: Cannot use JSX unless the '--jsx' flag is provided.
src/views/admin/rooms/RoomDetail.tsx(222,23): error TS17004: Cannot use JSX unless the '--jsx' flag is provided.
src/views/admin/rooms/RoomDetail.tsx(227,15): error TS17004: Cannot use JSX unless the '--jsx' flag is provided.
src/views/admin/rooms/RoomDetail.tsx(228,18): error TS17004: Cannot use JSX unless the '--jsx' flag is provided.
src/views/admin/rooms/RoomDetail.tsx(229,21): error TS17004: Cannot use JSX unless the '--jsx' flag is provided.
src/views/admin/rooms/RoomDetail.tsx(230,24): error TS17004: Cannot use JSX unless the '--jsx' flag is provided.
src/views/admin/rooms/RoomDetail.tsx(232,21): error TS17004: Cannot use JSX unless the '--jsx' flag is provided.
src/views/admin/rooms/RoomDetail.tsx(233,21): error TS17004: Cannot use JSX unless the '--jsx' flag is provided.
src/views/admin/rooms/RoomDetail.tsx(234,24): error TS17004: Cannot use JSX unless the '--jsx' flag is provided.
src/views/admin/rooms/RoomDetail.tsx(235,24): error TS17004: Cannot use JSX unless the '--jsx' flag is provided.
src/views/admin/rooms/RoomDetail.tsx(237,21): error TS17004: Cannot use JSX unless the '--jsx' flag is provided.
src/views/admin/rooms/RoomDetail.tsx(240,21): error TS17004: Cannot use JSX unless the '--jsx' flag is provided.
src/views/admin/rooms/RoomDetail.tsx(241,24): error TS17004: Cannot use JSX unless the '--jsx' flag is provided.
src/views/admin/rooms/RoomDetail.tsx(242,27): error TS17004: Cannot use JSX unless the '--jsx' flag is provided.
src/views/admin/rooms/RoomDetail.tsx(243,46): error TS17004: Cannot use JSX unless the '--jsx' flag is provided.
src/views/admin/rooms/RoomDetail.tsx(243,96): error TS17004: Cannot use JSX unless the '--jsx' flag is provided.
src/views/admin/rooms/RoomDetail.tsx(243,156): error TS17004: Cannot use JSX unless the '--jsx' flag is provided.
src/views/admin/rooms/RoomDetail.tsx(245,24): error TS17004: Cannot use JSX unless the '--jsx' flag is provided.
src/views/admin/rooms/RoomDetail.tsx(246,27): error TS17004: Cannot use JSX unless the '--jsx' flag is provided.
src/views/admin/rooms/RoomDetail.tsx(247,27): error TS17004: Cannot use JSX unless the '--jsx' flag is provided.
src/views/admin/rooms/RoomDetail.tsx(252,18): error TS17004: Cannot use JSX unless the '--jsx' flag is provided.
src/views/admin/rooms/RoomDetail.tsx(253,21): error TS17004: Cannot use JSX unless the '--jsx' flag is provided.
src/views/admin/rooms/RoomDetail.tsx(255,23): error TS17004: Cannot use JSX unless the '--jsx' flag is provided.
src/views/admin/rooms/RoomDetail.tsx(256,48): error TS7006: Parameter 'name' implicitly has an 'any' type.
src/views/admin/rooms/RoomDetail.tsx(256,54): error TS7006: Parameter 'i' implicitly has an 'any' type.
src/views/admin/rooms/RoomDetail.tsx(257,27): error TS17004: Cannot use JSX unless the '--jsx' flag is provided.
src/views/admin/rooms/RoomDetail.tsx(258,30): error TS17004: Cannot use JSX unless the '--jsx' flag is provided.
src/views/admin/rooms/RoomDetail.tsx(259,30): error TS17004: Cannot use JSX unless the '--jsx' flag is provided.
src/views/admin/rooms/RoomDetail.tsx(260,33): error TS17004: Cannot use JSX unless the '--jsx' flag is provided.
src/views/admin/rooms/RoomDetail.tsx(261,33): error TS17004: Cannot use JSX unless the '--jsx' flag is provided.
src/views/admin/rooms/RoomDetail.tsx(263,30): error TS17004: Cannot use JSX unless the '--jsx' flag is provided.
src/views/admin/rooms/RoomDetail.tsx(264,33): error TS17004: Cannot use JSX unless the '--jsx' flag is provided.
src/views/admin/rooms/RoomDetail.tsx(270,23): error TS17004: Cannot use JSX unless the '--jsx' flag is provided.
src/views/admin/rooms/RoomDetail.tsx(271,25): error TS17004: Cannot use JSX unless the '--jsx' flag is provided.
src/views/admin/rooms/RoomDetail.tsx(272,28): error TS17004: Cannot use JSX unless the '--jsx' flag is provided.
src/views/admin/rooms/RoomDetail.tsx(274,25): error TS17004: Cannot use JSX unless the '--jsx' flag is provided.
src/views/admin/rooms/RoomDetail.tsx(283,13): error TS17004: Cannot use JSX unless the '--jsx' flag is provided.
src/views/admin/rooms/RoomDetail.tsx(284,16): error TS17004: Cannot use JSX unless the '--jsx' flag is provided.
src/views/admin/rooms/RoomDetail.tsx(285,19): error TS17004: Cannot use JSX unless the '--jsx' flag is provided.
src/views/admin/rooms/RoomDetail.tsx(286,21): error TS17004: Cannot use JSX unless the '--jsx' flag is provided.
src/views/admin/rooms/RoomDetail.tsx(287,21): error TS17004: Cannot use JSX unless the '--jsx' flag is provided.
src/views/admin/rooms/RoomDetail.tsx(289,19): error TS17004: Cannot use JSX unless the '--jsx' flag is provided.
src/views/admin/rooms/RoomDetail.tsx(290,22): error TS17004: Cannot use JSX unless the '--jsx' flag is provided.
src/views/admin/rooms/RoomDetail.tsx(290,102): error TS17004: Cannot use JSX unless the '--jsx' flag is provided.
src/views/admin/rooms/RoomDetail.tsx(291,22): error TS17004: Cannot use JSX unless the '--jsx' flag is provided.
src/views/admin/rooms/RoomDetail.tsx(291,102): error TS17004: Cannot use JSX unless the '--jsx' flag is provided.
src/views/admin/rooms/RoomDetail.tsx(295,16): error TS17004: Cannot use JSX unless the '--jsx' flag is provided.
src/views/admin/rooms/RoomDetail.tsx(298,30): error TS6133: 'e' is declared but its value is never read.
src/views/admin/rooms/RoomDetail.tsx(298,30): error TS7006: Parameter 'e' implicitly has an 'any' type.
src/views/admin/rooms/RoomDetail.tsx(302,18): error TS17004: Cannot use JSX unless the '--jsx' flag is provided.
src/views/admin/rooms/RoomDetail.tsx(303,43): error TS7006: Parameter 'img' implicitly has an 'any' type.
src/views/admin/rooms/RoomDetail.tsx(306,20): error TS17004: Cannot use JSX unless the '--jsx' flag is provided.
src/views/admin/rooms/RoomDetail.tsx(307,40): error TS7006: Parameter 'img' implicitly has an 'any' type.
src/views/admin/rooms/RoomDetail.tsx(308,24): error TS17004: Cannot use JSX unless the '--jsx' flag is provided.
src/views/admin/rooms/RoomDetail.tsx(309,27): error TS17004: Cannot use JSX unless the '--jsx' flag is provided.
src/views/admin/rooms/RoomDetail.tsx(311,29): error TS17004: Cannot use JSX unless the '--jsx' flag is provided.
src/views/admin/rooms/RoomDetail.tsx(313,27): error TS17004: Cannot use JSX unless the '--jsx' flag is provided.
src/views/admin/rooms/RoomDetail.tsx(314,30): error TS17004: Cannot use JSX unless the '--jsx' flag is provided.
src/views/admin/rooms/RoomDetail.tsx(314,208): error TS17004: Cannot use JSX unless the '--jsx' flag is provided.
src/views/admin/rooms/RoomDetail.tsx(315,30): error TS17004: Cannot use JSX unless the '--jsx' flag is provided.
src/views/admin/rooms/RoomDetail.tsx(315,206): error TS17004: Cannot use JSX unless the '--jsx' flag is provided.
src/views/admin/rooms/RoomDetail.tsx(326,13): error TS17004: Cannot use JSX unless the '--jsx' flag is provided.
src/views/admin/rooms/RoomDetail.tsx(327,16): error TS17004: Cannot use JSX unless the '--jsx' flag is provided.
src/views/admin/rooms/RoomDetail.tsx(328,19): error TS17004: Cannot use JSX unless the '--jsx' flag is provided.
src/views/admin/rooms/RoomDetail.tsx(329,21): error TS17004: Cannot use JSX unless the '--jsx' flag is provided.
src/views/admin/rooms/RoomDetail.tsx(330,21): error TS17004: Cannot use JSX unless the '--jsx' flag is provided.
src/views/admin/rooms/RoomDetail.tsx(332,19): error TS17004: Cannot use JSX unless the '--jsx' flag is provided.
src/views/admin/rooms/RoomDetail.tsx(332,99): error TS17004: Cannot use JSX unless the '--jsx' flag is provided.
src/views/admin/rooms/RoomDetail.tsx(334,16): error TS17004: Cannot use JSX unless the '--jsx' flag is provided.
src/views/admin/rooms/RoomDetail.tsx(335,37): error TS7006: Parameter 'meter' implicitly has an 'any' type.
src/views/admin/rooms/RoomDetail.tsx(336,21): error TS17004: Cannot use JSX unless the '--jsx' flag is provided.
src/views/admin/rooms/RoomDetail.tsx(337,24): error TS17004: Cannot use JSX unless the '--jsx' flag is provided.
src/views/admin/rooms/RoomDetail.tsx(338,27): error TS17004: Cannot use JSX unless the '--jsx' flag is provided.
src/views/admin/rooms/RoomDetail.tsx(339,30): error TS17004: Cannot use JSX unless the '--jsx' flag is provided.
src/views/admin/rooms/RoomDetail.tsx(343,70): error TS17004: Cannot use JSX unless the '--jsx' flag is provided.
src/views/admin/rooms/RoomDetail.tsx(343,90): error TS17004: Cannot use JSX unless the '--jsx' flag is provided.
src/views/admin/rooms/RoomDetail.tsx(345,30): error TS17004: Cannot use JSX unless the '--jsx' flag is provided.
src/views/admin/rooms/RoomDetail.tsx(346,33): error TS17004: Cannot use JSX unless the '--jsx' flag is provided.
src/views/admin/rooms/RoomDetail.tsx(347,33): error TS17004: Cannot use JSX unless the '--jsx' flag is provided.
src/views/admin/rooms/RoomDetail.tsx(350,27): error TS17004: Cannot use JSX unless the '--jsx' flag is provided.
src/views/admin/rooms/RoomDetail.tsx(351,30): error TS17004: Cannot use JSX unless the '--jsx' flag is provided.
src/views/admin/rooms/RoomDetail.tsx(355,24): error TS17004: Cannot use JSX unless the '--jsx' flag is provided.
src/views/admin/rooms/RoomDetail.tsx(356,27): error TS17004: Cannot use JSX unless the '--jsx' flag is provided.
src/views/admin/rooms/RoomDetail.tsx(357,30): error TS17004: Cannot use JSX unless the '--jsx' flag is provided.
src/views/admin/rooms/RoomDetail.tsx(358,33): error TS17004: Cannot use JSX unless the '--jsx' flag is provided.
src/views/admin/rooms/RoomDetail.tsx(359,33): error TS17004: Cannot use JSX unless the '--jsx' flag is provided.
src/views/admin/rooms/RoomDetail.tsx(360,36): error TS17004: Cannot use JSX unless the '--jsx' flag is provided.
src/views/admin/rooms/RoomDetail.tsx(361,36): error TS17004: Cannot use JSX unless the '--jsx' flag is provided.
src/views/admin/rooms/RoomDetail.tsx(363,33): error TS17004: Cannot use JSX unless the '--jsx' flag is provided.
src/views/admin/rooms/RoomDetail.tsx(364,36): error TS17004: Cannot use JSX unless the '--jsx' flag is provided.
src/views/admin/rooms/RoomDetail.tsx(368,30): error TS17004: Cannot use JSX unless the '--jsx' flag is provided.
src/views/admin/rooms/RoomDetail.tsx(369,32): error TS17004: Cannot use JSX unless the '--jsx' flag is provided.
src/views/admin/rooms/RoomDetail.tsx(370,34): error TS17004: Cannot use JSX unless the '--jsx' flag is provided.
src/views/admin/rooms/RoomDetail.tsx(371,37): error TS17004: Cannot use JSX unless the '--jsx' flag is provided.
src/views/admin/rooms/RoomDetail.tsx(379,37): error TS17004: Cannot use JSX unless the '--jsx' flag is provided.
src/views/admin/rooms/RoomDetail.tsx(383,45): error TS17004: Cannot use JSX unless the '--jsx' flag is provided.
src/views/admin/rooms/RoomDetail.tsx(400,16): error TS17004: Cannot use JSX unless the '--jsx' flag is provided.
src/views/admin/rooms/RoomDetail.tsx(401,19): error TS17004: Cannot use JSX unless the '--jsx' flag is provided.
src/views/admin/rooms/RoomDetail.tsx(402,21): error TS17004: Cannot use JSX unless the '--jsx' flag is provided.
src/views/admin/rooms/RoomDetail.tsx(404,19): error TS17004: Cannot use JSX unless the '--jsx' flag is provided.
src/views/admin/rooms/RoomDetail.tsx(405,21): error TS17004: Cannot use JSX unless the '--jsx' flag is provided.
src/views/admin/rooms/RoomDetail.tsx(406,21): error TS17004: Cannot use JSX unless the '--jsx' flag is provided.
src/views/admin/rooms/RoomDetail.tsx(407,64): error TS17004: Cannot use JSX unless the '--jsx' flag is provided.
src/views/admin/rooms/RoomDetail.tsx(408,31): error TS17004: Cannot use JSX unless the '--jsx' flag is provided.
src/views/admin/rooms/RoomDetail.tsx(416,13): error TS17004: Cannot use JSX unless the '--jsx' flag is provided.
src/views/admin/rooms/RoomDetail.tsx(417,16): error TS17004: Cannot use JSX unless the '--jsx' flag is provided.
src/views/admin/rooms/RoomDetail.tsx(418,19): error TS17004: Cannot use JSX unless the '--jsx' flag is provided.
src/views/admin/rooms/RoomDetail.tsx(419,21): error TS17004: Cannot use JSX unless the '--jsx' flag is provided.
src/views/admin/rooms/RoomDetail.tsx(420,21): error TS17004: Cannot use JSX unless the '--jsx' flag is provided.
src/views/admin/rooms/RoomDetail.tsx(422,19): error TS17004: Cannot use JSX unless the '--jsx' flag is provided.
src/views/admin/rooms/RoomDetail.tsx(422,148): error TS17004: Cannot use JSX unless the '--jsx' flag is provided.
src/views/admin/rooms/RoomDetail.tsx(424,16): error TS17004: Cannot use JSX unless the '--jsx' flag is provided.
src/views/admin/rooms/RoomDetail.tsx(425,18): error TS17004: Cannot use JSX unless the '--jsx' flag is provided.
src/views/admin/rooms/RoomDetail.tsx(426,21): error TS17004: Cannot use JSX unless the '--jsx' flag is provided.
src/views/admin/rooms/RoomDetail.tsx(427,23): error TS17004: Cannot use JSX unless the '--jsx' flag is provided.
src/views/admin/rooms/RoomDetail.tsx(428,25): error TS17004: Cannot use JSX unless the '--jsx' flag is provided.
src/views/admin/rooms/RoomDetail.tsx(429,27): error TS17004: Cannot use JSX unless the '--jsx' flag is provided.
src/views/admin/rooms/RoomDetail.tsx(430,27): error TS17004: Cannot use JSX unless the '--jsx' flag is provided.
src/views/admin/rooms/RoomDetail.tsx(431,27): error TS17004: Cannot use JSX unless the '--jsx' flag is provided.
src/views/admin/rooms/RoomDetail.tsx(432,27): error TS17004: Cannot use JSX unless the '--jsx' flag is provided.
src/views/admin/rooms/RoomDetail.tsx(433,27): error TS17004: Cannot use JSX unless the '--jsx' flag is provided.
src/views/admin/rooms/RoomDetail.tsx(436,23): error TS17004: Cannot use JSX unless the '--jsx' flag is provided.
src/views/admin/rooms/RoomDetail.tsx(437,43): error TS7006: Parameter 'asset' implicitly has an 'any' type.
src/views/admin/rooms/RoomDetail.tsx(438,27): error TS17004: Cannot use JSX unless the '--jsx' flag is provided.
src/views/admin/rooms/RoomDetail.tsx(439,30): error TS17004: Cannot use JSX unless the '--jsx' flag is provided.
src/views/admin/rooms/RoomDetail.tsx(440,33): error TS17004: Cannot use JSX unless the '--jsx' flag is provided.
src/views/admin/rooms/RoomDetail.tsx(441,36): error TS17004: Cannot use JSX unless the '--jsx' flag is provided.
src/views/admin/rooms/RoomDetail.tsx(442,69): error TS17004: Cannot use JSX unless the '--jsx' flag is provided.
src/views/admin/rooms/RoomDetail.tsx(442,89): error TS17004: Cannot use JSX unless the '--jsx' flag is provided.
src/views/admin/rooms/RoomDetail.tsx(444,36): error TS17004: Cannot use JSX unless the '--jsx' flag is provided.
src/views/admin/rooms/RoomDetail.tsx(445,39): error TS17004: Cannot use JSX unless the '--jsx' flag is provided.
src/views/admin/rooms/RoomDetail.tsx(446,39): error TS17004: Cannot use JSX unless the '--jsx' flag is provided.
src/views/admin/rooms/RoomDetail.tsx(450,30): error TS17004: Cannot use JSX unless the '--jsx' flag is provided.
src/views/admin/rooms/RoomDetail.tsx(451,33): error TS17004: Cannot use JSX unless the '--jsx' flag is provided.
src/views/admin/rooms/RoomDetail.tsx(453,30): error TS17004: Cannot use JSX unless the '--jsx' flag is provided.
src/views/admin/rooms/RoomDetail.tsx(454,33): error TS17004: Cannot use JSX unless the '--jsx' flag is provided.
src/views/admin/rooms/RoomDetail.tsx(458,30): error TS17004: Cannot use JSX unless the '--jsx' flag is provided.
src/views/admin/rooms/RoomDetail.tsx(459,30): error TS17004: Cannot use JSX unless the '--jsx' flag is provided.
src/views/admin/rooms/RoomDetail.tsx(460,33): error TS17004: Cannot use JSX unless the '--jsx' flag is provided.
src/views/admin/rooms/RoomDetail.tsx(461,36): error TS17004: Cannot use JSX unless the '--jsx' flag is provided.
src/views/admin/rooms/RoomDetail.tsx(474,13): error TS17004: Cannot use JSX unless the '--jsx' flag is provided.
src/views/admin/rooms/RoomDetail.tsx(475,16): error TS17004: Cannot use JSX unless the '--jsx' flag is provided.
src/views/admin/rooms/RoomDetail.tsx(476,18): error TS17004: Cannot use JSX unless the '--jsx' flag is provided.
src/views/admin/rooms/RoomDetail.tsx(477,18): error TS17004: Cannot use JSX unless the '--jsx' flag is provided.
src/views/admin/rooms/RoomDetail.tsx(479,16): error TS17004: Cannot use JSX unless the '--jsx' flag is provided.
src/views/admin/rooms/RoomDetail.tsx(480,18): error TS17004: Cannot use JSX unless the '--jsx' flag is provided.
src/views/admin/rooms/RoomDetail.tsx(481,21): error TS17004: Cannot use JSX unless the '--jsx' flag is provided.
src/views/admin/rooms/RoomDetail.tsx(482,23): error TS17004: Cannot use JSX unless the '--jsx' flag is provided.
src/views/admin/rooms/RoomDetail.tsx(483,25): error TS17004: Cannot use JSX unless the '--jsx' flag is provided.
src/views/admin/rooms/RoomDetail.tsx(484,27): error TS17004: Cannot use JSX unless the '--jsx' flag is provided.
src/views/admin/rooms/RoomDetail.tsx(485,27): error TS17004: Cannot use JSX unless the '--jsx' flag is provided.
src/views/admin/rooms/RoomDetail.tsx(485,89): error TS17004: Cannot use JSX unless the '--jsx' flag is provided.
src/views/admin/rooms/RoomDetail.tsx(486,27): error TS17004: Cannot use JSX unless the '--jsx' flag is provided.
src/views/admin/rooms/RoomDetail.tsx(487,27): error TS17004: Cannot use JSX unless the '--jsx' flag is provided.
src/views/admin/rooms/RoomDetail.tsx(488,27): error TS17004: Cannot use JSX unless the '--jsx' flag is provided.
src/views/admin/rooms/RoomDetail.tsx(489,27): error TS17004: Cannot use JSX unless the '--jsx' flag is provided.
src/views/admin/rooms/RoomDetail.tsx(492,23): error TS17004: Cannot use JSX unless the '--jsx' flag is provided.
src/views/admin/rooms/RoomDetail.tsx(493,50): error TS7006: Parameter 'h' implicitly has an 'any' type.
src/views/admin/rooms/RoomDetail.tsx(494,27): error TS17004: Cannot use JSX unless the '--jsx' flag is provided.
src/views/admin/rooms/RoomDetail.tsx(495,30): error TS17004: Cannot use JSX unless the '--jsx' flag is provided.
src/views/admin/rooms/RoomDetail.tsx(495,56): error TS17004: Cannot use JSX unless the '--jsx' flag is provided.
src/views/admin/rooms/RoomDetail.tsx(496,30): error TS17004: Cannot use JSX unless the '--jsx' flag is provided.
src/views/admin/rooms/RoomDetail.tsx(496,68): error TS17004: Cannot use JSX unless the '--jsx' flag is provided.
src/views/admin/rooms/RoomDetail.tsx(497,30): error TS17004: Cannot use JSX unless the '--jsx' flag is provided.
src/views/admin/rooms/RoomDetail.tsx(497,56): error TS17004: Cannot use JSX unless the '--jsx' flag is provided.
src/views/admin/rooms/RoomDetail.tsx(498,30): error TS17004: Cannot use JSX unless the '--jsx' flag is provided.
src/views/admin/rooms/RoomDetail.tsx(499,30): error TS17004: Cannot use JSX unless the '--jsx' flag is provided.
src/views/admin/rooms/RoomDetail.tsx(500,33): error TS17004: Cannot use JSX unless the '--jsx' flag is provided.
src/views/admin/rooms/RoomDetail.tsx(501,36): error TS17004: Cannot use JSX unless the '--jsx' flag is provided.
src/views/admin/rooms/RoomDetail.tsx(502,36): error TS17004: Cannot use JSX unless the '--jsx' flag is provided.
src/views/admin/rooms/RoomDetail.tsx(505,30): error TS17004: Cannot use JSX unless the '--jsx' flag is provided.
src/views/admin/rooms/RoomDetail.tsx(506,33): error TS17004: Cannot use JSX unless the '--jsx' flag is provided.
src/views/admin/rooms/RoomDetail.tsx(507,36): error TS17004: Cannot use JSX unless the '--jsx' flag is provided.
src/views/admin/rooms/RoomDetail.tsx(509,38): error TS17004: Cannot use JSX unless the '--jsx' flag is provided.
src/views/admin/rooms/RoomDetail.tsx(513,41): error TS17004: Cannot use JSX unless the '--jsx' flag is provided.
src/views/admin/rooms/RoomDetail.tsx(525,16): error TS17004: Cannot use JSX unless the '--jsx' flag is provided.
src/views/admin/rooms/RoomDetail.tsx(526,19): error TS17004: Cannot use JSX unless the '--jsx' flag is provided.
src/views/admin/rooms/RoomDetail.tsx(526,63): error TS17004: Cannot use JSX unless the '--jsx' flag is provided.
src/views/admin/rooms/RoomDetail.tsx(527,104): error TS17004: Cannot use JSX unless the '--jsx' flag is provided.
src/views/admin/rooms/RoomDetail.tsx(533,14): error TS17004: Cannot use JSX unless the '--jsx' flag is provided.
src/views/admin/rooms/RoomDetail.tsx(534,17): error TS17004: Cannot use JSX unless the '--jsx' flag is provided.
src/views/admin/rooms/RoomDetail.tsx(535,20): error TS17004: Cannot use JSX unless the '--jsx' flag is provided.
src/views/admin/rooms/RoomDetail.tsx(537,17): error TS17004: Cannot use JSX unless the '--jsx' flag is provided.
src/views/admin/rooms/RoomDetail.tsx(538,20): error TS17004: Cannot use JSX unless the '--jsx' flag is provided.
src/views/admin/rooms/RoomDetail.tsx(539,20): error TS17004: Cannot use JSX unless the '--jsx' flag is provided.
src/views/admin/rooms/RoomDetail.tsx(541,17): error TS17004: Cannot use JSX unless the '--jsx' flag is provided.
src/views/admin/rooms/RoomDetail.tsx(547,7): error TS17004: Cannot use JSX unless the '--jsx' flag is provided.
src/views/admin/rooms/RoomList.tsx(1,8): error TS1259: Module '"C:/code_visual_xanh/lab60622/lab60622/node_modules/@types/react/index"' can only be default-imported using the 'esModuleInterop' flag
src/views/admin/rooms/RoomList.tsx(3,28): error TS6133: 'Filter' is declared but its value is never read.
src/views/admin/rooms/RoomList.tsx(5,9): error TS6133: 'Key' is declared but its value is never read.
src/views/admin/rooms/RoomList.tsx(5,14): error TS6133: 'ClipboardList' is declared but its value is never read.
src/views/admin/rooms/RoomList.tsx(6,3): error TS6133: 'ChevronRight' is declared but its value is never read.
src/views/admin/rooms/RoomList.tsx(6,17): error TS6133: 'ArrowUpDown' is declared but its value is never read.
src/views/admin/rooms/RoomList.tsx(6,30): error TS6133: 'Smartphone' is declared but its value is never read.
src/views/admin/rooms/RoomList.tsx(7,3): error TS6133: 'Zap' is declared but its value is never read.
src/views/admin/rooms/RoomList.tsx(7,8): error TS6133: 'Droplets' is declared but its value is never read.
src/views/admin/rooms/RoomList.tsx(11,29): error TS2307: Cannot find module '@/services/roomService' or its corresponding type declarations.
src/views/admin/rooms/RoomList.tsx(12,34): error TS2307: Cannot find module '@/models/Room' or its corresponding type declarations.
src/views/admin/rooms/RoomList.tsx(13,29): error TS2307: Cannot find module '@/components/ui/StatusBadge' or its corresponding type declarations.
src/views/admin/rooms/RoomList.tsx(14,31): error TS2307: Cannot find module '@/utils' or its corresponding type declarations.
src/views/admin/rooms/RoomList.tsx(15,24): error TS2307: Cannot find module '@/stores/uiStore' or its corresponding type declarations.
src/views/admin/rooms/RoomList.tsx(16,31): error TS2307: Cannot find module '@/hooks/usePermission' or its corresponding type declarations.
src/views/admin/rooms/RoomList.tsx(17,27): error TS2307: Cannot find module '@/components/rooms/RoomModal' or its corresponding type declarations.
src/views/admin/rooms/RoomList.tsx(18,29): error TS2307: Cannot find module '@/components/ui/SelectAsync' or its corresponding type declarations.
src/views/admin/rooms/RoomList.tsx(19,33): error TS2307: Cannot find module '@/services/buildingService' or its corresponding type declarations.
src/views/admin/rooms/RoomList.tsx(79,5): error TS17004: Cannot use JSX unless the '--jsx' flag is provided.
src/views/admin/rooms/RoomList.tsx(80,7): error TS17004: Cannot use JSX unless the '--jsx' flag is provided.
src/views/admin/rooms/RoomList.tsx(81,9): error TS17004: Cannot use JSX unless the '--jsx' flag is provided.
src/views/admin/rooms/RoomList.tsx(82,11): error TS17004: Cannot use JSX unless the '--jsx' flag is provided.
src/views/admin/rooms/RoomList.tsx(83,11): error TS17004: Cannot use JSX unless the '--jsx' flag is provided.
src/views/admin/rooms/RoomList.tsx(85,9): error TS17004: Cannot use JSX unless the '--jsx' flag is provided.
src/views/admin/rooms/RoomList.tsx(86,11): error TS17004: Cannot use JSX unless the '--jsx' flag is provided.
src/views/admin/rooms/RoomList.tsx(87,13): error TS17004: Cannot use JSX unless the '--jsx' flag is provided.
src/views/admin/rooms/RoomList.tsx(95,15): error TS17004: Cannot use JSX unless the '--jsx' flag is provided.
src/views/admin/rooms/RoomList.tsx(97,13): error TS17004: Cannot use JSX unless the '--jsx' flag is provided.
src/views/admin/rooms/RoomList.tsx(105,15): error TS17004: Cannot use JSX unless the '--jsx' flag is provided.
src/views/admin/rooms/RoomList.tsx(109,13): error TS17004: Cannot use JSX unless the '--jsx' flag is provided.
src/views/admin/rooms/RoomList.tsx(113,15): error TS17004: Cannot use JSX unless the '--jsx' flag is provided.
src/views/admin/rooms/RoomList.tsx(119,7): error TS17004: Cannot use JSX unless the '--jsx' flag is provided.
src/views/admin/rooms/RoomList.tsx(120,9): error TS17004: Cannot use JSX unless the '--jsx' flag is provided.
src/views/admin/rooms/RoomList.tsx(121,12): error TS17004: Cannot use JSX unless the '--jsx' flag is provided.
src/views/admin/rooms/RoomList.tsx(125,25): error TS7006: Parameter 'val' implicitly has an 'any' type.
src/views/admin/rooms/RoomList.tsx(128,29): error TS7006: Parameter 'item' implicitly has an 'any' type.
src/views/admin/rooms/RoomList.tsx(133,12): error TS17004: Cannot use JSX unless the '--jsx' flag is provided.
src/views/admin/rooms/RoomList.tsx(134,15): error TS17004: Cannot use JSX unless the '--jsx' flag is provided.
src/views/admin/rooms/RoomList.tsx(134,122): error TS17004: Cannot use JSX unless the '--jsx' flag is provided.
src/views/admin/rooms/RoomList.tsx(135,15): error TS17004: Cannot use JSX unless the '--jsx' flag is provided.
src/views/admin/rooms/RoomList.tsx(140,17): error TS17004: Cannot use JSX unless the '--jsx' flag is provided.
src/views/admin/rooms/RoomList.tsx(141,17): error TS17004: Cannot use JSX unless the '--jsx' flag is provided.
src/views/admin/rooms/RoomList.tsx(142,17): error TS17004: Cannot use JSX unless the '--jsx' flag is provided.
src/views/admin/rooms/RoomList.tsx(143,17): error TS17004: Cannot use JSX unless the '--jsx' flag is provided.
src/views/admin/rooms/RoomList.tsx(144,17): error TS17004: Cannot use JSX unless the '--jsx' flag is provided.
src/views/admin/rooms/RoomList.tsx(145,17): error TS17004: Cannot use JSX unless the '--jsx' flag is provided.
src/views/admin/rooms/RoomList.tsx(146,17): error TS17004: Cannot use JSX unless the '--jsx' flag is provided.
src/views/admin/rooms/RoomList.tsx(150,12): error TS17004: Cannot use JSX unless the '--jsx' flag is provided.
src/views/admin/rooms/RoomList.tsx(151,15): error TS17004: Cannot use JSX unless the '--jsx' flag is provided.
src/views/admin/rooms/RoomList.tsx(152,15): error TS17004: Cannot use JSX unless the '--jsx' flag is provided.
src/views/admin/rooms/RoomList.tsx(153,17): error TS17004: Cannot use JSX unless the '--jsx' flag is provided.
src/views/admin/rooms/RoomList.tsx(158,17): error TS17004: Cannot use JSX unless the '--jsx' flag is provided.
src/views/admin/rooms/RoomList.tsx(159,17): error TS17004: Cannot use JSX unless the '--jsx' flag is provided.
src/views/admin/rooms/RoomList.tsx(167,12): error TS17004: Cannot use JSX unless the '--jsx' flag is provided.
src/views/admin/rooms/RoomList.tsx(168,15): error TS17004: Cannot use JSX unless the '--jsx' flag is provided.
src/views/admin/rooms/RoomList.tsx(169,15): error TS17004: Cannot use JSX unless the '--jsx' flag is provided.
src/views/admin/rooms/RoomList.tsx(170,17): error TS17004: Cannot use JSX unless the '--jsx' flag is provided.
src/views/admin/rooms/RoomList.tsx(175,17): error TS17004: Cannot use JSX unless the '--jsx' flag is provided.
src/views/admin/rooms/RoomList.tsx(176,17): error TS17004: Cannot use JSX unless the '--jsx' flag is provided.
src/views/admin/rooms/RoomList.tsx(184,12): error TS17004: Cannot use JSX unless the '--jsx' flag is provided.
src/views/admin/rooms/RoomList.tsx(185,15): error TS17004: Cannot use JSX unless the '--jsx' flag is provided.
src/views/admin/rooms/RoomList.tsx(186,15): error TS17004: Cannot use JSX unless the '--jsx' flag is provided.
src/views/admin/rooms/RoomList.tsx(187,17): error TS17004: Cannot use JSX unless the '--jsx' flag is provided.
src/views/admin/rooms/RoomList.tsx(192,17): error TS17004: Cannot use JSX unless the '--jsx' flag is provided.
src/views/admin/rooms/RoomList.tsx(193,17): error TS17004: Cannot use JSX unless the '--jsx' flag is provided.
src/views/admin/rooms/RoomList.tsx(202,9): error TS17004: Cannot use JSX unless the '--jsx' flag is provided.
src/views/admin/rooms/RoomList.tsx(203,12): error TS17004: Cannot use JSX unless the '--jsx' flag is provided.
src/views/admin/rooms/RoomList.tsx(204,15): error TS17004: Cannot use JSX unless the '--jsx' flag is provided.
src/views/admin/rooms/RoomList.tsx(205,17): error TS17004: Cannot use JSX unless the '--jsx' flag is provided.
src/views/admin/rooms/RoomList.tsx(206,17): error TS17004: Cannot use JSX unless the '--jsx' flag is provided.
src/views/admin/rooms/RoomList.tsx(215,15): error TS17004: Cannot use JSX unless the '--jsx' flag is provided.
src/views/admin/rooms/RoomList.tsx(217,19): error TS17004: Cannot use JSX unless the '--jsx' flag is provided.
src/views/admin/rooms/RoomList.tsx(221,30): error TS2550: Property 'includes' does not exist on type 'string[]'. Do you need to change your target library? Try changing the 'lib' compiler option to 'es2016' or later.
src/views/admin/rooms/RoomList.tsx(226,36): error TS2550: Property 'includes' does not exist on type 'string[]'. Do you need to change your target library? Try changing the 'lib' compiler option to 'es2016' or later.
src/views/admin/rooms/RoomList.tsx(237,12): error TS17004: Cannot use JSX unless the '--jsx' flag is provided.
src/views/admin/rooms/RoomList.tsx(238,15): error TS17004: Cannot use JSX unless the '--jsx' flag is provided.
src/views/admin/rooms/RoomList.tsx(239,18): error TS17004: Cannot use JSX unless the '--jsx' flag is provided.
src/views/admin/rooms/RoomList.tsx(243,21): error TS17004: Cannot use JSX unless the '--jsx' flag is provided.
src/views/admin/rooms/RoomList.tsx(247,21): error TS17004: Cannot use JSX unless the '--jsx' flag is provided.
src/views/admin/rooms/RoomList.tsx(254,18): error TS17004: Cannot use JSX unless the '--jsx' flag is provided.
src/views/admin/rooms/RoomList.tsx(257,15): error TS17004: Cannot use JSX unless the '--jsx' flag is provided.
src/views/admin/rooms/RoomList.tsx(272,17): error TS17004: Cannot use JSX unless the '--jsx' flag is provided.
src/views/admin/rooms/RoomList.tsx(279,9): error TS17004: Cannot use JSX unless the '--jsx' flag is provided.
src/views/admin/rooms/RoomList.tsx(280,11): error TS17004: Cannot use JSX unless the '--jsx' flag is provided.
src/views/admin/rooms/RoomList.tsx(281,11): error TS17004: Cannot use JSX unless the '--jsx' flag is provided.
src/views/admin/rooms/RoomList.tsx(284,9): error TS17004: Cannot use JSX unless the '--jsx' flag is provided.
src/views/admin/rooms/RoomList.tsx(286,13): error TS17004: Cannot use JSX unless the '--jsx' flag is provided.
src/views/admin/rooms/RoomList.tsx(291,15): error TS17004: Cannot use JSX unless the '--jsx' flag is provided.
src/views/admin/rooms/RoomList.tsx(292,17): error TS17004: Cannot use JSX unless the '--jsx' flag is provided.
src/views/admin/rooms/RoomList.tsx(297,17): error TS17004: Cannot use JSX unless the '--jsx' flag is provided.
src/views/admin/rooms/RoomList.tsx(298,19): error TS17004: Cannot use JSX unless the '--jsx' flag is provided.
src/views/admin/rooms/RoomList.tsx(300,17): error TS17004: Cannot use JSX unless the '--jsx' flag is provided.
src/views/admin/rooms/RoomList.tsx(301,19): error TS17004: Cannot use JSX unless the '--jsx' flag is provided.
src/views/admin/rooms/RoomList.tsx(302,19): error TS17004: Cannot use JSX unless the '--jsx' flag is provided.
src/views/admin/rooms/RoomList.tsx(306,15): error TS17004: Cannot use JSX unless the '--jsx' flag is provided.
src/views/admin/rooms/RoomList.tsx(307,17): error TS17004: Cannot use JSX unless the '--jsx' flag is provided.
src/views/admin/rooms/RoomList.tsx(308,20): error TS17004: Cannot use JSX unless the '--jsx' flag is provided.
src/views/admin/rooms/RoomList.tsx(309,23): error TS17004: Cannot use JSX unless the '--jsx' flag is provided.
src/views/admin/rooms/RoomList.tsx(309,145): error TS17004: Cannot use JSX unless the '--jsx' flag is provided.
src/views/admin/rooms/RoomList.tsx(310,23): error TS17004: Cannot use JSX unless the '--jsx' flag is provided.
src/views/admin/rooms/RoomList.tsx(310,145): error TS17004: Cannot use JSX unless the '--jsx' flag is provided.
src/views/admin/rooms/RoomList.tsx(312,20): error TS17004: Cannot use JSX unless the '--jsx' flag is provided.
src/views/admin/rooms/RoomList.tsx(315,17): error TS17004: Cannot use JSX unless the '--jsx' flag is provided.
src/views/admin/rooms/RoomList.tsx(316,19): error TS17004: Cannot use JSX unless the '--jsx' flag is provided.
src/views/admin/rooms/RoomList.tsx(317,21): error TS17004: Cannot use JSX unless the '--jsx' flag is provided.
src/views/admin/rooms/RoomList.tsx(318,21): error TS17004: Cannot use JSX unless the '--jsx' flag is provided.
src/views/admin/rooms/RoomList.tsx(320,19): error TS17004: Cannot use JSX unless the '--jsx' flag is provided.
src/views/admin/rooms/RoomList.tsx(321,45): error TS7006: Parameter 'name' implicitly has an 'any' type.
src/views/admin/rooms/RoomList.tsx(321,51): error TS7006: Parameter 'i' implicitly has an 'any' type.
src/views/admin/rooms/RoomList.tsx(322,23): error TS17004: Cannot use JSX unless the '--jsx' flag is provided.
src/views/admin/rooms/RoomList.tsx(327,24): error TS17004: Cannot use JSX unless the '--jsx' flag is provided.
src/views/admin/rooms/RoomList.tsx(328,26): error TS17004: Cannot use JSX unless the '--jsx' flag is provided.
src/views/admin/rooms/RoomList.tsx(334,17): error TS17004: Cannot use JSX unless the '--jsx' flag is provided.
src/views/admin/rooms/RoomList.tsx(335,21): error TS17004: Cannot use JSX unless the '--jsx' flag is provided.
src/views/admin/rooms/RoomList.tsx(342,23): error TS17004: Cannot use JSX unless the '--jsx' flag is provided.
src/views/admin/rooms/RoomList.tsx(346,26): error TS17004: Cannot use JSX unless the '--jsx' flag is provided.
src/views/admin/rooms/RoomList.tsx(355,9): error TS17004: Cannot use JSX unless the '--jsx' flag is provided.
src/views/admin/rooms/RoomList.tsx(356,11): error TS17004: Cannot use JSX unless the '--jsx' flag is provided.
src/views/admin/rooms/RoomList.tsx(357,13): error TS17004: Cannot use JSX unless the '--jsx' flag is provided.
src/views/admin/rooms/RoomList.tsx(358,15): error TS17004: Cannot use JSX unless the '--jsx' flag is provided.
src/views/admin/rooms/RoomList.tsx(359,17): error TS17004: Cannot use JSX unless the '--jsx' flag is provided.
src/views/admin/rooms/RoomList.tsx(360,19): error TS17004: Cannot use JSX unless the '--jsx' flag is provided.
src/views/admin/rooms/RoomList.tsx(361,19): error TS17004: Cannot use JSX unless the '--jsx' flag is provided.
src/views/admin/rooms/RoomList.tsx(362,19): error TS17004: Cannot use JSX unless the '--jsx' flag is provided.
src/views/admin/rooms/RoomList.tsx(363,19): error TS17004: Cannot use JSX unless the '--jsx' flag is provided.
src/views/admin/rooms/RoomList.tsx(364,19): error TS17004: Cannot use JSX unless the '--jsx' flag is provided.
src/views/admin/rooms/RoomList.tsx(365,19): error TS17004: Cannot use JSX unless the '--jsx' flag is provided.
src/views/admin/rooms/RoomList.tsx(366,19): error TS17004: Cannot use JSX unless the '--jsx' flag is provided.
src/views/admin/rooms/RoomList.tsx(367,19): error TS17004: Cannot use JSX unless the '--jsx' flag is provided.
src/views/admin/rooms/RoomList.tsx(368,19): error TS17004: Cannot use JSX unless the '--jsx' flag is provided.
src/views/admin/rooms/RoomList.tsx(371,15): error TS17004: Cannot use JSX unless the '--jsx' flag is provided.
src/views/admin/rooms/RoomList.tsx(373,19): error TS17004: Cannot use JSX unless the '--jsx' flag is provided.
src/views/admin/rooms/RoomList.tsx(378,21): error TS17004: Cannot use JSX unless the '--jsx' flag is provided.
src/views/admin/rooms/RoomList.tsx(379,23): error TS17004: Cannot use JSX unless the '--jsx' flag is provided.
src/views/admin/rooms/RoomList.tsx(380,25): error TS17004: Cannot use JSX unless the '--jsx' flag is provided.
src/views/admin/rooms/RoomList.tsx(387,21): error TS17004: Cannot use JSX unless the '--jsx' flag is provided.
src/views/admin/rooms/RoomList.tsx(388,23): error TS17004: Cannot use JSX unless the '--jsx' flag is provided.
src/views/admin/rooms/RoomList.tsx(390,21): error TS17004: Cannot use JSX unless the '--jsx' flag is provided.
src/views/admin/rooms/RoomList.tsx(391,23): error TS17004: Cannot use JSX unless the '--jsx' flag is provided.
src/views/admin/rooms/RoomList.tsx(393,21): error TS17004: Cannot use JSX unless the '--jsx' flag is provided.
src/views/admin/rooms/RoomList.tsx(394,21): error TS17004: Cannot use JSX unless the '--jsx' flag is provided.
src/views/admin/rooms/RoomList.tsx(395,21): error TS17004: Cannot use JSX unless the '--jsx' flag is provided.
src/views/admin/rooms/RoomList.tsx(396,23): error TS17004: Cannot use JSX unless the '--jsx' flag is provided.
src/views/admin/rooms/RoomList.tsx(398,21): error TS17004: Cannot use JSX unless the '--jsx' flag is provided.
src/views/admin/rooms/RoomList.tsx(399,23): error TS17004: Cannot use JSX unless the '--jsx' flag is provided.
src/views/admin/rooms/RoomList.tsx(401,21): error TS17004: Cannot use JSX unless the '--jsx' flag is provided.
src/views/admin/rooms/RoomList.tsx(402,24): error TS17004: Cannot use JSX unless the '--jsx' flag is provided.
src/views/admin/rooms/RoomList.tsx(404,21): error TS17004: Cannot use JSX unless the '--jsx' flag is provided.
src/views/admin/rooms/RoomList.tsx(405,24): error TS17004: Cannot use JSX unless the '--jsx' flag is provided.
src/views/admin/rooms/RoomList.tsx(406,51): error TS7006: Parameter 'name' implicitly has an 'any' type.
src/views/admin/rooms/RoomList.tsx(406,57): error TS7006: Parameter 'i' implicitly has an 'any' type.
src/views/admin/rooms/RoomList.tsx(407,30): error TS17004: Cannot use JSX unless the '--jsx' flag is provided.
src/views/admin/rooms/RoomList.tsx(413,21): error TS17004: Cannot use JSX unless the '--jsx' flag is provided.
src/views/admin/rooms/RoomList.tsx(414,23): error TS17004: Cannot use JSX unless the '--jsx' flag is provided.
src/views/admin/rooms/RoomList.tsx(416,27): error TS17004: Cannot use JSX unless the '--jsx' flag is provided.
src/views/admin/rooms/RoomList.tsx(420,29): error TS17004: Cannot use JSX unless the '--jsx' flag is provided.
src/views/admin/rooms/RoomList.tsx(423,25): error TS17004: Cannot use JSX unless the '--jsx' flag is provided.
src/views/admin/rooms/RoomList.tsx(424,27): error TS17004: Cannot use JSX unless the '--jsx' flag is provided.
src/views/admin/rooms/RoomList.tsx(436,7): error TS17004: Cannot use JSX unless the '--jsx' flag is provided.
src/views/admin/services/ServiceCatalog.tsx(1,8): error TS1259: Module '"C:/code_visual_xanh/lab60622/lab60622/node_modules/@types/react/index"' can only be default-imported using the 'esModuleInterop' flag
src/views/admin/services/ServiceCatalog.tsx(7,3): error TS6133: 'Search' is declared but its value is never read.
src/views/admin/services/ServiceCatalog.tsx(8,3): error TS6133: 'Filter' is declared but its value is never read.
src/views/admin/services/ServiceCatalog.tsx(9,3): error TS6133: 'RotateCcw' is declared but its value is never read.
src/views/admin/services/ServiceCatalog.tsx(15,3): error TS6133: 'ArrowRight' is declared but its value is never read.
src/views/admin/services/ServiceCatalog.tsx(21,8): error TS2307: Cannot find module '@/services/serviceService' or its corresponding type declarations.
src/views/admin/services/ServiceCatalog.tsx(26,8): error TS2307: Cannot find module '@/types/service' or its corresponding type declarations.
src/views/admin/services/ServiceCatalog.tsx(31,8): error TS2307: Cannot find module '@/utils/serviceHelpers' or its corresponding type declarations.
src/views/admin/services/ServiceCatalog.tsx(36,3): error TS6133: 'StatusBadge' is declared but its value is never read.
src/views/admin/services/ServiceCatalog.tsx(38,8): error TS2307: Cannot find module '@/components/shared' or its corresponding type declarations.
src/views/admin/services/ServiceCatalog.tsx(39,28): error TS2307: Cannot find module '@/hooks/useConfirm' or its corresponding type declarations.
src/views/admin/services/ServiceCatalog.tsx(40,32): error TS2307: Cannot find module '@/utils' or its corresponding type declarations.
src/views/admin/services/ServiceCatalog.tsx(41,32): error TS2307: Cannot find module '@/components/service/ServiceDetailModal' or its corresponding type declarations.
src/views/admin/services/ServiceCatalog.tsx(42,30): error TS2307: Cannot find module '@/components/service/UpdatePriceModal' or its corresponding type declarations.
src/views/admin/services/ServiceCatalog.tsx(43,41): error TS2307: Cannot find module '@/components/ui/StatusStates' or its corresponding type declarations.
src/views/admin/services/ServiceCatalog.tsx(91,15): error TS6133: 'err' is declared but its value is never read.
src/views/admin/services/ServiceCatalog.tsx(91,20): error TS6133: 'variables' is declared but its value is never read.
src/views/admin/services/ServiceCatalog.tsx(97,17): error TS6133: 'data' is declared but its value is never read.
src/views/admin/services/ServiceCatalog.tsx(105,30): error TS2705: An async function or method in ES5 requires the 'Promise' constructor.  Make sure you have a declaration for the 'Promise' constructor or include 'ES2015' in your '--lib' option.
src/views/admin/services/ServiceCatalog.tsx(125,12): error TS2550: Property 'entries' does not exist on type 'ObjectConstructor'. Do you need to change your target library? Try changing the 'lib' compiler option to 'es2017' or later.
src/views/admin/services/ServiceCatalog.tsx(125,41): error TS7031: Binding element 'key' implicitly has an 'any' type.
src/views/admin/services/ServiceCatalog.tsx(125,46): error TS7031: Binding element 'value' implicitly has an 'any' type.
src/views/admin/services/ServiceCatalog.tsx(147,23): error TS2550: Property 'entries' does not exist on type 'ObjectConstructor'. Do you need to change your target library? Try changing the 'lib' compiler option to 'es2017' or later.
src/views/admin/services/ServiceCatalog.tsx(147,58): error TS7031: Binding element 'val' implicitly has an 'any' type.
src/views/admin/services/ServiceCatalog.tsx(147,63): error TS7031: Binding element 'label' implicitly has an 'any' type.
src/views/admin/services/ServiceCatalog.tsx(164,9): error TS17004: Cannot use JSX unless the '--jsx' flag is provided.
src/views/admin/services/ServiceCatalog.tsx(174,9): error TS17004: Cannot use JSX unless the '--jsx' flag is provided.
src/views/admin/services/ServiceCatalog.tsx(184,9): error TS17004: Cannot use JSX unless the '--jsx' flag is provided.
src/views/admin/services/ServiceCatalog.tsx(197,9): error TS17004: Cannot use JSX unless the '--jsx' flag is provided.
src/views/admin/services/ServiceCatalog.tsx(198,11): error TS17004: Cannot use JSX unless the '--jsx' flag is provided.
src/views/admin/services/ServiceCatalog.tsx(201,11): error TS17004: Cannot use JSX unless the '--jsx' flag is provided.
src/views/admin/services/ServiceCatalog.tsx(202,14): error TS17004: Cannot use JSX unless the '--jsx' flag is provided.
src/views/admin/services/ServiceCatalog.tsx(203,14): error TS17004: Cannot use JSX unless the '--jsx' flag is provided.
src/views/admin/services/ServiceCatalog.tsx(216,9): error TS17004: Cannot use JSX unless the '--jsx' flag is provided.
src/views/admin/services/ServiceCatalog.tsx(226,9): error TS17004: Cannot use JSX unless the '--jsx' flag is provided.
src/views/admin/services/ServiceCatalog.tsx(233,13): error TS17004: Cannot use JSX unless the '--jsx' flag is provided.
src/views/admin/services/ServiceCatalog.tsx(245,13): error TS17004: Cannot use JSX unless the '--jsx' flag is provided.
src/views/admin/services/ServiceCatalog.tsx(253,13): error TS17004: Cannot use JSX unless the '--jsx' flag is provided.
src/views/admin/services/ServiceCatalog.tsx(261,13): error TS17004: Cannot use JSX unless the '--jsx' flag is provided.
src/views/admin/services/ServiceCatalog.tsx(272,13): error TS17004: Cannot use JSX unless the '--jsx' flag is provided.
src/views/admin/services/ServiceCatalog.tsx(279,5): error TS17004: Cannot use JSX unless the '--jsx' flag is provided.
src/views/admin/services/ServiceCatalog.tsx(281,7): error TS17004: Cannot use JSX unless the '--jsx' flag is provided.
src/views/admin/services/ServiceCatalog.tsx(282,9): error TS17004: Cannot use JSX unless the '--jsx' flag is provided.
src/views/admin/services/ServiceCatalog.tsx(283,12): error TS17004: Cannot use JSX unless the '--jsx' flag is provided.
src/views/admin/services/ServiceCatalog.tsx(284,15): error TS17004: Cannot use JSX unless the '--jsx' flag is provided.
src/views/admin/services/ServiceCatalog.tsx(286,12): error TS17004: Cannot use JSX unless the '--jsx' flag is provided.
src/views/admin/services/ServiceCatalog.tsx(287,15): error TS17004: Cannot use JSX unless the '--jsx' flag is provided.
src/views/admin/services/ServiceCatalog.tsx(288,17): error TS17004: Cannot use JSX unless the '--jsx' flag is provided.
src/views/admin/services/ServiceCatalog.tsx(291,17): error TS17004: Cannot use JSX unless the '--jsx' flag is provided.
src/views/admin/services/ServiceCatalog.tsx(295,15): error TS17004: Cannot use JSX unless the '--jsx' flag is provided.
src/views/admin/services/ServiceCatalog.tsx(296,56): error TS17004: Cannot use JSX unless the '--jsx' flag is provided.
src/views/admin/services/ServiceCatalog.tsx(301,9): error TS17004: Cannot use JSX unless the '--jsx' flag is provided.
src/views/admin/services/ServiceCatalog.tsx(308,11): error TS17004: Cannot use JSX unless the '--jsx' flag is provided.
src/views/admin/services/ServiceCatalog.tsx(309,11): error TS17004: Cannot use JSX unless the '--jsx' flag is provided.
src/views/admin/services/ServiceCatalog.tsx(310,13): error TS17004: Cannot use JSX unless the '--jsx' flag is provided.
src/views/admin/services/ServiceCatalog.tsx(317,7): error TS17004: Cannot use JSX unless the '--jsx' flag is provided.
src/views/admin/services/ServiceCatalog.tsx(321,29): error TS2550: Property 'entries' does not exist on type 'ObjectConstructor'. Do you need to change your target library? Try changing the 'lib' compiler option to 'es2017' or later.
src/views/admin/services/ServiceCatalog.tsx(321,55): error TS7031: Binding element 'k' implicitly has an 'any' type.
src/views/admin/services/ServiceCatalog.tsx(321,57): error TS7031: Binding element 'v' implicitly has an 'any' type.
src/views/admin/services/ServiceCatalog.tsx(327,9): error TS17004: Cannot use JSX unless the '--jsx' flag is provided.
src/views/admin/services/ServiceCatalog.tsx(328,12): error TS17004: Cannot use JSX unless the '--jsx' flag is provided.
src/views/admin/services/ServiceCatalog.tsx(329,15): error TS17004: Cannot use JSX unless the '--jsx' flag is provided.
src/views/admin/services/ServiceCatalog.tsx(329,22): error TS17004: Cannot use JSX unless the '--jsx' flag is provided.
src/views/admin/services/ServiceCatalog.tsx(329,53): error TS17004: Cannot use JSX unless the '--jsx' flag is provided.
src/views/admin/services/ServiceCatalog.tsx(330,15): error TS17004: Cannot use JSX unless the '--jsx' flag is provided.
src/views/admin/services/ServiceCatalog.tsx(332,19): error TS17004: Cannot use JSX unless the '--jsx' flag is provided.
src/views/admin/services/ServiceCatalog.tsx(333,21): error TS17004: Cannot use JSX unless the '--jsx' flag is provided.
src/views/admin/services/ServiceCatalog.tsx(333,47): error TS17004: Cannot use JSX unless the '--jsx' flag is provided.
src/views/admin/services/ServiceCatalog.tsx(334,21): error TS17004: Cannot use JSX unless the '--jsx' flag is provided.
src/views/admin/services/ServiceCatalog.tsx(334,47): error TS17004: Cannot use JSX unless the '--jsx' flag is provided.
src/views/admin/services/ServiceCatalog.tsx(335,21): error TS17004: Cannot use JSX unless the '--jsx' flag is provided.
src/views/admin/services/ServiceCatalog.tsx(335,47): error TS17004: Cannot use JSX unless the '--jsx' flag is provided.
src/views/admin/services/ServiceCatalog.tsx(336,21): error TS17004: Cannot use JSX unless the '--jsx' flag is provided.
src/views/admin/services/ServiceCatalog.tsx(336,47): error TS17004: Cannot use JSX unless the '--jsx' flag is provided.
src/views/admin/services/ServiceCatalog.tsx(337,21): error TS17004: Cannot use JSX unless the '--jsx' flag is provided.
src/views/admin/services/ServiceCatalog.tsx(337,47): error TS17004: Cannot use JSX unless the '--jsx' flag is provided.
src/views/admin/services/ServiceCatalog.tsx(338,21): error TS17004: Cannot use JSX unless the '--jsx' flag is provided.
src/views/admin/services/ServiceCatalog.tsx(338,47): error TS17004: Cannot use JSX unless the '--jsx' flag is provided.
src/views/admin/services/ServiceCatalog.tsx(345,9): error TS17004: Cannot use JSX unless the '--jsx' flag is provided.
src/views/admin/services/ServiceCatalog.tsx(347,9): error TS17004: Cannot use JSX unless the '--jsx' flag is provided.
src/views/admin/services/ServiceCatalog.tsx(348,13): error TS17004: Cannot use JSX unless the '--jsx' flag is provided.
src/views/admin/services/ServiceCatalog.tsx(352,13): error TS17004: Cannot use JSX unless the '--jsx' flag is provided.
src/views/admin/services/ServiceCatalog.tsx(356,17): error TS17004: Cannot use JSX unless the '--jsx' flag is provided.
src/views/admin/services/ServiceCatalog.tsx(360,9): error TS17004: Cannot use JSX unless the '--jsx' flag is provided.
src/views/admin/services/ServiceCatalog.tsx(361,13): error TS17004: Cannot use JSX unless the '--jsx' flag is provided.
src/views/admin/services/ServiceCatalog.tsx(368,32): error TS7006: Parameter 'p' implicitly has an 'any' type.
src/views/admin/services/ServiceCatalog.tsx(368,35): error TS7006: Parameter 'l' implicitly has an 'any' type.
src/views/admin/services/ServiceCatalog.tsx(373,32): error TS7006: Parameter 'b' implicitly has an 'any' type.
src/views/admin/services/ServiceCatalog.tsx(373,35): error TS7006: Parameter 'd' implicitly has an 'any' type.
src/views/admin/services/ServiceCatalog.tsx(376,32): error TS7006: Parameter 'row' implicitly has an 'any' type.
src/views/admin/services/ServiceCatalog.tsx(382,7): error TS17004: Cannot use JSX unless the '--jsx' flag is provided.
src/views/admin/services/ServiceCatalog.tsx(396,9): error TS17004: Cannot use JSX unless the '--jsx' flag is provided.
src/views/admin/settings/AuditLogs.tsx(1,8): error TS1259: Module '"C:/code_visual_xanh/lab60622/lab60622/node_modules/@types/react/index"' can only be default-imported using the 'esModuleInterop' flag
src/views/admin/settings/AuditLogs.tsx(2,19): error TS6133: 'Search' is declared but its value is never read.
src/views/admin/settings/AuditLogs.tsx(2,27): error TS6133: 'Filter' is declared but its value is never read.
src/views/admin/settings/AuditLogs.tsx(3,24): error TS2307: Cannot find module '@/components/ui/Button' or its corresponding type declarations.
src/views/admin/settings/AuditLogs.tsx(4,27): error TS2307: Cannot find module '@/components/shared/DataTable' or its corresponding type declarations.
src/views/admin/settings/AuditLogs.tsx(5,43): error TS2307: Cannot find module '@/components/shared/FilterPanel' or its corresponding type declarations.
src/views/admin/settings/AuditLogs.tsx(6,30): error TS2307: Cannot find module '@/services/auditService' or its corresponding type declarations.
src/views/admin/settings/AuditLogs.tsx(7,26): error TS2307: Cannot find module '@/types' or its corresponding type declarations.
src/views/admin/settings/AuditLogs.tsx(9,36): error TS2307: Cannot find module '@/utils' or its corresponding type declarations.
src/views/admin/settings/AuditLogs.tsx(17,21): error TS2705: An async function or method in ES5 requires the 'Promise' constructor.  Make sure you have a declaration for the 'Promise' constructor or include 'ES2015' in your '--lib' option.
src/views/admin/settings/AuditLogs.tsx(37,31): error TS17004: Cannot use JSX unless the '--jsx' flag is provided.
src/views/admin/settings/AuditLogs.tsx(42,31): error TS17004: Cannot use JSX unless the '--jsx' flag is provided.
src/views/admin/settings/AuditLogs.tsx(48,9): error TS17004: Cannot use JSX unless the '--jsx' flag is provided.
src/views/admin/settings/AuditLogs.tsx(56,31): error TS17004: Cannot use JSX unless the '--jsx' flag is provided.
src/views/admin/settings/AuditLogs.tsx(61,31): error TS17004: Cannot use JSX unless the '--jsx' flag is provided.
src/views/admin/settings/AuditLogs.tsx(82,5): error TS17004: Cannot use JSX unless the '--jsx' flag is provided.
src/views/admin/settings/AuditLogs.tsx(83,7): error TS17004: Cannot use JSX unless the '--jsx' flag is provided.
src/views/admin/settings/AuditLogs.tsx(84,9): error TS17004: Cannot use JSX unless the '--jsx' flag is provided.
src/views/admin/settings/AuditLogs.tsx(85,12): error TS17004: Cannot use JSX unless the '--jsx' flag is provided.
src/views/admin/settings/AuditLogs.tsx(86,15): error TS17004: Cannot use JSX unless the '--jsx' flag is provided.
src/views/admin/settings/AuditLogs.tsx(88,12): error TS17004: Cannot use JSX unless the '--jsx' flag is provided.
src/views/admin/settings/AuditLogs.tsx(89,15): error TS17004: Cannot use JSX unless the '--jsx' flag is provided.
src/views/admin/settings/AuditLogs.tsx(90,15): error TS17004: Cannot use JSX unless the '--jsx' flag is provided.
src/views/admin/settings/AuditLogs.tsx(93,9): error TS17004: Cannot use JSX unless the '--jsx' flag is provided.
src/views/admin/settings/AuditLogs.tsx(94,11): error TS17004: Cannot use JSX unless the '--jsx' flag is provided.
src/views/admin/settings/AuditLogs.tsx(95,13): error TS17004: Cannot use JSX unless the '--jsx' flag is provided.
src/views/admin/settings/AuditLogs.tsx(100,7): error TS17004: Cannot use JSX unless the '--jsx' flag is provided.
src/views/admin/settings/AuditLogs.tsx(105,29): error TS2550: Property 'values' does not exist on type 'ObjectConstructor'. Do you need to change your target library? Try changing the 'lib' compiler option to 'es2017' or later.
src/views/admin/settings/AuditLogs.tsx(105,57): error TS7006: Parameter 'v' implicitly has an 'any' type.
src/views/admin/settings/AuditLogs.tsx(108,7): error TS17004: Cannot use JSX unless the '--jsx' flag is provided.
src/views/admin/settings/AuditLogs.tsx(109,9): error TS17004: Cannot use JSX unless the '--jsx' flag is provided.
src/views/admin/settings/AuditLogs.tsx(115,14): error TS17004: Cannot use JSX unless the '--jsx' flag is provided.
src/views/admin/settings/AuditLogs.tsx(116,17): error TS17004: Cannot use JSX unless the '--jsx' flag is provided.
src/views/admin/settings/AuditLogs.tsx(117,17): error TS17004: Cannot use JSX unless the '--jsx' flag is provided.
src/views/admin/settings/ElectricityPolicyPage.tsx(2,8): error TS1259: Module '"C:/code_visual_xanh/lab60622/lab60622/node_modules/@types/react/index"' can only be default-imported using the 'esModuleInterop' flag
src/views/admin/settings/ElectricityPolicyPage.tsx(11,3): error TS6133: 'ChevronRight' is declared but its value is never read.
src/views/admin/settings/ElectricityPolicyPage.tsx(17,8): error TS2307: Cannot find module '@/services/policyService' or its corresponding type declarations.
src/views/admin/settings/ElectricityPolicyPage.tsx(22,8): error TS2307: Cannot find module '@/components/shared' or its corresponding type declarations.
src/views/admin/settings/ElectricityPolicyPage.tsx(23,31): error TS2307: Cannot find module '@/components/policy/CreatePolicyModal' or its corresponding type declarations.
src/views/admin/settings/ElectricityPolicyPage.tsx(24,32): error TS2307: Cannot find module '@/components/policy/PolicyHistoryTable' or its corresponding type declarations.
src/views/admin/settings/ElectricityPolicyPage.tsx(25,41): error TS2307: Cannot find module '@/components/ui/StatusStates' or its corresponding type declarations.
src/views/admin/settings/ElectricityPolicyPage.tsx(26,10): error TS6133: 'cn' is declared but its value is never read.
src/views/admin/settings/ElectricityPolicyPage.tsx(26,32): error TS2307: Cannot find module '@/utils' or its corresponding type declarations.
src/views/admin/settings/ElectricityPolicyPage.tsx(67,5): error TS17004: Cannot use JSX unless the '--jsx' flag is provided.
src/views/admin/settings/ElectricityPolicyPage.tsx(69,7): error TS17004: Cannot use JSX unless the '--jsx' flag is provided.
src/views/admin/settings/ElectricityPolicyPage.tsx(70,9): error TS17004: Cannot use JSX unless the '--jsx' flag is provided.
src/views/admin/settings/ElectricityPolicyPage.tsx(71,11): error TS17004: Cannot use JSX unless the '--jsx' flag is provided.
src/views/admin/settings/ElectricityPolicyPage.tsx(72,13): error TS17004: Cannot use JSX unless the '--jsx' flag is provided.
src/views/admin/settings/ElectricityPolicyPage.tsx(75,11): error TS17004: Cannot use JSX unless the '--jsx' flag is provided.
src/views/admin/settings/ElectricityPolicyPage.tsx(76,11): error TS17004: Cannot use JSX unless the '--jsx' flag is provided.
src/views/admin/settings/ElectricityPolicyPage.tsx(81,7): error TS17004: Cannot use JSX unless the '--jsx' flag is provided.
src/views/admin/settings/ElectricityPolicyPage.tsx(82,9): error TS17004: Cannot use JSX unless the '--jsx' flag is provided.
src/views/admin/settings/ElectricityPolicyPage.tsx(83,12): error TS17004: Cannot use JSX unless the '--jsx' flag is provided.
src/views/admin/settings/ElectricityPolicyPage.tsx(84,14): error TS17004: Cannot use JSX unless the '--jsx' flag is provided.
src/views/admin/settings/ElectricityPolicyPage.tsx(87,30): error TS17004: Cannot use JSX unless the '--jsx' flag is provided.
src/views/admin/settings/ElectricityPolicyPage.tsx(91,12): error TS17004: Cannot use JSX unless the '--jsx' flag is provided.
src/views/admin/settings/ElectricityPolicyPage.tsx(93,12): error TS17004: Cannot use JSX unless the '--jsx' flag is provided.
src/views/admin/settings/ElectricityPolicyPage.tsx(95,12): error TS17004: Cannot use JSX unless the '--jsx' flag is provided.
src/views/admin/settings/ElectricityPolicyPage.tsx(96,15): error TS17004: Cannot use JSX unless the '--jsx' flag is provided.
src/views/admin/settings/ElectricityPolicyPage.tsx(97,18): error TS17004: Cannot use JSX unless the '--jsx' flag is provided.
src/views/admin/settings/ElectricityPolicyPage.tsx(98,21): error TS17004: Cannot use JSX unless the '--jsx' flag is provided.
src/views/admin/settings/ElectricityPolicyPage.tsx(99,24): error TS17004: Cannot use JSX unless the '--jsx' flag is provided.
src/views/admin/settings/ElectricityPolicyPage.tsx(100,24): error TS17004: Cannot use JSX unless the '--jsx' flag is provided.
src/views/admin/settings/ElectricityPolicyPage.tsx(100,87): error TS2339: Property 'policyName' does not exist on type '{}'.
src/views/admin/settings/ElectricityPolicyPage.tsx(102,21): error TS17004: Cannot use JSX unless the '--jsx' flag is provided.
src/views/admin/settings/ElectricityPolicyPage.tsx(103,24): error TS17004: Cannot use JSX unless the '--jsx' flag is provided.
src/views/admin/settings/ElectricityPolicyPage.tsx(104,24): error TS17004: Cannot use JSX unless the '--jsx' flag is provided.
src/views/admin/settings/ElectricityPolicyPage.tsx(105,27): error TS17004: Cannot use JSX unless the '--jsx' flag is provided.
src/views/admin/settings/ElectricityPolicyPage.tsx(106,53): error TS2339: Property 'effectiveFrom' does not exist on type '{}'.
src/views/admin/settings/ElectricityPolicyPage.tsx(109,21): error TS17004: Cannot use JSX unless the '--jsx' flag is provided.
src/views/admin/settings/ElectricityPolicyPage.tsx(110,24): error TS17004: Cannot use JSX unless the '--jsx' flag is provided.
src/views/admin/settings/ElectricityPolicyPage.tsx(111,24): error TS17004: Cannot use JSX unless the '--jsx' flag is provided.
src/views/admin/settings/ElectricityPolicyPage.tsx(112,27): error TS17004: Cannot use JSX unless the '--jsx' flag is provided.
src/views/admin/settings/ElectricityPolicyPage.tsx(113,42): error TS2339: Property 'legalReference' does not exist on type '{}'.
src/views/admin/settings/ElectricityPolicyPage.tsx(118,18): error TS17004: Cannot use JSX unless the '--jsx' flag is provided.
src/views/admin/settings/ElectricityPolicyPage.tsx(119,21): error TS17004: Cannot use JSX unless the '--jsx' flag is provided.
src/views/admin/settings/ElectricityPolicyPage.tsx(120,25): error TS17004: Cannot use JSX unless the '--jsx' flag is provided.
src/views/admin/settings/ElectricityPolicyPage.tsx(121,25): error TS17004: Cannot use JSX unless the '--jsx' flag is provided.
src/views/admin/settings/ElectricityPolicyPage.tsx(122,52): error TS2339: Property 'vatRate' does not exist on type '{}'.
src/views/admin/settings/ElectricityPolicyPage.tsx(125,21): error TS17004: Cannot use JSX unless the '--jsx' flag is provided.
src/views/admin/settings/ElectricityPolicyPage.tsx(126,45): error TS2339: Property 'tiers' does not exist on type '{}'.
src/views/admin/settings/ElectricityPolicyPage.tsx(128,47): error TS2339: Property 'vatRate' does not exist on type '{}'.
src/views/admin/settings/ElectricityPolicyPage.tsx(135,15): error TS17004: Cannot use JSX unless the '--jsx' flag is provided.
src/views/admin/settings/ElectricityPolicyPage.tsx(136,18): error TS17004: Cannot use JSX unless the '--jsx' flag is provided.
src/views/admin/settings/ElectricityPolicyPage.tsx(137,21): error TS17004: Cannot use JSX unless the '--jsx' flag is provided.
src/views/admin/settings/ElectricityPolicyPage.tsx(138,21): error TS17004: Cannot use JSX unless the '--jsx' flag is provided.
src/views/admin/settings/ElectricityPolicyPage.tsx(142,18): error TS17004: Cannot use JSX unless the '--jsx' flag is provided.
src/views/admin/settings/ElectricityPolicyPage.tsx(146,21): error TS17004: Cannot use JSX unless the '--jsx' flag is provided.
src/views/admin/settings/ElectricityPolicyPage.tsx(152,11): error TS17004: Cannot use JSX unless the '--jsx' flag is provided.
src/views/admin/settings/ElectricityPolicyPage.tsx(162,7): error TS17004: Cannot use JSX unless the '--jsx' flag is provided.
src/views/admin/settings/ElectricityPolicyPage.tsx(163,9): error TS17004: Cannot use JSX unless the '--jsx' flag is provided.
src/views/admin/settings/ElectricityPolicyPage.tsx(164,12): error TS17004: Cannot use JSX unless the '--jsx' flag is provided.
src/views/admin/settings/ElectricityPolicyPage.tsx(165,15): error TS17004: Cannot use JSX unless the '--jsx' flag is provided.
src/views/admin/settings/ElectricityPolicyPage.tsx(167,12): error TS17004: Cannot use JSX unless the '--jsx' flag is provided.
src/views/admin/settings/ElectricityPolicyPage.tsx(173,11): error TS17004: Cannot use JSX unless the '--jsx' flag is provided.
src/views/admin/settings/ElectricityPolicyPage.tsx(175,17): error TS17004: Cannot use JSX unless the '--jsx' flag is provided.
src/views/admin/settings/ElectricityPolicyPage.tsx(179,12): error TS17004: Cannot use JSX unless the '--jsx' flag is provided.
src/views/admin/settings/ElectricityPolicyPage.tsx(181,11): error TS17004: Cannot use JSX unless the '--jsx' flag is provided.
src/views/admin/settings/ElectricityPolicyPage.tsx(189,7): error TS17004: Cannot use JSX unless the '--jsx' flag is provided.
src/views/admin/settings/ElectricityPolicyPage.tsx(198,7): error TS17004: Cannot use JSX unless the '--jsx' flag is provided.
src/views/admin/settings/PermissionMatrix.tsx(1,8): error TS1259: Module '"C:/code_visual_xanh/lab60622/lab60622/node_modules/@types/react/index"' can only be default-imported using the 'esModuleInterop' flag
src/views/admin/settings/PermissionMatrix.tsx(8,3): error TS6133: 'X' is declared but its value is never read.
src/views/admin/settings/PermissionMatrix.tsx(10,3): error TS6133: 'ArrowRight' is declared but its value is never read.
src/views/admin/settings/PermissionMatrix.tsx(12,29): error TS2307: Cannot find module '@/services/roleService' or its corresponding type declarations.
src/views/admin/settings/PermissionMatrix.tsx(13,22): error TS2307: Cannot find module '@/models/Role' or its corresponding type declarations.
src/views/admin/settings/PermissionMatrix.tsx(14,44): error TS2307: Cannot find module '@/models/Permission' or its corresponding type declarations.
src/views/admin/settings/PermissionMatrix.tsx(15,24): error TS2307: Cannot find module '@/components/ui/Button' or its corresponding type declarations.
src/views/admin/settings/PermissionMatrix.tsx(17,20): error TS2307: Cannot find module '@/utils' or its corresponding type declarations.
src/views/admin/settings/PermissionMatrix.tsx(18,25): error TS2307: Cannot find module '@/components/ui/Feedback' or its corresponding type declarations.
src/views/admin/settings/PermissionMatrix.tsx(28,21): error TS2705: An async function or method in ES5 requires the 'Promise' constructor.  Make sure you have a declaration for the 'Promise' constructor or include 'ES2015' in your '--lib' option.
src/views/admin/settings/PermissionMatrix.tsx(31,53): error TS2585: 'Promise' only refers to a type, but is being used as a value here. Do you need to change your target library? Try changing the 'lib' compiler option to es2015 or later.
src/views/admin/settings/PermissionMatrix.tsx(54,26): error TS2550: Property 'findIndex' does not exist on type 'RolePermission[]'. Do you need to change your target library? Try changing the 'lib' compiler option to 'es2015' or later.
src/views/admin/settings/PermissionMatrix.tsx(54,36): error TS7006: Parameter 'rp' implicitly has an 'any' type.
src/views/admin/settings/PermissionMatrix.tsx(60,71): error TS7006: Parameter 'p' implicitly has an 'any' type.
src/views/admin/settings/PermissionMatrix.tsx(73,22): error TS2705: An async function or method in ES5 requires the 'Promise' constructor.  Make sure you have a declaration for the 'Promise' constructor or include 'ES2015' in your '--lib' option.
src/views/admin/settings/PermissionMatrix.tsx(77,13): error TS2585: 'Promise' only refers to a type, but is being used as a value here. Do you need to change your target library? Try changing the 'lib' compiler option to es2015 or later.
src/views/admin/settings/PermissionMatrix.tsx(88,5): error TS17004: Cannot use JSX unless the '--jsx' flag is provided.
src/views/admin/settings/PermissionMatrix.tsx(89,7): error TS17004: Cannot use JSX unless the '--jsx' flag is provided.
src/views/admin/settings/PermissionMatrix.tsx(90,7): error TS17004: Cannot use JSX unless the '--jsx' flag is provided.
src/views/admin/settings/PermissionMatrix.tsx(102,5): error TS17004: Cannot use JSX unless the '--jsx' flag is provided.
src/views/admin/settings/PermissionMatrix.tsx(103,7): error TS17004: Cannot use JSX unless the '--jsx' flag is provided.
src/views/admin/settings/PermissionMatrix.tsx(104,9): error TS17004: Cannot use JSX unless the '--jsx' flag is provided.
src/views/admin/settings/PermissionMatrix.tsx(105,12): error TS17004: Cannot use JSX unless the '--jsx' flag is provided.
src/views/admin/settings/PermissionMatrix.tsx(106,15): error TS17004: Cannot use JSX unless the '--jsx' flag is provided.
src/views/admin/settings/PermissionMatrix.tsx(108,12): error TS17004: Cannot use JSX unless the '--jsx' flag is provided.
src/views/admin/settings/PermissionMatrix.tsx(109,15): error TS17004: Cannot use JSX unless the '--jsx' flag is provided.
src/views/admin/settings/PermissionMatrix.tsx(111,12): error TS17004: Cannot use JSX unless the '--jsx' flag is provided.
src/views/admin/settings/PermissionMatrix.tsx(112,15): error TS17004: Cannot use JSX unless the '--jsx' flag is provided.
src/views/admin/settings/PermissionMatrix.tsx(113,15): error TS17004: Cannot use JSX unless the '--jsx' flag is provided.
src/views/admin/settings/PermissionMatrix.tsx(116,9): error TS17004: Cannot use JSX unless the '--jsx' flag is provided.
src/views/admin/settings/PermissionMatrix.tsx(118,13): error TS17004: Cannot use JSX unless the '--jsx' flag is provided.
src/views/admin/settings/PermissionMatrix.tsx(119,16): error TS17004: Cannot use JSX unless the '--jsx' flag is provided.
src/views/admin/settings/PermissionMatrix.tsx(120,16): error TS17004: Cannot use JSX unless the '--jsx' flag is provided.
src/views/admin/settings/PermissionMatrix.tsx(123,11): error TS17004: Cannot use JSX unless the '--jsx' flag is provided.
src/views/admin/settings/PermissionMatrix.tsx(129,13): error TS17004: Cannot use JSX unless the '--jsx' flag is provided.
src/views/admin/settings/PermissionMatrix.tsx(134,7): error TS17004: Cannot use JSX unless the '--jsx' flag is provided.
src/views/admin/settings/PermissionMatrix.tsx(135,9): error TS17004: Cannot use JSX unless the '--jsx' flag is provided.
src/views/admin/settings/PermissionMatrix.tsx(136,11): error TS17004: Cannot use JSX unless the '--jsx' flag is provided.
src/views/admin/settings/PermissionMatrix.tsx(137,13): error TS17004: Cannot use JSX unless the '--jsx' flag is provided.
src/views/admin/settings/PermissionMatrix.tsx(138,15): error TS17004: Cannot use JSX unless the '--jsx' flag is provided.
src/views/admin/settings/PermissionMatrix.tsx(139,17): error TS17004: Cannot use JSX unless the '--jsx' flag is provided.
src/views/admin/settings/PermissionMatrix.tsx(143,19): error TS17004: Cannot use JSX unless the '--jsx' flag is provided.
src/views/admin/settings/PermissionMatrix.tsx(144,21): error TS17004: Cannot use JSX unless the '--jsx' flag is provided.
src/views/admin/settings/PermissionMatrix.tsx(145,23): error TS17004: Cannot use JSX unless the '--jsx' flag is provided.
src/views/admin/settings/PermissionMatrix.tsx(147,25): error TS17004: Cannot use JSX unless the '--jsx' flag is provided.
src/views/admin/settings/PermissionMatrix.tsx(148,27): error TS17004: Cannot use JSX unless the '--jsx' flag is provided.
src/views/admin/settings/PermissionMatrix.tsx(156,13): error TS17004: Cannot use JSX unless the '--jsx' flag is provided.
src/views/admin/settings/PermissionMatrix.tsx(157,23): error TS2550: Property 'entries' does not exist on type 'ObjectConstructor'. Do you need to change your target library? Try changing the 'lib' compiler option to 'es2017' or later.
src/views/admin/settings/PermissionMatrix.tsx(157,57): error TS7031: Binding element 'group' implicitly has an 'any' type.
src/views/admin/settings/PermissionMatrix.tsx(157,64): error TS7031: Binding element 'groupPerms' implicitly has an 'any' type.
src/views/admin/settings/PermissionMatrix.tsx(158,17): error TS17004: Cannot use JSX unless the '--jsx' flag is provided.
src/views/admin/settings/PermissionMatrix.tsx(159,19): error TS17004: Cannot use JSX unless the '--jsx' flag is provided.
src/views/admin/settings/PermissionMatrix.tsx(160,21): error TS17004: Cannot use JSX unless the '--jsx' flag is provided.
src/views/admin/settings/PermissionMatrix.tsx(167,35): error TS7006: Parameter 'perm' implicitly has an 'any' type.
src/views/admin/settings/PermissionMatrix.tsx(168,21): error TS17004: Cannot use JSX unless the '--jsx' flag is provided.
src/views/admin/settings/PermissionMatrix.tsx(169,23): error TS17004: Cannot use JSX unless the '--jsx' flag is provided.
src/views/admin/settings/PermissionMatrix.tsx(170,25): error TS17004: Cannot use JSX unless the '--jsx' flag is provided.
src/views/admin/settings/PermissionMatrix.tsx(171,27): error TS17004: Cannot use JSX unless the '--jsx' flag is provided.
src/views/admin/settings/PermissionMatrix.tsx(172,27): error TS17004: Cannot use JSX unless the '--jsx' flag is provided.
src/views/admin/settings/PermissionMatrix.tsx(176,53): error TS2550: Property 'find' does not exist on type 'RolePermission[]'. Do you need to change your target library? Try changing the 'lib' compiler option to 'es2015' or later.
src/views/admin/settings/PermissionMatrix.tsx(176,58): error TS7006: Parameter 'rp' implicitly has an 'any' type.
src/views/admin/settings/PermissionMatrix.tsx(179,27): error TS17004: Cannot use JSX unless the '--jsx' flag is provided.
src/views/admin/settings/PermissionMatrix.tsx(180,29): error TS17004: Cannot use JSX unless the '--jsx' flag is provided.
src/views/admin/settings/PermissionMatrix.tsx(184,31): error TS17004: Cannot use JSX unless the '--jsx' flag is provided.
src/views/admin/settings/PermissionMatrix.tsx(191,31): error TS17004: Cannot use JSX unless the '--jsx' flag is provided.
src/views/admin/settings/PermissionMatrix.tsx(197,33): error TS17004: Cannot use JSX unless the '--jsx' flag is provided.
src/views/admin/settings/PermissionMatrix.tsx(212,7): error TS17004: Cannot use JSX unless the '--jsx' flag is provided.
src/views/admin/settings/PermissionMatrix.tsx(213,10): error TS17004: Cannot use JSX unless the '--jsx' flag is provided.
src/views/admin/settings/PermissionMatrix.tsx(214,13): error TS17004: Cannot use JSX unless the '--jsx' flag is provided.
src/views/admin/settings/PermissionMatrix.tsx(215,16): error TS17004: Cannot use JSX unless the '--jsx' flag is provided.
src/views/admin/settings/PermissionMatrix.tsx(217,13): error TS17004: Cannot use JSX unless the '--jsx' flag is provided.
src/views/admin/settings/PermissionMatrix.tsx(218,15): error TS17004: Cannot use JSX unless the '--jsx' flag is provided.
src/views/admin/settings/PermissionMatrix.tsx(218,206): error TS17004: Cannot use JSX unless the '--jsx' flag is provided.
src/views/admin/settings/PermissionMatrix.tsx(218,307): error TS17004: Cannot use JSX unless the '--jsx' flag is provided.
src/views/admin/settings/ResetPasswordModal.tsx(1,8): error TS1259: Module '"C:/code_visual_xanh/lab60622/lab60622/node_modules/@types/react/index"' can only be default-imported using the 'esModuleInterop' flag
src/views/admin/settings/ResetPasswordModal.tsx(2,22): error TS2307: Cannot find module '@/types' or its corresponding type declarations.
src/views/admin/settings/ResetPasswordModal.tsx(3,23): error TS2307: Cannot find module '@/components/shared/Modal' or its corresponding type declarations.
src/views/admin/settings/ResetPasswordModal.tsx(4,24): error TS2307: Cannot find module '@/components/ui/Button' or its corresponding type declarations.
src/views/admin/settings/ResetPasswordModal.tsx(5,29): error TS2307: Cannot find module '@/services/userService' or its corresponding type declarations.
src/views/admin/settings/ResetPasswordModal.tsx(7,10): error TS6133: 'Lock' is declared but its value is never read.
src/views/admin/settings/ResetPasswordModal.tsx(7,22): error TS6133: 'Settings' is declared but its value is never read.
src/views/admin/settings/ResetPasswordModal.tsx(15,66): error TS7031: Binding element 'open' implicitly has an 'any' type.
src/views/admin/settings/ResetPasswordModal.tsx(15,72): error TS7031: Binding element 'onOpenChange' implicitly has an 'any' type.
src/views/admin/settings/ResetPasswordModal.tsx(15,86): error TS7031: Binding element 'user' implicitly has an 'any' type.
src/views/admin/settings/ResetPasswordModal.tsx(20,27): error TS2705: An async function or method in ES5 requires the 'Promise' constructor.  Make sure you have a declaration for the 'Promise' constructor or include 'ES2015' in your '--lib' option.
src/views/admin/settings/ResetPasswordModal.tsx(34,29): error TS2705: An async function or method in ES5 requires the 'Promise' constructor.  Make sure you have a declaration for the 'Promise' constructor or include 'ES2015' in your '--lib' option.
src/views/admin/settings/ResetPasswordModal.tsx(63,5): error TS17004: Cannot use JSX unless the '--jsx' flag is provided.
src/views/admin/settings/ResetPasswordModal.tsx(69,7): error TS17004: Cannot use JSX unless the '--jsx' flag is provided.
src/views/admin/settings/ResetPasswordModal.tsx(70,9): error TS17004: Cannot use JSX unless the '--jsx' flag is provided.
src/views/admin/settings/ResetPasswordModal.tsx(71,12): error TS17004: Cannot use JSX unless the '--jsx' flag is provided.
src/views/admin/settings/ResetPasswordModal.tsx(74,12): error TS17004: Cannot use JSX unless the '--jsx' flag is provided.
src/views/admin/settings/ResetPasswordModal.tsx(75,14): error TS17004: Cannot use JSX unless the '--jsx' flag is provided.
src/views/admin/settings/ResetPasswordModal.tsx(76,14): error TS17004: Cannot use JSX unless the '--jsx' flag is provided.
src/views/admin/settings/ResetPasswordModal.tsx(80,9): error TS17004: Cannot use JSX unless the '--jsx' flag is provided.
src/views/admin/settings/ResetPasswordModal.tsx(81,11): error TS17004: Cannot use JSX unless the '--jsx' flag is provided.
src/views/admin/settings/ResetPasswordModal.tsx(82,14): error TS17004: Cannot use JSX unless the '--jsx' flag is provided.
src/views/admin/settings/ResetPasswordModal.tsx(83,14): error TS17004: Cannot use JSX unless the '--jsx' flag is provided.
src/views/admin/settings/ResetPasswordModal.tsx(84,17): error TS17004: Cannot use JSX unless the '--jsx' flag is provided.
src/views/admin/settings/ResetPasswordModal.tsx(85,19): error TS17004: Cannot use JSX unless the '--jsx' flag is provided.
src/views/admin/settings/ResetPasswordModal.tsx(86,19): error TS17004: Cannot use JSX unless the '--jsx' flag is provided.
src/views/admin/settings/ResetPasswordModal.tsx(88,17): error TS17004: Cannot use JSX unless the '--jsx' flag is provided.
src/views/admin/settings/ResetPasswordModal.tsx(89,19): error TS17004: Cannot use JSX unless the '--jsx' flag is provided.
src/views/admin/settings/ResetPasswordModal.tsx(90,19): error TS17004: Cannot use JSX unless the '--jsx' flag is provided.
src/views/admin/settings/ResetPasswordModal.tsx(95,11): error TS17004: Cannot use JSX unless the '--jsx' flag is provided.
src/views/admin/settings/ResetPasswordModal.tsx(96,14): error TS17004: Cannot use JSX unless the '--jsx' flag is provided.
src/views/admin/settings/ResetPasswordModal.tsx(97,17): error TS17004: Cannot use JSX unless the '--jsx' flag is provided.
src/views/admin/settings/ResetPasswordModal.tsx(98,17): error TS17004: Cannot use JSX unless the '--jsx' flag is provided.
src/views/admin/settings/ResetPasswordModal.tsx(107,14): error TS17004: Cannot use JSX unless the '--jsx' flag is provided.
src/views/admin/settings/ResetPasswordModal.tsx(108,17): error TS17004: Cannot use JSX unless the '--jsx' flag is provided.
src/views/admin/settings/ResetPasswordModal.tsx(109,17): error TS17004: Cannot use JSX unless the '--jsx' flag is provided.
src/views/admin/settings/ResetPasswordModal.tsx(119,14): error TS17004: Cannot use JSX unless the '--jsx' flag is provided.
src/views/admin/settings/ResetPasswordModal.tsx(120,17): error TS17004: Cannot use JSX unless the '--jsx' flag is provided.
src/views/admin/settings/ResetPasswordModal.tsx(121,20): error TS17004: Cannot use JSX unless the '--jsx' flag is provided.
src/views/admin/settings/ResetPasswordModal.tsx(122,20): error TS17004: Cannot use JSX unless the '--jsx' flag is provided.
src/views/admin/settings/ResetPasswordModal.tsx(123,20): error TS17004: Cannot use JSX unless the '--jsx' flag is provided.
src/views/admin/settings/ResetPasswordModal.tsx(127,14): error TS17004: Cannot use JSX unless the '--jsx' flag is provided.
src/views/admin/settings/SystemSettings.tsx(1,8): error TS1259: Module '"C:/code_visual_xanh/lab60622/lab60622/node_modules/@types/react/index"' can only be default-imported using the 'esModuleInterop' flag
src/views/admin/settings/SystemSettings.tsx(3,24): error TS2307: Cannot find module '@/components/ui/Button' or its corresponding type declarations.
src/views/admin/settings/SystemSettings.tsx(26,5): error TS17004: Cannot use JSX unless the '--jsx' flag is provided.
src/views/admin/settings/SystemSettings.tsx(27,7): error TS17004: Cannot use JSX unless the '--jsx' flag is provided.
src/views/admin/settings/SystemSettings.tsx(28,9): error TS17004: Cannot use JSX unless the '--jsx' flag is provided.
src/views/admin/settings/SystemSettings.tsx(29,12): error TS17004: Cannot use JSX unless the '--jsx' flag is provided.
src/views/admin/settings/SystemSettings.tsx(30,15): error TS17004: Cannot use JSX unless the '--jsx' flag is provided.
src/views/admin/settings/SystemSettings.tsx(32,12): error TS17004: Cannot use JSX unless the '--jsx' flag is provided.
src/views/admin/settings/SystemSettings.tsx(33,15): error TS17004: Cannot use JSX unless the '--jsx' flag is provided.
src/views/admin/settings/SystemSettings.tsx(34,15): error TS17004: Cannot use JSX unless the '--jsx' flag is provided.
src/views/admin/settings/SystemSettings.tsx(37,9): error TS17004: Cannot use JSX unless the '--jsx' flag is provided.
src/views/admin/settings/SystemSettings.tsx(42,11): error TS17004: Cannot use JSX unless the '--jsx' flag is provided.
src/views/admin/settings/SystemSettings.tsx(46,7): error TS17004: Cannot use JSX unless the '--jsx' flag is provided.
src/views/admin/settings/SystemSettings.tsx(48,11): error TS17004: Cannot use JSX unless the '--jsx' flag is provided.
src/views/admin/settings/SystemSettings.tsx(57,13): error TS17004: Cannot use JSX unless the '--jsx' flag is provided.
src/views/admin/settings/SystemSettings.tsx(63,7): error TS17004: Cannot use JSX unless the '--jsx' flag is provided.
src/views/admin/settings/SystemSettings.tsx(64,9): error TS17004: Cannot use JSX unless the '--jsx' flag is provided.
src/views/admin/settings/SystemSettings.tsx(66,13): error TS17004: Cannot use JSX unless the '--jsx' flag is provided.
src/views/admin/settings/SystemSettings.tsx(67,15): error TS17004: Cannot use JSX unless the '--jsx' flag is provided.
src/views/admin/settings/SystemSettings.tsx(68,17): error TS17004: Cannot use JSX unless the '--jsx' flag is provided.
src/views/admin/settings/SystemSettings.tsx(69,19): error TS17004: Cannot use JSX unless the '--jsx' flag is provided.
src/views/admin/settings/SystemSettings.tsx(71,17): error TS17004: Cannot use JSX unless the '--jsx' flag is provided.
src/views/admin/settings/SystemSettings.tsx(72,19): error TS17004: Cannot use JSX unless the '--jsx' flag is provided.
src/views/admin/settings/SystemSettings.tsx(73,21): error TS17004: Cannot use JSX unless the '--jsx' flag is provided.
src/views/admin/settings/SystemSettings.tsx(74,21): error TS17004: Cannot use JSX unless the '--jsx' flag is provided.
src/views/admin/settings/SystemSettings.tsx(76,19): error TS17004: Cannot use JSX unless the '--jsx' flag is provided.
src/views/admin/settings/SystemSettings.tsx(77,21): error TS17004: Cannot use JSX unless the '--jsx' flag is provided.
src/views/admin/settings/SystemSettings.tsx(78,21): error TS17004: Cannot use JSX unless the '--jsx' flag is provided.
src/views/admin/settings/SystemSettings.tsx(79,23): error TS17004: Cannot use JSX unless the '--jsx' flag is provided.
src/views/admin/settings/SystemSettings.tsx(80,23): error TS17004: Cannot use JSX unless the '--jsx' flag is provided.
src/views/admin/settings/SystemSettings.tsx(86,15): error TS17004: Cannot use JSX unless the '--jsx' flag is provided.
src/views/admin/settings/SystemSettings.tsx(87,17): error TS17004: Cannot use JSX unless the '--jsx' flag is provided.
src/views/admin/settings/SystemSettings.tsx(88,19): error TS17004: Cannot use JSX unless the '--jsx' flag is provided.
src/views/admin/settings/SystemSettings.tsx(90,17): error TS17004: Cannot use JSX unless the '--jsx' flag is provided.
src/views/admin/settings/SystemSettings.tsx(91,19): error TS17004: Cannot use JSX unless the '--jsx' flag is provided.
src/views/admin/settings/SystemSettings.tsx(92,21): error TS17004: Cannot use JSX unless the '--jsx' flag is provided.
src/views/admin/settings/SystemSettings.tsx(93,23): error TS17004: Cannot use JSX unless the '--jsx' flag is provided.
src/views/admin/settings/SystemSettings.tsx(95,21): error TS17004: Cannot use JSX unless the '--jsx' flag is provided.
src/views/admin/settings/SystemSettings.tsx(96,23): error TS17004: Cannot use JSX unless the '--jsx' flag is provided.
src/views/admin/settings/SystemSettings.tsx(97,23): error TS17004: Cannot use JSX unless the '--jsx' flag is provided.
src/views/admin/settings/SystemSettings.tsx(100,19): error TS17004: Cannot use JSX unless the '--jsx' flag is provided.
src/views/admin/settings/SystemSettings.tsx(101,21): error TS17004: Cannot use JSX unless the '--jsx' flag is provided.
src/views/admin/settings/SystemSettings.tsx(109,13): error TS17004: Cannot use JSX unless the '--jsx' flag is provided.
src/views/admin/settings/SystemSettings.tsx(110,16): error TS17004: Cannot use JSX unless the '--jsx' flag is provided.
src/views/admin/settings/SystemSettings.tsx(111,17): error TS17004: Cannot use JSX unless the '--jsx' flag is provided.
src/views/admin/settings/SystemSettings.tsx(112,19): error TS17004: Cannot use JSX unless the '--jsx' flag is provided.
src/views/admin/settings/SystemSettings.tsx(114,17): error TS17004: Cannot use JSX unless the '--jsx' flag is provided.
src/views/admin/settings/SystemSettings.tsx(115,19): error TS17004: Cannot use JSX unless the '--jsx' flag is provided.
src/views/admin/settings/SystemSettings.tsx(115,46): error TS17004: Cannot use JSX unless the '--jsx' flag is provided.
src/views/admin/settings/SystemSettings.tsx(115,132): error TS17004: Cannot use JSX unless the '--jsx' flag is provided.
src/views/admin/settings/SystemSettings.tsx(116,19): error TS17004: Cannot use JSX unless the '--jsx' flag is provided.
src/views/admin/settings/SystemSettings.tsx(116,46): error TS17004: Cannot use JSX unless the '--jsx' flag is provided.
src/views/admin/settings/SystemSettings.tsx(116,125): error TS17004: Cannot use JSX unless the '--jsx' flag is provided.
src/views/admin/settings/SystemSettings.tsx(123,13): error TS17004: Cannot use JSX unless the '--jsx' flag is provided.
src/views/admin/settings/SystemSettings.tsx(124,16): error TS17004: Cannot use JSX unless the '--jsx' flag is provided.
src/views/admin/settings/SystemSettings.tsx(125,17): error TS17004: Cannot use JSX unless the '--jsx' flag is provided.
src/views/admin/settings/SystemSettings.tsx(126,19): error TS17004: Cannot use JSX unless the '--jsx' flag is provided.
src/views/admin/settings/SystemSettings.tsx(128,17): error TS17004: Cannot use JSX unless the '--jsx' flag is provided.
src/views/admin/settings/SystemSettings.tsx(134,21): error TS17004: Cannot use JSX unless the '--jsx' flag is provided.
src/views/admin/settings/SystemSettings.tsx(135,23): error TS17004: Cannot use JSX unless the '--jsx' flag is provided.
src/views/admin/settings/SystemSettings.tsx(136,23): error TS17004: Cannot use JSX unless the '--jsx' flag is provided.
src/views/admin/settings/SystemSettings.tsx(137,25): error TS17004: Cannot use JSX unless the '--jsx' flag is provided.
src/views/admin/settings/SystemSettings.tsx(147,14): error TS17004: Cannot use JSX unless the '--jsx' flag is provided.
src/views/admin/settings/SystemSettings.tsx(148,16): error TS17004: Cannot use JSX unless the '--jsx' flag is provided.
src/views/admin/settings/SystemSettings.tsx(149,18): error TS17004: Cannot use JSX unless the '--jsx' flag is provided.
src/views/admin/settings/SystemSettings.tsx(150,21): error TS17004: Cannot use JSX unless the '--jsx' flag is provided.
src/views/admin/settings/SystemSettings.tsx(151,21): error TS17004: Cannot use JSX unless the '--jsx' flag is provided.
src/views/admin/settings/SystemSettings.tsx(153,18): error TS17004: Cannot use JSX unless the '--jsx' flag is provided.
src/views/admin/settings/SystemSettings.tsx(154,20): error TS17004: Cannot use JSX unless the '--jsx' flag is provided.
src/views/admin/settings/SystemSettings.tsx(161,9): error TS17004: Cannot use JSX unless the '--jsx' flag is provided.
src/views/admin/settings/SystemSettings.tsx(162,11): error TS17004: Cannot use JSX unless the '--jsx' flag is provided.
src/views/admin/settings/SystemSettings.tsx(163,13): error TS17004: Cannot use JSX unless the '--jsx' flag is provided.
src/views/admin/settings/SystemSettings.tsx(164,13): error TS17004: Cannot use JSX unless the '--jsx' flag is provided.
src/views/admin/settings/SystemSettings.tsx(169,11): error TS17004: Cannot use JSX unless the '--jsx' flag is provided.
src/views/admin/settings/SystemSettings.tsx(170,13): error TS17004: Cannot use JSX unless the '--jsx' flag is provided.
src/views/admin/settings/SystemSettings.tsx(171,13): error TS17004: Cannot use JSX unless the '--jsx' flag is provided.
src/views/admin/settings/SystemSettings.tsx(173,17): error TS17004: Cannot use JSX unless the '--jsx' flag is provided.
src/views/admin/settings/SystemSettings.tsx(174,19): error TS17004: Cannot use JSX unless the '--jsx' flag is provided.
src/views/admin/settings/SystemSettings.tsx(175,19): error TS17004: Cannot use JSX unless the '--jsx' flag is provided.
src/views/admin/settings/SystemSettings.tsx(176,21): error TS17004: Cannot use JSX unless the '--jsx' flag is provided.
src/views/admin/settings/SystemSettings.tsx(177,21): error TS17004: Cannot use JSX unless the '--jsx' flag is provided.
src/views/admin/settings/UserListPage.tsx(1,8): error TS1259: Module '"C:/code_visual_xanh/lab60622/lab60622/node_modules/@types/react/index"' can only be default-imported using the 'esModuleInterop' flag
src/views/admin/settings/UserListPage.tsx(6,3): error TS6133: 'Search' is declared but its value is never read.
src/views/admin/settings/UserListPage.tsx(9,3): error TS6133: 'MoreVertical' is declared but its value is never read.
src/views/admin/settings/UserListPage.tsx(15,38): error TS2307: Cannot find module '@/components/shared/DataTable' or its corresponding type declarations.
src/views/admin/settings/UserListPage.tsx(16,43): error TS2307: Cannot find module '@/components/shared/FilterPanel' or its corresponding type declarations.
src/views/admin/settings/UserListPage.tsx(17,29): error TS2307: Cannot find module '@/components/ui/StatusBadge' or its corresponding type declarations.
src/views/admin/settings/UserListPage.tsx(18,16): error TS6133: 'UserRoleType' is declared but its value is never read.
src/views/admin/settings/UserListPage.tsx(18,36): error TS2307: Cannot find module '@/types' or its corresponding type declarations.
src/views/admin/settings/UserListPage.tsx(19,29): error TS2307: Cannot find module '@/services/userService' or its corresponding type declarations.
src/views/admin/settings/UserListPage.tsx(20,40): error TS2307: Cannot find module '@/utils' or its corresponding type declarations.
src/views/admin/settings/UserListPage.tsx(21,23): error TS6142: Module './UserModal' was resolved to 'C:/code_visual_xanh/lab60622/lab60622/src/views/admin/settings/UserModal.tsx', but '--jsx' is not set.
src/views/admin/settings/UserListPage.tsx(22,32): error TS6142: Module './ResetPasswordModal' was resolved to 'C:/code_visual_xanh/lab60622/lab60622/src/views/admin/settings/ResetPasswordModal.tsx', but '--jsx' is not set.
src/views/admin/settings/UserListPage.tsx(23,24): error TS2307: Cannot find module '@/components/ui/Button' or its corresponding type declarations.
src/views/admin/settings/UserListPage.tsx(38,22): error TS2705: An async function or method in ES5 requires the 'Promise' constructor.  Make sure you have a declaration for the 'Promise' constructor or include 'ES2015' in your '--lib' option.
src/views/admin/settings/UserListPage.tsx(54,30): error TS2705: An async function or method in ES5 requires the 'Promise' constructor.  Make sure you have a declaration for the 'Promise' constructor or include 'ES2015' in your '--lib' option.
src/views/admin/settings/UserListPage.tsx(71,11): error TS17004: Cannot use JSX unless the '--jsx' flag is provided.
src/views/admin/settings/UserListPage.tsx(72,13): error TS17004: Cannot use JSX unless the '--jsx' flag is provided.
src/views/admin/settings/UserListPage.tsx(73,31): error TS17004: Cannot use JSX unless the '--jsx' flag is provided.
src/views/admin/settings/UserListPage.tsx(75,13): error TS17004: Cannot use JSX unless the '--jsx' flag is provided.
src/views/admin/settings/UserListPage.tsx(76,15): error TS17004: Cannot use JSX unless the '--jsx' flag is provided.
src/views/admin/settings/UserListPage.tsx(77,15): error TS17004: Cannot use JSX unless the '--jsx' flag is provided.
src/views/admin/settings/UserListPage.tsx(86,31): error TS17004: Cannot use JSX unless the '--jsx' flag is provided.
src/views/admin/settings/UserListPage.tsx(93,86): error TS2550: Property 'repeat' does not exist on type '"*"'. Do you need to change your target library? Try changing the 'lib' compiler option to 'es2015' or later.
src/views/admin/settings/UserListPage.tsx(95,11): error TS17004: Cannot use JSX unless the '--jsx' flag is provided.
src/views/admin/settings/UserListPage.tsx(96,13): error TS17004: Cannot use JSX unless the '--jsx' flag is provided.
src/views/admin/settings/UserListPage.tsx(110,16): error TS17004: Cannot use JSX unless the '--jsx' flag is provided.
src/views/admin/settings/UserListPage.tsx(119,11): error TS17004: Cannot use JSX unless the '--jsx' flag is provided.
src/views/admin/settings/UserListPage.tsx(129,13): error TS17004: Cannot use JSX unless the '--jsx' flag is provided.
src/views/admin/settings/UserListPage.tsx(141,9): error TS17004: Cannot use JSX unless the '--jsx' flag is provided.
src/views/admin/settings/UserListPage.tsx(150,9): error TS17004: Cannot use JSX unless the '--jsx' flag is provided.
src/views/admin/settings/UserListPage.tsx(163,13): error TS17004: Cannot use JSX unless the '--jsx' flag is provided.
src/views/admin/settings/UserListPage.tsx(164,17): error TS7006: Parameter 'user' implicitly has an 'any' type.
src/views/admin/settings/UserListPage.tsx(168,13): error TS17004: Cannot use JSX unless the '--jsx' flag is provided.
src/views/admin/settings/UserListPage.tsx(169,17): error TS7006: Parameter 'user' implicitly has an 'any' type.
src/views/admin/settings/UserListPage.tsx(176,13): error TS17004: Cannot use JSX unless the '--jsx' flag is provided.
src/views/admin/settings/UserListPage.tsx(177,17): error TS7006: Parameter 'user' implicitly has an 'any' type.
src/views/admin/settings/UserListPage.tsx(181,13): error TS17004: Cannot use JSX unless the '--jsx' flag is provided.
src/views/admin/settings/UserListPage.tsx(183,17): error TS7006: Parameter 'user' implicitly has an 'any' type.
src/views/admin/settings/UserListPage.tsx(193,13): error TS17004: Cannot use JSX unless the '--jsx' flag is provided.
src/views/admin/settings/UserListPage.tsx(195,17): error TS7006: Parameter 'user' implicitly has an 'any' type.
src/views/admin/settings/UserListPage.tsx(248,5): error TS17004: Cannot use JSX unless the '--jsx' flag is provided.
src/views/admin/settings/UserListPage.tsx(249,7): error TS17004: Cannot use JSX unless the '--jsx' flag is provided.
src/views/admin/settings/UserListPage.tsx(250,9): error TS17004: Cannot use JSX unless the '--jsx' flag is provided.
src/views/admin/settings/UserListPage.tsx(251,12): error TS17004: Cannot use JSX unless the '--jsx' flag is provided.
src/views/admin/settings/UserListPage.tsx(252,15): error TS17004: Cannot use JSX unless the '--jsx' flag is provided.
src/views/admin/settings/UserListPage.tsx(254,12): error TS17004: Cannot use JSX unless the '--jsx' flag is provided.
src/views/admin/settings/UserListPage.tsx(255,15): error TS17004: Cannot use JSX unless the '--jsx' flag is provided.
src/views/admin/settings/UserListPage.tsx(256,15): error TS17004: Cannot use JSX unless the '--jsx' flag is provided.
src/views/admin/settings/UserListPage.tsx(259,9): error TS17004: Cannot use JSX unless the '--jsx' flag is provided.
src/views/admin/settings/UserListPage.tsx(260,11): error TS17004: Cannot use JSX unless the '--jsx' flag is provided.
src/views/admin/settings/UserListPage.tsx(261,13): error TS17004: Cannot use JSX unless the '--jsx' flag is provided.
src/views/admin/settings/UserListPage.tsx(263,11): error TS17004: Cannot use JSX unless the '--jsx' flag is provided.
src/views/admin/settings/UserListPage.tsx(264,13): error TS17004: Cannot use JSX unless the '--jsx' flag is provided.
src/views/admin/settings/UserListPage.tsx(269,7): error TS17004: Cannot use JSX unless the '--jsx' flag is provided.
src/views/admin/settings/UserListPage.tsx(274,29): error TS2550: Property 'values' does not exist on type 'ObjectConstructor'. Do you need to change your target library? Try changing the 'lib' compiler option to 'es2017' or later.
src/views/admin/settings/UserListPage.tsx(274,57): error TS7006: Parameter 'v' implicitly has an 'any' type.
src/views/admin/settings/UserListPage.tsx(277,7): error TS17004: Cannot use JSX unless the '--jsx' flag is provided.
src/views/admin/settings/UserListPage.tsx(278,9): error TS17004: Cannot use JSX unless the '--jsx' flag is provided.
src/views/admin/settings/UserListPage.tsx(284,26): error TS7006: Parameter 'user' implicitly has an 'any' type.
src/views/admin/settings/UserListPage.tsx(288,7): error TS17004: Cannot use JSX unless the '--jsx' flag is provided.
src/views/admin/settings/UserListPage.tsx(295,7): error TS17004: Cannot use JSX unless the '--jsx' flag is provided.
src/views/admin/settings/UserModal.tsx(1,8): error TS1259: Module '"C:/code_visual_xanh/lab60622/lab60622/node_modules/@types/react/index"' can only be default-imported using the 'esModuleInterop' flag
src/views/admin/settings/UserModal.tsx(2,36): error TS2307: Cannot find module '@/types' or its corresponding type declarations.
src/views/admin/settings/UserModal.tsx(3,23): error TS2307: Cannot find module '@/components/shared/Modal' or its corresponding type declarations.
src/views/admin/settings/UserModal.tsx(4,24): error TS2307: Cannot find module '@/components/ui/Button' or its corresponding type declarations.
src/views/admin/settings/UserModal.tsx(5,29): error TS2307: Cannot find module '@/services/userService' or its corresponding type declarations.
src/views/admin/settings/UserModal.tsx(7,49): error TS6133: 'Lock' is declared but its value is never read.
src/views/admin/settings/UserModal.tsx(8,29): error TS2307: Cannot find module '@/components/ui/SelectAsync' or its corresponding type declarations.
src/views/admin/settings/UserModal.tsx(9,28): error TS2307: Cannot find module '@/components/shared/FileUpload' or its corresponding type declarations.
src/views/admin/settings/UserModal.tsx(18,48): error TS7031: Binding element 'open' implicitly has an 'any' type.
src/views/admin/settings/UserModal.tsx(18,54): error TS7031: Binding element 'onOpenChange' implicitly has an 'any' type.
src/views/admin/settings/UserModal.tsx(18,68): error TS7031: Binding element 'user' implicitly has an 'any' type.
src/views/admin/settings/UserModal.tsx(18,74): error TS7031: Binding element 'onSuccess' implicitly has an 'any' type.
src/views/admin/settings/UserModal.tsx(51,24): error TS2705: An async function or method in ES5 requires the 'Promise' constructor.  Make sure you have a declaration for the 'Promise' constructor or include 'ES2015' in your '--lib' option.
src/views/admin/settings/UserModal.tsx(72,5): error TS17004: Cannot use JSX unless the '--jsx' flag is provided.
src/views/admin/settings/UserModal.tsx(78,7): error TS17004: Cannot use JSX unless the '--jsx' flag is provided.
src/views/admin/settings/UserModal.tsx(79,9): error TS17004: Cannot use JSX unless the '--jsx' flag is provided.
src/views/admin/settings/UserModal.tsx(80,11): error TS17004: Cannot use JSX unless the '--jsx' flag is provided.
src/views/admin/settings/UserModal.tsx(81,13): error TS17004: Cannot use JSX unless the '--jsx' flag is provided.
src/views/admin/settings/UserModal.tsx(82,15): error TS17004: Cannot use JSX unless the '--jsx' flag is provided.
src/views/admin/settings/UserModal.tsx(84,13): error TS17004: Cannot use JSX unless the '--jsx' flag is provided.
src/views/admin/settings/UserModal.tsx(93,11): error TS17004: Cannot use JSX unless the '--jsx' flag is provided.
src/views/admin/settings/UserModal.tsx(94,13): error TS17004: Cannot use JSX unless the '--jsx' flag is provided.
src/views/admin/settings/UserModal.tsx(95,15): error TS17004: Cannot use JSX unless the '--jsx' flag is provided.
src/views/admin/settings/UserModal.tsx(97,13): error TS17004: Cannot use JSX unless the '--jsx' flag is provided.
src/views/admin/settings/UserModal.tsx(108,11): error TS17004: Cannot use JSX unless the '--jsx' flag is provided.
src/views/admin/settings/UserModal.tsx(109,13): error TS17004: Cannot use JSX unless the '--jsx' flag is provided.
src/views/admin/settings/UserModal.tsx(110,15): error TS17004: Cannot use JSX unless the '--jsx' flag is provided.
src/views/admin/settings/UserModal.tsx(112,13): error TS17004: Cannot use JSX unless the '--jsx' flag is provided.
src/views/admin/settings/UserModal.tsx(120,11): error TS17004: Cannot use JSX unless the '--jsx' flag is provided.
src/views/admin/settings/UserModal.tsx(121,13): error TS17004: Cannot use JSX unless the '--jsx' flag is provided.
src/views/admin/settings/UserModal.tsx(122,15): error TS17004: Cannot use JSX unless the '--jsx' flag is provided.
src/views/admin/settings/UserModal.tsx(124,13): error TS17004: Cannot use JSX unless the '--jsx' flag is provided.
src/views/admin/settings/UserModal.tsx(133,9): error TS17004: Cannot use JSX unless the '--jsx' flag is provided.
src/views/admin/settings/UserModal.tsx(134,11): error TS17004: Cannot use JSX unless the '--jsx' flag is provided.
src/views/admin/settings/UserModal.tsx(135,13): error TS17004: Cannot use JSX unless the '--jsx' flag is provided.
src/views/admin/settings/UserModal.tsx(136,15): error TS17004: Cannot use JSX unless the '--jsx' flag is provided.
src/views/admin/settings/UserModal.tsx(138,13): error TS17004: Cannot use JSX unless the '--jsx' flag is provided.
src/views/admin/settings/UserModal.tsx(143,15): error TS17004: Cannot use JSX unless the '--jsx' flag is provided.
src/views/admin/settings/UserModal.tsx(144,15): error TS17004: Cannot use JSX unless the '--jsx' flag is provided.
src/views/admin/settings/UserModal.tsx(145,15): error TS17004: Cannot use JSX unless the '--jsx' flag is provided.
src/views/admin/settings/UserModal.tsx(146,15): error TS17004: Cannot use JSX unless the '--jsx' flag is provided.
src/views/admin/settings/UserModal.tsx(149,11): error TS17004: Cannot use JSX unless the '--jsx' flag is provided.
src/views/admin/settings/UserModal.tsx(150,16): error TS17004: Cannot use JSX unless the '--jsx' flag is provided.
src/views/admin/settings/UserModal.tsx(151,18): error TS17004: Cannot use JSX unless the '--jsx' flag is provided.
src/views/admin/settings/UserModal.tsx(153,16): error TS17004: Cannot use JSX unless the '--jsx' flag is provided.
src/views/admin/settings/UserModal.tsx(154,50): error TS7006: Parameter 'bid' implicitly has an 'any' type.
src/views/admin/settings/UserModal.tsx(155,21): error TS17004: Cannot use JSX unless the '--jsx' flag is provided.
src/views/admin/settings/UserModal.tsx(157,23): error TS17004: Cannot use JSX unless the '--jsx' flag is provided.
src/views/admin/settings/UserModal.tsx(157,171): error TS7006: Parameter 'id' implicitly has an 'any' type.
src/views/admin/settings/UserModal.tsx(160,19): error TS17004: Cannot use JSX unless the '--jsx' flag is provided.
src/views/admin/settings/UserModal.tsx(162,41): error TS7006: Parameter 's' implicitly has an 'any' type.
src/views/admin/settings/UserModal.tsx(167,59): error TS2550: Property 'includes' does not exist on type 'string'. Do you need to change your target library? Try changing the 'lib' compiler option to 'es2015' or later.
src/views/admin/settings/UserModal.tsx(170,32): error TS7006: Parameter 'val' implicitly has an 'any' type.
src/views/admin/settings/UserModal.tsx(180,9): error TS17004: Cannot use JSX unless the '--jsx' flag is provided.
src/views/admin/settings/UserModal.tsx(181,12): error TS17004: Cannot use JSX unless the '--jsx' flag is provided.
src/views/admin/settings/UserModal.tsx(182,14): error TS17004: Cannot use JSX unless the '--jsx' flag is provided.
src/views/admin/settings/UserModal.tsx(183,16): error TS17004: Cannot use JSX unless the '--jsx' flag is provided.
src/views/admin/settings/UserModal.tsx(184,16): error TS17004: Cannot use JSX unless the '--jsx' flag is provided.
src/views/admin/settings/UserModal.tsx(186,14): error TS17004: Cannot use JSX unless the '--jsx' flag is provided.
src/views/admin/settings/UserModal.tsx(193,12): error TS17004: Cannot use JSX unless the '--jsx' flag is provided.
src/views/admin/settings/UserModal.tsx(194,14): error TS17004: Cannot use JSX unless the '--jsx' flag is provided.
src/views/admin/settings/UserModal.tsx(195,16): error TS17004: Cannot use JSX unless the '--jsx' flag is provided.
src/views/admin/settings/UserModal.tsx(196,16): error TS17004: Cannot use JSX unless the '--jsx' flag is provided.
src/views/admin/settings/UserModal.tsx(198,14): error TS17004: Cannot use JSX unless the '--jsx' flag is provided.
src/views/admin/settings/UserModal.tsx(199,27): error TS7006: Parameter 'urls' implicitly has an 'any' type.
src/views/admin/settings/UserModal.tsx(206,9): error TS17004: Cannot use JSX unless the '--jsx' flag is provided.
src/views/admin/settings/UserModal.tsx(207,11): error TS17004: Cannot use JSX unless the '--jsx' flag is provided.
src/views/admin/settings/UserModal.tsx(208,11): error TS17004: Cannot use JSX unless the '--jsx' flag is provided.
src/views/admin/settings/WaterPolicyPage.tsx(2,8): error TS1259: Module '"C:/code_visual_xanh/lab60622/lab60622/node_modules/@types/react/index"' can only be default-imported using the 'esModuleInterop' flag
src/views/admin/settings/WaterPolicyPage.tsx(19,8): error TS2307: Cannot find module '@/services/policyService' or its corresponding type declarations.
src/views/admin/settings/WaterPolicyPage.tsx(24,8): error TS2307: Cannot find module '@/components/shared' or its corresponding type declarations.
src/views/admin/settings/WaterPolicyPage.tsx(25,31): error TS2307: Cannot find module '@/components/policy/CreatePolicyModal' or its corresponding type declarations.
src/views/admin/settings/WaterPolicyPage.tsx(26,32): error TS2307: Cannot find module '@/components/policy/PolicyHistoryTable' or its corresponding type declarations.
src/views/admin/settings/WaterPolicyPage.tsx(27,41): error TS2307: Cannot find module '@/components/ui/StatusStates' or its corresponding type declarations.
src/views/admin/settings/WaterPolicyPage.tsx(28,10): error TS6133: 'cn' is declared but its value is never read.
src/views/admin/settings/WaterPolicyPage.tsx(28,43): error TS2307: Cannot find module '@/utils' or its corresponding type declarations.
src/views/admin/settings/WaterPolicyPage.tsx(69,5): error TS17004: Cannot use JSX unless the '--jsx' flag is provided.
src/views/admin/settings/WaterPolicyPage.tsx(71,7): error TS17004: Cannot use JSX unless the '--jsx' flag is provided.
src/views/admin/settings/WaterPolicyPage.tsx(72,9): error TS17004: Cannot use JSX unless the '--jsx' flag is provided.
src/views/admin/settings/WaterPolicyPage.tsx(73,11): error TS17004: Cannot use JSX unless the '--jsx' flag is provided.
src/views/admin/settings/WaterPolicyPage.tsx(74,13): error TS17004: Cannot use JSX unless the '--jsx' flag is provided.
src/views/admin/settings/WaterPolicyPage.tsx(77,11): error TS17004: Cannot use JSX unless the '--jsx' flag is provided.
src/views/admin/settings/WaterPolicyPage.tsx(78,11): error TS17004: Cannot use JSX unless the '--jsx' flag is provided.
src/views/admin/settings/WaterPolicyPage.tsx(83,7): error TS17004: Cannot use JSX unless the '--jsx' flag is provided.
src/views/admin/settings/WaterPolicyPage.tsx(84,9): error TS17004: Cannot use JSX unless the '--jsx' flag is provided.
src/views/admin/settings/WaterPolicyPage.tsx(85,12): error TS17004: Cannot use JSX unless the '--jsx' flag is provided.
src/views/admin/settings/WaterPolicyPage.tsx(86,14): error TS17004: Cannot use JSX unless the '--jsx' flag is provided.
src/views/admin/settings/WaterPolicyPage.tsx(89,30): error TS17004: Cannot use JSX unless the '--jsx' flag is provided.
src/views/admin/settings/WaterPolicyPage.tsx(93,12): error TS17004: Cannot use JSX unless the '--jsx' flag is provided.
src/views/admin/settings/WaterPolicyPage.tsx(95,12): error TS17004: Cannot use JSX unless the '--jsx' flag is provided.
src/views/admin/settings/WaterPolicyPage.tsx(97,12): error TS17004: Cannot use JSX unless the '--jsx' flag is provided.
src/views/admin/settings/WaterPolicyPage.tsx(98,15): error TS17004: Cannot use JSX unless the '--jsx' flag is provided.
src/views/admin/settings/WaterPolicyPage.tsx(99,18): error TS17004: Cannot use JSX unless the '--jsx' flag is provided.
src/views/admin/settings/WaterPolicyPage.tsx(100,21): error TS17004: Cannot use JSX unless the '--jsx' flag is provided.
src/views/admin/settings/WaterPolicyPage.tsx(101,24): error TS17004: Cannot use JSX unless the '--jsx' flag is provided.
src/views/admin/settings/WaterPolicyPage.tsx(102,24): error TS17004: Cannot use JSX unless the '--jsx' flag is provided.
src/views/admin/settings/WaterPolicyPage.tsx(102,87): error TS2339: Property 'policyName' does not exist on type '{}'.
src/views/admin/settings/WaterPolicyPage.tsx(104,21): error TS17004: Cannot use JSX unless the '--jsx' flag is provided.
src/views/admin/settings/WaterPolicyPage.tsx(105,24): error TS17004: Cannot use JSX unless the '--jsx' flag is provided.
src/views/admin/settings/WaterPolicyPage.tsx(106,24): error TS17004: Cannot use JSX unless the '--jsx' flag is provided.
src/views/admin/settings/WaterPolicyPage.tsx(107,27): error TS17004: Cannot use JSX unless the '--jsx' flag is provided.
src/views/admin/settings/WaterPolicyPage.tsx(108,53): error TS2339: Property 'effectiveFrom' does not exist on type '{}'.
src/views/admin/settings/WaterPolicyPage.tsx(111,21): error TS17004: Cannot use JSX unless the '--jsx' flag is provided.
src/views/admin/settings/WaterPolicyPage.tsx(112,24): error TS17004: Cannot use JSX unless the '--jsx' flag is provided.
src/views/admin/settings/WaterPolicyPage.tsx(113,24): error TS17004: Cannot use JSX unless the '--jsx' flag is provided.
src/views/admin/settings/WaterPolicyPage.tsx(114,27): error TS17004: Cannot use JSX unless the '--jsx' flag is provided.
src/views/admin/settings/WaterPolicyPage.tsx(115,42): error TS2339: Property 'zoneName' does not exist on type '{}'.
src/views/admin/settings/WaterPolicyPage.tsx(119,21): error TS17004: Cannot use JSX unless the '--jsx' flag is provided.
src/views/admin/settings/WaterPolicyPage.tsx(120,24): error TS17004: Cannot use JSX unless the '--jsx' flag is provided.
src/views/admin/settings/WaterPolicyPage.tsx(121,24): error TS17004: Cannot use JSX unless the '--jsx' flag is provided.
src/views/admin/settings/WaterPolicyPage.tsx(122,27): error TS17004: Cannot use JSX unless the '--jsx' flag is provided.
src/views/admin/settings/WaterPolicyPage.tsx(123,52): error TS2339: Property 'environmentFee' does not exist on type '{}'.
src/views/admin/settings/WaterPolicyPage.tsx(126,21): error TS17004: Cannot use JSX unless the '--jsx' flag is provided.
src/views/admin/settings/WaterPolicyPage.tsx(127,24): error TS17004: Cannot use JSX unless the '--jsx' flag is provided.
src/views/admin/settings/WaterPolicyPage.tsx(128,24): error TS17004: Cannot use JSX unless the '--jsx' flag is provided.
src/views/admin/settings/WaterPolicyPage.tsx(129,27): error TS17004: Cannot use JSX unless the '--jsx' flag is provided.
src/views/admin/settings/WaterPolicyPage.tsx(130,52): error TS2339: Property 'maintenanceFee' does not exist on type '{}'.
src/views/admin/settings/WaterPolicyPage.tsx(133,21): error TS17004: Cannot use JSX unless the '--jsx' flag is provided.
src/views/admin/settings/WaterPolicyPage.tsx(134,24): error TS17004: Cannot use JSX unless the '--jsx' flag is provided.
src/views/admin/settings/WaterPolicyPage.tsx(135,24): error TS17004: Cannot use JSX unless the '--jsx' flag is provided.
src/views/admin/settings/WaterPolicyPage.tsx(136,42): error TS2339: Property 'vatRate' does not exist on type '{}'.
src/views/admin/settings/WaterPolicyPage.tsx(140,21): error TS17004: Cannot use JSX unless the '--jsx' flag is provided.
src/views/admin/settings/WaterPolicyPage.tsx(141,24): error TS17004: Cannot use JSX unless the '--jsx' flag is provided.
src/views/admin/settings/WaterPolicyPage.tsx(142,24): error TS17004: Cannot use JSX unless the '--jsx' flag is provided.
src/views/admin/settings/WaterPolicyPage.tsx(143,27): error TS17004: Cannot use JSX unless the '--jsx' flag is provided.
src/views/admin/settings/WaterPolicyPage.tsx(144,42): error TS2339: Property 'legalReference' does not exist on type '{}'.
src/views/admin/settings/WaterPolicyPage.tsx(149,18): error TS17004: Cannot use JSX unless the '--jsx' flag is provided.
src/views/admin/settings/WaterPolicyPage.tsx(150,21): error TS17004: Cannot use JSX unless the '--jsx' flag is provided.
src/views/admin/settings/WaterPolicyPage.tsx(151,25): error TS17004: Cannot use JSX unless the '--jsx' flag is provided.
src/views/admin/settings/WaterPolicyPage.tsx(153,21): error TS17004: Cannot use JSX unless the '--jsx' flag is provided.
src/views/admin/settings/WaterPolicyPage.tsx(154,45): error TS2339: Property 'tiers' does not exist on type '{}'.
src/views/admin/settings/WaterPolicyPage.tsx(156,47): error TS2339: Property 'vatRate' does not exist on type '{}'.
src/views/admin/settings/WaterPolicyPage.tsx(163,15): error TS17004: Cannot use JSX unless the '--jsx' flag is provided.
src/views/admin/settings/WaterPolicyPage.tsx(164,18): error TS17004: Cannot use JSX unless the '--jsx' flag is provided.
src/views/admin/settings/WaterPolicyPage.tsx(165,21): error TS17004: Cannot use JSX unless the '--jsx' flag is provided.
src/views/admin/settings/WaterPolicyPage.tsx(166,21): error TS17004: Cannot use JSX unless the '--jsx' flag is provided.
src/views/admin/settings/WaterPolicyPage.tsx(170,18): error TS17004: Cannot use JSX unless the '--jsx' flag is provided.
src/views/admin/settings/WaterPolicyPage.tsx(174,21): error TS17004: Cannot use JSX unless the '--jsx' flag is provided.
src/views/admin/settings/WaterPolicyPage.tsx(180,11): error TS17004: Cannot use JSX unless the '--jsx' flag is provided.
src/views/admin/settings/WaterPolicyPage.tsx(190,7): error TS17004: Cannot use JSX unless the '--jsx' flag is provided.
src/views/admin/settings/WaterPolicyPage.tsx(191,9): error TS17004: Cannot use JSX unless the '--jsx' flag is provided.
src/views/admin/settings/WaterPolicyPage.tsx(192,12): error TS17004: Cannot use JSX unless the '--jsx' flag is provided.
src/views/admin/settings/WaterPolicyPage.tsx(193,15): error TS17004: Cannot use JSX unless the '--jsx' flag is provided.
src/views/admin/settings/WaterPolicyPage.tsx(195,12): error TS17004: Cannot use JSX unless the '--jsx' flag is provided.
src/views/admin/settings/WaterPolicyPage.tsx(201,11): error TS17004: Cannot use JSX unless the '--jsx' flag is provided.
src/views/admin/settings/WaterPolicyPage.tsx(203,17): error TS17004: Cannot use JSX unless the '--jsx' flag is provided.
src/views/admin/settings/WaterPolicyPage.tsx(207,12): error TS17004: Cannot use JSX unless the '--jsx' flag is provided.
src/views/admin/settings/WaterPolicyPage.tsx(209,11): error TS17004: Cannot use JSX unless the '--jsx' flag is provided.
src/views/admin/settings/WaterPolicyPage.tsx(217,7): error TS17004: Cannot use JSX unless the '--jsx' flag is provided.
src/views/admin/settings/WaterPolicyPage.tsx(226,7): error TS17004: Cannot use JSX unless the '--jsx' flag is provided.
src/views/admin/staff/AmenityCheckin.tsx(1,8): error TS1259: Module '"C:/code_visual_xanh/lab60622/lab60622/node_modules/@types/react/index"' can only be default-imported using the 'esModuleInterop' flag
src/views/admin/staff/AmenityCheckin.tsx(3,20): error TS6133: 'User' is declared but its value is never read.
src/views/admin/staff/AmenityCheckin.tsx(4,28): error TS6133: 'MapPin' is declared but its value is never read.
src/views/admin/staff/AmenityCheckin.tsx(7,20): error TS2307: Cannot find module '@/utils' or its corresponding type declarations.
src/views/admin/staff/AmenityCheckin.tsx(9,29): error TS2307: Cannot find module '@/components/ui' or its corresponding type declarations.
src/views/admin/staff/AmenityCheckin.tsx(46,5): error TS17004: Cannot use JSX unless the '--jsx' flag is provided.
src/views/admin/staff/AmenityCheckin.tsx(47,7): error TS17004: Cannot use JSX unless the '--jsx' flag is provided.
src/views/admin/staff/AmenityCheckin.tsx(48,9): error TS17004: Cannot use JSX unless the '--jsx' flag is provided.
src/views/admin/staff/AmenityCheckin.tsx(49,11): error TS17004: Cannot use JSX unless the '--jsx' flag is provided.
src/views/admin/staff/AmenityCheckin.tsx(50,11): error TS17004: Cannot use JSX unless the '--jsx' flag is provided.
src/views/admin/staff/AmenityCheckin.tsx(52,9): error TS17004: Cannot use JSX unless the '--jsx' flag is provided.
src/views/admin/staff/AmenityCheckin.tsx(53,12): error TS17004: Cannot use JSX unless the '--jsx' flag is provided.
src/views/admin/staff/AmenityCheckin.tsx(54,15): error TS17004: Cannot use JSX unless the '--jsx' flag is provided.
src/views/admin/staff/AmenityCheckin.tsx(59,7): error TS17004: Cannot use JSX unless the '--jsx' flag is provided.
src/views/admin/staff/AmenityCheckin.tsx(66,12): error TS17004: Cannot use JSX unless the '--jsx' flag is provided.
src/views/admin/staff/AmenityCheckin.tsx(67,15): error TS17004: Cannot use JSX unless the '--jsx' flag is provided.
src/views/admin/staff/AmenityCheckin.tsx(68,18): error TS17004: Cannot use JSX unless the '--jsx' flag is provided.
src/views/admin/staff/AmenityCheckin.tsx(69,21): error TS17004: Cannot use JSX unless the '--jsx' flag is provided.
src/views/admin/staff/AmenityCheckin.tsx(71,18): error TS17004: Cannot use JSX unless the '--jsx' flag is provided.
src/views/admin/staff/AmenityCheckin.tsx(73,15): error TS17004: Cannot use JSX unless the '--jsx' flag is provided.
src/views/admin/staff/AmenityCheckin.tsx(78,7): error TS17004: Cannot use JSX unless the '--jsx' flag is provided.
src/views/admin/staff/AmenityCheckin.tsx(79,10): error TS17004: Cannot use JSX unless the '--jsx' flag is provided.
src/views/admin/staff/AmenityCheckin.tsx(80,13): error TS17004: Cannot use JSX unless the '--jsx' flag is provided.
src/views/admin/staff/AmenityCheckin.tsx(81,16): error TS17004: Cannot use JSX unless the '--jsx' flag is provided.
src/views/admin/staff/AmenityCheckin.tsx(82,19): error TS17004: Cannot use JSX unless the '--jsx' flag is provided.
src/views/admin/staff/AmenityCheckin.tsx(83,22): error TS17004: Cannot use JSX unless the '--jsx' flag is provided.
src/views/admin/staff/AmenityCheckin.tsx(84,22): error TS17004: Cannot use JSX unless the '--jsx' flag is provided.
src/views/admin/staff/AmenityCheckin.tsx(85,22): error TS17004: Cannot use JSX unless the '--jsx' flag is provided.
src/views/admin/staff/AmenityCheckin.tsx(86,22): error TS17004: Cannot use JSX unless the '--jsx' flag is provided.
src/views/admin/staff/AmenityCheckin.tsx(89,16): error TS17004: Cannot use JSX unless the '--jsx' flag is provided.
src/views/admin/staff/AmenityCheckin.tsx(91,22): error TS17004: Cannot use JSX unless the '--jsx' flag is provided.
src/views/admin/staff/AmenityCheckin.tsx(92,25): error TS17004: Cannot use JSX unless the '--jsx' flag is provided.
src/views/admin/staff/AmenityCheckin.tsx(93,28): error TS17004: Cannot use JSX unless the '--jsx' flag is provided.
src/views/admin/staff/AmenityCheckin.tsx(94,31): error TS17004: Cannot use JSX unless the '--jsx' flag is provided.
src/views/admin/staff/AmenityCheckin.tsx(95,34): error TS17004: Cannot use JSX unless the '--jsx' flag is provided.
src/views/admin/staff/AmenityCheckin.tsx(96,34): error TS17004: Cannot use JSX unless the '--jsx' flag is provided.
src/views/admin/staff/AmenityCheckin.tsx(98,31): error TS17004: Cannot use JSX unless the '--jsx' flag is provided.
src/views/admin/staff/AmenityCheckin.tsx(99,34): error TS17004: Cannot use JSX unless the '--jsx' flag is provided.
src/views/admin/staff/AmenityCheckin.tsx(100,34): error TS17004: Cannot use JSX unless the '--jsx' flag is provided.
src/views/admin/staff/AmenityCheckin.tsx(104,25): error TS17004: Cannot use JSX unless the '--jsx' flag is provided.
src/views/admin/staff/AmenityCheckin.tsx(105,28): error TS17004: Cannot use JSX unless the '--jsx' flag is provided.
src/views/admin/staff/AmenityCheckin.tsx(106,31): error TS17004: Cannot use JSX unless the '--jsx' flag is provided.
src/views/admin/staff/AmenityCheckin.tsx(107,31): error TS17004: Cannot use JSX unless the '--jsx' flag is provided.
src/views/admin/staff/AmenityCheckin.tsx(108,34): error TS17004: Cannot use JSX unless the '--jsx' flag is provided.
src/views/admin/staff/AmenityCheckin.tsx(109,34): error TS17004: Cannot use JSX unless the '--jsx' flag is provided.
src/views/admin/staff/AmenityCheckin.tsx(113,25): error TS17004: Cannot use JSX unless the '--jsx' flag is provided.
src/views/admin/staff/AmenityCheckin.tsx(114,28): error TS17004: Cannot use JSX unless the '--jsx' flag is provided.
src/views/admin/staff/AmenityCheckin.tsx(116,31): error TS17004: Cannot use JSX unless the '--jsx' flag is provided.
src/views/admin/staff/AmenityCheckin.tsx(117,34): error TS17004: Cannot use JSX unless the '--jsx' flag is provided.
src/views/admin/staff/AmenityCheckin.tsx(118,34): error TS17004: Cannot use JSX unless the '--jsx' flag is provided.
src/views/admin/staff/AmenityCheckin.tsx(122,25): error TS17004: Cannot use JSX unless the '--jsx' flag is provided.
src/views/admin/staff/AmenityCheckin.tsx(123,28): error TS17004: Cannot use JSX unless the '--jsx' flag is provided.
src/views/admin/staff/AmenityCheckin.tsx(125,34): error TS17004: Cannot use JSX unless the '--jsx' flag is provided.
src/views/admin/staff/AmenityCheckin.tsx(126,37): error TS17004: Cannot use JSX unless the '--jsx' flag is provided.
src/views/admin/staff/AmenityCheckin.tsx(130,40): error TS17004: Cannot use JSX unless the '--jsx' flag is provided.
src/views/admin/staff/AmenityCheckin.tsx(132,37): error TS17004: Cannot use JSX unless the '--jsx' flag is provided.
src/views/admin/staff/AmenityCheckin.tsx(137,40): error TS17004: Cannot use JSX unless the '--jsx' flag is provided.
src/views/admin/staff/AmenityCheckin.tsx(142,34): error TS17004: Cannot use JSX unless the '--jsx' flag is provided.
src/views/admin/staff/AmenityCheckin.tsx(146,37): error TS17004: Cannot use JSX unless the '--jsx' flag is provided.
src/views/admin/staff/AmenityCheckin.tsx(149,31): error TS17004: Cannot use JSX unless the '--jsx' flag is provided.
src/views/admin/staff/AmenityCheckin.tsx(150,34): error TS17004: Cannot use JSX unless the '--jsx' flag is provided.
src/views/admin/staff/StaffDashboard.tsx(1,8): error TS1259: Module '"C:/code_visual_xanh/lab60622/lab60622/node_modules/@types/react/index"' can only be default-imported using the 'esModuleInterop' flag
src/views/admin/staff/StaffDashboard.tsx(3,3): error TS6133: 'Building2' is declared but its value is never read.
src/views/admin/staff/StaffDashboard.tsx(3,14): error TS6133: 'Users' is declared but its value is never read.
src/views/admin/staff/StaffDashboard.tsx(4,3): error TS6133: 'DollarSign' is declared but its value is never read.
src/views/admin/staff/StaffDashboard.tsx(4,28): error TS6133: 'FileText' is declared but its value is never read.
src/views/admin/staff/StaffDashboard.tsx(5,9): error TS6133: 'Calendar' is declared but its value is never read.
src/views/admin/staff/StaffDashboard.tsx(5,31): error TS6133: 'ArrowRight' is declared but its value is never read.
src/views/admin/staff/StaffDashboard.tsx(6,13): error TS6133: 'Check' is declared but its value is never read.
src/views/admin/staff/StaffDashboard.tsx(6,20): error TS6133: 'Copy' is declared but its value is never read.
src/views/admin/staff/StaffDashboard.tsx(7,24): error TS6133: 'LayoutDashboard' is declared but its value is never read.
src/views/admin/staff/StaffDashboard.tsx(10,10): error TS6133: 'cn' is declared but its value is never read.
src/views/admin/staff/StaffDashboard.tsx(10,32): error TS2307: Cannot find module '@/utils' or its corresponding type declarations.
src/views/admin/staff/StaffDashboard.tsx(11,24): error TS2307: Cannot find module '@/stores/uiStore' or its corresponding type declarations.
src/views/admin/staff/StaffDashboard.tsx(12,34): error TS2307: Cannot find module '@/services/dashboardService' or its corresponding type declarations.
src/views/admin/staff/StaffDashboard.tsx(13,25): error TS2307: Cannot find module '@/components/data/KPICard' or its corresponding type declarations.
src/views/admin/staff/StaffDashboard.tsx(14,29): error TS2307: Cannot find module '@/components/ui' or its corresponding type declarations.
src/views/admin/staff/StaffDashboard.tsx(52,5): error TS17004: Cannot use JSX unless the '--jsx' flag is provided.
src/views/admin/staff/StaffDashboard.tsx(53,7): error TS17004: Cannot use JSX unless the '--jsx' flag is provided.
src/views/admin/staff/StaffDashboard.tsx(54,9): error TS17004: Cannot use JSX unless the '--jsx' flag is provided.
src/views/admin/staff/StaffDashboard.tsx(55,11): error TS17004: Cannot use JSX unless the '--jsx' flag is provided.
src/views/admin/staff/StaffDashboard.tsx(56,11): error TS17004: Cannot use JSX unless the '--jsx' flag is provided.
src/views/admin/staff/StaffDashboard.tsx(58,9): error TS17004: Cannot use JSX unless the '--jsx' flag is provided.
src/views/admin/staff/StaffDashboard.tsx(59,11): error TS17004: Cannot use JSX unless the '--jsx' flag is provided.
src/views/admin/staff/StaffDashboard.tsx(63,13): error TS17004: Cannot use JSX unless the '--jsx' flag is provided.
src/views/admin/staff/StaffDashboard.tsx(65,11): error TS17004: Cannot use JSX unless the '--jsx' flag is provided.
src/views/admin/staff/StaffDashboard.tsx(66,14): error TS17004: Cannot use JSX unless the '--jsx' flag is provided.
src/views/admin/staff/StaffDashboard.tsx(67,14): error TS17004: Cannot use JSX unless the '--jsx' flag is provided.
src/views/admin/staff/StaffDashboard.tsx(73,7): error TS17004: Cannot use JSX unless the '--jsx' flag is provided.
src/views/admin/staff/StaffDashboard.tsx(75,11): error TS17004: Cannot use JSX unless the '--jsx' flag is provided.
src/views/admin/staff/StaffDashboard.tsx(87,7): error TS17004: Cannot use JSX unless the '--jsx' flag is provided.
src/views/admin/staff/StaffDashboard.tsx(89,11): error TS17004: Cannot use JSX unless the '--jsx' flag is provided.
src/views/admin/staff/StaffDashboard.tsx(100,7): error TS17004: Cannot use JSX unless the '--jsx' flag is provided.
src/views/admin/staff/StaffDashboard.tsx(102,9): error TS17004: Cannot use JSX unless the '--jsx' flag is provided.
src/views/admin/staff/StaffDashboard.tsx(103,11): error TS17004: Cannot use JSX unless the '--jsx' flag is provided.
src/views/admin/staff/StaffDashboard.tsx(104,13): error TS17004: Cannot use JSX unless the '--jsx' flag is provided.
src/views/admin/staff/StaffDashboard.tsx(105,13): error TS17004: Cannot use JSX unless the '--jsx' flag is provided.
src/views/admin/staff/StaffDashboard.tsx(107,11): error TS17004: Cannot use JSX unless the '--jsx' flag is provided.
src/views/admin/staff/StaffDashboard.tsx(109,15): error TS17004: Cannot use JSX unless the '--jsx' flag is provided.
src/views/admin/staff/StaffDashboard.tsx(114,17): error TS17004: Cannot use JSX unless the '--jsx' flag is provided.
src/views/admin/staff/StaffDashboard.tsx(115,19): error TS17004: Cannot use JSX unless the '--jsx' flag is provided.
src/views/admin/staff/StaffDashboard.tsx(116,21): error TS17004: Cannot use JSX unless the '--jsx' flag is provided.
src/views/admin/staff/StaffDashboard.tsx(117,56): error TS17004: Cannot use JSX unless the '--jsx' flag is provided.
src/views/admin/staff/StaffDashboard.tsx(119,19): error TS17004: Cannot use JSX unless the '--jsx' flag is provided.
src/views/admin/staff/StaffDashboard.tsx(121,17): error TS17004: Cannot use JSX unless the '--jsx' flag is provided.
src/views/admin/staff/StaffDashboard.tsx(122,17): error TS17004: Cannot use JSX unless the '--jsx' flag is provided.
src/views/admin/staff/StaffDashboard.tsx(123,19): error TS17004: Cannot use JSX unless the '--jsx' flag is provided.
src/views/admin/staff/StaffDashboard.tsx(123,62): error TS17004: Cannot use JSX unless the '--jsx' flag is provided.
src/views/admin/staff/StaffDashboard.tsx(124,19): error TS17004: Cannot use JSX unless the '--jsx' flag is provided.
src/views/admin/staff/StaffDashboard.tsx(125,22): error TS17004: Cannot use JSX unless the '--jsx' flag is provided.
src/views/admin/staff/StaffDashboard.tsx(132,13): error TS17004: Cannot use JSX unless the '--jsx' flag is provided.
src/views/admin/staff/StaffDashboard.tsx(133,15): error TS17004: Cannot use JSX unless the '--jsx' flag is provided.
src/views/admin/staff/StaffDashboard.tsx(134,15): error TS17004: Cannot use JSX unless the '--jsx' flag is provided.
src/views/admin/staff/StaffDashboard.tsx(140,9): error TS17004: Cannot use JSX unless the '--jsx' flag is provided.
src/views/admin/staff/StaffDashboard.tsx(141,11): error TS17004: Cannot use JSX unless the '--jsx' flag is provided.
src/views/admin/staff/StaffDashboard.tsx(142,11): error TS17004: Cannot use JSX unless the '--jsx' flag is provided.
src/views/admin/staff/StaffDashboard.tsx(143,13): error TS17004: Cannot use JSX unless the '--jsx' flag is provided.
src/views/admin/staff/StaffDashboard.tsx(147,15): error TS17004: Cannot use JSX unless the '--jsx' flag is provided.
src/views/admin/staff/StaffDashboard.tsx(148,17): error TS17004: Cannot use JSX unless the '--jsx' flag is provided.
src/views/admin/staff/StaffDashboard.tsx(150,15): error TS17004: Cannot use JSX unless the '--jsx' flag is provided.
src/views/admin/staff/StaffDashboard.tsx(151,17): error TS17004: Cannot use JSX unless the '--jsx' flag is provided.
src/views/admin/staff/StaffDashboard.tsx(152,17): error TS17004: Cannot use JSX unless the '--jsx' flag is provided.
src/views/admin/staff/StaffDashboard.tsx(155,13): error TS17004: Cannot use JSX unless the '--jsx' flag is provided.
src/views/admin/staff/StaffDashboard.tsx(159,15): error TS17004: Cannot use JSX unless the '--jsx' flag is provided.
src/views/admin/staff/StaffDashboard.tsx(160,17): error TS17004: Cannot use JSX unless the '--jsx' flag is provided.
src/views/admin/staff/StaffDashboard.tsx(162,15): error TS17004: Cannot use JSX unless the '--jsx' flag is provided.
src/views/admin/staff/StaffDashboard.tsx(163,17): error TS17004: Cannot use JSX unless the '--jsx' flag is provided.
src/views/admin/staff/StaffDashboard.tsx(164,17): error TS17004: Cannot use JSX unless the '--jsx' flag is provided.
src/views/admin/staff/StaffDashboard.tsx(169,11): error TS17004: Cannot use JSX unless the '--jsx' flag is provided.
src/views/admin/staff/StaffDashboard.tsx(170,14): error TS17004: Cannot use JSX unless the '--jsx' flag is provided.
src/views/admin/staff/StaffDashboard.tsx(171,17): error TS17004: Cannot use JSX unless the '--jsx' flag is provided.
src/views/admin/staff/StaffDashboard.tsx(172,17): error TS17004: Cannot use JSX unless the '--jsx' flag is provided.
src/views/admin/staff/StaffDashboard.tsx(174,14): error TS17004: Cannot use JSX unless the '--jsx' flag is provided.
src/views/admin/staff/StaffMyTickets.tsx(1,8): error TS1259: Module '"C:/code_visual_xanh/lab60622/lab60622/node_modules/@types/react/index"' can only be default-imported using the 'esModuleInterop' flag
src/views/admin/staff/StaffMyTickets.tsx(5,3): error TS6133: 'AlertCircle' is declared but its value is never read.
src/views/admin/staff/StaffMyTickets.tsx(6,3): error TS6133: 'Filter' is declared but its value is never read.
src/views/admin/staff/StaffMyTickets.tsx(8,31): error TS2307: Cannot find module '@/services/ticketService' or its corresponding type declarations.
src/views/admin/staff/StaffMyTickets.tsx(9,45): error TS2307: Cannot find module '@/models/Ticket' or its corresponding type declarations.
src/views/admin/staff/StaffMyTickets.tsx(10,30): error TS2307: Cannot find module '@/components/tickets/TicketKanban' or its corresponding type declarations.
src/views/admin/staff/StaffMyTickets.tsx(11,26): error TS2307: Cannot find module '@/stores/authStore' or its corresponding type declarations.
src/views/admin/staff/StaffMyTickets.tsx(13,20): error TS2307: Cannot find module '@/utils' or its corresponding type declarations.
src/views/admin/staff/StaffMyTickets.tsx(14,38): error TS2307: Cannot find module '@/components/shared' or its corresponding type declarations.
src/views/admin/staff/StaffMyTickets.tsx(15,28): error TS2307: Cannot find module '@/hooks/useConfirm' or its corresponding type declarations.
src/views/admin/staff/StaffMyTickets.tsx(31,5): error TS17004: Cannot use JSX unless the '--jsx' flag is provided.
src/views/admin/staff/StaffMyTickets.tsx(32,7): error TS17004: Cannot use JSX unless the '--jsx' flag is provided.
src/views/admin/staff/StaffMyTickets.tsx(33,10): error TS17004: Cannot use JSX unless the '--jsx' flag is provided.
src/views/admin/staff/StaffMyTickets.tsx(34,13): error TS17004: Cannot use JSX unless the '--jsx' flag is provided.
src/views/admin/staff/StaffMyTickets.tsx(35,13): error TS17004: Cannot use JSX unless the '--jsx' flag is provided.
src/views/admin/staff/StaffMyTickets.tsx(42,10): error TS17004: Cannot use JSX unless the '--jsx' flag is provided.
src/views/admin/staff/StaffMyTickets.tsx(43,13): error TS17004: Cannot use JSX unless the '--jsx' flag is provided.
src/views/admin/staff/StaffMyTickets.tsx(44,13): error TS17004: Cannot use JSX unless the '--jsx' flag is provided.
src/views/admin/staff/StaffMyTickets.tsx(50,13): error TS17004: Cannot use JSX unless the '--jsx' flag is provided.
src/views/admin/staff/StaffMyTickets.tsx(54,10): error TS17004: Cannot use JSX unless the '--jsx' flag is provided.
src/views/admin/staff/StaffMyTickets.tsx(55,13): error TS17004: Cannot use JSX unless the '--jsx' flag is provided.
src/views/admin/staff/StaffMyTickets.tsx(56,13): error TS17004: Cannot use JSX unless the '--jsx' flag is provided.
src/views/admin/staff/StaffMyTickets.tsx(71,10): error TS6133: 'searchParams' is declared but its value is never read.
src/views/admin/staff/StaffMyTickets.tsx(74,9): error TS6133: 'confirm' is declared but its value is never read.
src/views/admin/staff/StaffMyTickets.tsx(81,37): error TS6133: 'refetch' is declared but its value is never read.
src/views/admin/staff/StaffMyTickets.tsx(117,5): error TS17004: Cannot use JSX unless the '--jsx' flag is provided.
src/views/admin/staff/StaffMyTickets.tsx(118,7): error TS17004: Cannot use JSX unless the '--jsx' flag is provided.
src/views/admin/staff/StaffMyTickets.tsx(119,9): error TS17004: Cannot use JSX unless the '--jsx' flag is provided.
src/views/admin/staff/StaffMyTickets.tsx(120,11): error TS17004: Cannot use JSX unless the '--jsx' flag is provided.
src/views/admin/staff/StaffMyTickets.tsx(121,11): error TS17004: Cannot use JSX unless the '--jsx' flag is provided.
src/views/admin/staff/StaffMyTickets.tsx(124,9): error TS17004: Cannot use JSX unless the '--jsx' flag is provided.
src/views/admin/staff/StaffMyTickets.tsx(125,11): error TS17004: Cannot use JSX unless the '--jsx' flag is provided.
src/views/admin/staff/StaffMyTickets.tsx(126,13): error TS17004: Cannot use JSX unless the '--jsx' flag is provided.
src/views/admin/staff/StaffMyTickets.tsx(127,13): error TS17004: Cannot use JSX unless the '--jsx' flag is provided.
src/views/admin/staff/StaffMyTickets.tsx(135,11): error TS17004: Cannot use JSX unless the '--jsx' flag is provided.
src/views/admin/staff/StaffMyTickets.tsx(136,14): error TS17004: Cannot use JSX unless the '--jsx' flag is provided.
src/views/admin/staff/StaffMyTickets.tsx(140,17): error TS17004: Cannot use JSX unless the '--jsx' flag is provided.
src/views/admin/staff/StaffMyTickets.tsx(142,14): error TS17004: Cannot use JSX unless the '--jsx' flag is provided.
src/views/admin/staff/StaffMyTickets.tsx(146,17): error TS17004: Cannot use JSX unless the '--jsx' flag is provided.
src/views/admin/staff/StaffMyTickets.tsx(152,7): error TS17004: Cannot use JSX unless the '--jsx' flag is provided.
src/views/admin/staff/StaffMyTickets.tsx(153,10): error TS17004: Cannot use JSX unless the '--jsx' flag is provided.
src/views/admin/staff/StaffMyTickets.tsx(154,13): error TS17004: Cannot use JSX unless the '--jsx' flag is provided.
src/views/admin/staff/StaffMyTickets.tsx(156,10): error TS17004: Cannot use JSX unless the '--jsx' flag is provided.
src/views/admin/staff/StaffMyTickets.tsx(157,13): error TS17004: Cannot use JSX unless the '--jsx' flag is provided.
src/views/admin/staff/StaffMyTickets.tsx(162,9): error TS17004: Cannot use JSX unless the '--jsx' flag is provided.
src/views/admin/staff/StaffMyTickets.tsx(163,12): error TS17004: Cannot use JSX unless the '--jsx' flag is provided.
src/views/admin/staff/StaffMyTickets.tsx(166,9): error TS17004: Cannot use JSX unless the '--jsx' flag is provided.
src/views/admin/staff/StaffMyTickets.tsx(169,28): error TS7006: Parameter 'id' implicitly has an 'any' type.
src/views/admin/staff/StaffMyTickets.tsx(169,32): error TS7006: Parameter 'status' implicitly has an 'any' type.
src/views/admin/staff/StaffMyTickets.tsx(170,27): error TS7006: Parameter 'id' implicitly has an 'any' type.
src/views/admin/staff/StaffMyTickets.tsx(173,9): error TS17004: Cannot use JSX unless the '--jsx' flag is provided.
src/views/admin/staff/StaffMyTickets.tsx(174,11): error TS17004: Cannot use JSX unless the '--jsx' flag is provided.
src/views/admin/staff/StaffMyTickets.tsx(175,14): error TS17004: Cannot use JSX unless the '--jsx' flag is provided.
src/views/admin/staff/StaffMyTickets.tsx(176,17): error TS17004: Cannot use JSX unless the '--jsx' flag is provided.
src/views/admin/staff/StaffMyTickets.tsx(177,20): error TS17004: Cannot use JSX unless the '--jsx' flag is provided.
src/views/admin/staff/StaffMyTickets.tsx(178,20): error TS17004: Cannot use JSX unless the '--jsx' flag is provided.
src/views/admin/staff/StaffMyTickets.tsx(179,20): error TS17004: Cannot use JSX unless the '--jsx' flag is provided.
src/views/admin/staff/StaffMyTickets.tsx(180,20): error TS17004: Cannot use JSX unless the '--jsx' flag is provided.
src/views/admin/staff/StaffMyTickets.tsx(181,20): error TS17004: Cannot use JSX unless the '--jsx' flag is provided.
src/views/admin/staff/StaffMyTickets.tsx(184,14): error TS17004: Cannot use JSX unless the '--jsx' flag is provided.
src/views/admin/staff/StaffMyTickets.tsx(190,23): error TS17004: Cannot use JSX unless the '--jsx' flag is provided.
src/views/admin/staff/StaffMyTickets.tsx(194,26): error TS17004: Cannot use JSX unless the '--jsx' flag is provided.
src/views/admin/staff/StaffMyTickets.tsx(195,26): error TS17004: Cannot use JSX unless the '--jsx' flag is provided.
src/views/admin/staff/StaffMyTickets.tsx(196,29): error TS17004: Cannot use JSX unless the '--jsx' flag is provided.
src/views/admin/staff/StaffMyTickets.tsx(197,29): error TS17004: Cannot use JSX unless the '--jsx' flag is provided.
src/views/admin/staff/StaffMyTickets.tsx(199,26): error TS17004: Cannot use JSX unless the '--jsx' flag is provided.
src/views/admin/staff/StaffMyTickets.tsx(200,29): error TS17004: Cannot use JSX unless the '--jsx' flag is provided.
src/views/admin/staff/StaffMyTickets.tsx(209,26): error TS17004: Cannot use JSX unless the '--jsx' flag is provided.
src/views/admin/staff/StaffMyTickets.tsx(211,32): error TS17004: Cannot use JSX unless the '--jsx' flag is provided.
src/views/admin/staff/StaffMyTickets.tsx(214,26): error TS17004: Cannot use JSX unless the '--jsx' flag is provided.
src/views/admin/staff/StaffMyTickets.tsx(216,32): error TS17004: Cannot use JSX unless the '--jsx' flag is provided.
src/views/admin/staff/StaffMyTickets.tsx(232,7): error TS17004: Cannot use JSX unless the '--jsx' flag is provided.
src/views/admin/staff/StaffMyTickets.tsx(239,7): error TS17004: Cannot use JSX unless the '--jsx' flag is provided.
src/views/admin/staff/VisitorCheckin.tsx(1,8): error TS1259: Module '"C:/code_visual_xanh/lab60622/lab60622/node_modules/@types/react/index"' can only be default-imported using the 'esModuleInterop' flag
src/views/admin/staff/VisitorCheckin.tsx(3,3): error TS6133: 'Users' is declared but its value is never read.
src/views/admin/staff/VisitorCheckin.tsx(8,20): error TS2307: Cannot find module '@/utils' or its corresponding type declarations.
src/views/admin/staff/VisitorCheckin.tsx(44,5): error TS17004: Cannot use JSX unless the '--jsx' flag is provided.
src/views/admin/staff/VisitorCheckin.tsx(45,7): error TS17004: Cannot use JSX unless the '--jsx' flag is provided.
src/views/admin/staff/VisitorCheckin.tsx(46,9): error TS17004: Cannot use JSX unless the '--jsx' flag is provided.
src/views/admin/staff/VisitorCheckin.tsx(47,9): error TS17004: Cannot use JSX unless the '--jsx' flag is provided.
src/views/admin/staff/VisitorCheckin.tsx(50,7): error TS17004: Cannot use JSX unless the '--jsx' flag is provided.
src/views/admin/staff/VisitorCheckin.tsx(52,9): error TS17004: Cannot use JSX unless the '--jsx' flag is provided.
src/views/admin/staff/VisitorCheckin.tsx(53,11): error TS17004: Cannot use JSX unless the '--jsx' flag is provided.
src/views/admin/staff/VisitorCheckin.tsx(54,13): error TS17004: Cannot use JSX unless the '--jsx' flag is provided.
src/views/admin/staff/VisitorCheckin.tsx(58,15): error TS17004: Cannot use JSX unless the '--jsx' flag is provided.
src/views/admin/staff/VisitorCheckin.tsx(60,13): error TS17004: Cannot use JSX unless the '--jsx' flag is provided.
src/views/admin/staff/VisitorCheckin.tsx(64,15): error TS17004: Cannot use JSX unless the '--jsx' flag is provided.
src/views/admin/staff/VisitorCheckin.tsx(69,13): error TS17004: Cannot use JSX unless the '--jsx' flag is provided.
src/views/admin/staff/VisitorCheckin.tsx(70,15): error TS17004: Cannot use JSX unless the '--jsx' flag is provided.
src/views/admin/staff/VisitorCheckin.tsx(71,15): error TS17004: Cannot use JSX unless the '--jsx' flag is provided.
src/views/admin/staff/VisitorCheckin.tsx(72,15): error TS17004: Cannot use JSX unless the '--jsx' flag is provided.
src/views/admin/staff/VisitorCheckin.tsx(73,15): error TS17004: Cannot use JSX unless the '--jsx' flag is provided.
src/views/admin/staff/VisitorCheckin.tsx(74,27): error TS17004: Cannot use JSX unless the '--jsx' flag is provided.
src/views/admin/staff/VisitorCheckin.tsx(74,115): error TS17004: Cannot use JSX unless the '--jsx' flag is provided.
src/views/admin/staff/VisitorCheckin.tsx(77,13): error TS17004: Cannot use JSX unless the '--jsx' flag is provided.
src/views/admin/staff/VisitorCheckin.tsx(78,15): error TS17004: Cannot use JSX unless the '--jsx' flag is provided.
src/views/admin/staff/VisitorCheckin.tsx(79,17): error TS17004: Cannot use JSX unless the '--jsx' flag is provided.
src/views/admin/staff/VisitorCheckin.tsx(80,17): error TS17004: Cannot use JSX unless the '--jsx' flag is provided.
src/views/admin/staff/VisitorCheckin.tsx(88,15): error TS17004: Cannot use JSX unless the '--jsx' flag is provided.
src/views/admin/staff/VisitorCheckin.tsx(100,9): error TS17004: Cannot use JSX unless the '--jsx' flag is provided.
src/views/admin/staff/VisitorCheckin.tsx(101,11): error TS17004: Cannot use JSX unless the '--jsx' flag is provided.
src/views/admin/staff/VisitorCheckin.tsx(102,14): error TS17004: Cannot use JSX unless the '--jsx' flag is provided.
src/views/admin/staff/VisitorCheckin.tsx(106,13): error TS17004: Cannot use JSX unless the '--jsx' flag is provided.
src/views/admin/staff/VisitorCheckin.tsx(107,15): error TS17004: Cannot use JSX unless the '--jsx' flag is provided.
src/views/admin/staff/VisitorCheckin.tsx(108,18): error TS17004: Cannot use JSX unless the '--jsx' flag is provided.
src/views/admin/staff/VisitorCheckin.tsx(108,113): error TS17004: Cannot use JSX unless the '--jsx' flag is provided.
src/views/admin/staff/VisitorCheckin.tsx(109,18): error TS17004: Cannot use JSX unless the '--jsx' flag is provided.
src/views/admin/staff/VisitorCheckin.tsx(110,21): error TS17004: Cannot use JSX unless the '--jsx' flag is provided.
src/views/admin/staff/VisitorCheckin.tsx(111,21): error TS17004: Cannot use JSX unless the '--jsx' flag is provided.
src/views/admin/staff/VisitorCheckin.tsx(115,15): error TS17004: Cannot use JSX unless the '--jsx' flag is provided.
src/views/admin/staff/VisitorCheckin.tsx(116,18): error TS17004: Cannot use JSX unless the '--jsx' flag is provided.
src/views/admin/staff/VisitorCheckin.tsx(117,21): error TS17004: Cannot use JSX unless the '--jsx' flag is provided.
src/views/admin/staff/VisitorCheckin.tsx(118,21): error TS17004: Cannot use JSX unless the '--jsx' flag is provided.
src/views/admin/staff/VisitorCheckin.tsx(118,62): error TS17004: Cannot use JSX unless the '--jsx' flag is provided.
src/views/admin/staff/VisitorCheckin.tsx(118,112): error TS17004: Cannot use JSX unless the '--jsx' flag is provided.
src/views/admin/staff/VisitorCheckin.tsx(120,18): error TS17004: Cannot use JSX unless the '--jsx' flag is provided.
src/views/admin/staff/VisitorCheckin.tsx(121,21): error TS17004: Cannot use JSX unless the '--jsx' flag is provided.
src/views/admin/staff/VisitorCheckin.tsx(122,21): error TS17004: Cannot use JSX unless the '--jsx' flag is provided.
src/views/admin/staff/VisitorCheckin.tsx(122,62): error TS17004: Cannot use JSX unless the '--jsx' flag is provided.
src/views/admin/staff/VisitorCheckin.tsx(122,110): error TS17004: Cannot use JSX unless the '--jsx' flag is provided.
src/views/admin/staff/VisitorCheckin.tsx(124,18): error TS17004: Cannot use JSX unless the '--jsx' flag is provided.
src/views/admin/staff/VisitorCheckin.tsx(125,21): error TS17004: Cannot use JSX unless the '--jsx' flag is provided.
src/views/admin/staff/VisitorCheckin.tsx(126,21): error TS17004: Cannot use JSX unless the '--jsx' flag is provided.
src/views/admin/staff/VisitorCheckin.tsx(128,18): error TS17004: Cannot use JSX unless the '--jsx' flag is provided.
src/views/admin/staff/VisitorCheckin.tsx(129,21): error TS17004: Cannot use JSX unless the '--jsx' flag is provided.
src/views/admin/staff/VisitorCheckin.tsx(130,21): error TS17004: Cannot use JSX unless the '--jsx' flag is provided.
src/views/admin/staff/VisitorCheckin.tsx(130,62): error TS17004: Cannot use JSX unless the '--jsx' flag is provided.
src/views/admin/staff/VisitorCheckin.tsx(130,110): error TS17004: Cannot use JSX unless the '--jsx' flag is provided.
src/views/admin/staff/VisitorCheckin.tsx(134,15): error TS17004: Cannot use JSX unless the '--jsx' flag is provided.
src/views/admin/staff/VisitorCheckin.tsx(135,18): error TS17004: Cannot use JSX unless the '--jsx' flag is provided.
src/views/admin/staff/VisitorCheckin.tsx(136,21): error TS17004: Cannot use JSX unless the '--jsx' flag is provided.
src/views/admin/staff/VisitorCheckin.tsx(138,18): error TS17004: Cannot use JSX unless the '--jsx' flag is provided.
src/views/admin/staff/VisitorCheckin.tsx(139,21): error TS17004: Cannot use JSX unless the '--jsx' flag is provided.
src/views/admin/staff/VisitorCheckin.tsx(144,13): error TS17004: Cannot use JSX unless the '--jsx' flag is provided.
src/views/admin/staff/VisitorCheckin.tsx(145,16): error TS17004: Cannot use JSX unless the '--jsx' flag is provided.
src/views/admin/staff/VisitorCheckin.tsx(145,105): error TS17004: Cannot use JSX unless the '--jsx' flag is provided.
src/views/admin/staff/VisitorCheckin.tsx(146,16): error TS17004: Cannot use JSX unless the '--jsx' flag is provided.
src/views/admin/staff/VisitorCheckin.tsx(147,16): error TS17004: Cannot use JSX unless the '--jsx' flag is provided.
src/views/admin/StaffMyTickets.tsx(1,8): error TS1259: Module '"C:/code_visual_xanh/lab60622/lab60622/node_modules/@types/react/index"' can only be default-imported using the 'esModuleInterop' flag
src/views/admin/StaffMyTickets.tsx(5,3): error TS6133: 'AlertCircle' is declared but its value is never read.
src/views/admin/StaffMyTickets.tsx(6,3): error TS6133: 'Filter' is declared but its value is never read.
src/views/admin/StaffMyTickets.tsx(8,31): error TS2307: Cannot find module '@/services/ticketService' or its corresponding type declarations.
src/views/admin/StaffMyTickets.tsx(9,45): error TS2307: Cannot find module '@/models/Ticket' or its corresponding type declarations.
src/views/admin/StaffMyTickets.tsx(10,30): error TS2307: Cannot find module '@/components/tickets/TicketKanban' or its corresponding type declarations.
src/views/admin/StaffMyTickets.tsx(11,26): error TS2307: Cannot find module '@/stores/authStore' or its corresponding type declarations.
src/views/admin/StaffMyTickets.tsx(13,20): error TS2307: Cannot find module '@/utils' or its corresponding type declarations.
src/views/admin/StaffMyTickets.tsx(14,38): error TS2307: Cannot find module '@/components/shared' or its corresponding type declarations.
src/views/admin/StaffMyTickets.tsx(15,28): error TS2307: Cannot find module '@/hooks/useConfirm' or its corresponding type declarations.
src/views/admin/StaffMyTickets.tsx(31,5): error TS17004: Cannot use JSX unless the '--jsx' flag is provided.
src/views/admin/StaffMyTickets.tsx(32,7): error TS17004: Cannot use JSX unless the '--jsx' flag is provided.
src/views/admin/StaffMyTickets.tsx(33,10): error TS17004: Cannot use JSX unless the '--jsx' flag is provided.
src/views/admin/StaffMyTickets.tsx(34,13): error TS17004: Cannot use JSX unless the '--jsx' flag is provided.
src/views/admin/StaffMyTickets.tsx(35,13): error TS17004: Cannot use JSX unless the '--jsx' flag is provided.
src/views/admin/StaffMyTickets.tsx(42,10): error TS17004: Cannot use JSX unless the '--jsx' flag is provided.
src/views/admin/StaffMyTickets.tsx(43,13): error TS17004: Cannot use JSX unless the '--jsx' flag is provided.
src/views/admin/StaffMyTickets.tsx(44,13): error TS17004: Cannot use JSX unless the '--jsx' flag is provided.
src/views/admin/StaffMyTickets.tsx(50,13): error TS17004: Cannot use JSX unless the '--jsx' flag is provided.
src/views/admin/StaffMyTickets.tsx(54,10): error TS17004: Cannot use JSX unless the '--jsx' flag is provided.
src/views/admin/StaffMyTickets.tsx(55,13): error TS17004: Cannot use JSX unless the '--jsx' flag is provided.
src/views/admin/StaffMyTickets.tsx(56,13): error TS17004: Cannot use JSX unless the '--jsx' flag is provided.
src/views/admin/StaffMyTickets.tsx(71,10): error TS6133: 'searchParams' is declared but its value is never read.
src/views/admin/StaffMyTickets.tsx(74,9): error TS6133: 'confirm' is declared but its value is never read.
src/views/admin/StaffMyTickets.tsx(81,37): error TS6133: 'refetch' is declared but its value is never read.
src/views/admin/StaffMyTickets.tsx(117,5): error TS17004: Cannot use JSX unless the '--jsx' flag is provided.
src/views/admin/StaffMyTickets.tsx(118,7): error TS17004: Cannot use JSX unless the '--jsx' flag is provided.
src/views/admin/StaffMyTickets.tsx(119,9): error TS17004: Cannot use JSX unless the '--jsx' flag is provided.
src/views/admin/StaffMyTickets.tsx(120,11): error TS17004: Cannot use JSX unless the '--jsx' flag is provided.
src/views/admin/StaffMyTickets.tsx(121,11): error TS17004: Cannot use JSX unless the '--jsx' flag is provided.
src/views/admin/StaffMyTickets.tsx(124,9): error TS17004: Cannot use JSX unless the '--jsx' flag is provided.
src/views/admin/StaffMyTickets.tsx(125,11): error TS17004: Cannot use JSX unless the '--jsx' flag is provided.
src/views/admin/StaffMyTickets.tsx(126,13): error TS17004: Cannot use JSX unless the '--jsx' flag is provided.
src/views/admin/StaffMyTickets.tsx(127,13): error TS17004: Cannot use JSX unless the '--jsx' flag is provided.
src/views/admin/StaffMyTickets.tsx(135,11): error TS17004: Cannot use JSX unless the '--jsx' flag is provided.
src/views/admin/StaffMyTickets.tsx(136,14): error TS17004: Cannot use JSX unless the '--jsx' flag is provided.
src/views/admin/StaffMyTickets.tsx(140,17): error TS17004: Cannot use JSX unless the '--jsx' flag is provided.
src/views/admin/StaffMyTickets.tsx(142,14): error TS17004: Cannot use JSX unless the '--jsx' flag is provided.
src/views/admin/StaffMyTickets.tsx(146,17): error TS17004: Cannot use JSX unless the '--jsx' flag is provided.
src/views/admin/StaffMyTickets.tsx(152,7): error TS17004: Cannot use JSX unless the '--jsx' flag is provided.
src/views/admin/StaffMyTickets.tsx(153,10): error TS17004: Cannot use JSX unless the '--jsx' flag is provided.
src/views/admin/StaffMyTickets.tsx(154,13): error TS17004: Cannot use JSX unless the '--jsx' flag is provided.
src/views/admin/StaffMyTickets.tsx(156,10): error TS17004: Cannot use JSX unless the '--jsx' flag is provided.
src/views/admin/StaffMyTickets.tsx(157,13): error TS17004: Cannot use JSX unless the '--jsx' flag is provided.
src/views/admin/StaffMyTickets.tsx(162,9): error TS17004: Cannot use JSX unless the '--jsx' flag is provided.
src/views/admin/StaffMyTickets.tsx(163,12): error TS17004: Cannot use JSX unless the '--jsx' flag is provided.
src/views/admin/StaffMyTickets.tsx(166,9): error TS17004: Cannot use JSX unless the '--jsx' flag is provided.
src/views/admin/StaffMyTickets.tsx(169,28): error TS7006: Parameter 'id' implicitly has an 'any' type.
src/views/admin/StaffMyTickets.tsx(169,32): error TS7006: Parameter 'status' implicitly has an 'any' type.
src/views/admin/StaffMyTickets.tsx(170,27): error TS7006: Parameter 'id' implicitly has an 'any' type.
src/views/admin/StaffMyTickets.tsx(173,9): error TS17004: Cannot use JSX unless the '--jsx' flag is provided.
src/views/admin/StaffMyTickets.tsx(174,11): error TS17004: Cannot use JSX unless the '--jsx' flag is provided.
src/views/admin/StaffMyTickets.tsx(175,14): error TS17004: Cannot use JSX unless the '--jsx' flag is provided.
src/views/admin/StaffMyTickets.tsx(176,17): error TS17004: Cannot use JSX unless the '--jsx' flag is provided.
src/views/admin/StaffMyTickets.tsx(177,20): error TS17004: Cannot use JSX unless the '--jsx' flag is provided.
src/views/admin/StaffMyTickets.tsx(178,20): error TS17004: Cannot use JSX unless the '--jsx' flag is provided.
src/views/admin/StaffMyTickets.tsx(179,20): error TS17004: Cannot use JSX unless the '--jsx' flag is provided.
src/views/admin/StaffMyTickets.tsx(180,20): error TS17004: Cannot use JSX unless the '--jsx' flag is provided.
src/views/admin/StaffMyTickets.tsx(181,20): error TS17004: Cannot use JSX unless the '--jsx' flag is provided.
src/views/admin/StaffMyTickets.tsx(184,14): error TS17004: Cannot use JSX unless the '--jsx' flag is provided.
src/views/admin/StaffMyTickets.tsx(190,23): error TS17004: Cannot use JSX unless the '--jsx' flag is provided.
src/views/admin/StaffMyTickets.tsx(194,26): error TS17004: Cannot use JSX unless the '--jsx' flag is provided.
src/views/admin/StaffMyTickets.tsx(195,26): error TS17004: Cannot use JSX unless the '--jsx' flag is provided.
src/views/admin/StaffMyTickets.tsx(196,29): error TS17004: Cannot use JSX unless the '--jsx' flag is provided.
src/views/admin/StaffMyTickets.tsx(197,29): error TS17004: Cannot use JSX unless the '--jsx' flag is provided.
src/views/admin/StaffMyTickets.tsx(199,26): error TS17004: Cannot use JSX unless the '--jsx' flag is provided.
src/views/admin/StaffMyTickets.tsx(200,29): error TS17004: Cannot use JSX unless the '--jsx' flag is provided.
src/views/admin/StaffMyTickets.tsx(209,26): error TS17004: Cannot use JSX unless the '--jsx' flag is provided.
src/views/admin/StaffMyTickets.tsx(211,32): error TS17004: Cannot use JSX unless the '--jsx' flag is provided.
src/views/admin/StaffMyTickets.tsx(214,26): error TS17004: Cannot use JSX unless the '--jsx' flag is provided.
src/views/admin/StaffMyTickets.tsx(216,32): error TS17004: Cannot use JSX unless the '--jsx' flag is provided.
src/views/admin/StaffMyTickets.tsx(232,7): error TS17004: Cannot use JSX unless the '--jsx' flag is provided.
src/views/admin/StaffMyTickets.tsx(239,7): error TS17004: Cannot use JSX unless the '--jsx' flag is provided.
src/views/admin/tenants/components/BalanceModals.tsx(1,8): error TS1259: Module '"C:/code_visual_xanh/lab60622/lab60622/node_modules/@types/react/index"' can only be default-imported using the 'esModuleInterop' flag
src/views/admin/tenants/components/BalanceModals.tsx(3,3): error TS6133: 'X' is declared but its value is never read.
src/views/admin/tenants/components/BalanceModals.tsx(3,6): error TS6133: 'DollarSign' is declared but its value is never read.
src/views/admin/tenants/components/BalanceModals.tsx(3,18): error TS6133: 'Calculator' is declared but its value is never read.
src/views/admin/tenants/components/BalanceModals.tsx(4,3): error TS6133: 'Check' is declared but its value is never read.
src/views/admin/tenants/components/BalanceModals.tsx(5,3): error TS6133: 'FileText' is declared but its value is never read.
src/views/admin/tenants/components/BalanceModals.tsx(5,13): error TS6133: 'Calendar' is declared but its value is never read.
src/views/admin/tenants/components/BalanceModals.tsx(8,32): error TS2307: Cannot find module '@/services/paymentService' or its corresponding type declarations.
src/views/admin/tenants/components/BalanceModals.tsx(9,32): error TS2307: Cannot find module '@/services/invoiceService' or its corresponding type declarations.
src/views/admin/tenants/components/BalanceModals.tsx(10,31): error TS2307: Cannot find module '@/utils' or its corresponding type declarations.
src/views/admin/tenants/components/BalanceModals.tsx(35,5): error TS17004: Cannot use JSX unless the '--jsx' flag is provided.
src/views/admin/tenants/components/BalanceModals.tsx(36,7): error TS17004: Cannot use JSX unless the '--jsx' flag is provided.
src/views/admin/tenants/components/BalanceModals.tsx(37,7): error TS17004: Cannot use JSX unless the '--jsx' flag is provided.
src/views/admin/tenants/components/BalanceModals.tsx(38,9): error TS17004: Cannot use JSX unless the '--jsx' flag is provided.
src/views/admin/tenants/components/BalanceModals.tsx(39,11): error TS17004: Cannot use JSX unless the '--jsx' flag is provided.
src/views/admin/tenants/components/BalanceModals.tsx(40,14): error TS17004: Cannot use JSX unless the '--jsx' flag is provided.
src/views/admin/tenants/components/BalanceModals.tsx(41,17): error TS17004: Cannot use JSX unless the '--jsx' flag is provided.
src/views/admin/tenants/components/BalanceModals.tsx(43,14): error TS17004: Cannot use JSX unless the '--jsx' flag is provided.
src/views/admin/tenants/components/BalanceModals.tsx(44,17): error TS17004: Cannot use JSX unless the '--jsx' flag is provided.
src/views/admin/tenants/components/BalanceModals.tsx(45,17): error TS17004: Cannot use JSX unless the '--jsx' flag is provided.
src/views/admin/tenants/components/BalanceModals.tsx(49,11): error TS17004: Cannot use JSX unless the '--jsx' flag is provided.
src/views/admin/tenants/components/BalanceModals.tsx(50,13): error TS17004: Cannot use JSX unless the '--jsx' flag is provided.
src/views/admin/tenants/components/BalanceModals.tsx(51,16): error TS17004: Cannot use JSX unless the '--jsx' flag is provided.
src/views/admin/tenants/components/BalanceModals.tsx(52,16): error TS17004: Cannot use JSX unless the '--jsx' flag is provided.
src/views/admin/tenants/components/BalanceModals.tsx(59,13): error TS17004: Cannot use JSX unless the '--jsx' flag is provided.
src/views/admin/tenants/components/BalanceModals.tsx(60,16): error TS17004: Cannot use JSX unless the '--jsx' flag is provided.
src/views/admin/tenants/components/BalanceModals.tsx(61,16): error TS17004: Cannot use JSX unless the '--jsx' flag is provided.
src/views/admin/tenants/components/BalanceModals.tsx(62,19): error TS17004: Cannot use JSX unless the '--jsx' flag is provided.
src/views/admin/tenants/components/BalanceModals.tsx(63,19): error TS17004: Cannot use JSX unless the '--jsx' flag is provided.
src/views/admin/tenants/components/BalanceModals.tsx(64,19): error TS17004: Cannot use JSX unless the '--jsx' flag is provided.
src/views/admin/tenants/components/BalanceModals.tsx(65,19): error TS17004: Cannot use JSX unless the '--jsx' flag is provided.
src/views/admin/tenants/components/BalanceModals.tsx(68,13): error TS17004: Cannot use JSX unless the '--jsx' flag is provided.
src/views/admin/tenants/components/BalanceModals.tsx(69,16): error TS17004: Cannot use JSX unless the '--jsx' flag is provided.
src/views/admin/tenants/components/BalanceModals.tsx(70,16): error TS17004: Cannot use JSX unless the '--jsx' flag is provided.
src/views/admin/tenants/components/BalanceModals.tsx(74,11): error TS17004: Cannot use JSX unless the '--jsx' flag is provided.
src/views/admin/tenants/components/BalanceModals.tsx(75,14): error TS17004: Cannot use JSX unless the '--jsx' flag is provided.
src/views/admin/tenants/components/BalanceModals.tsx(76,14): error TS17004: Cannot use JSX unless the '--jsx' flag is provided.
src/views/admin/tenants/components/BalanceModals.tsx(107,5): error TS17004: Cannot use JSX unless the '--jsx' flag is provided.
src/views/admin/tenants/components/BalanceModals.tsx(108,7): error TS17004: Cannot use JSX unless the '--jsx' flag is provided.
src/views/admin/tenants/components/BalanceModals.tsx(109,7): error TS17004: Cannot use JSX unless the '--jsx' flag is provided.
src/views/admin/tenants/components/BalanceModals.tsx(110,9): error TS17004: Cannot use JSX unless the '--jsx' flag is provided.
src/views/admin/tenants/components/BalanceModals.tsx(111,11): error TS17004: Cannot use JSX unless the '--jsx' flag is provided.
src/views/admin/tenants/components/BalanceModals.tsx(112,14): error TS17004: Cannot use JSX unless the '--jsx' flag is provided.
src/views/admin/tenants/components/BalanceModals.tsx(113,17): error TS17004: Cannot use JSX unless the '--jsx' flag is provided.
src/views/admin/tenants/components/BalanceModals.tsx(115,14): error TS17004: Cannot use JSX unless the '--jsx' flag is provided.
src/views/admin/tenants/components/BalanceModals.tsx(116,17): error TS17004: Cannot use JSX unless the '--jsx' flag is provided.
src/views/admin/tenants/components/BalanceModals.tsx(117,17): error TS17004: Cannot use JSX unless the '--jsx' flag is provided.
src/views/admin/tenants/components/BalanceModals.tsx(121,11): error TS17004: Cannot use JSX unless the '--jsx' flag is provided.
src/views/admin/tenants/components/BalanceModals.tsx(122,13): error TS17004: Cannot use JSX unless the '--jsx' flag is provided.
src/views/admin/tenants/components/BalanceModals.tsx(123,16): error TS17004: Cannot use JSX unless the '--jsx' flag is provided.
src/views/admin/tenants/components/BalanceModals.tsx(124,16): error TS17004: Cannot use JSX unless the '--jsx' flag is provided.
src/views/admin/tenants/components/BalanceModals.tsx(131,13): error TS17004: Cannot use JSX unless the '--jsx' flag is provided.
src/views/admin/tenants/components/BalanceModals.tsx(132,16): error TS17004: Cannot use JSX unless the '--jsx' flag is provided.
src/views/admin/tenants/components/BalanceModals.tsx(133,16): error TS17004: Cannot use JSX unless the '--jsx' flag is provided.
src/views/admin/tenants/components/BalanceModals.tsx(134,19): error TS17004: Cannot use JSX unless the '--jsx' flag is provided.
src/views/admin/tenants/components/BalanceModals.tsx(135,19): error TS17004: Cannot use JSX unless the '--jsx' flag is provided.
src/views/admin/tenants/components/BalanceModals.tsx(136,19): error TS17004: Cannot use JSX unless the '--jsx' flag is provided.
src/views/admin/tenants/components/BalanceModals.tsx(137,19): error TS17004: Cannot use JSX unless the '--jsx' flag is provided.
src/views/admin/tenants/components/BalanceModals.tsx(140,13): error TS17004: Cannot use JSX unless the '--jsx' flag is provided.
src/views/admin/tenants/components/BalanceModals.tsx(141,16): error TS17004: Cannot use JSX unless the '--jsx' flag is provided.
src/views/admin/tenants/components/BalanceModals.tsx(142,16): error TS17004: Cannot use JSX unless the '--jsx' flag is provided.
src/views/admin/tenants/components/BalanceModals.tsx(146,11): error TS17004: Cannot use JSX unless the '--jsx' flag is provided.
src/views/admin/tenants/components/BalanceModals.tsx(147,14): error TS17004: Cannot use JSX unless the '--jsx' flag is provided.
src/views/admin/tenants/components/BalanceModals.tsx(148,14): error TS17004: Cannot use JSX unless the '--jsx' flag is provided.
src/views/admin/tenants/components/BalanceModals.tsx(176,43): error TS7006: Parameter 'i' implicitly has an 'any' type.
src/views/admin/tenants/components/BalanceModals.tsx(179,13): error TS7006: Parameter 'i' implicitly has an 'any' type.
src/views/admin/tenants/components/BalanceModals.tsx(179,35): error TS2550: Property 'includes' does not exist on type 'string[]'. Do you need to change your target library? Try changing the 'lib' compiler option to 'es2016' or later.
src/views/admin/tenants/components/BalanceModals.tsx(180,14): error TS7006: Parameter 'sum' implicitly has an 'any' type.
src/views/admin/tenants/components/BalanceModals.tsx(180,19): error TS7006: Parameter 'i' implicitly has an 'any' type.
src/views/admin/tenants/components/BalanceModals.tsx(195,5): error TS17004: Cannot use JSX unless the '--jsx' flag is provided.
src/views/admin/tenants/components/BalanceModals.tsx(196,7): error TS17004: Cannot use JSX unless the '--jsx' flag is provided.
src/views/admin/tenants/components/BalanceModals.tsx(197,7): error TS17004: Cannot use JSX unless the '--jsx' flag is provided.
src/views/admin/tenants/components/BalanceModals.tsx(198,9): error TS17004: Cannot use JSX unless the '--jsx' flag is provided.
src/views/admin/tenants/components/BalanceModals.tsx(199,12): error TS17004: Cannot use JSX unless the '--jsx' flag is provided.
src/views/admin/tenants/components/BalanceModals.tsx(200,15): error TS17004: Cannot use JSX unless the '--jsx' flag is provided.
src/views/admin/tenants/components/BalanceModals.tsx(201,18): error TS17004: Cannot use JSX unless the '--jsx' flag is provided.
src/views/admin/tenants/components/BalanceModals.tsx(203,15): error TS17004: Cannot use JSX unless the '--jsx' flag is provided.
src/views/admin/tenants/components/BalanceModals.tsx(204,18): error TS17004: Cannot use JSX unless the '--jsx' flag is provided.
src/views/admin/tenants/components/BalanceModals.tsx(205,18): error TS17004: Cannot use JSX unless the '--jsx' flag is provided.
src/views/admin/tenants/components/BalanceModals.tsx(209,12): error TS17004: Cannot use JSX unless the '--jsx' flag is provided.
src/views/admin/tenants/components/BalanceModals.tsx(210,15): error TS17004: Cannot use JSX unless the '--jsx' flag is provided.
src/views/admin/tenants/components/BalanceModals.tsx(211,15): error TS17004: Cannot use JSX unless the '--jsx' flag is provided.
src/views/admin/tenants/components/BalanceModals.tsx(212,37): error TS7006: Parameter 'inv' implicitly has an 'any' type.
src/views/admin/tenants/components/BalanceModals.tsx(213,19): error TS17004: Cannot use JSX unless the '--jsx' flag is provided.
src/views/admin/tenants/components/BalanceModals.tsx(215,38): error TS2550: Property 'includes' does not exist on type 'string[]'. Do you need to change your target library? Try changing the 'lib' compiler option to 'es2016' or later.
src/views/admin/tenants/components/BalanceModals.tsx(217,21): error TS17004: Cannot use JSX unless the '--jsx' flag is provided.
src/views/admin/tenants/components/BalanceModals.tsx(218,24): error TS17004: Cannot use JSX unless the '--jsx' flag is provided.
src/views/admin/tenants/components/BalanceModals.tsx(221,51): error TS2550: Property 'includes' does not exist on type 'string[]'. Do you need to change your target library? Try changing the 'lib' compiler option to 'es2016' or later.
src/views/admin/tenants/components/BalanceModals.tsx(227,24): error TS17004: Cannot use JSX unless the '--jsx' flag is provided.
src/views/admin/tenants/components/BalanceModals.tsx(228,27): error TS17004: Cannot use JSX unless the '--jsx' flag is provided.
src/views/admin/tenants/components/BalanceModals.tsx(229,27): error TS17004: Cannot use JSX unless the '--jsx' flag is provided.
src/views/admin/tenants/components/BalanceModals.tsx(232,21): error TS17004: Cannot use JSX unless the '--jsx' flag is provided.
src/views/admin/tenants/components/BalanceModals.tsx(235,49): error TS17004: Cannot use JSX unless the '--jsx' flag is provided.
src/views/admin/tenants/components/BalanceModals.tsx(240,9): error TS17004: Cannot use JSX unless the '--jsx' flag is provided.
src/views/admin/tenants/components/BalanceModals.tsx(241,12): error TS17004: Cannot use JSX unless the '--jsx' flag is provided.
src/views/admin/tenants/components/BalanceModals.tsx(242,15): error TS17004: Cannot use JSX unless the '--jsx' flag is provided.
src/views/admin/tenants/components/BalanceModals.tsx(243,18): error TS17004: Cannot use JSX unless the '--jsx' flag is provided.
src/views/admin/tenants/components/BalanceModals.tsx(244,18): error TS17004: Cannot use JSX unless the '--jsx' flag is provided.
src/views/admin/tenants/components/BalanceModals.tsx(246,15): error TS17004: Cannot use JSX unless the '--jsx' flag is provided.
src/views/admin/tenants/components/BalanceModals.tsx(247,18): error TS17004: Cannot use JSX unless the '--jsx' flag is provided.
src/views/admin/tenants/components/BalanceModals.tsx(248,18): error TS17004: Cannot use JSX unless the '--jsx' flag is provided.
src/views/admin/tenants/components/BalanceModals.tsx(250,15): error TS17004: Cannot use JSX unless the '--jsx' flag is provided.
src/views/admin/tenants/components/BalanceModals.tsx(251,15): error TS17004: Cannot use JSX unless the '--jsx' flag is provided.
src/views/admin/tenants/components/BalanceModals.tsx(252,18): error TS17004: Cannot use JSX unless the '--jsx' flag is provided.
src/views/admin/tenants/components/BalanceModals.tsx(253,18): error TS17004: Cannot use JSX unless the '--jsx' flag is provided.
src/views/admin/tenants/components/BalanceModals.tsx(262,17): error TS17004: Cannot use JSX unless the '--jsx' flag is provided.
src/views/admin/tenants/components/BalanceModals.tsx(263,20): error TS17004: Cannot use JSX unless the '--jsx' flag is provided.
src/views/admin/tenants/components/BalanceModals.tsx(264,20): error TS17004: Cannot use JSX unless the '--jsx' flag is provided.
src/views/admin/tenants/components/BalanceModals.tsx(269,12): error TS17004: Cannot use JSX unless the '--jsx' flag is provided.
src/views/admin/tenants/components/BalanceModals.tsx(270,15): error TS17004: Cannot use JSX unless the '--jsx' flag is provided.
src/views/admin/tenants/components/BalanceModals.tsx(277,15): error TS17004: Cannot use JSX unless the '--jsx' flag is provided.
src/views/admin/tenants/TenantBalance.tsx(1,8): error TS1259: Module '"C:/code_visual_xanh/lab60622/lab60622/node_modules/@types/react/index"' can only be default-imported using the 'esModuleInterop' flag
src/views/admin/tenants/TenantBalance.tsx(5,18): error TS6133: 'CheckCircle2' is declared but its value is never read.
src/views/admin/tenants/TenantBalance.tsx(5,50): error TS6133: 'X' is declared but its value is never read.
src/views/admin/tenants/TenantBalance.tsx(7,20): error TS6133: 'useMutation' is declared but its value is never read.
src/views/admin/tenants/TenantBalance.tsx(7,33): error TS6133: 'useQueryClient' is declared but its value is never read.
src/views/admin/tenants/TenantBalance.tsx(9,32): error TS2307: Cannot find module '@/services/paymentService' or its corresponding type declarations.
src/views/admin/tenants/TenantBalance.tsx(10,1): error TS6133: 'invoiceService' is declared but its value is never read.
src/views/admin/tenants/TenantBalance.tsx(10,32): error TS2307: Cannot find module '@/services/invoiceService' or its corresponding type declarations.
src/views/admin/tenants/TenantBalance.tsx(11,59): error TS2307: Cannot find module '@/models/TenantBalance' or its corresponding type declarations.
src/views/admin/tenants/TenantBalance.tsx(12,43): error TS2307: Cannot find module '@/utils' or its corresponding type declarations.
src/views/admin/tenants/TenantBalance.tsx(13,25): error TS2307: Cannot find module '@/components/ui/Feedback' or its corresponding type declarations.
src/views/admin/tenants/TenantBalance.tsx(14,1): error TS6133: 'toast' is declared but its value is never read.
src/views/admin/tenants/TenantBalance.tsx(15,58): error TS6142: Module './components/BalanceModals' was resolved to 'C:/code_visual_xanh/lab60622/lab60622/src/views/admin/tenants/components/BalanceModals.tsx', but '--jsx' is not set.
src/views/admin/tenants/TenantBalance.tsx(22,9): error TS6133: 'handleOnboardingAction' is declared but its value is never read.
src/views/admin/tenants/TenantBalance.tsx(22,35): error TS6133: 'key' is declared but its value is never read.
src/views/admin/tenants/TenantBalance.tsx(37,37): error TS6133: 'balanceLoading' is declared but its value is never read.
src/views/admin/tenants/TenantBalance.tsx(64,5): error TS17004: Cannot use JSX unless the '--jsx' flag is provided.
src/views/admin/tenants/TenantBalance.tsx(65,7): error TS17004: Cannot use JSX unless the '--jsx' flag is provided.
src/views/admin/tenants/TenantBalance.tsx(66,10): error TS17004: Cannot use JSX unless the '--jsx' flag is provided.
src/views/admin/tenants/TenantBalance.tsx(69,7): error TS17004: Cannot use JSX unless the '--jsx' flag is provided.
src/views/admin/tenants/TenantBalance.tsx(71,9): error TS17004: Cannot use JSX unless the '--jsx' flag is provided.
src/views/admin/tenants/TenantBalance.tsx(72,11): error TS17004: Cannot use JSX unless the '--jsx' flag is provided.
src/views/admin/tenants/TenantBalance.tsx(76,13): error TS17004: Cannot use JSX unless the '--jsx' flag is provided.
src/views/admin/tenants/TenantBalance.tsx(77,16): error TS17004: Cannot use JSX unless the '--jsx' flag is provided.
src/views/admin/tenants/TenantBalance.tsx(81,19): error TS17004: Cannot use JSX unless the '--jsx' flag is provided.
src/views/admin/tenants/TenantBalance.tsx(83,16): error TS17004: Cannot use JSX unless the '--jsx' flag is provided.
src/views/admin/tenants/TenantBalance.tsx(84,19): error TS17004: Cannot use JSX unless the '--jsx' flag is provided.
src/views/admin/tenants/TenantBalance.tsx(85,19): error TS17004: Cannot use JSX unless the '--jsx' flag is provided.
src/views/admin/tenants/TenantBalance.tsx(91,19): error TS17004: Cannot use JSX unless the '--jsx' flag is provided.
src/views/admin/tenants/TenantBalance.tsx(92,21): error TS17004: Cannot use JSX unless the '--jsx' flag is provided.
src/views/admin/tenants/TenantBalance.tsx(96,16): error TS17004: Cannot use JSX unless the '--jsx' flag is provided.
src/views/admin/tenants/TenantBalance.tsx(97,19): error TS17004: Cannot use JSX unless the '--jsx' flag is provided.
src/views/admin/tenants/TenantBalance.tsx(101,22): error TS17004: Cannot use JSX unless the '--jsx' flag is provided.
src/views/admin/tenants/TenantBalance.tsx(103,19): error TS17004: Cannot use JSX unless the '--jsx' flag is provided.
src/views/admin/tenants/TenantBalance.tsx(107,22): error TS17004: Cannot use JSX unless the '--jsx' flag is provided.
src/views/admin/tenants/TenantBalance.tsx(109,19): error TS17004: Cannot use JSX unless the '--jsx' flag is provided.
src/views/admin/tenants/TenantBalance.tsx(113,22): error TS17004: Cannot use JSX unless the '--jsx' flag is provided.
src/views/admin/tenants/TenantBalance.tsx(118,13): error TS17004: Cannot use JSX unless the '--jsx' flag is provided.
src/views/admin/tenants/TenantBalance.tsx(119,16): error TS17004: Cannot use JSX unless the '--jsx' flag is provided.
src/views/admin/tenants/TenantBalance.tsx(125,9): error TS17004: Cannot use JSX unless the '--jsx' flag is provided.
src/views/admin/tenants/TenantBalance.tsx(126,12): error TS17004: Cannot use JSX unless the '--jsx' flag is provided.
src/views/admin/tenants/TenantBalance.tsx(127,15): error TS17004: Cannot use JSX unless the '--jsx' flag is provided.
src/views/admin/tenants/TenantBalance.tsx(128,15): error TS17004: Cannot use JSX unless the '--jsx' flag is provided.
src/views/admin/tenants/TenantBalance.tsx(129,18): error TS17004: Cannot use JSX unless the '--jsx' flag is provided.
src/views/admin/tenants/TenantBalance.tsx(129,60): error TS17004: Cannot use JSX unless the '--jsx' flag is provided.
src/views/admin/tenants/TenantBalance.tsx(130,18): error TS17004: Cannot use JSX unless the '--jsx' flag is provided.
src/views/admin/tenants/TenantBalance.tsx(130,60): error TS17004: Cannot use JSX unless the '--jsx' flag is provided.
src/views/admin/tenants/TenantBalance.tsx(134,12): error TS17004: Cannot use JSX unless the '--jsx' flag is provided.
src/views/admin/tenants/TenantBalance.tsx(135,15): error TS17004: Cannot use JSX unless the '--jsx' flag is provided.
src/views/admin/tenants/TenantBalance.tsx(136,18): error TS17004: Cannot use JSX unless the '--jsx' flag is provided.
src/views/admin/tenants/TenantBalance.tsx(137,21): error TS17004: Cannot use JSX unless the '--jsx' flag is provided.
src/views/admin/tenants/TenantBalance.tsx(138,23): error TS17004: Cannot use JSX unless the '--jsx' flag is provided.
src/views/admin/tenants/TenantBalance.tsx(139,25): error TS17004: Cannot use JSX unless the '--jsx' flag is provided.
src/views/admin/tenants/TenantBalance.tsx(140,25): error TS17004: Cannot use JSX unless the '--jsx' flag is provided.
src/views/admin/tenants/TenantBalance.tsx(141,25): error TS17004: Cannot use JSX unless the '--jsx' flag is provided.
src/views/admin/tenants/TenantBalance.tsx(142,25): error TS17004: Cannot use JSX unless the '--jsx' flag is provided.
src/views/admin/tenants/TenantBalance.tsx(143,25): error TS17004: Cannot use JSX unless the '--jsx' flag is provided.
src/views/admin/tenants/TenantBalance.tsx(146,21): error TS17004: Cannot use JSX unless the '--jsx' flag is provided.
src/views/admin/tenants/TenantBalance.tsx(148,26): error TS17004: Cannot use JSX unless the '--jsx' flag is provided.
src/views/admin/tenants/TenantBalance.tsx(148,30): error TS17004: Cannot use JSX unless the '--jsx' flag is provided.
src/views/admin/tenants/TenantBalance.tsx(148,76): error TS17004: Cannot use JSX unless the '--jsx' flag is provided.
src/views/admin/tenants/TenantBalance.tsx(152,28): error TS17004: Cannot use JSX unless the '--jsx' flag is provided.
src/views/admin/tenants/TenantBalance.tsx(156,31): error TS17004: Cannot use JSX unless the '--jsx' flag is provided.
src/views/admin/tenants/TenantBalance.tsx(157,33): error TS17004: Cannot use JSX unless the '--jsx' flag is provided.
src/views/admin/tenants/TenantBalance.tsx(158,35): error TS17004: Cannot use JSX unless the '--jsx' flag is provided.
src/views/admin/tenants/TenantBalance.tsx(165,37): error TS17004: Cannot use JSX unless the '--jsx' flag is provided.
src/views/admin/tenants/TenantBalance.tsx(166,40): error TS17004: Cannot use JSX unless the '--jsx' flag is provided.
src/views/admin/tenants/TenantBalance.tsx(167,40): error TS17004: Cannot use JSX unless the '--jsx' flag is provided.
src/views/admin/tenants/TenantBalance.tsx(174,31): error TS17004: Cannot use JSX unless the '--jsx' flag is provided.
src/views/admin/tenants/TenantBalance.tsx(175,34): error TS17004: Cannot use JSX unless the '--jsx' flag is provided.
src/views/admin/tenants/TenantBalance.tsx(182,31): error TS17004: Cannot use JSX unless the '--jsx' flag is provided.
src/views/admin/tenants/TenantBalance.tsx(183,34): error TS17004: Cannot use JSX unless the '--jsx' flag is provided.
src/views/admin/tenants/TenantBalance.tsx(184,37): error TS17004: Cannot use JSX unless the '--jsx' flag is provided.
src/views/admin/tenants/TenantBalance.tsx(185,37): error TS17004: Cannot use JSX unless the '--jsx' flag is provided.
src/views/admin/tenants/TenantBalance.tsx(186,37): error TS17004: Cannot use JSX unless the '--jsx' flag is provided.
src/views/admin/tenants/TenantBalance.tsx(189,31): error TS17004: Cannot use JSX unless the '--jsx' flag is provided.
src/views/admin/tenants/TenantBalance.tsx(191,36): error TS17004: Cannot use JSX unless the '--jsx' flag is provided.
src/views/admin/tenants/TenantBalance.tsx(192,39): error TS17004: Cannot use JSX unless the '--jsx' flag is provided.
src/views/admin/tenants/TenantBalance.tsx(195,36): error TS17004: Cannot use JSX unless the '--jsx' flag is provided.
src/views/admin/tenants/TenantBalance.tsx(198,31): error TS17004: Cannot use JSX unless the '--jsx' flag is provided.
src/views/admin/tenants/TenantBalance.tsx(213,9): error TS17004: Cannot use JSX unless the '--jsx' flag is provided.
src/views/admin/tenants/TenantBalance.tsx(216,9): error TS17004: Cannot use JSX unless the '--jsx' flag is provided.
src/views/admin/tenants/TenantBalance.tsx(219,9): error TS17004: Cannot use JSX unless the '--jsx' flag is provided.
src/views/admin/tenants/TenantDetail.tsx(1,8): error TS1259: Module '"C:/code_visual_xanh/lab60622/lab60622/node_modules/@types/react/index"' can only be default-imported using the 'esModuleInterop' flag
src/views/admin/tenants/TenantDetail.tsx(5,3): error TS6133: 'User' is declared but its value is never read.
src/views/admin/tenants/TenantDetail.tsx(6,28): error TS6133: 'FileText' is declared but its value is never read.
src/views/admin/tenants/TenantDetail.tsx(7,3): error TS6133: 'MessageSquare' is declared but its value is never read.
src/views/admin/tenants/TenantDetail.tsx(7,30): error TS6133: 'ChevronRight' is declared but its value is never read.
src/views/admin/tenants/TenantDetail.tsx(8,3): error TS6133: 'Plus' is declared but its value is never read.
src/views/admin/tenants/TenantDetail.tsx(8,9): error TS6133: 'ExternalLink' is declared but its value is never read.
src/views/admin/tenants/TenantDetail.tsx(8,23): error TS6133: 'MoreVertical' is declared but its value is never read.
src/views/admin/tenants/TenantDetail.tsx(9,3): error TS6133: 'Smartphone' is declared but its value is never read.
src/views/admin/tenants/TenantDetail.tsx(9,15): error TS6133: 'Briefcase' is declared but its value is never read.
src/views/admin/tenants/TenantDetail.tsx(9,26): error TS6133: 'Globe' is declared but its value is never read.
src/views/admin/tenants/TenantDetail.tsx(10,3): error TS6133: 'Calendar' is declared but its value is never read.
src/views/admin/tenants/TenantDetail.tsx(11,29): error TS6133: 'Star' is declared but its value is never read.
src/views/admin/tenants/TenantDetail.tsx(12,3): error TS6133: 'DollarSign' is declared but its value is never read.
src/views/admin/tenants/TenantDetail.tsx(13,15): error TS6133: 'Heart' is declared but its value is never read.
src/views/admin/tenants/TenantDetail.tsx(16,31): error TS2307: Cannot find module '@/services/tenantService' or its corresponding type declarations.
src/views/admin/tenants/TenantDetail.tsx(21,8): error TS2307: Cannot find module '@/models/Tenant' or its corresponding type declarations.
src/views/admin/tenants/TenantDetail.tsx(22,24): error TS6133: 'maskPhone' is declared but its value is never read.
src/views/admin/tenants/TenantDetail.tsx(22,78): error TS2307: Cannot find module '@/utils' or its corresponding type declarations.
src/views/admin/tenants/TenantDetail.tsx(23,25): error TS2307: Cannot find module '@/components/ui/Feedback' or its corresponding type declarations.
src/views/admin/tenants/TenantDetail.tsx(24,29): error TS2307: Cannot find module '@/components/ui/StatusBadge' or its corresponding type declarations.
src/views/admin/tenants/TenantDetail.tsx(25,31): error TS2307: Cannot find module '@/hooks/usePermission' or its corresponding type declarations.
src/views/admin/tenants/TenantDetail.tsx(60,38): error TS6133: 'refetchOnboarding' is declared but its value is never read.
src/views/admin/tenants/TenantDetail.tsx(93,15): error TS17004: Cannot use JSX unless the '--jsx' flag is provided.
src/views/admin/tenants/TenantDetail.tsx(108,7): error TS17004: Cannot use JSX unless the '--jsx' flag is provided.
src/views/admin/tenants/TenantDetail.tsx(109,9): error TS17004: Cannot use JSX unless the '--jsx' flag is provided.
src/views/admin/tenants/TenantDetail.tsx(110,9): error TS17004: Cannot use JSX unless the '--jsx' flag is provided.
src/views/admin/tenants/TenantDetail.tsx(116,5): error TS17004: Cannot use JSX unless the '--jsx' flag is provided.
src/views/admin/tenants/TenantDetail.tsx(118,9): error TS17004: Cannot use JSX unless the '--jsx' flag is provided.
src/views/admin/tenants/TenantDetail.tsx(127,7): error TS17004: Cannot use JSX unless the '--jsx' flag is provided.
src/views/admin/tenants/TenantDetail.tsx(128,9): error TS17004: Cannot use JSX unless the '--jsx' flag is provided.
src/views/admin/tenants/TenantDetail.tsx(129,12): error TS17004: Cannot use JSX unless the '--jsx' flag is provided.
src/views/admin/tenants/TenantDetail.tsx(134,12): error TS17004: Cannot use JSX unless the '--jsx' flag is provided.
src/views/admin/tenants/TenantDetail.tsx(135,15): error TS17004: Cannot use JSX unless the '--jsx' flag is provided.
src/views/admin/tenants/TenantDetail.tsx(139,9): error TS17004: Cannot use JSX unless the '--jsx' flag is provided.
src/views/admin/tenants/TenantDetail.tsx(140,11): error TS17004: Cannot use JSX unless the '--jsx' flag is provided.
src/views/admin/tenants/TenantDetail.tsx(141,13): error TS17004: Cannot use JSX unless the '--jsx' flag is provided.
src/views/admin/tenants/TenantDetail.tsx(142,13): error TS17004: Cannot use JSX unless the '--jsx' flag is provided.
src/views/admin/tenants/TenantDetail.tsx(143,13): error TS17004: Cannot use JSX unless the '--jsx' flag is provided.
src/views/admin/tenants/TenantDetail.tsx(146,11): error TS17004: Cannot use JSX unless the '--jsx' flag is provided.
src/views/admin/tenants/TenantDetail.tsx(147,13): error TS17004: Cannot use JSX unless the '--jsx' flag is provided.
src/views/admin/tenants/TenantDetail.tsx(147,55): error TS17004: Cannot use JSX unless the '--jsx' flag is provided.
src/views/admin/tenants/TenantDetail.tsx(148,13): error TS17004: Cannot use JSX unless the '--jsx' flag is provided.
src/views/admin/tenants/TenantDetail.tsx(148,55): error TS17004: Cannot use JSX unless the '--jsx' flag is provided.
src/views/admin/tenants/TenantDetail.tsx(149,13): error TS17004: Cannot use JSX unless the '--jsx' flag is provided.
src/views/admin/tenants/TenantDetail.tsx(149,55): error TS17004: Cannot use JSX unless the '--jsx' flag is provided.
src/views/admin/tenants/TenantDetail.tsx(153,9): error TS17004: Cannot use JSX unless the '--jsx' flag is provided.
src/views/admin/tenants/TenantDetail.tsx(154,11): error TS17004: Cannot use JSX unless the '--jsx' flag is provided.
src/views/admin/tenants/TenantDetail.tsx(157,11): error TS17004: Cannot use JSX unless the '--jsx' flag is provided.
src/views/admin/tenants/TenantDetail.tsx(158,14): error TS17004: Cannot use JSX unless the '--jsx' flag is provided.
src/views/admin/tenants/TenantDetail.tsx(164,7): error TS17004: Cannot use JSX unless the '--jsx' flag is provided.
src/views/admin/tenants/TenantDetail.tsx(166,11): error TS17004: Cannot use JSX unless the '--jsx' flag is provided.
src/views/admin/tenants/TenantDetail.tsx(176,15): error TS17004: Cannot use JSX unless the '--jsx' flag is provided.
src/views/admin/tenants/TenantDetail.tsx(183,7): error TS17004: Cannot use JSX unless the '--jsx' flag is provided.
src/views/admin/tenants/TenantDetail.tsx(185,11): error TS17004: Cannot use JSX unless the '--jsx' flag is provided.
src/views/admin/tenants/TenantDetail.tsx(186,14): error TS17004: Cannot use JSX unless the '--jsx' flag is provided.
src/views/admin/tenants/TenantDetail.tsx(187,17): error TS17004: Cannot use JSX unless the '--jsx' flag is provided.
src/views/admin/tenants/TenantDetail.tsx(188,20): error TS17004: Cannot use JSX unless the '--jsx' flag is provided.
src/views/admin/tenants/TenantDetail.tsx(189,20): error TS17004: Cannot use JSX unless the '--jsx' flag is provided.
src/views/admin/tenants/TenantDetail.tsx(190,23): error TS17004: Cannot use JSX unless the '--jsx' flag is provided.
src/views/admin/tenants/TenantDetail.tsx(191,26): error TS17004: Cannot use JSX unless the '--jsx' flag is provided.
src/views/admin/tenants/TenantDetail.tsx(192,26): error TS17004: Cannot use JSX unless the '--jsx' flag is provided.
src/views/admin/tenants/TenantDetail.tsx(194,23): error TS17004: Cannot use JSX unless the '--jsx' flag is provided.
src/views/admin/tenants/TenantDetail.tsx(195,26): error TS17004: Cannot use JSX unless the '--jsx' flag is provided.
src/views/admin/tenants/TenantDetail.tsx(196,26): error TS17004: Cannot use JSX unless the '--jsx' flag is provided.
src/views/admin/tenants/TenantDetail.tsx(198,23): error TS17004: Cannot use JSX unless the '--jsx' flag is provided.
src/views/admin/tenants/TenantDetail.tsx(199,26): error TS17004: Cannot use JSX unless the '--jsx' flag is provided.
src/views/admin/tenants/TenantDetail.tsx(200,26): error TS17004: Cannot use JSX unless the '--jsx' flag is provided.
src/views/admin/tenants/TenantDetail.tsx(202,23): error TS17004: Cannot use JSX unless the '--jsx' flag is provided.
src/views/admin/tenants/TenantDetail.tsx(203,26): error TS17004: Cannot use JSX unless the '--jsx' flag is provided.
src/views/admin/tenants/TenantDetail.tsx(204,26): error TS17004: Cannot use JSX unless the '--jsx' flag is provided.
src/views/admin/tenants/TenantDetail.tsx(206,23): error TS17004: Cannot use JSX unless the '--jsx' flag is provided.
src/views/admin/tenants/TenantDetail.tsx(207,26): error TS17004: Cannot use JSX unless the '--jsx' flag is provided.
src/views/admin/tenants/TenantDetail.tsx(208,26): error TS17004: Cannot use JSX unless the '--jsx' flag is provided.
src/views/admin/tenants/TenantDetail.tsx(213,17): error TS17004: Cannot use JSX unless the '--jsx' flag is provided.
src/views/admin/tenants/TenantDetail.tsx(214,20): error TS17004: Cannot use JSX unless the '--jsx' flag is provided.
src/views/admin/tenants/TenantDetail.tsx(215,23): error TS17004: Cannot use JSX unless the '--jsx' flag is provided.
src/views/admin/tenants/TenantDetail.tsx(217,25): error TS17004: Cannot use JSX unless the '--jsx' flag is provided.
src/views/admin/tenants/TenantDetail.tsx(221,44): error TS17004: Cannot use JSX unless the '--jsx' flag is provided.
src/views/admin/tenants/TenantDetail.tsx(221,67): error TS17004: Cannot use JSX unless the '--jsx' flag is provided.
src/views/admin/tenants/TenantDetail.tsx(225,20): error TS17004: Cannot use JSX unless the '--jsx' flag is provided.
src/views/admin/tenants/TenantDetail.tsx(226,23): error TS17004: Cannot use JSX unless the '--jsx' flag is provided.
src/views/admin/tenants/TenantDetail.tsx(227,26): error TS17004: Cannot use JSX unless the '--jsx' flag is provided.
src/views/admin/tenants/TenantDetail.tsx(228,26): error TS17004: Cannot use JSX unless the '--jsx' flag is provided.
src/views/admin/tenants/TenantDetail.tsx(232,23): error TS17004: Cannot use JSX unless the '--jsx' flag is provided.
src/views/admin/tenants/TenantDetail.tsx(233,26): error TS17004: Cannot use JSX unless the '--jsx' flag is provided.
src/views/admin/tenants/TenantDetail.tsx(234,26): error TS17004: Cannot use JSX unless the '--jsx' flag is provided.
src/views/admin/tenants/TenantDetail.tsx(236,23): error TS17004: Cannot use JSX unless the '--jsx' flag is provided.
src/views/admin/tenants/TenantDetail.tsx(237,26): error TS17004: Cannot use JSX unless the '--jsx' flag is provided.
src/views/admin/tenants/TenantDetail.tsx(238,26): error TS17004: Cannot use JSX unless the '--jsx' flag is provided.
src/views/admin/tenants/TenantDetail.tsx(244,14): error TS17004: Cannot use JSX unless the '--jsx' flag is provided.
src/views/admin/tenants/TenantDetail.tsx(245,17): error TS17004: Cannot use JSX unless the '--jsx' flag is provided.
src/views/admin/tenants/TenantDetail.tsx(246,20): error TS17004: Cannot use JSX unless the '--jsx' flag is provided.
src/views/admin/tenants/TenantDetail.tsx(247,23): error TS17004: Cannot use JSX unless the '--jsx' flag is provided.
src/views/admin/tenants/TenantDetail.tsx(248,23): error TS17004: Cannot use JSX unless the '--jsx' flag is provided.
src/views/admin/tenants/TenantDetail.tsx(249,54): error TS7006: Parameter 'plate' implicitly has an 'any' type.
src/views/admin/tenants/TenantDetail.tsx(249,61): error TS7006: Parameter 'idx' implicitly has an 'any' type.
src/views/admin/tenants/TenantDetail.tsx(250,28): error TS17004: Cannot use JSX unless the '--jsx' flag is provided.
src/views/admin/tenants/TenantDetail.tsx(254,65): error TS17004: Cannot use JSX unless the '--jsx' flag is provided.
src/views/admin/tenants/TenantDetail.tsx(256,23): error TS17004: Cannot use JSX unless the '--jsx' flag is provided.
src/views/admin/tenants/TenantDetail.tsx(260,20): error TS17004: Cannot use JSX unless the '--jsx' flag is provided.
src/views/admin/tenants/TenantDetail.tsx(263,17): error TS17004: Cannot use JSX unless the '--jsx' flag is provided.
src/views/admin/tenants/TenantDetail.tsx(264,20): error TS17004: Cannot use JSX unless the '--jsx' flag is provided.
src/views/admin/tenants/TenantDetail.tsx(265,20): error TS17004: Cannot use JSX unless the '--jsx' flag is provided.
src/views/admin/tenants/TenantDetail.tsx(273,12): error TS17004: Cannot use JSX unless the '--jsx' flag is provided.
src/views/admin/tenants/TenantDetail.tsx(274,15): error TS17004: Cannot use JSX unless the '--jsx' flag is provided.
src/views/admin/tenants/TenantDetail.tsx(275,18): error TS17004: Cannot use JSX unless the '--jsx' flag is provided.
src/views/admin/tenants/TenantDetail.tsx(276,21): error TS17004: Cannot use JSX unless the '--jsx' flag is provided.
src/views/admin/tenants/TenantDetail.tsx(277,24): error TS17004: Cannot use JSX unless the '--jsx' flag is provided.
src/views/admin/tenants/TenantDetail.tsx(278,24): error TS17004: Cannot use JSX unless the '--jsx' flag is provided.
src/views/admin/tenants/TenantDetail.tsx(280,21): error TS17004: Cannot use JSX unless the '--jsx' flag is provided.
src/views/admin/tenants/TenantDetail.tsx(282,18): error TS17004: Cannot use JSX unless the '--jsx' flag is provided.
src/views/admin/tenants/TenantDetail.tsx(283,21): error TS17004: Cannot use JSX unless the '--jsx' flag is provided.
src/views/admin/tenants/TenantDetail.tsx(284,24): error TS17004: Cannot use JSX unless the '--jsx' flag is provided.
src/views/admin/tenants/TenantDetail.tsx(285,24): error TS17004: Cannot use JSX unless the '--jsx' flag is provided.
src/views/admin/tenants/TenantDetail.tsx(287,21): error TS17004: Cannot use JSX unless the '--jsx' flag is provided.
src/views/admin/tenants/TenantDetail.tsx(288,24): error TS17004: Cannot use JSX unless the '--jsx' flag is provided.
src/views/admin/tenants/TenantDetail.tsx(289,24): error TS17004: Cannot use JSX unless the '--jsx' flag is provided.
src/views/admin/tenants/TenantDetail.tsx(291,21): error TS17004: Cannot use JSX unless the '--jsx' flag is provided.
src/views/admin/tenants/TenantDetail.tsx(292,24): error TS17004: Cannot use JSX unless the '--jsx' flag is provided.
src/views/admin/tenants/TenantDetail.tsx(293,24): error TS17004: Cannot use JSX unless the '--jsx' flag is provided.
src/views/admin/tenants/TenantDetail.tsx(301,12): error TS17004: Cannot use JSX unless the '--jsx' flag is provided.
src/views/admin/tenants/TenantDetail.tsx(302,15): error TS17004: Cannot use JSX unless the '--jsx' flag is provided.
src/views/admin/tenants/TenantDetail.tsx(303,18): error TS17004: Cannot use JSX unless the '--jsx' flag is provided.
src/views/admin/tenants/TenantDetail.tsx(304,18): error TS17004: Cannot use JSX unless the '--jsx' flag is provided.
src/views/admin/tenants/TenantDetail.tsx(305,21): error TS17004: Cannot use JSX unless the '--jsx' flag is provided.
src/views/admin/tenants/TenantDetail.tsx(306,24): error TS17004: Cannot use JSX unless the '--jsx' flag is provided.
src/views/admin/tenants/TenantDetail.tsx(307,27): error TS17004: Cannot use JSX unless the '--jsx' flag is provided.
src/views/admin/tenants/TenantDetail.tsx(308,30): error TS17004: Cannot use JSX unless the '--jsx' flag is provided.
src/views/admin/tenants/TenantDetail.tsx(309,30): error TS17004: Cannot use JSX unless the '--jsx' flag is provided.
src/views/admin/tenants/TenantDetail.tsx(310,30): error TS17004: Cannot use JSX unless the '--jsx' flag is provided.
src/views/admin/tenants/TenantDetail.tsx(313,24): error TS17004: Cannot use JSX unless the '--jsx' flag is provided.
src/views/admin/tenants/TenantDetail.tsx(314,27): error TS17004: Cannot use JSX unless the '--jsx' flag is provided.
src/views/admin/tenants/TenantDetail.tsx(315,30): error TS17004: Cannot use JSX unless the '--jsx' flag is provided.
src/views/admin/tenants/TenantDetail.tsx(316,30): error TS17004: Cannot use JSX unless the '--jsx' flag is provided.
src/views/admin/tenants/TenantDetail.tsx(317,30): error TS17004: Cannot use JSX unless the '--jsx' flag is provided.
src/views/admin/tenants/TenantDetail.tsx(317,56): error TS17004: Cannot use JSX unless the '--jsx' flag is provided.
src/views/admin/tenants/TenantDetail.tsx(327,12): error TS17004: Cannot use JSX unless the '--jsx' flag is provided.
src/views/admin/tenants/TenantDetail.tsx(328,15): error TS17004: Cannot use JSX unless the '--jsx' flag is provided.
src/views/admin/tenants/TenantDetail.tsx(329,18): error TS17004: Cannot use JSX unless the '--jsx' flag is provided.
src/views/admin/tenants/TenantDetail.tsx(330,21): error TS17004: Cannot use JSX unless the '--jsx' flag is provided.
src/views/admin/tenants/TenantDetail.tsx(331,21): error TS17004: Cannot use JSX unless the '--jsx' flag is provided.
src/views/admin/tenants/TenantDetail.tsx(335,18): error TS17004: Cannot use JSX unless the '--jsx' flag is provided.
src/views/admin/tenants/TenantDetail.tsx(338,15): error TS17004: Cannot use JSX unless the '--jsx' flag is provided.
src/views/admin/tenants/TenantDetail.tsx(339,18): error TS17004: Cannot use JSX unless the '--jsx' flag is provided.
src/views/admin/tenants/TenantDetail.tsx(340,21): error TS17004: Cannot use JSX unless the '--jsx' flag is provided.
src/views/admin/tenants/TenantDetail.tsx(341,21): error TS17004: Cannot use JSX unless the '--jsx' flag is provided.
src/views/admin/tenants/TenantDetail.tsx(342,24): error TS17004: Cannot use JSX unless the '--jsx' flag is provided.
src/views/admin/tenants/TenantDetail.tsx(343,27): error TS17004: Cannot use JSX unless the '--jsx' flag is provided.
src/views/admin/tenants/TenantDetail.tsx(345,24): error TS17004: Cannot use JSX unless the '--jsx' flag is provided.
src/views/admin/tenants/TenantDetail.tsx(350,20): error TS17004: Cannot use JSX unless the '--jsx' flag is provided.
src/views/admin/tenants/TenantDetail.tsx(350,62): error TS17004: Cannot use JSX unless the '--jsx' flag is provided.
src/views/admin/tenants/TenantDetail.tsx(352,20): error TS17004: Cannot use JSX unless the '--jsx' flag is provided.
src/views/admin/tenants/TenantDetail.tsx(353,24): error TS17004: Cannot use JSX unless the '--jsx' flag is provided.
src/views/admin/tenants/TenantDetail.tsx(354,27): error TS17004: Cannot use JSX unless the '--jsx' flag is provided.
src/views/admin/tenants/TenantDetail.tsx(355,30): error TS17004: Cannot use JSX unless the '--jsx' flag is provided.
src/views/admin/tenants/TenantDetail.tsx(356,33): error TS17004: Cannot use JSX unless the '--jsx' flag is provided.
src/views/admin/tenants/TenantDetail.tsx(357,33): error TS17004: Cannot use JSX unless the '--jsx' flag is provided.
src/views/admin/tenants/TenantDetail.tsx(358,33): error TS17004: Cannot use JSX unless the '--jsx' flag is provided.
src/views/admin/tenants/TenantDetail.tsx(359,33): error TS17004: Cannot use JSX unless the '--jsx' flag is provided.
src/views/admin/tenants/TenantDetail.tsx(360,33): error TS17004: Cannot use JSX unless the '--jsx' flag is provided.
src/views/admin/tenants/TenantDetail.tsx(363,27): error TS17004: Cannot use JSX unless the '--jsx' flag is provided.
src/views/admin/tenants/TenantDetail.tsx(365,32): error TS17004: Cannot use JSX unless the '--jsx' flag is provided.
src/views/admin/tenants/TenantDetail.tsx(366,35): error TS17004: Cannot use JSX unless the '--jsx' flag is provided.
src/views/admin/tenants/TenantDetail.tsx(367,38): error TS17004: Cannot use JSX unless the '--jsx' flag is provided.
src/views/admin/tenants/TenantDetail.tsx(368,38): error TS17004: Cannot use JSX unless the '--jsx' flag is provided.
src/views/admin/tenants/TenantDetail.tsx(370,35): error TS17004: Cannot use JSX unless the '--jsx' flag is provided.
src/views/admin/tenants/TenantDetail.tsx(371,38): error TS17004: Cannot use JSX unless the '--jsx' flag is provided.
src/views/admin/tenants/TenantDetail.tsx(372,57): error TS17004: Cannot use JSX unless the '--jsx' flag is provided.
src/views/admin/tenants/TenantDetail.tsx(374,35): error TS17004: Cannot use JSX unless the '--jsx' flag is provided.
src/views/admin/tenants/TenantDetail.tsx(375,38): error TS17004: Cannot use JSX unless the '--jsx' flag is provided.
src/views/admin/tenants/TenantDetail.tsx(383,35): error TS17004: Cannot use JSX unless the '--jsx' flag is provided.
src/views/admin/tenants/TenantDetail.tsx(386,35): error TS17004: Cannot use JSX unless the '--jsx' flag is provided.
src/views/admin/tenants/TenantDetail.tsx(396,18): error TS17004: Cannot use JSX unless the '--jsx' flag is provided.
src/views/admin/tenants/TenantDetail.tsx(397,21): error TS17004: Cannot use JSX unless the '--jsx' flag is provided.
src/views/admin/tenants/TenantDetail.tsx(398,21): error TS17004: Cannot use JSX unless the '--jsx' flag is provided.
src/views/admin/tenants/TenantDetail.tsx(407,11): error TS17004: Cannot use JSX unless the '--jsx' flag is provided.
src/views/admin/tenants/TenantDetail.tsx(408,14): error TS17004: Cannot use JSX unless the '--jsx' flag is provided.
src/views/admin/tenants/TenantDetail.tsx(409,17): error TS17004: Cannot use JSX unless the '--jsx' flag is provided.
src/views/admin/tenants/TenantDetail.tsx(410,20): error TS17004: Cannot use JSX unless the '--jsx' flag is provided.
src/views/admin/tenants/TenantDetail.tsx(411,20): error TS17004: Cannot use JSX unless the '--jsx' flag is provided.
src/views/admin/tenants/TenantDetail.tsx(412,23): error TS17004: Cannot use JSX unless the '--jsx' flag is provided.
src/views/admin/tenants/TenantDetail.tsx(413,26): error TS17004: Cannot use JSX unless the '--jsx' flag is provided.
src/views/admin/tenants/TenantDetail.tsx(414,29): error TS17004: Cannot use JSX unless the '--jsx' flag is provided.
src/views/admin/tenants/TenantDetail.tsx(416,26): error TS17004: Cannot use JSX unless the '--jsx' flag is provided.
src/views/admin/tenants/TenantDetail.tsx(417,29): error TS17004: Cannot use JSX unless the '--jsx' flag is provided.
src/views/admin/tenants/TenantDetail.tsx(418,29): error TS17004: Cannot use JSX unless the '--jsx' flag is provided.
src/views/admin/tenants/TenantDetail.tsx(421,23): error TS17004: Cannot use JSX unless the '--jsx' flag is provided.
src/views/admin/tenants/TenantDetail.tsx(422,26): error TS17004: Cannot use JSX unless the '--jsx' flag is provided.
src/views/admin/tenants/TenantDetail.tsx(423,29): error TS17004: Cannot use JSX unless the '--jsx' flag is provided.
src/views/admin/tenants/TenantDetail.tsx(425,26): error TS17004: Cannot use JSX unless the '--jsx' flag is provided.
src/views/admin/tenants/TenantDetail.tsx(426,29): error TS17004: Cannot use JSX unless the '--jsx' flag is provided.
src/views/admin/tenants/TenantDetail.tsx(427,29): error TS17004: Cannot use JSX unless the '--jsx' flag is provided.
src/views/admin/tenants/TenantDetail.tsx(433,17): error TS17004: Cannot use JSX unless the '--jsx' flag is provided.
src/views/admin/tenants/TenantDetail.tsx(434,20): error TS17004: Cannot use JSX unless the '--jsx' flag is provided.
src/views/admin/tenants/TenantDetail.tsx(435,20): error TS17004: Cannot use JSX unless the '--jsx' flag is provided.
src/views/admin/tenants/TenantDetail.tsx(436,23): error TS17004: Cannot use JSX unless the '--jsx' flag is provided.
src/views/admin/tenants/TenantDetail.tsx(437,26): error TS17004: Cannot use JSX unless the '--jsx' flag is provided.
src/views/admin/tenants/TenantDetail.tsx(439,23): error TS17004: Cannot use JSX unless the '--jsx' flag is provided.
src/views/admin/tenants/TenantDetail.tsx(446,14): error TS17004: Cannot use JSX unless the '--jsx' flag is provided.
src/views/admin/tenants/TenantDetail.tsx(447,17): error TS17004: Cannot use JSX unless the '--jsx' flag is provided.
src/views/admin/tenants/TenantDetail.tsx(448,20): error TS17004: Cannot use JSX unless the '--jsx' flag is provided.
src/views/admin/tenants/TenantDetail.tsx(449,20): error TS17004: Cannot use JSX unless the '--jsx' flag is provided.
src/views/admin/tenants/TenantDetail.tsx(451,17): error TS17004: Cannot use JSX unless the '--jsx' flag is provided.
src/views/admin/tenants/TenantDetail.tsx(452,20): error TS17004: Cannot use JSX unless the '--jsx' flag is provided.
src/views/admin/tenants/TenantDetail.tsx(453,23): error TS17004: Cannot use JSX unless the '--jsx' flag is provided.
src/views/admin/tenants/TenantDetail.tsx(454,26): error TS17004: Cannot use JSX unless the '--jsx' flag is provided.
src/views/admin/tenants/TenantDetail.tsx(455,29): error TS17004: Cannot use JSX unless the '--jsx' flag is provided.
src/views/admin/tenants/TenantDetail.tsx(456,29): error TS17004: Cannot use JSX unless the '--jsx' flag is provided.
src/views/admin/tenants/TenantDetail.tsx(457,29): error TS17004: Cannot use JSX unless the '--jsx' flag is provided.
src/views/admin/tenants/TenantDetail.tsx(458,29): error TS17004: Cannot use JSX unless the '--jsx' flag is provided.
src/views/admin/tenants/TenantDetail.tsx(459,29): error TS17004: Cannot use JSX unless the '--jsx' flag is provided.
src/views/admin/tenants/TenantDetail.tsx(462,23): error TS17004: Cannot use JSX unless the '--jsx' flag is provided.
src/views/admin/tenants/TenantDetail.tsx(464,28): error TS17004: Cannot use JSX unless the '--jsx' flag is provided.
src/views/admin/tenants/TenantDetail.tsx(465,31): error TS17004: Cannot use JSX unless the '--jsx' flag is provided.
src/views/admin/tenants/TenantDetail.tsx(466,31): error TS17004: Cannot use JSX unless the '--jsx' flag is provided.
src/views/admin/tenants/TenantDetail.tsx(467,35): error TS17004: Cannot use JSX unless the '--jsx' flag is provided.
src/views/admin/tenants/TenantDetail.tsx(469,31): error TS17004: Cannot use JSX unless the '--jsx' flag is provided.
src/views/admin/tenants/TenantDetail.tsx(470,31): error TS17004: Cannot use JSX unless the '--jsx' flag is provided.
src/views/admin/tenants/TenantDetail.tsx(471,56): error TS17004: Cannot use JSX unless the '--jsx' flag is provided.
src/views/admin/tenants/TenantDetail.tsx(473,31): error TS17004: Cannot use JSX unless the '--jsx' flag is provided.
src/views/admin/tenants/TenantDetail.tsx(474,33): error TS17004: Cannot use JSX unless the '--jsx' flag is provided.
src/views/admin/tenants/TenantDetail.tsx(474,106): error TS17004: Cannot use JSX unless the '--jsx' flag is provided.
src/views/admin/tenants/TenantDetail.tsx(475,33): error TS17004: Cannot use JSX unless the '--jsx' flag is provided.
src/views/admin/tenants/TenantDetail.tsx(475,107): error TS17004: Cannot use JSX unless the '--jsx' flag is provided.
src/views/admin/tenants/TenantDetail.tsx(487,11): error TS17004: Cannot use JSX unless the '--jsx' flag is provided.
src/views/admin/tenants/TenantDetail.tsx(489,14): error TS17004: Cannot use JSX unless the '--jsx' flag is provided.
src/views/admin/tenants/TenantDetail.tsx(490,17): error TS17004: Cannot use JSX unless the '--jsx' flag is provided.
src/views/admin/tenants/TenantDetail.tsx(491,20): error TS17004: Cannot use JSX unless the '--jsx' flag is provided.
src/views/admin/tenants/TenantDetail.tsx(492,23): error TS17004: Cannot use JSX unless the '--jsx' flag is provided.
src/views/admin/tenants/TenantDetail.tsx(494,20): error TS17004: Cannot use JSX unless the '--jsx' flag is provided.
src/views/admin/tenants/TenantDetail.tsx(495,20): error TS17004: Cannot use JSX unless the '--jsx' flag is provided.
src/views/admin/tenants/TenantDetail.tsx(496,20): error TS17004: Cannot use JSX unless the '--jsx' flag is provided.
src/views/admin/tenants/TenantDetail.tsx(497,23): error TS17004: Cannot use JSX unless the '--jsx' flag is provided.
src/views/admin/tenants/TenantDetail.tsx(499,20): error TS17004: Cannot use JSX unless the '--jsx' flag is provided.
src/views/admin/tenants/TenantDetail.tsx(500,23): error TS17004: Cannot use JSX unless the '--jsx' flag is provided.
src/views/admin/tenants/TenantDetail.tsx(501,23): error TS17004: Cannot use JSX unless the '--jsx' flag is provided.
src/views/admin/tenants/TenantDetail.tsx(505,17): error TS17004: Cannot use JSX unless the '--jsx' flag is provided.
src/views/admin/tenants/TenantDetail.tsx(506,20): error TS17004: Cannot use JSX unless the '--jsx' flag is provided.
src/views/admin/tenants/TenantDetail.tsx(508,23): error TS17004: Cannot use JSX unless the '--jsx' flag is provided.
src/views/admin/tenants/TenantDetail.tsx(510,20): error TS17004: Cannot use JSX unless the '--jsx' flag is provided.
src/views/admin/tenants/TenantDetail.tsx(512,25): error TS17004: Cannot use JSX unless the '--jsx' flag is provided.
src/views/admin/tenants/TenantDetail.tsx(513,28): error TS17004: Cannot use JSX unless the '--jsx' flag is provided.
src/views/admin/tenants/TenantDetail.tsx(514,28): error TS17004: Cannot use JSX unless the '--jsx' flag is provided.
src/views/admin/tenants/TenantDetail.tsx(515,31): error TS17004: Cannot use JSX unless the '--jsx' flag is provided.
src/views/admin/tenants/TenantDetail.tsx(516,34): error TS17004: Cannot use JSX unless the '--jsx' flag is provided.
src/views/admin/tenants/TenantDetail.tsx(517,34): error TS17004: Cannot use JSX unless the '--jsx' flag is provided.
src/views/admin/tenants/TenantDetail.tsx(519,31): error TS17004: Cannot use JSX unless the '--jsx' flag is provided.
src/views/admin/tenants/TenantDetail.tsx(528,14): error TS17004: Cannot use JSX unless the '--jsx' flag is provided.
src/views/admin/tenants/TenantDetail.tsx(529,17): error TS17004: Cannot use JSX unless the '--jsx' flag is provided.
src/views/admin/tenants/TenantDetail.tsx(530,20): error TS17004: Cannot use JSX unless the '--jsx' flag is provided.
src/views/admin/tenants/TenantDetail.tsx(531,20): error TS17004: Cannot use JSX unless the '--jsx' flag is provided.
src/views/admin/tenants/TenantDetail.tsx(533,17): error TS17004: Cannot use JSX unless the '--jsx' flag is provided.
src/views/admin/tenants/TenantDetail.tsx(535,22): error TS17004: Cannot use JSX unless the '--jsx' flag is provided.
src/views/admin/tenants/TenantDetail.tsx(536,25): error TS17004: Cannot use JSX unless the '--jsx' flag is provided.
src/views/admin/tenants/TenantDetail.tsx(537,28): error TS17004: Cannot use JSX unless the '--jsx' flag is provided.
src/views/admin/tenants/TenantDetail.tsx(538,28): error TS17004: Cannot use JSX unless the '--jsx' flag is provided.
src/views/admin/tenants/TenantDetail.tsx(540,33): error TS17004: Cannot use JSX unless the '--jsx' flag is provided.
src/views/admin/tenants/TenantDetail.tsx(540,120): error TS17004: Cannot use JSX unless the '--jsx' flag is provided.
src/views/admin/tenants/TenantDetail.tsx(542,33): error TS17004: Cannot use JSX unless the '--jsx' flag is provided.
src/views/admin/tenants/TenantDetail.tsx(542,120): error TS17004: Cannot use JSX unless the '--jsx' flag is provided.
src/views/admin/tenants/TenantDetail.tsx(546,25): error TS17004: Cannot use JSX unless the '--jsx' flag is provided.
src/views/admin/tenants/TenantDetail.tsx(547,25): error TS17004: Cannot use JSX unless the '--jsx' flag is provided.
src/views/admin/tenants/TenantDetail.tsx(548,28): error TS17004: Cannot use JSX unless the '--jsx' flag is provided.
src/views/admin/tenants/TenantDetail.tsx(549,28): error TS17004: Cannot use JSX unless the '--jsx' flag is provided.
src/views/admin/tenants/TenantDetail.tsx(559,11): error TS17004: Cannot use JSX unless the '--jsx' flag is provided.
src/views/admin/tenants/TenantDetail.tsx(561,14): error TS17004: Cannot use JSX unless the '--jsx' flag is provided.
src/views/admin/tenants/TenantDetail.tsx(562,17): error TS17004: Cannot use JSX unless the '--jsx' flag is provided.
src/views/admin/tenants/TenantDetail.tsx(563,20): error TS17004: Cannot use JSX unless the '--jsx' flag is provided.
src/views/admin/tenants/TenantDetail.tsx(564,23): error TS17004: Cannot use JSX unless the '--jsx' flag is provided.
src/views/admin/tenants/TenantDetail.tsx(565,23): error TS17004: Cannot use JSX unless the '--jsx' flag is provided.
src/views/admin/tenants/TenantDetail.tsx(566,23): error TS17004: Cannot use JSX unless the '--jsx' flag is provided.
src/views/admin/tenants/TenantDetail.tsx(568,20): error TS17004: Cannot use JSX unless the '--jsx' flag is provided.
src/views/admin/tenants/TenantDetail.tsx(569,23): error TS17004: Cannot use JSX unless the '--jsx' flag is provided.
src/views/admin/tenants/TenantDetail.tsx(570,23): error TS17004: Cannot use JSX unless the '--jsx' flag is provided.
src/views/admin/tenants/TenantDetail.tsx(572,25): error TS17004: Cannot use JSX unless the '--jsx' flag is provided.
src/views/admin/tenants/TenantDetail.tsx(573,28): error TS17004: Cannot use JSX unless the '--jsx' flag is provided.
src/views/admin/tenants/TenantDetail.tsx(578,17): error TS17004: Cannot use JSX unless the '--jsx' flag is provided.
src/views/admin/tenants/TenantDetail.tsx(582,14): error TS17004: Cannot use JSX unless the '--jsx' flag is provided.
src/views/admin/tenants/TenantDetail.tsx(591,19): error TS17004: Cannot use JSX unless the '--jsx' flag is provided.
src/views/admin/tenants/TenantDetail.tsx(600,21): error TS17004: Cannot use JSX unless the '--jsx' flag is provided.
src/views/admin/tenants/TenantDetail.tsx(601,24): error TS17004: Cannot use JSX unless the '--jsx' flag is provided.
src/views/admin/tenants/TenantDetail.tsx(605,81): error TS17004: Cannot use JSX unless the '--jsx' flag is provided.
src/views/admin/tenants/TenantDetail.tsx(605,110): error TS17004: Cannot use JSX unless the '--jsx' flag is provided.
src/views/admin/tenants/TenantDetail.tsx(607,24): error TS17004: Cannot use JSX unless the '--jsx' flag is provided.
src/views/admin/tenants/TenantDetail.tsx(612,21): error TS17004: Cannot use JSX unless the '--jsx' flag is provided.
src/views/admin/tenants/TenantDetail.tsx(614,26): error TS17004: Cannot use JSX unless the '--jsx' flag is provided.
src/views/admin/tenants/TenantDetail.tsx(621,24): error TS17004: Cannot use JSX unless the '--jsx' flag is provided.
src/views/admin/tenants/TenantDetail.tsx(628,81): error TS17004: Cannot use JSX unless the '--jsx' flag is provided.
src/views/admin/tenants/TenantDetail.tsx(628,110): error TS17004: Cannot use JSX unless the '--jsx' flag is provided.
src/views/admin/tenants/TenantDetail.tsx(638,55): error TS2550: Property 'includes' does not exist on type 'TabType[]'. Do you need to change your target library? Try changing the 'lib' compiler option to 'es2016' or later.
src/views/admin/tenants/TenantDetail.tsx(639,11): error TS17004: Cannot use JSX unless the '--jsx' flag is provided.
src/views/admin/tenants/TenantDetail.tsx(640,14): error TS17004: Cannot use JSX unless the '--jsx' flag is provided.
src/views/admin/tenants/TenantDetail.tsx(641,17): error TS17004: Cannot use JSX unless the '--jsx' flag is provided.
src/views/admin/tenants/TenantDetail.tsx(643,14): error TS17004: Cannot use JSX unless the '--jsx' flag is provided.
src/views/admin/tenants/TenantDetail.tsx(644,17): error TS17004: Cannot use JSX unless the '--jsx' flag is provided.
src/views/admin/tenants/TenantDetail.tsx(645,17): error TS17004: Cannot use JSX unless the '--jsx' flag is provided.
src/views/admin/tenants/TenantList.tsx(1,8): error TS1259: Module '"C:/code_visual_xanh/lab60622/lab60622/node_modules/@types/react/index"' can only be default-imported using the 'esModuleInterop' flag
src/views/admin/tenants/TenantList.tsx(7,3): error TS6133: 'ShieldCheck' is declared but its value is never read.
src/views/admin/tenants/TenantList.tsx(8,3): error TS6133: 'ExternalLink' is declared but its value is never read.
src/views/admin/tenants/TenantList.tsx(9,3): error TS6133: 'Info' is declared but its value is never read.
src/views/admin/tenants/TenantList.tsx(9,23): error TS6133: 'UserPlus' is declared but its value is never read.
src/views/admin/tenants/TenantList.tsx(10,3): error TS6133: 'ArrowUpDown' is declared but its value is never read.
src/views/admin/tenants/TenantList.tsx(12,31): error TS2307: Cannot find module '@/services/tenantService' or its corresponding type declarations.
src/views/admin/tenants/TenantList.tsx(13,45): error TS2307: Cannot find module '@/models/Tenant' or its corresponding type declarations.
src/views/admin/tenants/TenantList.tsx(14,41): error TS2307: Cannot find module '@/utils' or its corresponding type declarations.
src/views/admin/tenants/TenantList.tsx(15,25): error TS2307: Cannot find module '@/components/ui/Feedback' or its corresponding type declarations.
src/views/admin/tenants/TenantList.tsx(16,29): error TS2307: Cannot find module '@/components/ui/StatusBadge' or its corresponding type declarations.
src/views/admin/tenants/TenantList.tsx(17,31): error TS2307: Cannot find module '@/hooks/usePermission' or its corresponding type declarations.
src/views/admin/tenants/TenantList.tsx(18,29): error TS2307: Cannot find module '@/hooks/useDebounce' or its corresponding type declarations.
src/views/admin/tenants/TenantList.tsx(19,33): error TS2307: Cannot find module '@/components/forms/TenantFormModal' or its corresponding type declarations.
src/views/admin/tenants/TenantList.tsx(20,29): error TS2307: Cannot find module '@/components/ui/SelectAsync' or its corresponding type declarations.
src/views/admin/tenants/TenantList.tsx(22,24): error TS2307: Cannot find module '@/stores/uiStore' or its corresponding type declarations.
src/views/admin/tenants/TenantList.tsx(59,12): error TS2550: Property 'includes' does not exist on type 'string[]'. Do you need to change your target library? Try changing the 'lib' compiler option to 'es2016' or later.
src/views/admin/tenants/TenantList.tsx(65,12): error TS2550: Property 'includes' does not exist on type 'TenantStatus[]'. Do you need to change your target library? Try changing the 'lib' compiler option to 'es2016' or later.
src/views/admin/tenants/TenantList.tsx(70,5): error TS17004: Cannot use JSX unless the '--jsx' flag is provided.
src/views/admin/tenants/TenantList.tsx(72,7): error TS17004: Cannot use JSX unless the '--jsx' flag is provided.
src/views/admin/tenants/TenantList.tsx(73,9): error TS17004: Cannot use JSX unless the '--jsx' flag is provided.
src/views/admin/tenants/TenantList.tsx(74,12): error TS17004: Cannot use JSX unless the '--jsx' flag is provided.
src/views/admin/tenants/TenantList.tsx(75,15): error TS17004: Cannot use JSX unless the '--jsx' flag is provided.
src/views/admin/tenants/TenantList.tsx(76,18): error TS17004: Cannot use JSX unless the '--jsx' flag is provided.
src/views/admin/tenants/TenantList.tsx(78,15): error TS17004: Cannot use JSX unless the '--jsx' flag is provided.
src/views/admin/tenants/TenantList.tsx(80,12): error TS17004: Cannot use JSX unless the '--jsx' flag is provided.
src/views/admin/tenants/TenantList.tsx(82,9): error TS17004: Cannot use JSX unless the '--jsx' flag is provided.
src/views/admin/tenants/TenantList.tsx(83,11): error TS17004: Cannot use JSX unless the '--jsx' flag is provided.
src/views/admin/tenants/TenantList.tsx(83,118): error TS17004: Cannot use JSX unless the '--jsx' flag is provided.
src/views/admin/tenants/TenantList.tsx(84,11): error TS17004: Cannot use JSX unless the '--jsx' flag is provided.
src/views/admin/tenants/TenantList.tsx(88,13): error TS17004: Cannot use JSX unless the '--jsx' flag is provided.
src/views/admin/tenants/TenantList.tsx(93,7): error TS17004: Cannot use JSX unless the '--jsx' flag is provided.
src/views/admin/tenants/TenantList.tsx(100,7): error TS17004: Cannot use JSX unless the '--jsx' flag is provided.
src/views/admin/tenants/TenantList.tsx(101,9): error TS17004: Cannot use JSX unless the '--jsx' flag is provided.
src/views/admin/tenants/TenantList.tsx(102,12): error TS17004: Cannot use JSX unless the '--jsx' flag is provided.
src/views/admin/tenants/TenantList.tsx(114,9): error TS17004: Cannot use JSX unless the '--jsx' flag is provided.
src/views/admin/tenants/TenantList.tsx(115,11): error TS17004: Cannot use JSX unless the '--jsx' flag is provided.
src/views/admin/tenants/TenantList.tsx(116,11): error TS17004: Cannot use JSX unless the '--jsx' flag is provided.
src/views/admin/tenants/TenantList.tsx(125,9): error TS17004: Cannot use JSX unless the '--jsx' flag is provided.
src/views/admin/tenants/TenantList.tsx(126,12): error TS17004: Cannot use JSX unless the '--jsx' flag is provided.
src/views/admin/tenants/TenantList.tsx(128,17): error TS17004: Cannot use JSX unless the '--jsx' flag is provided.
src/views/admin/tenants/TenantList.tsx(133,34): error TS2550: Property 'includes' does not exist on type 'TenantStatus[]'. Do you need to change your target library? Try changing the 'lib' compiler option to 'es2016' or later.
src/views/admin/tenants/TenantList.tsx(144,9): error TS17004: Cannot use JSX unless the '--jsx' flag is provided.
src/views/admin/tenants/TenantList.tsx(145,13): error TS17004: Cannot use JSX unless the '--jsx' flag is provided.
src/views/admin/tenants/TenantList.tsx(146,13): error TS17004: Cannot use JSX unless the '--jsx' flag is provided.
src/views/admin/tenants/TenantList.tsx(147,15): error TS17004: Cannot use JSX unless the '--jsx' flag is provided.
src/views/admin/tenants/TenantList.tsx(148,18): error TS17004: Cannot use JSX unless the '--jsx' flag is provided.
src/views/admin/tenants/TenantList.tsx(155,21): error TS17004: Cannot use JSX unless the '--jsx' flag is provided.
src/views/admin/tenants/TenantList.tsx(160,18): error TS17004: Cannot use JSX unless the '--jsx' flag is provided.
src/views/admin/tenants/TenantList.tsx(163,15): error TS17004: Cannot use JSX unless the '--jsx' flag is provided.
src/views/admin/tenants/TenantList.tsx(164,18): error TS17004: Cannot use JSX unless the '--jsx' flag is provided.
src/views/admin/tenants/TenantList.tsx(171,21): error TS17004: Cannot use JSX unless the '--jsx' flag is provided.
src/views/admin/tenants/TenantList.tsx(176,18): error TS17004: Cannot use JSX unless the '--jsx' flag is provided.
src/views/admin/tenants/TenantList.tsx(181,9): error TS17004: Cannot use JSX unless the '--jsx' flag is provided.
src/views/admin/tenants/TenantList.tsx(182,12): error TS17004: Cannot use JSX unless the '--jsx' flag is provided.
src/views/admin/tenants/TenantList.tsx(183,15): error TS17004: Cannot use JSX unless the '--jsx' flag is provided.
src/views/admin/tenants/TenantList.tsx(183,36): error TS17004: Cannot use JSX unless the '--jsx' flag is provided.
src/views/admin/tenants/TenantList.tsx(189,9): error TS17004: Cannot use JSX unless the '--jsx' flag is provided.
src/views/admin/tenants/TenantList.tsx(190,11): error TS17004: Cannot use JSX unless the '--jsx' flag is provided.
src/views/admin/tenants/TenantList.tsx(191,11): error TS17004: Cannot use JSX unless the '--jsx' flag is provided.
src/views/admin/tenants/TenantList.tsx(195,9): error TS17004: Cannot use JSX unless the '--jsx' flag is provided.
src/views/admin/tenants/TenantList.tsx(196,11): error TS17004: Cannot use JSX unless the '--jsx' flag is provided.
src/views/admin/tenants/TenantList.tsx(197,13): error TS17004: Cannot use JSX unless the '--jsx' flag is provided.
src/views/admin/tenants/TenantList.tsx(198,15): error TS17004: Cannot use JSX unless the '--jsx' flag is provided.
src/views/admin/tenants/TenantList.tsx(199,17): error TS17004: Cannot use JSX unless the '--jsx' flag is provided.
src/views/admin/tenants/TenantList.tsx(200,19): error TS17004: Cannot use JSX unless the '--jsx' flag is provided.
src/views/admin/tenants/TenantList.tsx(201,19): error TS17004: Cannot use JSX unless the '--jsx' flag is provided.
src/views/admin/tenants/TenantList.tsx(202,19): error TS17004: Cannot use JSX unless the '--jsx' flag is provided.
src/views/admin/tenants/TenantList.tsx(203,19): error TS17004: Cannot use JSX unless the '--jsx' flag is provided.
src/views/admin/tenants/TenantList.tsx(204,19): error TS17004: Cannot use JSX unless the '--jsx' flag is provided.
src/views/admin/tenants/TenantList.tsx(205,19): error TS17004: Cannot use JSX unless the '--jsx' flag is provided.
src/views/admin/tenants/TenantList.tsx(206,19): error TS17004: Cannot use JSX unless the '--jsx' flag is provided.
src/views/admin/tenants/TenantList.tsx(209,15): error TS17004: Cannot use JSX unless the '--jsx' flag is provided.
src/views/admin/tenants/TenantList.tsx(211,19): error TS17004: Cannot use JSX unless the '--jsx' flag is provided.
src/views/admin/tenants/TenantList.tsx(216,21): error TS17004: Cannot use JSX unless the '--jsx' flag is provided.
src/views/admin/tenants/TenantList.tsx(217,23): error TS17004: Cannot use JSX unless the '--jsx' flag is provided.
src/views/admin/tenants/TenantList.tsx(218,25): error TS17004: Cannot use JSX unless the '--jsx' flag is provided.
src/views/admin/tenants/TenantList.tsx(219,27): error TS17004: Cannot use JSX unless the '--jsx' flag is provided.
src/views/admin/tenants/TenantList.tsx(225,29): error TS17004: Cannot use JSX unless the '--jsx' flag is provided.
src/views/admin/tenants/TenantList.tsx(228,25): error TS17004: Cannot use JSX unless the '--jsx' flag is provided.
src/views/admin/tenants/TenantList.tsx(229,27): error TS17004: Cannot use JSX unless the '--jsx' flag is provided.
src/views/admin/tenants/TenantList.tsx(230,27): error TS17004: Cannot use JSX unless the '--jsx' flag is provided.
src/views/admin/tenants/TenantList.tsx(231,29): error TS17004: Cannot use JSX unless the '--jsx' flag is provided.
src/views/admin/tenants/TenantList.tsx(236,21): error TS17004: Cannot use JSX unless the '--jsx' flag is provided.
src/views/admin/tenants/TenantList.tsx(237,23): error TS17004: Cannot use JSX unless the '--jsx' flag is provided.
src/views/admin/tenants/TenantList.tsx(242,25): error TS17004: Cannot use JSX unless the '--jsx' flag is provided.
src/views/admin/tenants/TenantList.tsx(243,40): error TS2550: Property 'includes' does not exist on type 'string[]'. Do you need to change your target library? Try changing the 'lib' compiler option to 'es2016' or later.
src/views/admin/tenants/TenantList.tsx(245,27): error TS17004: Cannot use JSX unless the '--jsx' flag is provided.
src/views/admin/tenants/TenantList.tsx(249,44): error TS2550: Property 'includes' does not exist on type 'string[]'. Do you need to change your target library? Try changing the 'lib' compiler option to 'es2016' or later.
src/views/admin/tenants/TenantList.tsx(249,66): error TS17004: Cannot use JSX unless the '--jsx' flag is provided.
src/views/admin/tenants/TenantList.tsx(249,89): error TS17004: Cannot use JSX unless the '--jsx' flag is provided.
src/views/admin/tenants/TenantList.tsx(254,21): error TS17004: Cannot use JSX unless the '--jsx' flag is provided.
src/views/admin/tenants/TenantList.tsx(255,24): error TS17004: Cannot use JSX unless the '--jsx' flag is provided.
src/views/admin/tenants/TenantList.tsx(256,41): error TS2550: Property 'includes' does not exist on type 'string[]'. Do you need to change your target library? Try changing the 'lib' compiler option to 'es2016' or later.
src/views/admin/tenants/TenantList.tsx(259,21): error TS17004: Cannot use JSX unless the '--jsx' flag is provided.
src/views/admin/tenants/TenantList.tsx(261,26): error TS17004: Cannot use JSX unless the '--jsx' flag is provided.
src/views/admin/tenants/TenantList.tsx(262,29): error TS17004: Cannot use JSX unless the '--jsx' flag is provided.
src/views/admin/tenants/TenantList.tsx(266,32): error TS17004: Cannot use JSX unless the '--jsx' flag is provided.
src/views/admin/tenants/TenantList.tsx(270,31): error TS17004: Cannot use JSX unless the '--jsx' flag is provided.
src/views/admin/tenants/TenantList.tsx(274,26): error TS17004: Cannot use JSX unless the '--jsx' flag is provided.
src/views/admin/tenants/TenantList.tsx(277,21): error TS17004: Cannot use JSX unless the '--jsx' flag is provided.
src/views/admin/tenants/TenantList.tsx(278,24): error TS17004: Cannot use JSX unless the '--jsx' flag is provided.
src/views/admin/tenants/TenantList.tsx(280,21): error TS17004: Cannot use JSX unless the '--jsx' flag is provided.
src/views/admin/tenants/TenantList.tsx(282,24): error TS17004: Cannot use JSX unless the '--jsx' flag is provided.
src/views/admin/tenants/TenantList.tsx(283,27): error TS17004: Cannot use JSX unless the '--jsx' flag is provided.
src/views/admin/tenants/TenantList.tsx(284,30): error TS17004: Cannot use JSX unless the '--jsx' flag is provided.
src/views/admin/tenants/TenantList.tsx(286,27): error TS17004: Cannot use JSX unless the '--jsx' flag is provided.
src/views/admin/tenants/TenantList.tsx(287,30): error TS17004: Cannot use JSX unless the '--jsx' flag is provided.
src/views/admin/tenants/TenantList.tsx(297,21): error TS17004: Cannot use JSX unless the '--jsx' flag is provided.
src/views/admin/tenants/TenantList.tsx(298,24): error TS17004: Cannot use JSX unless the '--jsx' flag is provided.
src/views/admin/tenants/TenantList.tsx(299,27): error TS17004: Cannot use JSX unless the '--jsx' flag is provided.
src/views/admin/tenants/TenantList.tsx(300,30): error TS17004: Cannot use JSX unless the '--jsx' flag is provided.
src/views/admin/tenants/TenantList.tsx(302,27): error TS17004: Cannot use JSX unless the '--jsx' flag is provided.
src/views/admin/tenants/TenantList.tsx(303,30): error TS17004: Cannot use JSX unless the '--jsx' flag is provided.
src/views/admin/tickets/StaffRatings.tsx(1,8): error TS1259: Module '"C:/code_visual_xanh/lab60622/lab60622/node_modules/@types/react/index"' can only be default-imported using the 'esModuleInterop' flag
src/views/admin/tickets/StaffRatings.tsx(5,16): error TS6133: 'User' is declared but its value is never read.
src/views/admin/tickets/StaffRatings.tsx(6,27): error TS6133: 'MessageSquare' is declared but its value is never read.
src/views/admin/tickets/StaffRatings.tsx(13,31): error TS2307: Cannot find module '@/services/ticketService' or its corresponding type declarations.
src/views/admin/tickets/StaffRatings.tsx(14,1): error TS6133: 'cn' is declared but its value is never read.
src/views/admin/tickets/StaffRatings.tsx(14,20): error TS2307: Cannot find module '@/utils' or its corresponding type declarations.
src/views/admin/tickets/StaffRatings.tsx(21,10): error TS6133: 'dateRange' is declared but its value is never read.
src/views/admin/tickets/StaffRatings.tsx(21,21): error TS6133: 'setDateRange' is declared but its value is never read.
src/views/admin/tickets/StaffRatings.tsx(32,7): error TS17004: Cannot use JSX unless the '--jsx' flag is provided.
src/views/admin/tickets/StaffRatings.tsx(33,10): error TS17004: Cannot use JSX unless the '--jsx' flag is provided.
src/views/admin/tickets/StaffRatings.tsx(34,10): error TS17004: Cannot use JSX unless the '--jsx' flag is provided.
src/views/admin/tickets/StaffRatings.tsx(56,5): error TS17004: Cannot use JSX unless the '--jsx' flag is provided.
src/views/admin/tickets/StaffRatings.tsx(58,7): error TS17004: Cannot use JSX unless the '--jsx' flag is provided.
src/views/admin/tickets/StaffRatings.tsx(59,10): error TS17004: Cannot use JSX unless the '--jsx' flag is provided.
src/views/admin/tickets/StaffRatings.tsx(63,12): error TS17004: Cannot use JSX unless the '--jsx' flag is provided.
src/views/admin/tickets/StaffRatings.tsx(64,15): error TS17004: Cannot use JSX unless the '--jsx' flag is provided.
src/views/admin/tickets/StaffRatings.tsx(66,12): error TS17004: Cannot use JSX unless the '--jsx' flag is provided.
src/views/admin/tickets/StaffRatings.tsx(69,10): error TS17004: Cannot use JSX unless the '--jsx' flag is provided.
src/views/admin/tickets/StaffRatings.tsx(70,13): error TS17004: Cannot use JSX unless the '--jsx' flag is provided.
src/views/admin/tickets/StaffRatings.tsx(71,16): error TS17004: Cannot use JSX unless the '--jsx' flag is provided.
src/views/admin/tickets/StaffRatings.tsx(72,16): error TS17004: Cannot use JSX unless the '--jsx' flag is provided.
src/views/admin/tickets/StaffRatings.tsx(73,16): error TS17004: Cannot use JSX unless the '--jsx' flag is provided.
src/views/admin/tickets/StaffRatings.tsx(74,16): error TS17004: Cannot use JSX unless the '--jsx' flag is provided.
src/views/admin/tickets/StaffRatings.tsx(76,13): error TS17004: Cannot use JSX unless the '--jsx' flag is provided.
src/views/admin/tickets/StaffRatings.tsx(76,75): error TS17004: Cannot use JSX unless the '--jsx' flag is provided.
src/views/admin/tickets/StaffRatings.tsx(80,7): error TS17004: Cannot use JSX unless the '--jsx' flag is provided.
src/views/admin/tickets/StaffRatings.tsx(82,9): error TS17004: Cannot use JSX unless the '--jsx' flag is provided.
src/views/admin/tickets/StaffRatings.tsx(83,12): error TS17004: Cannot use JSX unless the '--jsx' flag is provided.
src/views/admin/tickets/StaffRatings.tsx(84,15): error TS17004: Cannot use JSX unless the '--jsx' flag is provided.
src/views/admin/tickets/StaffRatings.tsx(85,18): error TS17004: Cannot use JSX unless the '--jsx' flag is provided.
src/views/admin/tickets/StaffRatings.tsx(86,21): error TS17004: Cannot use JSX unless the '--jsx' flag is provided.
src/views/admin/tickets/StaffRatings.tsx(87,21): error TS17004: Cannot use JSX unless the '--jsx' flag is provided.
src/views/admin/tickets/StaffRatings.tsx(88,24): error TS17004: Cannot use JSX unless the '--jsx' flag is provided.
src/views/admin/tickets/StaffRatings.tsx(91,18): error TS17004: Cannot use JSX unless the '--jsx' flag is provided.
src/views/admin/tickets/StaffRatings.tsx(92,18): error TS17004: Cannot use JSX unless the '--jsx' flag is provided.
src/views/admin/tickets/StaffRatings.tsx(95,15): error TS17004: Cannot use JSX unless the '--jsx' flag is provided.
src/views/admin/tickets/StaffRatings.tsx(96,18): error TS17004: Cannot use JSX unless the '--jsx' flag is provided.
src/views/admin/tickets/StaffRatings.tsx(97,21): error TS17004: Cannot use JSX unless the '--jsx' flag is provided.
src/views/admin/tickets/StaffRatings.tsx(98,21): error TS17004: Cannot use JSX unless the '--jsx' flag is provided.
src/views/admin/tickets/StaffRatings.tsx(100,18): error TS17004: Cannot use JSX unless the '--jsx' flag is provided.
src/views/admin/tickets/StaffRatings.tsx(101,21): error TS17004: Cannot use JSX unless the '--jsx' flag is provided.
src/views/admin/tickets/StaffRatings.tsx(102,21): error TS17004: Cannot use JSX unless the '--jsx' flag is provided.
src/views/admin/tickets/StaffRatings.tsx(105,15): error TS17004: Cannot use JSX unless the '--jsx' flag is provided.
src/views/admin/tickets/StaffRatings.tsx(109,12): error TS17004: Cannot use JSX unless the '--jsx' flag is provided.
src/views/admin/tickets/StaffRatings.tsx(110,15): error TS17004: Cannot use JSX unless the '--jsx' flag is provided.
src/views/admin/tickets/StaffRatings.tsx(111,18): error TS17004: Cannot use JSX unless the '--jsx' flag is provided.
src/views/admin/tickets/StaffRatings.tsx(112,21): error TS17004: Cannot use JSX unless the '--jsx' flag is provided.
src/views/admin/tickets/StaffRatings.tsx(113,21): error TS17004: Cannot use JSX unless the '--jsx' flag is provided.
src/views/admin/tickets/StaffRatings.tsx(115,18): error TS17004: Cannot use JSX unless the '--jsx' flag is provided.
src/views/admin/tickets/StaffRatings.tsx(116,21): error TS17004: Cannot use JSX unless the '--jsx' flag is provided.
src/views/admin/tickets/StaffRatings.tsx(117,21): error TS17004: Cannot use JSX unless the '--jsx' flag is provided.
src/views/admin/tickets/StaffRatings.tsx(119,18): error TS17004: Cannot use JSX unless the '--jsx' flag is provided.
src/views/admin/tickets/StaffRatings.tsx(121,23): error TS17004: Cannot use JSX unless the '--jsx' flag is provided.
src/views/admin/tickets/StaffRatings.tsx(129,9): error TS17004: Cannot use JSX unless the '--jsx' flag is provided.
src/views/admin/tickets/StaffRatings.tsx(131,12): error TS17004: Cannot use JSX unless the '--jsx' flag is provided.
src/views/admin/tickets/StaffRatings.tsx(132,15): error TS17004: Cannot use JSX unless the '--jsx' flag is provided.
src/views/admin/tickets/StaffRatings.tsx(133,18): error TS17004: Cannot use JSX unless the '--jsx' flag is provided.
src/views/admin/tickets/StaffRatings.tsx(134,21): error TS17004: Cannot use JSX unless the '--jsx' flag is provided.
src/views/admin/tickets/StaffRatings.tsx(135,24): error TS17004: Cannot use JSX unless the '--jsx' flag is provided.
src/views/admin/tickets/StaffRatings.tsx(136,27): error TS17004: Cannot use JSX unless the '--jsx' flag is provided.
src/views/admin/tickets/StaffRatings.tsx(139,21): error TS17004: Cannot use JSX unless the '--jsx' flag is provided.
src/views/admin/tickets/StaffRatings.tsx(140,24): error TS17004: Cannot use JSX unless the '--jsx' flag is provided.
src/views/admin/tickets/StaffRatings.tsx(141,24): error TS17004: Cannot use JSX unless the '--jsx' flag is provided.
src/views/admin/tickets/StaffRatings.tsx(144,18): error TS17004: Cannot use JSX unless the '--jsx' flag is provided.
src/views/admin/tickets/StaffRatings.tsx(147,15): error TS17004: Cannot use JSX unless the '--jsx' flag is provided.
src/views/admin/tickets/StaffRatings.tsx(148,18): error TS17004: Cannot use JSX unless the '--jsx' flag is provided.
src/views/admin/tickets/StaffRatings.tsx(149,18): error TS17004: Cannot use JSX unless the '--jsx' flag is provided.
src/views/admin/tickets/StaffRatings.tsx(150,21): error TS17004: Cannot use JSX unless the '--jsx' flag is provided.
src/views/admin/tickets/StaffRatings.tsx(151,24): error TS17004: Cannot use JSX unless the '--jsx' flag is provided.
src/views/admin/tickets/StaffRatings.tsx(152,24): error TS17004: Cannot use JSX unless the '--jsx' flag is provided.
src/views/admin/tickets/StaffRatings.tsx(153,24): error TS17004: Cannot use JSX unless the '--jsx' flag is provided.
src/views/admin/tickets/StaffRatings.tsx(154,24): error TS17004: Cannot use JSX unless the '--jsx' flag is provided.
src/views/admin/tickets/StaffRatings.tsx(156,30): error TS17004: Cannot use JSX unless the '--jsx' flag is provided.
src/views/admin/tickets/StaffRatings.tsx(165,12): error TS17004: Cannot use JSX unless the '--jsx' flag is provided.
src/views/admin/tickets/StaffRatings.tsx(166,15): error TS17004: Cannot use JSX unless the '--jsx' flag is provided.
src/views/admin/tickets/StaffRatings.tsx(167,18): error TS17004: Cannot use JSX unless the '--jsx' flag is provided.
src/views/admin/tickets/StaffRatings.tsx(171,15): error TS17004: Cannot use JSX unless the '--jsx' flag is provided.
src/views/admin/tickets/StaffRatings.tsx(173,21): error TS17004: Cannot use JSX unless the '--jsx' flag is provided.
src/views/admin/tickets/StaffRatings.tsx(174,24): error TS17004: Cannot use JSX unless the '--jsx' flag is provided.
src/views/admin/tickets/StaffRatings.tsx(175,27): error TS17004: Cannot use JSX unless the '--jsx' flag is provided.
src/views/admin/tickets/StaffRatings.tsx(176,30): error TS17004: Cannot use JSX unless the '--jsx' flag is provided.
src/views/admin/tickets/StaffRatings.tsx(177,30): error TS17004: Cannot use JSX unless the '--jsx' flag is provided.
src/views/admin/tickets/StaffRatings.tsx(178,33): error TS17004: Cannot use JSX unless the '--jsx' flag is provided.
src/views/admin/tickets/StaffRatings.tsx(179,36): error TS17004: Cannot use JSX unless the '--jsx' flag is provided.
src/views/admin/tickets/StaffRatings.tsx(180,36): error TS17004: Cannot use JSX unless the '--jsx' flag is provided.
src/views/admin/tickets/StaffRatings.tsx(180,113): error TS17004: Cannot use JSX unless the '--jsx' flag is provided.
src/views/admin/tickets/StaffRatings.tsx(182,33): error TS17004: Cannot use JSX unless the '--jsx' flag is provided.
src/views/admin/tickets/StaffRatings.tsx(184,38): error TS17004: Cannot use JSX unless the '--jsx' flag is provided.
src/views/admin/tickets/StaffRatings.tsx(187,33): error TS17004: Cannot use JSX unless the '--jsx' flag is provided.
src/views/admin/tickets/StaffRatings.tsx(191,27): error TS17004: Cannot use JSX unless the '--jsx' flag is provided.
src/views/admin/tickets/StaffRatings.tsx(192,30): error TS17004: Cannot use JSX unless the '--jsx' flag is provided.
src/views/admin/tickets/StaffRatings.tsx(193,33): error TS17004: Cannot use JSX unless the '--jsx' flag is provided.
src/views/admin/tickets/StaffRatings.tsx(194,33): error TS17004: Cannot use JSX unless the '--jsx' flag is provided.
src/views/admin/tickets/StaffRatings.tsx(201,30): error TS17004: Cannot use JSX unless the '--jsx' flag is provided.
src/views/admin/tickets/StaffRatings.tsx(202,33): error TS17004: Cannot use JSX unless the '--jsx' flag is provided.
src/views/admin/tickets/TicketDetail.tsx(1,8): error TS1259: Module '"C:/code_visual_xanh/lab60622/lab60622/node_modules/@types/react/index"' can only be default-imported using the 'esModuleInterop' flag
src/views/admin/tickets/TicketDetail.tsx(1,27): error TS6133: 'useEffect' is declared but its value is never read.
src/views/admin/tickets/TicketDetail.tsx(5,39): error TS6133: 'Building' is declared but its value is never read.
src/views/admin/tickets/TicketDetail.tsx(10,31): error TS2307: Cannot find module '@/services/ticketService' or its corresponding type declarations.
src/views/admin/tickets/TicketDetail.tsx(11,10): error TS6133: 'Ticket' is declared but its value is never read.
src/views/admin/tickets/TicketDetail.tsx(11,18): error TS6133: 'TicketComment' is declared but its value is never read.
src/views/admin/tickets/TicketDetail.tsx(11,69): error TS2307: Cannot find module '@/models/Ticket' or its corresponding type declarations.
src/views/admin/tickets/TicketDetail.tsx(12,29): error TS2307: Cannot find module '@/components/ui/StatusBadge' or its corresponding type declarations.
src/views/admin/tickets/TicketDetail.tsx(13,14): error TS6133: 'formatVND' is declared but its value is never read.
src/views/admin/tickets/TicketDetail.tsx(13,31): error TS2307: Cannot find module '@/utils' or its corresponding type declarations.
src/views/admin/tickets/TicketDetail.tsx(41,38): error TS6133: 'loadingComments' is declared but its value is never read.
src/views/admin/tickets/TicketDetail.tsx(81,7): error TS17004: Cannot use JSX unless the '--jsx' flag is provided.
src/views/admin/tickets/TicketDetail.tsx(82,10): error TS17004: Cannot use JSX unless the '--jsx' flag is provided.
src/views/admin/tickets/TicketDetail.tsx(83,10): error TS17004: Cannot use JSX unless the '--jsx' flag is provided.
src/views/admin/tickets/TicketDetail.tsx(93,5): error TS17004: Cannot use JSX unless the '--jsx' flag is provided.
src/views/admin/tickets/TicketDetail.tsx(95,7): error TS17004: Cannot use JSX unless the '--jsx' flag is provided.
src/views/admin/tickets/TicketDetail.tsx(96,9): error TS17004: Cannot use JSX unless the '--jsx' flag is provided.
src/views/admin/tickets/TicketDetail.tsx(100,11): error TS17004: Cannot use JSX unless the '--jsx' flag is provided.
src/views/admin/tickets/TicketDetail.tsx(101,14): error TS17004: Cannot use JSX unless the '--jsx' flag is provided.
src/views/admin/tickets/TicketDetail.tsx(103,11): error TS17004: Cannot use JSX unless the '--jsx' flag is provided.
src/views/admin/tickets/TicketDetail.tsx(106,9): error TS17004: Cannot use JSX unless the '--jsx' flag is provided.
src/views/admin/tickets/TicketDetail.tsx(107,12): error TS17004: Cannot use JSX unless the '--jsx' flag is provided.
src/views/admin/tickets/TicketDetail.tsx(107,86): error TS17004: Cannot use JSX unless the '--jsx' flag is provided.
src/views/admin/tickets/TicketDetail.tsx(108,12): error TS17004: Cannot use JSX unless the '--jsx' flag is provided.
src/views/admin/tickets/TicketDetail.tsx(108,74): error TS17004: Cannot use JSX unless the '--jsx' flag is provided.
src/views/admin/tickets/TicketDetail.tsx(112,7): error TS17004: Cannot use JSX unless the '--jsx' flag is provided.
src/views/admin/tickets/TicketDetail.tsx(114,9): error TS17004: Cannot use JSX unless the '--jsx' flag is provided.
src/views/admin/tickets/TicketDetail.tsx(116,12): error TS17004: Cannot use JSX unless the '--jsx' flag is provided.
src/views/admin/tickets/TicketDetail.tsx(117,15): error TS17004: Cannot use JSX unless the '--jsx' flag is provided.
src/views/admin/tickets/TicketDetail.tsx(118,18): error TS17004: Cannot use JSX unless the '--jsx' flag is provided.
src/views/admin/tickets/TicketDetail.tsx(119,21): error TS17004: Cannot use JSX unless the '--jsx' flag is provided.
src/views/admin/tickets/TicketDetail.tsx(120,24): error TS17004: Cannot use JSX unless the '--jsx' flag is provided.
src/views/admin/tickets/TicketDetail.tsx(121,27): error TS17004: Cannot use JSX unless the '--jsx' flag is provided.
src/views/admin/tickets/TicketDetail.tsx(122,27): error TS17004: Cannot use JSX unless the '--jsx' flag is provided.
src/views/admin/tickets/TicketDetail.tsx(122,148): error TS17004: Cannot use JSX unless the '--jsx' flag is provided.
src/views/admin/tickets/TicketDetail.tsx(124,24): error TS17004: Cannot use JSX unless the '--jsx' flag is provided.
src/views/admin/tickets/TicketDetail.tsx(125,24): error TS17004: Cannot use JSX unless the '--jsx' flag is provided.
src/views/admin/tickets/TicketDetail.tsx(126,27): error TS17004: Cannot use JSX unless the '--jsx' flag is provided.
src/views/admin/tickets/TicketDetail.tsx(129,27): error TS17004: Cannot use JSX unless the '--jsx' flag is provided.
src/views/admin/tickets/TicketDetail.tsx(130,30): error TS17004: Cannot use JSX unless the '--jsx' flag is provided.
src/views/admin/tickets/TicketDetail.tsx(131,30): error TS17004: Cannot use JSX unless the '--jsx' flag is provided.
src/views/admin/tickets/TicketDetail.tsx(136,21): error TS17004: Cannot use JSX unless the '--jsx' flag is provided.
src/views/admin/tickets/TicketDetail.tsx(137,24): error TS17004: Cannot use JSX unless the '--jsx' flag is provided.
src/views/admin/tickets/TicketDetail.tsx(138,27): error TS17004: Cannot use JSX unless the '--jsx' flag is provided.
src/views/admin/tickets/TicketDetail.tsx(139,27): error TS17004: Cannot use JSX unless the '--jsx' flag is provided.
src/views/admin/tickets/TicketDetail.tsx(144,18): error TS17004: Cannot use JSX unless the '--jsx' flag is provided.
src/views/admin/tickets/TicketDetail.tsx(145,21): error TS17004: Cannot use JSX unless the '--jsx' flag is provided.
src/views/admin/tickets/TicketDetail.tsx(146,24): error TS17004: Cannot use JSX unless the '--jsx' flag is provided.
src/views/admin/tickets/TicketDetail.tsx(147,24): error TS17004: Cannot use JSX unless the '--jsx' flag is provided.
src/views/admin/tickets/TicketDetail.tsx(149,21): error TS17004: Cannot use JSX unless the '--jsx' flag is provided.
src/views/admin/tickets/TicketDetail.tsx(155,18): error TS17004: Cannot use JSX unless the '--jsx' flag is provided.
src/views/admin/tickets/TicketDetail.tsx(156,21): error TS17004: Cannot use JSX unless the '--jsx' flag is provided.
src/views/admin/tickets/TicketDetail.tsx(157,24): error TS17004: Cannot use JSX unless the '--jsx' flag is provided.
src/views/admin/tickets/TicketDetail.tsx(158,27): error TS17004: Cannot use JSX unless the '--jsx' flag is provided.
src/views/admin/tickets/TicketDetail.tsx(160,24): error TS17004: Cannot use JSX unless the '--jsx' flag is provided.
src/views/admin/tickets/TicketDetail.tsx(161,27): error TS17004: Cannot use JSX unless the '--jsx' flag is provided.
src/views/admin/tickets/TicketDetail.tsx(162,27): error TS17004: Cannot use JSX unless the '--jsx' flag is provided.
src/views/admin/tickets/TicketDetail.tsx(163,30): error TS17004: Cannot use JSX unless the '--jsx' flag is provided.
src/views/admin/tickets/TicketDetail.tsx(164,30): error TS17004: Cannot use JSX unless the '--jsx' flag is provided.
src/views/admin/tickets/TicketDetail.tsx(169,21): error TS17004: Cannot use JSX unless the '--jsx' flag is provided.
src/views/admin/tickets/TicketDetail.tsx(170,24): error TS17004: Cannot use JSX unless the '--jsx' flag is provided.
src/views/admin/tickets/TicketDetail.tsx(171,27): error TS17004: Cannot use JSX unless the '--jsx' flag is provided.
src/views/admin/tickets/TicketDetail.tsx(173,24): error TS17004: Cannot use JSX unless the '--jsx' flag is provided.
src/views/admin/tickets/TicketDetail.tsx(174,27): error TS17004: Cannot use JSX unless the '--jsx' flag is provided.
src/views/admin/tickets/TicketDetail.tsx(175,27): error TS17004: Cannot use JSX unless the '--jsx' flag is provided.
src/views/admin/tickets/TicketDetail.tsx(179,21): error TS17004: Cannot use JSX unless the '--jsx' flag is provided.
src/views/admin/tickets/TicketDetail.tsx(180,24): error TS17004: Cannot use JSX unless the '--jsx' flag is provided.
src/views/admin/tickets/TicketDetail.tsx(181,27): error TS17004: Cannot use JSX unless the '--jsx' flag is provided.
src/views/admin/tickets/TicketDetail.tsx(183,24): error TS17004: Cannot use JSX unless the '--jsx' flag is provided.
src/views/admin/tickets/TicketDetail.tsx(189,24): error TS17004: Cannot use JSX unless the '--jsx' flag is provided.
src/views/admin/tickets/TicketDetail.tsx(195,15): error TS17004: Cannot use JSX unless the '--jsx' flag is provided.
src/views/admin/tickets/TicketDetail.tsx(199,12): error TS17004: Cannot use JSX unless the '--jsx' flag is provided.
src/views/admin/tickets/TicketDetail.tsx(200,15): error TS17004: Cannot use JSX unless the '--jsx' flag is provided.
src/views/admin/tickets/TicketDetail.tsx(201,18): error TS17004: Cannot use JSX unless the '--jsx' flag is provided.
src/views/admin/tickets/TicketDetail.tsx(202,21): error TS17004: Cannot use JSX unless the '--jsx' flag is provided.
src/views/admin/tickets/TicketDetail.tsx(203,43): error TS17004: Cannot use JSX unless the '--jsx' flag is provided.
src/views/admin/tickets/TicketDetail.tsx(208,15): error TS17004: Cannot use JSX unless the '--jsx' flag is provided.
src/views/admin/tickets/TicketDetail.tsx(209,18): error TS17004: Cannot use JSX unless the '--jsx' flag is provided.
src/views/admin/tickets/TicketDetail.tsx(215,18): error TS17004: Cannot use JSX unless the '--jsx' flag is provided.
src/views/admin/tickets/TicketDetail.tsx(216,21): error TS17004: Cannot use JSX unless the '--jsx' flag is provided.
src/views/admin/tickets/TicketDetail.tsx(217,24): error TS17004: Cannot use JSX unless the '--jsx' flag is provided.
src/views/admin/tickets/TicketDetail.tsx(218,27): error TS17004: Cannot use JSX unless the '--jsx' flag is provided.
src/views/admin/tickets/TicketDetail.tsx(220,24): error TS17004: Cannot use JSX unless the '--jsx' flag is provided.
src/views/admin/tickets/TicketDetail.tsx(221,27): error TS17004: Cannot use JSX unless the '--jsx' flag is provided.
src/views/admin/tickets/TicketDetail.tsx(228,30): error TS17004: Cannot use JSX unless the '--jsx' flag is provided.
src/views/admin/tickets/TicketDetail.tsx(233,27): error TS17004: Cannot use JSX unless the '--jsx' flag is provided.
src/views/admin/tickets/TicketDetail.tsx(234,30): error TS17004: Cannot use JSX unless the '--jsx' flag is provided.
src/views/admin/tickets/TicketDetail.tsx(235,30): error TS17004: Cannot use JSX unless the '--jsx' flag is provided.
src/views/admin/tickets/TicketDetail.tsx(239,21): error TS17004: Cannot use JSX unless the '--jsx' flag is provided.
src/views/admin/tickets/TicketDetail.tsx(244,24): error TS17004: Cannot use JSX unless the '--jsx' flag is provided.
src/views/admin/tickets/TicketDetail.tsx(245,24): error TS17004: Cannot use JSX unless the '--jsx' flag is provided.
src/views/admin/tickets/TicketDetail.tsx(251,15): error TS17004: Cannot use JSX unless the '--jsx' flag is provided.
src/views/admin/tickets/TicketDetail.tsx(252,18): error TS17004: Cannot use JSX unless the '--jsx' flag is provided.
src/views/admin/tickets/TicketDetail.tsx(253,34): error TS7006: Parameter 'comment' implicitly has an 'any' type.
src/views/admin/tickets/TicketDetail.tsx(254,21): error TS17004: Cannot use JSX unless the '--jsx' flag is provided.
src/views/admin/tickets/TicketDetail.tsx(258,24): error TS17004: Cannot use JSX unless the '--jsx' flag is provided.
src/views/admin/tickets/TicketDetail.tsx(259,24): error TS17004: Cannot use JSX unless the '--jsx' flag is provided.
src/views/admin/tickets/TicketDetail.tsx(260,27): error TS17004: Cannot use JSX unless the '--jsx' flag is provided.
src/views/admin/tickets/TicketDetail.tsx(261,30): error TS17004: Cannot use JSX unless the '--jsx' flag is provided.
src/views/admin/tickets/TicketDetail.tsx(262,33): error TS17004: Cannot use JSX unless the '--jsx' flag is provided.
src/views/admin/tickets/TicketDetail.tsx(263,33): error TS17004: Cannot use JSX unless the '--jsx' flag is provided.
src/views/admin/tickets/TicketDetail.tsx(267,33): error TS17004: Cannot use JSX unless the '--jsx' flag is provided.
src/views/admin/tickets/TicketDetail.tsx(268,36): error TS17004: Cannot use JSX unless the '--jsx' flag is provided.
src/views/admin/tickets/TicketDetail.tsx(272,33): error TS17004: Cannot use JSX unless the '--jsx' flag is provided.
src/views/admin/tickets/TicketDetail.tsx(273,36): error TS17004: Cannot use JSX unless the '--jsx' flag is provided.
src/views/admin/tickets/TicketDetail.tsx(277,27): error TS17004: Cannot use JSX unless the '--jsx' flag is provided.
src/views/admin/tickets/TicketDetail.tsx(281,30): error TS17004: Cannot use JSX unless the '--jsx' flag is provided.
src/views/admin/tickets/TicketDetail.tsx(282,33): error TS17004: Cannot use JSX unless the '--jsx' flag is provided.
src/views/admin/tickets/TicketDetail.tsx(282,114): error TS17004: Cannot use JSX unless the '--jsx' flag is provided.
src/views/admin/tickets/TicketDetail.tsx(283,33): error TS17004: Cannot use JSX unless the '--jsx' flag is provided.
src/views/admin/tickets/TicketDetail.tsx(283,113): error TS17004: Cannot use JSX unless the '--jsx' flag is provided.
src/views/admin/tickets/TicketDetail.tsx(294,9): error TS17004: Cannot use JSX unless the '--jsx' flag is provided.
src/views/admin/tickets/TicketDetail.tsx(296,12): error TS17004: Cannot use JSX unless the '--jsx' flag is provided.
src/views/admin/tickets/TicketDetail.tsx(297,15): error TS17004: Cannot use JSX unless the '--jsx' flag is provided.
src/views/admin/tickets/TicketDetail.tsx(298,18): error TS17004: Cannot use JSX unless the '--jsx' flag is provided.
src/views/admin/tickets/TicketDetail.tsx(299,18): error TS17004: Cannot use JSX unless the '--jsx' flag is provided.
src/views/admin/tickets/TicketDetail.tsx(300,21): error TS17004: Cannot use JSX unless the '--jsx' flag is provided.
src/views/admin/tickets/TicketDetail.tsx(304,15): error TS17004: Cannot use JSX unless the '--jsx' flag is provided.
src/views/admin/tickets/TicketDetail.tsx(305,18): error TS17004: Cannot use JSX unless the '--jsx' flag is provided.
src/views/admin/tickets/TicketDetail.tsx(307,21): error TS17004: Cannot use JSX unless the '--jsx' flag is provided.
src/views/admin/tickets/TicketDetail.tsx(308,24): error TS17004: Cannot use JSX unless the '--jsx' flag is provided.
src/views/admin/tickets/TicketDetail.tsx(309,27): error TS17004: Cannot use JSX unless the '--jsx' flag is provided.
src/views/admin/tickets/TicketDetail.tsx(310,27): error TS17004: Cannot use JSX unless the '--jsx' flag is provided.
src/views/admin/tickets/TicketDetail.tsx(311,30): error TS17004: Cannot use JSX unless the '--jsx' flag is provided.
src/views/admin/tickets/TicketDetail.tsx(312,30): error TS17004: Cannot use JSX unless the '--jsx' flag is provided.
src/views/admin/tickets/TicketDetail.tsx(317,21): error TS17004: Cannot use JSX unless the '--jsx' flag is provided.
src/views/admin/tickets/TicketDetail.tsx(318,24): error TS17004: Cannot use JSX unless the '--jsx' flag is provided.
src/views/admin/tickets/TicketDetail.tsx(319,24): error TS17004: Cannot use JSX unless the '--jsx' flag is provided.
src/views/admin/tickets/TicketDetail.tsx(325,15): error TS17004: Cannot use JSX unless the '--jsx' flag is provided.
src/views/admin/tickets/TicketDetail.tsx(327,21): error TS17004: Cannot use JSX unless the '--jsx' flag is provided.
src/views/admin/tickets/TicketDetail.tsx(331,24): error TS17004: Cannot use JSX unless the '--jsx' flag is provided.
src/views/admin/tickets/TicketDetail.tsx(332,24): error TS17004: Cannot use JSX unless the '--jsx' flag is provided.
src/views/admin/tickets/TicketDetail.tsx(336,21): error TS17004: Cannot use JSX unless the '--jsx' flag is provided.
src/views/admin/tickets/TicketDetail.tsx(340,24): error TS17004: Cannot use JSX unless the '--jsx' flag is provided.
src/views/admin/tickets/TicketDetail.tsx(344,21): error TS17004: Cannot use JSX unless the '--jsx' flag is provided.
src/views/admin/tickets/TicketDetail.tsx(348,24): error TS17004: Cannot use JSX unless the '--jsx' flag is provided.
src/views/admin/tickets/TicketDetail.tsx(352,21): error TS17004: Cannot use JSX unless the '--jsx' flag is provided.
src/views/admin/tickets/TicketDetail.tsx(363,12): error TS17004: Cannot use JSX unless the '--jsx' flag is provided.
src/views/admin/tickets/TicketDetail.tsx(364,15): error TS17004: Cannot use JSX unless the '--jsx' flag is provided.
src/views/admin/tickets/TicketDetail.tsx(365,18): error TS17004: Cannot use JSX unless the '--jsx' flag is provided.
src/views/admin/tickets/TicketDetail.tsx(367,15): error TS17004: Cannot use JSX unless the '--jsx' flag is provided.
src/views/admin/tickets/TicketDetail.tsx(368,18): error TS17004: Cannot use JSX unless the '--jsx' flag is provided.
src/views/admin/tickets/TicketDetail.tsx(369,18): error TS17004: Cannot use JSX unless the '--jsx' flag is provided.
src/views/admin/tickets/TicketDetail.tsx(370,21): error TS17004: Cannot use JSX unless the '--jsx' flag is provided.
src/views/admin/tickets/TicketDetail.tsx(371,21): error TS17004: Cannot use JSX unless the '--jsx' flag is provided.
src/views/admin/tickets/TicketDetail.tsx(372,25): error TS17004: Cannot use JSX unless the '--jsx' flag is provided.
src/views/admin/tickets/TicketDetail.tsx(373,25): error TS17004: Cannot use JSX unless the '--jsx' flag is provided.
src/views/admin/tickets/TicketDetail.tsx(376,18): error TS17004: Cannot use JSX unless the '--jsx' flag is provided.
src/views/admin/tickets/TicketDetail.tsx(377,21): error TS17004: Cannot use JSX unless the '--jsx' flag is provided.
src/views/admin/tickets/TicketDetail.tsx(378,21): error TS17004: Cannot use JSX unless the '--jsx' flag is provided.
src/views/admin/tickets/TicketDetail.tsx(379,25): error TS17004: Cannot use JSX unless the '--jsx' flag is provided.
src/views/admin/tickets/TicketDetail.tsx(380,25): error TS17004: Cannot use JSX unless the '--jsx' flag is provided.
src/views/admin/tickets/TicketDetail.tsx(390,9): error TS17004: Cannot use JSX unless the '--jsx' flag is provided.
src/views/admin/tickets/TicketDetail.tsx(391,12): error TS17004: Cannot use JSX unless the '--jsx' flag is provided.
src/views/admin/tickets/TicketDetail.tsx(392,12): error TS17004: Cannot use JSX unless the '--jsx' flag is provided.
src/views/admin/tickets/TicketDetail.tsx(393,15): error TS17004: Cannot use JSX unless the '--jsx' flag is provided.
src/views/admin/tickets/TicketDetail.tsx(394,18): error TS17004: Cannot use JSX unless the '--jsx' flag is provided.
src/views/admin/tickets/TicketDetail.tsx(395,21): error TS17004: Cannot use JSX unless the '--jsx' flag is provided.
src/views/admin/tickets/TicketDetail.tsx(399,24): error TS17004: Cannot use JSX unless the '--jsx' flag is provided.
src/views/admin/tickets/TicketDetail.tsx(401,21): error TS17004: Cannot use JSX unless the '--jsx' flag is provided.
src/views/admin/tickets/TicketDetail.tsx(402,24): error TS17004: Cannot use JSX unless the '--jsx' flag is provided.
src/views/admin/tickets/TicketDetail.tsx(403,24): error TS17004: Cannot use JSX unless the '--jsx' flag is provided.
src/views/admin/tickets/TicketDetail.tsx(406,18): error TS17004: Cannot use JSX unless the '--jsx' flag is provided.
src/views/admin/tickets/TicketDetail.tsx(406,122): error TS17004: Cannot use JSX unless the '--jsx' flag is provided.
src/views/admin/tickets/TicketDetail.tsx(409,15): error TS17004: Cannot use JSX unless the '--jsx' flag is provided.
src/views/admin/tickets/TicketDetail.tsx(410,18): error TS17004: Cannot use JSX unless the '--jsx' flag is provided.
src/views/admin/tickets/TicketDetail.tsx(411,21): error TS17004: Cannot use JSX unless the '--jsx' flag is provided.
src/views/admin/tickets/TicketDetail.tsx(414,21): error TS17004: Cannot use JSX unless the '--jsx' flag is provided.
src/views/admin/tickets/TicketDetail.tsx(422,18): error TS17004: Cannot use JSX unless the '--jsx' flag is provided.
src/views/admin/tickets/TicketList.tsx(1,8): error TS1259: Module '"C:/code_visual_xanh/lab60622/lab60622/node_modules/@types/react/index"' can only be default-imported using the 'esModuleInterop' flag
src/views/admin/tickets/TicketList.tsx(1,38): error TS6133: 'useMemo' is declared but its value is never read.
src/views/admin/tickets/TicketList.tsx(6,3): error TS6133: 'MapPin' is declared but its value is never read.
src/views/admin/tickets/TicketList.tsx(6,11): error TS6133: 'User' is declared but its value is never read.
src/views/admin/tickets/TicketList.tsx(6,24): error TS6133: 'ChevronRight' is declared but its value is never read.
src/views/admin/tickets/TicketList.tsx(6,38): error TS6133: 'MoreVertical' is declared but its value is never read.
src/views/admin/tickets/TicketList.tsx(7,3): error TS6133: 'Download' is declared but its value is never read.
src/views/admin/tickets/TicketList.tsx(7,13): error TS6133: 'Filter' is declared but its value is never read.
src/views/admin/tickets/TicketList.tsx(7,21): error TS6133: 'ArrowRight' is declared but its value is never read.
src/views/admin/tickets/TicketList.tsx(9,31): error TS2307: Cannot find module '@/services/ticketService' or its corresponding type declarations.
src/views/admin/tickets/TicketList.tsx(10,73): error TS2307: Cannot find module '@/models/Ticket' or its corresponding type declarations.
src/views/admin/tickets/TicketList.tsx(11,29): error TS2307: Cannot find module '@/components/ui/StatusBadge' or its corresponding type declarations.
src/views/admin/tickets/TicketList.tsx(12,29): error TS2307: Cannot find module '@/components/ui/SelectAsync' or its corresponding type declarations.
src/views/admin/tickets/TicketList.tsx(13,20): error TS2307: Cannot find module '@/utils' or its corresponding type declarations.
src/views/admin/tickets/TicketList.tsx(14,31): error TS6133: 'isAfter' is declared but its value is never read.
src/views/admin/tickets/TicketList.tsx(16,30): error TS2307: Cannot find module '@/components/tickets/TicketKanban' or its corresponding type declarations.
src/views/admin/tickets/TicketList.tsx(17,33): error TS2307: Cannot find module '@/components/forms/TicketFormModal' or its corresponding type declarations.
src/views/admin/tickets/TicketList.tsx(18,24): error TS2307: Cannot find module '@/stores/uiStore' or its corresponding type declarations.
src/views/admin/tickets/TicketList.tsx(19,26): error TS2307: Cannot find module '@/stores/authStore' or its corresponding type declarations.
src/views/admin/tickets/TicketList.tsx(22,28): error TS2307: Cannot find module '@/views/admin/StaffMyTickets' or its corresponding type declarations.
src/views/admin/tickets/TicketList.tsx(25,3): error TS17004: Cannot use JSX unless the '--jsx' flag is provided.
src/views/admin/tickets/TicketList.tsx(36,7): error TS6133: 'TYPE_ICONS' is declared but its value is never read.
src/views/admin/tickets/TicketList.tsx(59,12): error TS17004: Cannot use JSX unless the '--jsx' flag is provided.
src/views/admin/tickets/TicketList.tsx(66,5): error TS17004: Cannot use JSX unless the '--jsx' flag is provided.
src/views/admin/tickets/TicketList.tsx(72,7): error TS17004: Cannot use JSX unless the '--jsx' flag is provided.
src/views/admin/tickets/TicketList.tsx(73,7): error TS17004: Cannot use JSX unless the '--jsx' flag is provided.
src/views/admin/tickets/TicketList.tsx(89,22): error TS6133: 'setTypeFilter' is declared but its value is never read.
src/views/admin/tickets/TicketList.tsx(108,30): error TS2705: An async function or method in ES5 requires the 'Promise' constructor.  Make sure you have a declaration for the 'Promise' constructor or include 'ES2015' in your '--lib' option.
src/views/admin/tickets/TicketList.tsx(119,34): error TS2550: Property 'includes' does not exist on type 'TicketStatus[]'. Do you need to change your target library? Try changing the 'lib' compiler option to 'es2016' or later.
src/views/admin/tickets/TicketList.tsx(123,36): error TS2550: Property 'includes' does not exist on type 'TicketPriority[]'. Do you need to change your target library? Try changing the 'lib' compiler option to 'es2016' or later.
src/views/admin/tickets/TicketList.tsx(126,30): error TS2705: An async function or method in ES5 requires the 'Promise' constructor.  Make sure you have a declaration for the 'Promise' constructor or include 'ES2015' in your '--lib' option.
src/views/admin/tickets/TicketList.tsx(142,12): error TS17004: Cannot use JSX unless the '--jsx' flag is provided.
src/views/admin/tickets/TicketList.tsx(146,5): error TS17004: Cannot use JSX unless the '--jsx' flag is provided.
src/views/admin/tickets/TicketList.tsx(148,7): error TS17004: Cannot use JSX unless the '--jsx' flag is provided.
src/views/admin/tickets/TicketList.tsx(149,9): error TS17004: Cannot use JSX unless the '--jsx' flag is provided.
src/views/admin/tickets/TicketList.tsx(150,11): error TS17004: Cannot use JSX unless the '--jsx' flag is provided.
src/views/admin/tickets/TicketList.tsx(151,13): error TS17004: Cannot use JSX unless the '--jsx' flag is provided.
src/views/admin/tickets/TicketList.tsx(152,15): error TS17004: Cannot use JSX unless the '--jsx' flag is provided.
src/views/admin/tickets/TicketList.tsx(154,13): error TS17004: Cannot use JSX unless the '--jsx' flag is provided.
src/views/admin/tickets/TicketList.tsx(156,11): error TS17004: Cannot use JSX unless the '--jsx' flag is provided.
src/views/admin/tickets/TicketList.tsx(159,9): error TS17004: Cannot use JSX unless the '--jsx' flag is provided.
src/views/admin/tickets/TicketList.tsx(160,11): error TS17004: Cannot use JSX unless the '--jsx' flag is provided.
src/views/admin/tickets/TicketList.tsx(161,14): error TS17004: Cannot use JSX unless the '--jsx' flag is provided.
src/views/admin/tickets/TicketList.tsx(165,17): error TS17004: Cannot use JSX unless the '--jsx' flag is provided.
src/views/admin/tickets/TicketList.tsx(167,14): error TS17004: Cannot use JSX unless the '--jsx' flag is provided.
src/views/admin/tickets/TicketList.tsx(171,17): error TS17004: Cannot use JSX unless the '--jsx' flag is provided.
src/views/admin/tickets/TicketList.tsx(174,11): error TS17004: Cannot use JSX unless the '--jsx' flag is provided.
src/views/admin/tickets/TicketList.tsx(178,13): error TS17004: Cannot use JSX unless the '--jsx' flag is provided.
src/views/admin/tickets/TicketList.tsx(184,7): error TS17004: Cannot use JSX unless the '--jsx' flag is provided.
src/views/admin/tickets/TicketList.tsx(185,9): error TS17004: Cannot use JSX unless the '--jsx' flag is provided.
src/views/admin/tickets/TicketList.tsx(186,12): error TS17004: Cannot use JSX unless the '--jsx' flag is provided.
src/views/admin/tickets/TicketList.tsx(198,9): error TS17004: Cannot use JSX unless the '--jsx' flag is provided.
src/views/admin/tickets/TicketList.tsx(199,11): error TS17004: Cannot use JSX unless the '--jsx' flag is provided.
src/views/admin/tickets/TicketList.tsx(200,11): error TS17004: Cannot use JSX unless the '--jsx' flag is provided.
src/views/admin/tickets/TicketList.tsx(209,9): error TS17004: Cannot use JSX unless the '--jsx' flag is provided.
src/views/admin/tickets/TicketList.tsx(210,12): error TS17004: Cannot use JSX unless the '--jsx' flag is provided.
src/views/admin/tickets/TicketList.tsx(212,17): error TS17004: Cannot use JSX unless the '--jsx' flag is provided.
src/views/admin/tickets/TicketList.tsx(217,34): error TS2550: Property 'includes' does not exist on type 'TicketStatus[]'. Do you need to change your target library? Try changing the 'lib' compiler option to 'es2016' or later.
src/views/admin/tickets/TicketList.tsx(227,12): error TS17004: Cannot use JSX unless the '--jsx' flag is provided.
src/views/admin/tickets/TicketList.tsx(229,17): error TS17004: Cannot use JSX unless the '--jsx' flag is provided.
src/views/admin/tickets/TicketList.tsx(235,36): error TS2550: Property 'includes' does not exist on type 'TicketPriority[]'. Do you need to change your target library? Try changing the 'lib' compiler option to 'es2016' or later.
src/views/admin/tickets/TicketList.tsx(242,12): error TS17004: Cannot use JSX unless the '--jsx' flag is provided.
src/views/admin/tickets/TicketList.tsx(243,15): error TS17004: Cannot use JSX unless the '--jsx' flag is provided.
src/views/admin/tickets/TicketList.tsx(250,18): error TS17004: Cannot use JSX unless the '--jsx' flag is provided.
src/views/admin/tickets/TicketList.tsx(255,15): error TS17004: Cannot use JSX unless the '--jsx' flag is provided.
src/views/admin/tickets/TicketList.tsx(261,9): error TS17004: Cannot use JSX unless the '--jsx' flag is provided.
src/views/admin/tickets/TicketList.tsx(262,12): error TS17004: Cannot use JSX unless the '--jsx' flag is provided.
src/views/admin/tickets/TicketList.tsx(263,12): error TS17004: Cannot use JSX unless the '--jsx' flag is provided.
src/views/admin/tickets/TicketList.tsx(267,9): error TS17004: Cannot use JSX unless the '--jsx' flag is provided.
src/views/admin/tickets/TicketList.tsx(268,12): error TS17004: Cannot use JSX unless the '--jsx' flag is provided.
src/views/admin/tickets/TicketList.tsx(269,14): error TS17004: Cannot use JSX unless the '--jsx' flag is provided.
src/views/admin/tickets/TicketList.tsx(270,16): error TS17004: Cannot use JSX unless the '--jsx' flag is provided.
src/views/admin/tickets/TicketList.tsx(271,18): error TS17004: Cannot use JSX unless the '--jsx' flag is provided.
src/views/admin/tickets/TicketList.tsx(272,21): error TS17004: Cannot use JSX unless the '--jsx' flag is provided.
src/views/admin/tickets/TicketList.tsx(273,21): error TS17004: Cannot use JSX unless the '--jsx' flag is provided.
src/views/admin/tickets/TicketList.tsx(274,21): error TS17004: Cannot use JSX unless the '--jsx' flag is provided.
src/views/admin/tickets/TicketList.tsx(275,21): error TS17004: Cannot use JSX unless the '--jsx' flag is provided.
src/views/admin/tickets/TicketList.tsx(276,21): error TS17004: Cannot use JSX unless the '--jsx' flag is provided.
src/views/admin/tickets/TicketList.tsx(277,21): error TS17004: Cannot use JSX unless the '--jsx' flag is provided.
src/views/admin/tickets/TicketList.tsx(278,21): error TS17004: Cannot use JSX unless the '--jsx' flag is provided.
src/views/admin/tickets/TicketList.tsx(281,16): error TS17004: Cannot use JSX unless the '--jsx' flag is provided.
src/views/admin/tickets/TicketList.tsx(283,20): error TS17004: Cannot use JSX unless the '--jsx' flag is provided.
src/views/admin/tickets/TicketList.tsx(288,22): error TS17004: Cannot use JSX unless the '--jsx' flag is provided.
src/views/admin/tickets/TicketList.tsx(289,24): error TS17004: Cannot use JSX unless the '--jsx' flag is provided.
src/views/admin/tickets/TicketList.tsx(290,27): error TS17004: Cannot use JSX unless the '--jsx' flag is provided.
src/views/admin/tickets/TicketList.tsx(291,27): error TS17004: Cannot use JSX unless the '--jsx' flag is provided.
src/views/admin/tickets/TicketList.tsx(294,22): error TS17004: Cannot use JSX unless the '--jsx' flag is provided.
src/views/admin/tickets/TicketList.tsx(295,25): error TS17004: Cannot use JSX unless the '--jsx' flag is provided.
src/views/admin/tickets/TicketList.tsx(297,22): error TS17004: Cannot use JSX unless the '--jsx' flag is provided.
src/views/admin/tickets/TicketList.tsx(298,25): error TS17004: Cannot use JSX unless the '--jsx' flag is provided.
src/views/admin/tickets/TicketList.tsx(299,28): error TS17004: Cannot use JSX unless the '--jsx' flag is provided.
src/views/admin/tickets/TicketList.tsx(300,31): error TS17004: Cannot use JSX unless the '--jsx' flag is provided.
src/views/admin/tickets/TicketList.tsx(302,28): error TS17004: Cannot use JSX unless the '--jsx' flag is provided.
src/views/admin/tickets/TicketList.tsx(305,22): error TS17004: Cannot use JSX unless the '--jsx' flag is provided.
src/views/admin/tickets/TicketList.tsx(306,25): error TS17004: Cannot use JSX unless the '--jsx' flag is provided.
src/views/admin/tickets/TicketList.tsx(308,22): error TS17004: Cannot use JSX unless the '--jsx' flag is provided.
src/views/admin/tickets/TicketList.tsx(310,27): error TS17004: Cannot use JSX unless the '--jsx' flag is provided.
src/views/admin/tickets/TicketList.tsx(311,30): error TS17004: Cannot use JSX unless the '--jsx' flag is provided.
src/views/admin/tickets/TicketList.tsx(312,30): error TS17004: Cannot use JSX unless the '--jsx' flag is provided.
src/views/admin/tickets/TicketList.tsx(315,27): error TS17004: Cannot use JSX unless the '--jsx' flag is provided.
src/views/admin/tickets/TicketList.tsx(318,22): error TS17004: Cannot use JSX unless the '--jsx' flag is provided.
src/views/admin/tickets/TicketList.tsx(319,25): error TS17004: Cannot use JSX unless the '--jsx' flag is provided.
src/views/admin/tickets/TicketList.tsx(321,22): error TS17004: Cannot use JSX unless the '--jsx' flag is provided.
src/views/admin/tickets/TicketList.tsx(322,25): error TS17004: Cannot use JSX unless the '--jsx' flag is provided.
src/views/admin/tickets/TicketList.tsx(333,9): error TS17004: Cannot use JSX unless the '--jsx' flag is provided.
src/views/admin/tickets/TicketList.tsx(336,27): error TS7006: Parameter 'id' implicitly has an 'any' type.
src/views/admin/tickets/TicketList.tsx(340,7): error TS17004: Cannot use JSX unless the '--jsx' flag is provided.
src/views/auth/ChangePasswordPage.tsx(1,8): error TS1259: Module '"C:/code_visual_xanh/lab60622/lab60622/node_modules/@types/react/index"' can only be default-imported using the 'esModuleInterop' flag
src/views/auth/ChangePasswordPage.tsx(3,16): error TS6133: 'CheckCircle2' is declared but its value is never read.
src/views/auth/ChangePasswordPage.tsx(4,1): error TS6133: 'cn' is declared but its value is never read.
src/views/auth/ChangePasswordPage.tsx(4,20): error TS2307: Cannot find module '@/utils' or its corresponding type declarations.
src/views/auth/ChangePasswordPage.tsx(6,26): error TS2307: Cannot find module '@/stores/authStore' or its corresponding type declarations.
src/views/auth/ChangePasswordPage.tsx(10,29): error TS7006: Parameter 'state' implicitly has an 'any' type.
src/views/auth/ChangePasswordPage.tsx(31,5): error TS17004: Cannot use JSX unless the '--jsx' flag is provided.
src/views/auth/ChangePasswordPage.tsx(32,7): error TS17004: Cannot use JSX unless the '--jsx' flag is provided.
src/views/auth/ChangePasswordPage.tsx(33,9): error TS17004: Cannot use JSX unless the '--jsx' flag is provided.
src/views/auth/ChangePasswordPage.tsx(34,11): error TS17004: Cannot use JSX unless the '--jsx' flag is provided.
src/views/auth/ChangePasswordPage.tsx(35,13): error TS17004: Cannot use JSX unless the '--jsx' flag is provided.
src/views/auth/ChangePasswordPage.tsx(37,11): error TS17004: Cannot use JSX unless the '--jsx' flag is provided.
src/views/auth/ChangePasswordPage.tsx(38,11): error TS17004: Cannot use JSX unless the '--jsx' flag is provided.
src/views/auth/ChangePasswordPage.tsx(41,9): error TS17004: Cannot use JSX unless the '--jsx' flag is provided.
src/views/auth/ChangePasswordPage.tsx(42,11): error TS17004: Cannot use JSX unless the '--jsx' flag is provided.
src/views/auth/ChangePasswordPage.tsx(43,13): error TS17004: Cannot use JSX unless the '--jsx' flag is provided.
src/views/auth/ChangePasswordPage.tsx(44,15): error TS17004: Cannot use JSX unless the '--jsx' flag is provided.
src/views/auth/ChangePasswordPage.tsx(45,15): error TS17004: Cannot use JSX unless the '--jsx' flag is provided.
src/views/auth/ChangePasswordPage.tsx(46,17): error TS17004: Cannot use JSX unless the '--jsx' flag is provided.
src/views/auth/ChangePasswordPage.tsx(47,17): error TS17004: Cannot use JSX unless the '--jsx' flag is provided.
src/views/auth/ChangePasswordPage.tsx(58,13): error TS17004: Cannot use JSX unless the '--jsx' flag is provided.
src/views/auth/ChangePasswordPage.tsx(59,15): error TS17004: Cannot use JSX unless the '--jsx' flag is provided.
src/views/auth/ChangePasswordPage.tsx(60,15): error TS17004: Cannot use JSX unless the '--jsx' flag is provided.
src/views/auth/ChangePasswordPage.tsx(61,17): error TS17004: Cannot use JSX unless the '--jsx' flag is provided.
src/views/auth/ChangePasswordPage.tsx(62,17): error TS17004: Cannot use JSX unless the '--jsx' flag is provided.
src/views/auth/ChangePasswordPage.tsx(70,17): error TS17004: Cannot use JSX unless the '--jsx' flag is provided.
src/views/auth/ChangePasswordPage.tsx(71,31): error TS17004: Cannot use JSX unless the '--jsx' flag is provided.
src/views/auth/ChangePasswordPage.tsx(71,54): error TS17004: Cannot use JSX unless the '--jsx' flag is provided.
src/views/auth/ChangePasswordPage.tsx(76,13): error TS17004: Cannot use JSX unless the '--jsx' flag is provided.
src/views/auth/ChangePasswordPage.tsx(77,15): error TS17004: Cannot use JSX unless the '--jsx' flag is provided.
src/views/auth/ChangePasswordPage.tsx(78,15): error TS17004: Cannot use JSX unless the '--jsx' flag is provided.
src/views/auth/ChangePasswordPage.tsx(79,17): error TS17004: Cannot use JSX unless the '--jsx' flag is provided.
src/views/auth/ChangePasswordPage.tsx(80,17): error TS17004: Cannot use JSX unless the '--jsx' flag is provided.
src/views/auth/ChangePasswordPage.tsx(92,11): error TS17004: Cannot use JSX unless the '--jsx' flag is provided.
src/views/auth/ChangePasswordPage.tsx(97,24): error TS17004: Cannot use JSX unless the '--jsx' flag is provided.
src/views/auth/ForgotPasswordPage.tsx(1,8): error TS1259: Module '"C:/code_visual_xanh/lab60622/lab60622/node_modules/@types/react/index"' can only be default-imported using the 'esModuleInterop' flag
src/views/auth/ForgotPasswordPage.tsx(2,10): error TS6133: 'Link' is declared but its value is never read.
src/views/auth/ForgotPasswordPage.tsx(26,7): error TS17004: Cannot use JSX unless the '--jsx' flag is provided.
src/views/auth/ForgotPasswordPage.tsx(27,9): error TS17004: Cannot use JSX unless the '--jsx' flag is provided.
src/views/auth/ForgotPasswordPage.tsx(28,11): error TS17004: Cannot use JSX unless the '--jsx' flag is provided.
src/views/auth/ForgotPasswordPage.tsx(30,9): error TS17004: Cannot use JSX unless the '--jsx' flag is provided.
src/views/auth/ForgotPasswordPage.tsx(31,11): error TS17004: Cannot use JSX unless the '--jsx' flag is provided.
src/views/auth/ForgotPasswordPage.tsx(32,11): error TS17004: Cannot use JSX unless the '--jsx' flag is provided.
src/views/auth/ForgotPasswordPage.tsx(33,56): error TS17004: Cannot use JSX unless the '--jsx' flag is provided.
src/views/auth/ForgotPasswordPage.tsx(36,9): error TS17004: Cannot use JSX unless the '--jsx' flag is provided.
src/views/auth/ForgotPasswordPage.tsx(37,11): error TS17004: Cannot use JSX unless the '--jsx' flag is provided.
src/views/auth/ForgotPasswordPage.tsx(43,11): error TS17004: Cannot use JSX unless the '--jsx' flag is provided.
src/views/auth/ForgotPasswordPage.tsx(50,5): error TS17004: Cannot use JSX unless the '--jsx' flag is provided.
src/views/auth/ForgotPasswordPage.tsx(51,7): error TS17004: Cannot use JSX unless the '--jsx' flag is provided.
src/views/auth/ForgotPasswordPage.tsx(52,9): error TS17004: Cannot use JSX unless the '--jsx' flag is provided.
src/views/auth/ForgotPasswordPage.tsx(56,11): error TS17004: Cannot use JSX unless the '--jsx' flag is provided.
src/views/auth/ForgotPasswordPage.tsx(58,9): error TS17004: Cannot use JSX unless the '--jsx' flag is provided.
src/views/auth/ForgotPasswordPage.tsx(59,9): error TS17004: Cannot use JSX unless the '--jsx' flag is provided.
src/views/auth/ForgotPasswordPage.tsx(62,7): error TS17004: Cannot use JSX unless the '--jsx' flag is provided.
src/views/auth/ForgotPasswordPage.tsx(63,9): error TS17004: Cannot use JSX unless the '--jsx' flag is provided.
src/views/auth/ForgotPasswordPage.tsx(64,11): error TS17004: Cannot use JSX unless the '--jsx' flag is provided.
src/views/auth/ForgotPasswordPage.tsx(65,11): error TS17004: Cannot use JSX unless the '--jsx' flag is provided.
src/views/auth/ForgotPasswordPage.tsx(66,13): error TS17004: Cannot use JSX unless the '--jsx' flag is provided.
src/views/auth/ForgotPasswordPage.tsx(67,15): error TS17004: Cannot use JSX unless the '--jsx' flag is provided.
src/views/auth/ForgotPasswordPage.tsx(69,13): error TS17004: Cannot use JSX unless the '--jsx' flag is provided.
src/views/auth/ForgotPasswordPage.tsx(81,9): error TS17004: Cannot use JSX unless the '--jsx' flag is provided.
src/views/auth/ForgotPasswordPage.tsx(86,22): error TS17004: Cannot use JSX unless the '--jsx' flag is provided.
src/views/auth/ForgotPasswordPage.tsx(86,74): error TS17004: Cannot use JSX unless the '--jsx' flag is provided.
src/views/auth/ForgotPasswordPage.tsx(86,103): error TS17004: Cannot use JSX unless the '--jsx' flag is provided.
src/views/auth/LoginPage.tsx(1,8): error TS1259: Module '"C:/code_visual_xanh/lab60622/lab60622/node_modules/@types/react/index"' can only be default-imported using the 'esModuleInterop' flag
src/views/auth/LoginPage.tsx(4,20): error TS2307: Cannot find module '@/utils' or its corresponding type declarations.
src/views/auth/LoginPage.tsx(5,26): error TS2307: Cannot find module '@/stores/authStore' or its corresponding type declarations.
src/views/auth/LoginPage.tsx(12,30): error TS7006: Parameter 'state' implicitly has an 'any' type.
src/views/auth/LoginPage.tsx(16,45): error TS2550: Property 'includes' does not exist on type 'string'. Do you need to change your target library? Try changing the 'lib' compiler option to 'es2015' or later.
src/views/auth/LoginPage.tsx(18,24): error TS2705: An async function or method in ES5 requires the 'Promise' constructor.  Make sure you have a declaration for the 'Promise' constructor or include 'ES2015' in your '--lib' option.
src/views/auth/LoginPage.tsx(28,30): error TS2550: Property 'includes' does not exist on type 'string'. Do you need to change your target library? Try changing the 'lib' compiler option to 'es2015' or later.
src/views/auth/LoginPage.tsx(42,5): error TS17004: Cannot use JSX unless the '--jsx' flag is provided.
src/views/auth/LoginPage.tsx(44,7): error TS17004: Cannot use JSX unless the '--jsx' flag is provided.
src/views/auth/LoginPage.tsx(48,9): error TS17004: Cannot use JSX unless the '--jsx' flag is provided.
src/views/auth/LoginPage.tsx(50,9): error TS17004: Cannot use JSX unless the '--jsx' flag is provided.
src/views/auth/LoginPage.tsx(51,11): error TS17004: Cannot use JSX unless the '--jsx' flag is provided.
src/views/auth/LoginPage.tsx(52,23): error TS17004: Cannot use JSX unless the '--jsx' flag is provided.
src/views/auth/LoginPage.tsx(54,11): error TS17004: Cannot use JSX unless the '--jsx' flag is provided.
src/views/auth/LoginPage.tsx(55,13): error TS17004: Cannot use JSX unless the '--jsx' flag is provided.
src/views/auth/LoginPage.tsx(57,17): error TS17004: Cannot use JSX unless the '--jsx' flag is provided.
src/views/auth/LoginPage.tsx(57,36): error TS17004: Cannot use JSX unless the '--jsx' flag is provided.
src/views/auth/LoginPage.tsx(59,17): error TS17004: Cannot use JSX unless the '--jsx' flag is provided.
src/views/auth/LoginPage.tsx(59,37): error TS17004: Cannot use JSX unless the '--jsx' flag is provided.
src/views/auth/LoginPage.tsx(62,13): error TS17004: Cannot use JSX unless the '--jsx' flag is provided.
src/views/auth/LoginPage.tsx(72,9): error TS17004: Cannot use JSX unless the '--jsx' flag is provided.
src/views/auth/LoginPage.tsx(73,23): error TS17004: Cannot use JSX unless the '--jsx' flag is provided.
src/views/auth/LoginPage.tsx(73,74): error TS17004: Cannot use JSX unless the '--jsx' flag is provided.
src/views/auth/LoginPage.tsx(74,11): error TS17004: Cannot use JSX unless the '--jsx' flag is provided.
src/views/auth/LoginPage.tsx(81,7): error TS17004: Cannot use JSX unless the '--jsx' flag is provided.
src/views/auth/LoginPage.tsx(82,9): error TS17004: Cannot use JSX unless the '--jsx' flag is provided.
src/views/auth/LoginPage.tsx(84,11): error TS17004: Cannot use JSX unless the '--jsx' flag is provided.
src/views/auth/LoginPage.tsx(85,13): error TS17004: Cannot use JSX unless the '--jsx' flag is provided.
src/views/auth/LoginPage.tsx(86,25): error TS17004: Cannot use JSX unless the '--jsx' flag is provided.
src/views/auth/LoginPage.tsx(90,11): error TS17004: Cannot use JSX unless the '--jsx' flag is provided.
src/views/auth/LoginPage.tsx(91,13): error TS17004: Cannot use JSX unless the '--jsx' flag is provided.
src/views/auth/LoginPage.tsx(92,15): error TS17004: Cannot use JSX unless the '--jsx' flag is provided.
src/views/auth/LoginPage.tsx(95,15): error TS17004: Cannot use JSX unless the '--jsx' flag is provided.
src/views/auth/LoginPage.tsx(100,13): error TS17004: Cannot use JSX unless the '--jsx' flag is provided.
src/views/auth/LoginPage.tsx(102,15): error TS17004: Cannot use JSX unless the '--jsx' flag is provided.
src/views/auth/LoginPage.tsx(103,17): error TS17004: Cannot use JSX unless the '--jsx' flag is provided.
src/views/auth/LoginPage.tsx(106,17): error TS17004: Cannot use JSX unless the '--jsx' flag is provided.
src/views/auth/LoginPage.tsx(107,19): error TS17004: Cannot use JSX unless the '--jsx' flag is provided.
src/views/auth/LoginPage.tsx(111,21): error TS17004: Cannot use JSX unless the '--jsx' flag is provided.
src/views/auth/LoginPage.tsx(113,19): error TS17004: Cannot use JSX unless the '--jsx' flag is provided.
src/views/auth/LoginPage.tsx(129,15): error TS17004: Cannot use JSX unless the '--jsx' flag is provided.
src/views/auth/LoginPage.tsx(130,17): error TS17004: Cannot use JSX unless the '--jsx' flag is provided.
src/views/auth/LoginPage.tsx(131,17): error TS17004: Cannot use JSX unless the '--jsx' flag is provided.
src/views/auth/LoginPage.tsx(132,19): error TS17004: Cannot use JSX unless the '--jsx' flag is provided.
src/views/auth/LoginPage.tsx(136,21): error TS17004: Cannot use JSX unless the '--jsx' flag is provided.
src/views/auth/LoginPage.tsx(138,19): error TS17004: Cannot use JSX unless the '--jsx' flag is provided.
src/views/auth/LoginPage.tsx(149,19): error TS17004: Cannot use JSX unless the '--jsx' flag is provided.
src/views/auth/LoginPage.tsx(154,37): error TS17004: Cannot use JSX unless the '--jsx' flag is provided.
src/views/auth/LoginPage.tsx(154,60): error TS17004: Cannot use JSX unless the '--jsx' flag is provided.
src/views/auth/LoginPage.tsx(160,15): error TS17004: Cannot use JSX unless the '--jsx' flag is provided.
src/views/auth/LoginPage.tsx(161,17): error TS17004: Cannot use JSX unless the '--jsx' flag is provided.
src/views/auth/LoginPage.tsx(162,19): error TS17004: Cannot use JSX unless the '--jsx' flag is provided.
src/views/auth/LoginPage.tsx(168,19): error TS17004: Cannot use JSX unless the '--jsx' flag is provided.
src/views/auth/LoginPage.tsx(170,17): error TS17004: Cannot use JSX unless the '--jsx' flag is provided.
src/views/auth/LoginPage.tsx(176,15): error TS17004: Cannot use JSX unless the '--jsx' flag is provided.
src/views/auth/LoginPage.tsx(185,19): error TS17004: Cannot use JSX unless the '--jsx' flag is provided.
src/views/auth/LoginPage.tsx(187,19): error TS17004: Cannot use JSX unless the '--jsx' flag is provided.
src/views/auth/LoginPage.tsx(187,36): error TS17004: Cannot use JSX unless the '--jsx' flag is provided.
src/views/auth/LoginPage.tsx(194,16): error TS17004: Cannot use JSX unless the '--jsx' flag is provided.
src/views/auth/LoginPage.tsx(195,18): error TS17004: Cannot use JSX unless the '--jsx' flag is provided.
src/views/auth/LoginPage.tsx(196,20): error TS17004: Cannot use JSX unless the '--jsx' flag is provided.
src/views/auth/LoginPage.tsx(196,72): error TS17004: Cannot use JSX unless the '--jsx' flag is provided.
src/views/auth/LoginPage.tsx(197,20): error TS17004: Cannot use JSX unless the '--jsx' flag is provided.
src/views/auth/LoginPage.tsx(197,87): error TS17004: Cannot use JSX unless the '--jsx' flag is provided.
src/views/auth/LoginPage.tsx(199,18): error TS17004: Cannot use JSX unless the '--jsx' flag is provided.
src/views/auth/LoginPage.tsx(200,20): error TS17004: Cannot use JSX unless the '--jsx' flag is provided.
src/views/auth/LoginPage.tsx(205,13): error TS17004: Cannot use JSX unless the '--jsx' flag is provided.
src/views/auth/LoginPage.tsx(207,17): error TS17004: Cannot use JSX unless the '--jsx' flag is provided.
src/views/auth/LoginPage.tsx(207,76): error TS17004: Cannot use JSX unless the '--jsx' flag is provided.
src/views/auth/LoginPage.tsx(209,17): error TS17004: Cannot use JSX unless the '--jsx' flag is provided.
src/views/auth/LoginPage.tsx(209,80): error TS17004: Cannot use JSX unless the '--jsx' flag is provided.
src/views/auth/LoginPage.tsx(214,11): error TS17004: Cannot use JSX unless the '--jsx' flag is provided.
src/views/auth/LoginPage.tsx(215,13): error TS17004: Cannot use JSX unless the '--jsx' flag is provided.
src/views/auth/LoginPage.tsx(216,13): error TS17004: Cannot use JSX unless the '--jsx' flag is provided.
src/views/auth/LoginPage.tsx(217,13): error TS17004: Cannot use JSX unless the '--jsx' flag is provided.
src/views/auth/LoginPage.tsx(223,7): error TS17004: Cannot use JSX unless the '--jsx' flag is provided.
src/views/auth/LoginPage.tsx(224,9): error TS17004: Cannot use JSX unless the '--jsx' flag is provided.
src/views/auth/LoginPage.tsx(225,12): error TS17004: Cannot use JSX unless the '--jsx' flag is provided.
src/views/auth/LoginPage.tsx(226,12): error TS17004: Cannot use JSX unless the '--jsx' flag is provided.
src/views/auth/LoginPage.tsx(227,14): error TS17004: Cannot use JSX unless the '--jsx' flag is provided.
src/views/auth/LoginPage.tsx(228,14): error TS17004: Cannot use JSX unless the '--jsx' flag is provided.
src/views/auth/OTPVerifyPage.tsx(1,8): error TS1259: Module '"C:/code_visual_xanh/lab60622/lab60622/node_modules/@types/react/index"' can only be default-imported using the 'esModuleInterop' flag
src/views/auth/OTPVerifyPage.tsx(44,29): error TS7006: Parameter 'char' implicitly has an 'any' type.
src/views/auth/OTPVerifyPage.tsx(44,35): error TS7006: Parameter 'i' implicitly has an 'any' type.
src/views/auth/OTPVerifyPage.tsx(67,5): error TS17004: Cannot use JSX unless the '--jsx' flag is provided.
src/views/auth/OTPVerifyPage.tsx(68,7): error TS17004: Cannot use JSX unless the '--jsx' flag is provided.
src/views/auth/OTPVerifyPage.tsx(69,9): error TS17004: Cannot use JSX unless the '--jsx' flag is provided.
src/views/auth/OTPVerifyPage.tsx(70,11): error TS17004: Cannot use JSX unless the '--jsx' flag is provided.
src/views/auth/OTPVerifyPage.tsx(74,13): error TS17004: Cannot use JSX unless the '--jsx' flag is provided.
src/views/auth/OTPVerifyPage.tsx(77,11): error TS17004: Cannot use JSX unless the '--jsx' flag is provided.
src/views/auth/OTPVerifyPage.tsx(78,13): error TS17004: Cannot use JSX unless the '--jsx' flag is provided.
src/views/auth/OTPVerifyPage.tsx(79,15): error TS17004: Cannot use JSX unless the '--jsx' flag is provided.
src/views/auth/OTPVerifyPage.tsx(81,13): error TS17004: Cannot use JSX unless the '--jsx' flag is provided.
src/views/auth/OTPVerifyPage.tsx(82,13): error TS17004: Cannot use JSX unless the '--jsx' flag is provided.
src/views/auth/OTPVerifyPage.tsx(83,61): error TS17004: Cannot use JSX unless the '--jsx' flag is provided.
src/views/auth/OTPVerifyPage.tsx(84,15): error TS17004: Cannot use JSX unless the '--jsx' flag is provided.
src/views/auth/OTPVerifyPage.tsx(88,11): error TS17004: Cannot use JSX unless the '--jsx' flag is provided.
src/views/auth/OTPVerifyPage.tsx(89,13): error TS17004: Cannot use JSX unless the '--jsx' flag is provided.
src/views/auth/OTPVerifyPage.tsx(91,17): error TS17004: Cannot use JSX unless the '--jsx' flag is provided.
src/views/auth/OTPVerifyPage.tsx(104,13): error TS17004: Cannot use JSX unless the '--jsx' flag is provided.
src/views/auth/OTPVerifyPage.tsx(105,15): error TS17004: Cannot use JSX unless the '--jsx' flag is provided.
src/views/auth/OTPVerifyPage.tsx(110,33): error TS17004: Cannot use JSX unless the '--jsx' flag is provided.
src/views/auth/OTPVerifyPage.tsx(110,85): error TS17004: Cannot use JSX unless the '--jsx' flag is provided.
src/views/auth/OTPVerifyPage.tsx(110,101): error TS17004: Cannot use JSX unless the '--jsx' flag is provided.
src/views/auth/OTPVerifyPage.tsx(113,15): error TS17004: Cannot use JSX unless the '--jsx' flag is provided.
src/views/auth/OTPVerifyPage.tsx(115,19): error TS17004: Cannot use JSX unless the '--jsx' flag is provided.
src/views/auth/OTPVerifyPage.tsx(116,36): error TS17004: Cannot use JSX unless the '--jsx' flag is provided.
src/views/auth/OTPVerifyPage.tsx(119,19): error TS17004: Cannot use JSX unless the '--jsx' flag is provided.
src/views/auth/OTPVerifyPage.tsx(124,21): error TS17004: Cannot use JSX unless the '--jsx' flag is provided.
src/views/auth/RegisterPage.tsx(1,8): error TS1259: Module '"C:/code_visual_xanh/lab60622/lab60622/node_modules/@types/react/index"' can only be default-imported using the 'esModuleInterop' flag
src/views/auth/RegisterPage.tsx(15,20): error TS2307: Cannot find module '@/utils' or its corresponding type declarations.
src/views/auth/RegisterPage.tsx(19,9): error TS6133: 'navigate' is declared but its value is never read.
src/views/auth/RegisterPage.tsx(31,24): error TS2705: An async function or method in ES5 requires the 'Promise' constructor.  Make sure you have a declaration for the 'Promise' constructor or include 'ES2015' in your '--lib' option.
src/views/auth/RegisterPage.tsx(42,17): error TS2585: 'Promise' only refers to a type, but is being used as a value here. Do you need to change your target library? Try changing the 'lib' compiler option to es2015 or later.
src/views/auth/RegisterPage.tsx(42,25): error TS7006: Parameter 'resolve' implicitly has an 'any' type.
src/views/auth/RegisterPage.tsx(54,7): error TS17004: Cannot use JSX unless the '--jsx' flag is provided.
src/views/auth/RegisterPage.tsx(55,9): error TS17004: Cannot use JSX unless the '--jsx' flag is provided.
src/views/auth/RegisterPage.tsx(56,11): error TS17004: Cannot use JSX unless the '--jsx' flag is provided.
src/views/auth/RegisterPage.tsx(57,13): error TS17004: Cannot use JSX unless the '--jsx' flag is provided.
src/views/auth/RegisterPage.tsx(59,11): error TS17004: Cannot use JSX unless the '--jsx' flag is provided.
src/views/auth/RegisterPage.tsx(60,11): error TS17004: Cannot use JSX unless the '--jsx' flag is provided.
src/views/auth/RegisterPage.tsx(63,11): error TS17004: Cannot use JSX unless the '--jsx' flag is provided.
src/views/auth/RegisterPage.tsx(67,32): error TS17004: Cannot use JSX unless the '--jsx' flag is provided.
src/views/auth/RegisterPage.tsx(75,5): error TS17004: Cannot use JSX unless the '--jsx' flag is provided.
src/views/auth/RegisterPage.tsx(77,7): error TS17004: Cannot use JSX unless the '--jsx' flag is provided.
src/views/auth/RegisterPage.tsx(78,9): error TS17004: Cannot use JSX unless the '--jsx' flag is provided.
src/views/auth/RegisterPage.tsx(79,9): error TS17004: Cannot use JSX unless the '--jsx' flag is provided.
src/views/auth/RegisterPage.tsx(81,9): error TS17004: Cannot use JSX unless the '--jsx' flag is provided.
src/views/auth/RegisterPage.tsx(82,11): error TS17004: Cannot use JSX unless the '--jsx' flag is provided.
src/views/auth/RegisterPage.tsx(83,13): error TS17004: Cannot use JSX unless the '--jsx' flag is provided.
src/views/auth/RegisterPage.tsx(84,15): error TS17004: Cannot use JSX unless the '--jsx' flag is provided.
src/views/auth/RegisterPage.tsx(85,17): error TS17004: Cannot use JSX unless the '--jsx' flag is provided.
src/views/auth/RegisterPage.tsx(87,15): error TS17004: Cannot use JSX unless the '--jsx' flag is provided.
src/views/auth/RegisterPage.tsx(89,13): error TS17004: Cannot use JSX unless the '--jsx' flag is provided.
src/views/auth/RegisterPage.tsx(90,24): error TS17004: Cannot use JSX unless the '--jsx' flag is provided.
src/views/auth/RegisterPage.tsx(91,15): error TS17004: Cannot use JSX unless the '--jsx' flag is provided.
src/views/auth/RegisterPage.tsx(91,70): error TS17004: Cannot use JSX unless the '--jsx' flag is provided.
src/views/auth/RegisterPage.tsx(94,13): error TS17004: Cannot use JSX unless the '--jsx' flag is provided.
src/views/auth/RegisterPage.tsx(99,11): error TS17004: Cannot use JSX unless the '--jsx' flag is provided.
src/views/auth/RegisterPage.tsx(100,14): error TS17004: Cannot use JSX unless the '--jsx' flag is provided.
src/views/auth/RegisterPage.tsx(102,18): error TS17004: Cannot use JSX unless the '--jsx' flag is provided.
src/views/auth/RegisterPage.tsx(103,20): error TS17004: Cannot use JSX unless the '--jsx' flag is provided.
src/views/auth/RegisterPage.tsx(106,16): error TS17004: Cannot use JSX unless the '--jsx' flag is provided.
src/views/auth/RegisterPage.tsx(110,14): error TS17004: Cannot use JSX unless the '--jsx' flag is provided.
src/views/auth/RegisterPage.tsx(114,9): error TS17004: Cannot use JSX unless the '--jsx' flag is provided.
src/views/auth/RegisterPage.tsx(118,7): error TS17004: Cannot use JSX unless the '--jsx' flag is provided.
src/views/auth/RegisterPage.tsx(119,9): error TS17004: Cannot use JSX unless the '--jsx' flag is provided.
src/views/auth/RegisterPage.tsx(120,11): error TS17004: Cannot use JSX unless the '--jsx' flag is provided.
src/views/auth/RegisterPage.tsx(121,13): error TS17004: Cannot use JSX unless the '--jsx' flag is provided.
src/views/auth/RegisterPage.tsx(122,13): error TS17004: Cannot use JSX unless the '--jsx' flag is provided.
src/views/auth/RegisterPage.tsx(125,11): error TS17004: Cannot use JSX unless the '--jsx' flag is provided.
src/views/auth/RegisterPage.tsx(126,13): error TS17004: Cannot use JSX unless the '--jsx' flag is provided.
src/views/auth/RegisterPage.tsx(127,13): error TS17004: Cannot use JSX unless the '--jsx' flag is provided.
src/views/auth/RegisterPage.tsx(130,11): error TS17004: Cannot use JSX unless the '--jsx' flag is provided.
src/views/auth/RegisterPage.tsx(131,13): error TS17004: Cannot use JSX unless the '--jsx' flag is provided.
src/views/auth/RegisterPage.tsx(132,15): error TS17004: Cannot use JSX unless the '--jsx' flag is provided.
src/views/auth/RegisterPage.tsx(133,17): error TS17004: Cannot use JSX unless the '--jsx' flag is provided.
src/views/auth/RegisterPage.tsx(134,17): error TS17004: Cannot use JSX unless the '--jsx' flag is provided.
src/views/auth/RegisterPage.tsx(135,19): error TS17004: Cannot use JSX unless the '--jsx' flag is provided.
src/views/auth/RegisterPage.tsx(136,19): error TS17004: Cannot use JSX unless the '--jsx' flag is provided.
src/views/auth/RegisterPage.tsx(147,15): error TS17004: Cannot use JSX unless the '--jsx' flag is provided.
src/views/auth/RegisterPage.tsx(148,17): error TS17004: Cannot use JSX unless the '--jsx' flag is provided.
src/views/auth/RegisterPage.tsx(149,19): error TS17004: Cannot use JSX unless the '--jsx' flag is provided.
src/views/auth/RegisterPage.tsx(150,19): error TS17004: Cannot use JSX unless the '--jsx' flag is provided.
src/views/auth/RegisterPage.tsx(151,21): error TS17004: Cannot use JSX unless the '--jsx' flag is provided.
src/views/auth/RegisterPage.tsx(152,21): error TS17004: Cannot use JSX unless the '--jsx' flag is provided.
src/views/auth/RegisterPage.tsx(162,17): error TS17004: Cannot use JSX unless the '--jsx' flag is provided.
src/views/auth/RegisterPage.tsx(163,19): error TS17004: Cannot use JSX unless the '--jsx' flag is provided.
src/views/auth/RegisterPage.tsx(164,19): error TS17004: Cannot use JSX unless the '--jsx' flag is provided.
src/views/auth/RegisterPage.tsx(165,21): error TS17004: Cannot use JSX unless the '--jsx' flag is provided.
src/views/auth/RegisterPage.tsx(166,21): error TS17004: Cannot use JSX unless the '--jsx' flag is provided.
src/views/auth/RegisterPage.tsx(178,15): error TS17004: Cannot use JSX unless the '--jsx' flag is provided.
src/views/auth/RegisterPage.tsx(179,17): error TS17004: Cannot use JSX unless the '--jsx' flag is provided.
src/views/auth/RegisterPage.tsx(180,19): error TS17004: Cannot use JSX unless the '--jsx' flag is provided.
src/views/auth/RegisterPage.tsx(181,19): error TS17004: Cannot use JSX unless the '--jsx' flag is provided.
src/views/auth/RegisterPage.tsx(182,21): error TS17004: Cannot use JSX unless the '--jsx' flag is provided.
src/views/auth/RegisterPage.tsx(183,21): error TS17004: Cannot use JSX unless the '--jsx' flag is provided.
src/views/auth/RegisterPage.tsx(193,17): error TS17004: Cannot use JSX unless the '--jsx' flag is provided.
src/views/auth/RegisterPage.tsx(194,19): error TS17004: Cannot use JSX unless the '--jsx' flag is provided.
src/views/auth/RegisterPage.tsx(195,19): error TS17004: Cannot use JSX unless the '--jsx' flag is provided.
src/views/auth/RegisterPage.tsx(196,21): error TS17004: Cannot use JSX unless the '--jsx' flag is provided.
src/views/auth/RegisterPage.tsx(197,21): error TS17004: Cannot use JSX unless the '--jsx' flag is provided.
src/views/auth/RegisterPage.tsx(210,13): error TS17004: Cannot use JSX unless the '--jsx' flag is provided.
src/views/auth/RegisterPage.tsx(211,16): error TS17004: Cannot use JSX unless the '--jsx' flag is provided.
src/views/auth/RegisterPage.tsx(215,42): error TS17004: Cannot use JSX unless the '--jsx' flag is provided.
src/views/auth/RegisterPage.tsx(217,16): error TS17004: Cannot use JSX unless the '--jsx' flag is provided.
src/views/auth/RegisterPage.tsx(224,16): error TS17004: Cannot use JSX unless the '--jsx' flag is provided.
src/views/auth/RegisterPage.tsx(225,33): error TS17004: Cannot use JSX unless the '--jsx' flag is provided.
src/views/auth/RegisterPage.tsx(225,134): error TS17004: Cannot use JSX unless the '--jsx' flag is provided.
src/views/auth/RegisterPage.tsx(229,13): error TS17004: Cannot use JSX unless the '--jsx' flag is provided.
src/views/auth/RegisterPage.tsx(235,17): error TS17004: Cannot use JSX unless the '--jsx' flag is provided.
src/views/auth/RegisterPage.tsx(236,19): error TS17004: Cannot use JSX unless the '--jsx' flag is provided.
src/views/auth/RegisterPage.tsx(237,19): error TS17004: Cannot use JSX unless the '--jsx' flag is provided.
src/views/auth/RegisterPage.tsx(240,17): error TS17004: Cannot use JSX unless the '--jsx' flag is provided.
src/views/auth/RegisterPage.tsx(241,19): error TS17004: Cannot use JSX unless the '--jsx' flag is provided.
src/views/auth/RegisterPage.tsx(242,19): error TS17004: Cannot use JSX unless the '--jsx' flag is provided.
src/views/auth/RegisterPage.tsx(248,11): error TS17004: Cannot use JSX unless the '--jsx' flag is provided.
src/views/auth/RegisterPage.tsx(249,13): error TS17004: Cannot use JSX unless the '--jsx' flag is provided.
src/views/auth/RegisterPage.tsx(251,15): error TS17004: Cannot use JSX unless the '--jsx' flag is provided.
src/views/auth/RegisterPage.tsx(258,9): error TS17004: Cannot use JSX unless the '--jsx' flag is provided.
src/views/auth/ResetPasswordPage.tsx(1,8): error TS1259: Module '"C:/code_visual_xanh/lab60622/lab60622/node_modules/@types/react/index"' can only be default-imported using the 'esModuleInterop' flag
src/views/auth/ResetPasswordPage.tsx(4,20): error TS2307: Cannot find module '@/utils' or its corresponding type declarations.
src/views/auth/ResetPasswordPage.tsx(40,28): error TS17004: Cannot use JSX unless the '--jsx' flag is provided.
src/views/auth/ResetPasswordPage.tsx(40,93): error TS17004: Cannot use JSX unless the '--jsx' flag is provided.
src/views/auth/ResetPasswordPage.tsx(44,7): error TS17004: Cannot use JSX unless the '--jsx' flag is provided.
src/views/auth/ResetPasswordPage.tsx(45,9): error TS17004: Cannot use JSX unless the '--jsx' flag is provided.
src/views/auth/ResetPasswordPage.tsx(46,11): error TS17004: Cannot use JSX unless the '--jsx' flag is provided.
src/views/auth/ResetPasswordPage.tsx(47,13): error TS17004: Cannot use JSX unless the '--jsx' flag is provided.
src/views/auth/ResetPasswordPage.tsx(49,11): error TS17004: Cannot use JSX unless the '--jsx' flag is provided.
src/views/auth/ResetPasswordPage.tsx(50,11): error TS17004: Cannot use JSX unless the '--jsx' flag is provided.
src/views/auth/ResetPasswordPage.tsx(51,11): error TS17004: Cannot use JSX unless the '--jsx' flag is provided.
src/views/auth/ResetPasswordPage.tsx(59,7): error TS17004: Cannot use JSX unless the '--jsx' flag is provided.
src/views/auth/ResetPasswordPage.tsx(60,9): error TS17004: Cannot use JSX unless the '--jsx' flag is provided.
src/views/auth/ResetPasswordPage.tsx(61,11): error TS17004: Cannot use JSX unless the '--jsx' flag is provided.
src/views/auth/ResetPasswordPage.tsx(62,13): error TS17004: Cannot use JSX unless the '--jsx' flag is provided.
src/views/auth/ResetPasswordPage.tsx(64,11): error TS17004: Cannot use JSX unless the '--jsx' flag is provided.
src/views/auth/ResetPasswordPage.tsx(65,11): error TS17004: Cannot use JSX unless the '--jsx' flag is provided.
src/views/auth/ResetPasswordPage.tsx(66,11): error TS17004: Cannot use JSX unless the '--jsx' flag is provided.
src/views/auth/ResetPasswordPage.tsx(73,5): error TS17004: Cannot use JSX unless the '--jsx' flag is provided.
src/views/auth/ResetPasswordPage.tsx(74,7): error TS17004: Cannot use JSX unless the '--jsx' flag is provided.
src/views/auth/ResetPasswordPage.tsx(75,9): error TS17004: Cannot use JSX unless the '--jsx' flag is provided.
src/views/auth/ResetPasswordPage.tsx(76,11): error TS17004: Cannot use JSX unless the '--jsx' flag is provided.
src/views/auth/ResetPasswordPage.tsx(77,11): error TS17004: Cannot use JSX unless the '--jsx' flag is provided.
src/views/auth/ResetPasswordPage.tsx(80,9): error TS17004: Cannot use JSX unless the '--jsx' flag is provided.
src/views/auth/ResetPasswordPage.tsx(81,11): error TS17004: Cannot use JSX unless the '--jsx' flag is provided.
src/views/auth/ResetPasswordPage.tsx(82,13): error TS17004: Cannot use JSX unless the '--jsx' flag is provided.
src/views/auth/ResetPasswordPage.tsx(83,15): error TS17004: Cannot use JSX unless the '--jsx' flag is provided.
src/views/auth/ResetPasswordPage.tsx(84,15): error TS17004: Cannot use JSX unless the '--jsx' flag is provided.
src/views/auth/ResetPasswordPage.tsx(85,17): error TS17004: Cannot use JSX unless the '--jsx' flag is provided.
src/views/auth/ResetPasswordPage.tsx(86,17): error TS17004: Cannot use JSX unless the '--jsx' flag is provided.
src/views/auth/ResetPasswordPage.tsx(94,17): error TS17004: Cannot use JSX unless the '--jsx' flag is provided.
src/views/auth/ResetPasswordPage.tsx(95,31): error TS17004: Cannot use JSX unless the '--jsx' flag is provided.
src/views/auth/ResetPasswordPage.tsx(95,54): error TS17004: Cannot use JSX unless the '--jsx' flag is provided.
src/views/auth/ResetPasswordPage.tsx(98,15): error TS17004: Cannot use JSX unless the '--jsx' flag is provided.
src/views/auth/ResetPasswordPage.tsx(99,40): error TS17004: Cannot use JSX unless the '--jsx' flag is provided.
src/views/auth/ResetPasswordPage.tsx(103,13): error TS17004: Cannot use JSX unless the '--jsx' flag is provided.
src/views/auth/ResetPasswordPage.tsx(104,15): error TS17004: Cannot use JSX unless the '--jsx' flag is provided.
src/views/auth/ResetPasswordPage.tsx(105,15): error TS17004: Cannot use JSX unless the '--jsx' flag is provided.
src/views/auth/ResetPasswordPage.tsx(106,17): error TS17004: Cannot use JSX unless the '--jsx' flag is provided.
src/views/auth/ResetPasswordPage.tsx(107,17): error TS17004: Cannot use JSX unless the '--jsx' flag is provided.
src/views/auth/ResetPasswordPage.tsx(119,11): error TS17004: Cannot use JSX unless the '--jsx' flag is provided.
src/views/auth/ResetPasswordPage.tsx(124,24): error TS17004: Cannot use JSX unless the '--jsx' flag is provided.
src/views/error/ErrorPages.tsx(1,8): error TS1259: Module '"C:/code_visual_xanh/lab60622/lab60622/node_modules/@types/react/index"' can only be default-imported using the 'esModuleInterop' flag
src/views/error/ErrorPages.tsx(3,48): error TS6133: 'ArrowLeft' is declared but its value is never read.
src/views/error/ErrorPages.tsx(3,59): error TS6133: 'PhoneCall' is declared but its value is never read.
src/views/error/ErrorPages.tsx(14,54): error TS7031: Binding element 'Icon' implicitly has an 'any' type.
src/views/error/ErrorPages.tsx(14,60): error TS7031: Binding element 'code' implicitly has an 'any' type.
src/views/error/ErrorPages.tsx(14,66): error TS7031: Binding element 'title' implicitly has an 'any' type.
src/views/error/ErrorPages.tsx(14,73): error TS7031: Binding element 'desc' implicitly has an 'any' type.
src/views/error/ErrorPages.tsx(14,79): error TS7031: Binding element 'primaryAction' implicitly has an 'any' type.
src/views/error/ErrorPages.tsx(14,94): error TS7031: Binding element 'secondaryAction' implicitly has an 'any' type.
src/views/error/ErrorPages.tsx(15,3): error TS17004: Cannot use JSX unless the '--jsx' flag is provided.
src/views/error/ErrorPages.tsx(16,5): error TS17004: Cannot use JSX unless the '--jsx' flag is provided.
src/views/error/ErrorPages.tsx(17,7): error TS17004: Cannot use JSX unless the '--jsx' flag is provided.
src/views/error/ErrorPages.tsx(18,9): error TS17004: Cannot use JSX unless the '--jsx' flag is provided.
src/views/error/ErrorPages.tsx(19,9): error TS17004: Cannot use JSX unless the '--jsx' flag is provided.
src/views/error/ErrorPages.tsx(20,9): error TS17004: Cannot use JSX unless the '--jsx' flag is provided.
src/views/error/ErrorPages.tsx(25,7): error TS17004: Cannot use JSX unless the '--jsx' flag is provided.
src/views/error/ErrorPages.tsx(26,9): error TS17004: Cannot use JSX unless the '--jsx' flag is provided.
src/views/error/ErrorPages.tsx(27,9): error TS17004: Cannot use JSX unless the '--jsx' flag is provided.
src/views/error/ErrorPages.tsx(32,7): error TS17004: Cannot use JSX unless the '--jsx' flag is provided.
src/views/error/ErrorPages.tsx(34,11): error TS17004: Cannot use JSX unless the '--jsx' flag is provided.
src/views/error/ErrorPages.tsx(38,13): error TS17004: Cannot use JSX unless the '--jsx' flag is provided.
src/views/error/ErrorPages.tsx(42,11): error TS17004: Cannot use JSX unless the '--jsx' flag is provided.
src/views/error/ErrorPages.tsx(58,5): error TS17004: Cannot use JSX unless the '--jsx' flag is provided.
src/views/error/ErrorPages.tsx(72,5): error TS17004: Cannot use JSX unless the '--jsx' flag is provided.
src/views/error/ErrorPages.tsx(84,3): error TS17004: Cannot use JSX unless the '--jsx' flag is provided.
src/views/error/ErrorPages.tsx(95,3): error TS17004: Cannot use JSX unless the '--jsx' flag is provided.
src/views/layouts/index.ts(1,15): error TS6142: Module './Layouts' was resolved to 'C:/code_visual_xanh/lab60622/lab60622/src/views/layouts/Layouts.tsx', but '--jsx' is not set.
src/views/layouts/index.ts(2,15): error TS6142: Module './PublicComponents' was resolved to 'C:/code_visual_xanh/lab60622/lab60622/src/views/layouts/PublicComponents.tsx', but '--jsx' is not set.
src/views/layouts/Layouts.tsx(1,8): error TS1259: Module '"C:/code_visual_xanh/lab60622/lab60622/node_modules/@types/react/index"' can only be default-imported using the 'esModuleInterop' flag
src/views/layouts/Layouts.tsx(2,18): error TS6133: 'useNavigate' is declared but its value is never read.
src/views/layouts/Layouts.tsx(2,31): error TS6133: 'useLocation' is declared but its value is never read.
src/views/layouts/Layouts.tsx(2,44): error TS6133: 'Link' is declared but its value is never read.
src/views/layouts/Layouts.tsx(5,1): error TS6133: 'BottomNavigation' is declared but its value is never read.
src/views/layouts/Layouts.tsx(5,30): error TS2307: Cannot find module '@/components/layout/BottomNavigation' or its corresponding type declarations.
src/views/layouts/Layouts.tsx(7,1): error TS6133: 'useAuthStore' is declared but its value is never read.
src/views/layouts/Layouts.tsx(7,26): error TS2307: Cannot find module '@/stores/authStore' or its corresponding type declarations.
src/views/layouts/Layouts.tsx(8,24): error TS2307: Cannot find module '@/stores/uiStore' or its corresponding type declarations.
src/views/layouts/Layouts.tsx(9,25): error TS2307: Cannot find module '@/components/layout/Sidebar' or its corresponding type declarations.
src/views/layouts/Layouts.tsx(10,24): error TS2307: Cannot find module '@/components/layout/Topbar' or its corresponding type declarations.
src/views/layouts/Layouts.tsx(11,44): error TS6142: Module './PublicComponents' was resolved to 'C:/code_visual_xanh/lab60622/lab60622/src/views/layouts/PublicComponents.tsx', but '--jsx' is not set.
src/views/layouts/Layouts.tsx(12,20): error TS2307: Cannot find module '@/utils' or its corresponding type declarations.
src/views/layouts/Layouts.tsx(16,24): error TS6133: 'toggleSidebar' is declared but its value is never read.
src/views/layouts/Layouts.tsx(20,5): error TS17004: Cannot use JSX unless the '--jsx' flag is provided.
src/views/layouts/Layouts.tsx(22,7): error TS17004: Cannot use JSX unless the '--jsx' flag is provided.
src/views/layouts/Layouts.tsx(26,9): error TS17004: Cannot use JSX unless the '--jsx' flag is provided.
src/views/layouts/Layouts.tsx(31,9): error TS17004: Cannot use JSX unless the '--jsx' flag is provided.
src/views/layouts/Layouts.tsx(32,11): error TS17004: Cannot use JSX unless the '--jsx' flag is provided.
src/views/layouts/Layouts.tsx(33,11): error TS17004: Cannot use JSX unless the '--jsx' flag is provided.
src/views/layouts/Layouts.tsx(34,13): error TS17004: Cannot use JSX unless the '--jsx' flag is provided.
src/views/layouts/Layouts.tsx(40,7): error TS17004: Cannot use JSX unless the '--jsx' flag is provided.
src/views/layouts/Layouts.tsx(41,9): error TS17004: Cannot use JSX unless the '--jsx' flag is provided.
src/views/layouts/Layouts.tsx(44,9): error TS17004: Cannot use JSX unless the '--jsx' flag is provided.
src/views/layouts/Layouts.tsx(45,11): error TS17004: Cannot use JSX unless the '--jsx' flag is provided.
src/views/layouts/Layouts.tsx(46,13): error TS17004: Cannot use JSX unless the '--jsx' flag is provided.
src/views/layouts/Layouts.tsx(65,3): error TS17004: Cannot use JSX unless the '--jsx' flag is provided.
src/views/layouts/Layouts.tsx(66,20): error TS17004: Cannot use JSX unless the '--jsx' flag is provided.
src/views/layouts/Layouts.tsx(67,5): error TS17004: Cannot use JSX unless the '--jsx' flag is provided.
src/views/layouts/Layouts.tsx(68,7): error TS17004: Cannot use JSX unless the '--jsx' flag is provided.
src/views/layouts/Layouts.tsx(70,20): error TS17004: Cannot use JSX unless the '--jsx' flag is provided.
src/views/layouts/PublicComponents.tsx(1,8): error TS1259: Module '"C:/code_visual_xanh/lab60622/lab60622/node_modules/@types/react/index"' can only be default-imported using the 'esModuleInterop' flag
src/views/layouts/PublicComponents.tsx(4,20): error TS2307: Cannot find module '@/utils' or its corresponding type declarations.
src/views/layouts/PublicComponents.tsx(24,5): error TS17004: Cannot use JSX unless the '--jsx' flag is provided.
src/views/layouts/PublicComponents.tsx(28,7): error TS17004: Cannot use JSX unless the '--jsx' flag is provided.
src/views/layouts/PublicComponents.tsx(30,9): error TS17004: Cannot use JSX unless the '--jsx' flag is provided.
src/views/layouts/PublicComponents.tsx(31,11): error TS17004: Cannot use JSX unless the '--jsx' flag is provided.
src/views/layouts/PublicComponents.tsx(35,23): error TS17004: Cannot use JSX unless the '--jsx' flag is provided.
src/views/layouts/PublicComponents.tsx(40,9): error TS17004: Cannot use JSX unless the '--jsx' flag is provided.
src/views/layouts/PublicComponents.tsx(42,13): error TS17004: Cannot use JSX unless the '--jsx' flag is provided.
src/views/layouts/PublicComponents.tsx(56,9): error TS17004: Cannot use JSX unless the '--jsx' flag is provided.
src/views/layouts/PublicComponents.tsx(57,11): error TS17004: Cannot use JSX unless the '--jsx' flag is provided.
src/views/layouts/PublicComponents.tsx(68,11): error TS17004: Cannot use JSX unless the '--jsx' flag is provided.
src/views/layouts/PublicComponents.tsx(77,9): error TS17004: Cannot use JSX unless the '--jsx' flag is provided.
src/views/layouts/PublicComponents.tsx(81,29): error TS17004: Cannot use JSX unless the '--jsx' flag is provided.
src/views/layouts/PublicComponents.tsx(81,37): error TS17004: Cannot use JSX unless the '--jsx' flag is provided.
src/views/layouts/PublicComponents.tsx(86,7): error TS17004: Cannot use JSX unless the '--jsx' flag is provided.
src/views/layouts/PublicComponents.tsx(90,9): error TS17004: Cannot use JSX unless the '--jsx' flag is provided.
src/views/layouts/PublicComponents.tsx(92,13): error TS17004: Cannot use JSX unless the '--jsx' flag is provided.
src/views/layouts/PublicComponents.tsx(101,11): error TS17004: Cannot use JSX unless the '--jsx' flag is provided.
src/views/layouts/PublicComponents.tsx(102,13): error TS17004: Cannot use JSX unless the '--jsx' flag is provided.
src/views/layouts/PublicComponents.tsx(103,13): error TS17004: Cannot use JSX unless the '--jsx' flag is provided.
src/views/layouts/PublicComponents.tsx(112,3): error TS17004: Cannot use JSX unless the '--jsx' flag is provided.
src/views/layouts/PublicComponents.tsx(113,5): error TS17004: Cannot use JSX unless the '--jsx' flag is provided.
src/views/layouts/PublicComponents.tsx(114,7): error TS17004: Cannot use JSX unless the '--jsx' flag is provided.
src/views/layouts/PublicComponents.tsx(115,9): error TS17004: Cannot use JSX unless the '--jsx' flag is provided.
src/views/layouts/PublicComponents.tsx(116,21): error TS17004: Cannot use JSX unless the '--jsx' flag is provided.
src/views/layouts/PublicComponents.tsx(118,9): error TS17004: Cannot use JSX unless the '--jsx' flag is provided.
src/views/layouts/PublicComponents.tsx(121,9): error TS17004: Cannot use JSX unless the '--jsx' flag is provided.
src/views/layouts/PublicComponents.tsx(122,11): error TS17004: Cannot use JSX unless the '--jsx' flag is provided.
src/views/layouts/PublicComponents.tsx(123,11): error TS17004: Cannot use JSX unless the '--jsx' flag is provided.
src/views/layouts/PublicComponents.tsx(124,11): error TS17004: Cannot use JSX unless the '--jsx' flag is provided.
src/views/layouts/PublicComponents.tsx(128,7): error TS17004: Cannot use JSX unless the '--jsx' flag is provided.
src/views/layouts/PublicComponents.tsx(129,9): error TS17004: Cannot use JSX unless the '--jsx' flag is provided.
src/views/layouts/PublicComponents.tsx(130,9): error TS17004: Cannot use JSX unless the '--jsx' flag is provided.
src/views/layouts/PublicComponents.tsx(131,11): error TS17004: Cannot use JSX unless the '--jsx' flag is provided.
src/views/layouts/PublicComponents.tsx(132,11): error TS17004: Cannot use JSX unless the '--jsx' flag is provided.
src/views/layouts/PublicComponents.tsx(133,11): error TS17004: Cannot use JSX unless the '--jsx' flag is provided.
src/views/layouts/PublicComponents.tsx(134,11): error TS17004: Cannot use JSX unless the '--jsx' flag is provided.
src/views/layouts/PublicComponents.tsx(138,7): error TS17004: Cannot use JSX unless the '--jsx' flag is provided.
src/views/layouts/PublicComponents.tsx(139,9): error TS17004: Cannot use JSX unless the '--jsx' flag is provided.
src/views/layouts/PublicComponents.tsx(140,9): error TS17004: Cannot use JSX unless the '--jsx' flag is provided.
src/views/layouts/PublicComponents.tsx(141,11): error TS17004: Cannot use JSX unless the '--jsx' flag is provided.
src/views/layouts/PublicComponents.tsx(142,11): error TS17004: Cannot use JSX unless the '--jsx' flag is provided.
src/views/layouts/PublicComponents.tsx(143,11): error TS17004: Cannot use JSX unless the '--jsx' flag is provided.
src/views/layouts/PublicComponents.tsx(144,11): error TS17004: Cannot use JSX unless the '--jsx' flag is provided.
src/views/layouts/PublicComponents.tsx(148,7): error TS17004: Cannot use JSX unless the '--jsx' flag is provided.
src/views/layouts/PublicComponents.tsx(149,9): error TS17004: Cannot use JSX unless the '--jsx' flag is provided.
src/views/layouts/PublicComponents.tsx(150,9): error TS17004: Cannot use JSX unless the '--jsx' flag is provided.
src/views/layouts/PublicComponents.tsx(151,11): error TS17004: Cannot use JSX unless the '--jsx' flag is provided.
src/views/layouts/PublicComponents.tsx(152,11): error TS17004: Cannot use JSX unless the '--jsx' flag is provided.
src/views/layouts/PublicComponents.tsx(153,11): error TS17004: Cannot use JSX unless the '--jsx' flag is provided.
src/views/layouts/PublicComponents.tsx(154,11): error TS17004: Cannot use JSX unless the '--jsx' flag is provided.
src/views/layouts/PublicComponents.tsx(155,13): error TS17004: Cannot use JSX unless the '--jsx' flag is provided.
src/views/layouts/PublicComponents.tsx(156,13): error TS17004: Cannot use JSX unless the '--jsx' flag is provided.
src/views/layouts/PublicComponents.tsx(157,15): error TS17004: Cannot use JSX unless the '--jsx' flag is provided.
src/views/layouts/PublicComponents.tsx(158,15): error TS17004: Cannot use JSX unless the '--jsx' flag is provided.
src/views/layouts/PublicComponents.tsx(164,5): error TS17004: Cannot use JSX unless the '--jsx' flag is provided.
src/views/layouts/PublicComponents.tsx(165,7): error TS17004: Cannot use JSX unless the '--jsx' flag is provided.
src/views/layouts/PublicComponents.tsx(166,7): error TS17004: Cannot use JSX unless the '--jsx' flag is provided.
src/views/layouts/PublicComponents.tsx(167,9): error TS17004: Cannot use JSX unless the '--jsx' flag is provided.
src/views/layouts/PublicComponents.tsx(168,9): error TS17004: Cannot use JSX unless the '--jsx' flag is provided.
src/views/portal/amenities/AmenityList.tsx(1,8): error TS1259: Module '"C:/code_visual_xanh/lab60622/lab60622/node_modules/@types/react/index"' can only be default-imported using the 'esModuleInterop' flag
src/views/portal/amenities/AmenityList.tsx(13,3): error TS6133: 'ArrowLeft' is declared but its value is never read.
src/views/portal/amenities/AmenityList.tsx(14,3): error TS6133: 'Calendar' is declared but its value is never read.
src/views/portal/amenities/AmenityList.tsx(15,3): error TS6133: 'Users' is declared but its value is never read.
src/views/portal/amenities/AmenityList.tsx(17,3): error TS6133: 'CheckCircle2' is declared but its value is never read.
src/views/portal/amenities/AmenityList.tsx(18,3): error TS6133: 'CalendarDays' is declared but its value is never read.
src/views/portal/amenities/AmenityList.tsx(21,29): error TS2307: Cannot find module '@/services/serviceService' or its corresponding type declarations.
src/views/portal/amenities/AmenityList.tsx(22,25): error TS2307: Cannot find module '@/types/service' or its corresponding type declarations.
src/views/portal/amenities/AmenityList.tsx(23,20): error TS2307: Cannot find module '@/utils' or its corresponding type declarations.
src/views/portal/amenities/AmenityList.tsx(25,29): error TS2307: Cannot find module '@/components/portal/BottomSheet' or its corresponding type declarations.
src/views/portal/amenities/AmenityList.tsx(40,27): error TS2550: Property 'from' does not exist on type 'ArrayConstructor'. Do you need to change your target library? Try changing the 'lib' compiler option to 'es2015' or later.
src/views/portal/amenities/AmenityList.tsx(40,52): error TS7006: Parameter '_' implicitly has an 'any' type.
src/views/portal/amenities/AmenityList.tsx(40,55): error TS7006: Parameter 'i' implicitly has an 'any' type.
src/views/portal/amenities/AmenityList.tsx(43,27): error TS2550: Property 'from' does not exist on type 'ArrayConstructor'. Do you need to change your target library? Try changing the 'lib' compiler option to 'es2015' or later.
src/views/portal/amenities/AmenityList.tsx(43,53): error TS7006: Parameter '_' implicitly has an 'any' type.
src/views/portal/amenities/AmenityList.tsx(43,56): error TS7006: Parameter 'i' implicitly has an 'any' type.
src/views/portal/amenities/AmenityList.tsx(52,28): error TS2705: An async function or method in ES5 requires the 'Promise' constructor.  Make sure you have a declaration for the 'Promise' constructor or include 'ES2015' in your '--lib' option.
src/views/portal/amenities/AmenityList.tsx(56,34): error TS7006: Parameter 's' implicitly has an 'any' type.
src/views/portal/amenities/AmenityList.tsx(68,11): error TS2550: Property 'includes' does not exist on type 'string'. Do you need to change your target library? Try changing the 'lib' compiler option to 'es2015' or later.
src/views/portal/amenities/AmenityList.tsx(69,11): error TS2550: Property 'includes' does not exist on type 'string'. Do you need to change your target library? Try changing the 'lib' compiler option to 'es2015' or later.
src/views/portal/amenities/AmenityList.tsx(69,32): error TS2550: Property 'includes' does not exist on type 'string'. Do you need to change your target library? Try changing the 'lib' compiler option to 'es2015' or later.
src/views/portal/amenities/AmenityList.tsx(70,11): error TS2550: Property 'includes' does not exist on type 'string'. Do you need to change your target library? Try changing the 'lib' compiler option to 'es2015' or later.
src/views/portal/amenities/AmenityList.tsx(70,31): error TS2550: Property 'includes' does not exist on type 'string'. Do you need to change your target library? Try changing the 'lib' compiler option to 'es2015' or later.
src/views/portal/amenities/AmenityList.tsx(70,52): error TS2550: Property 'includes' does not exist on type 'string'. Do you need to change your target library? Try changing the 'lib' compiler option to 'es2015' or later.
src/views/portal/amenities/AmenityList.tsx(71,11): error TS2550: Property 'includes' does not exist on type 'string'. Do you need to change your target library? Try changing the 'lib' compiler option to 'es2015' or later.
src/views/portal/amenities/AmenityList.tsx(71,35): error TS2550: Property 'includes' does not exist on type 'string'. Do you need to change your target library? Try changing the 'lib' compiler option to 'es2015' or later.
src/views/portal/amenities/AmenityList.tsx(77,11): error TS2550: Property 'includes' does not exist on type 'string'. Do you need to change your target library? Try changing the 'lib' compiler option to 'es2015' or later.
src/views/portal/amenities/AmenityList.tsx(78,11): error TS2550: Property 'includes' does not exist on type 'string'. Do you need to change your target library? Try changing the 'lib' compiler option to 'es2015' or later.
src/views/portal/amenities/AmenityList.tsx(79,11): error TS2550: Property 'includes' does not exist on type 'string'. Do you need to change your target library? Try changing the 'lib' compiler option to 'es2015' or later.
src/views/portal/amenities/AmenityList.tsx(80,11): error TS2550: Property 'includes' does not exist on type 'string'. Do you need to change your target library? Try changing the 'lib' compiler option to 'es2015' or later.
src/views/portal/amenities/AmenityList.tsx(84,22): error TS2705: An async function or method in ES5 requires the 'Promise' constructor.  Make sure you have a declaration for the 'Promise' constructor or include 'ES2015' in your '--lib' option.
src/views/portal/amenities/AmenityList.tsx(92,17): error TS2585: 'Promise' only refers to a type, but is being used as a value here. Do you need to change your target library? Try changing the 'lib' compiler option to es2015 or later.
src/views/portal/amenities/AmenityList.tsx(92,25): error TS7006: Parameter 'resolve' implicitly has an 'any' type.
src/views/portal/amenities/AmenityList.tsx(116,7): error TS17004: Cannot use JSX unless the '--jsx' flag is provided.
src/views/portal/amenities/AmenityList.tsx(117,9): error TS17004: Cannot use JSX unless the '--jsx' flag is provided.
src/views/portal/amenities/AmenityList.tsx(118,9): error TS17004: Cannot use JSX unless the '--jsx' flag is provided.
src/views/portal/amenities/AmenityList.tsx(124,5): error TS17004: Cannot use JSX unless the '--jsx' flag is provided.
src/views/portal/amenities/AmenityList.tsx(125,7): error TS17004: Cannot use JSX unless the '--jsx' flag is provided.
src/views/portal/amenities/AmenityList.tsx(126,9): error TS17004: Cannot use JSX unless the '--jsx' flag is provided.
src/views/portal/amenities/AmenityList.tsx(127,13): error TS17004: Cannot use JSX unless the '--jsx' flag is provided.
src/views/portal/amenities/AmenityList.tsx(128,17): error TS17004: Cannot use JSX unless the '--jsx' flag is provided.
src/views/portal/amenities/AmenityList.tsx(129,17): error TS17004: Cannot use JSX unless the '--jsx' flag is provided.
src/views/portal/amenities/AmenityList.tsx(131,13): error TS17004: Cannot use JSX unless the '--jsx' flag is provided.
src/views/portal/amenities/AmenityList.tsx(139,9): error TS17004: Cannot use JSX unless the '--jsx' flag is provided.
src/views/portal/amenities/AmenityList.tsx(140,11): error TS17004: Cannot use JSX unless the '--jsx' flag is provided.
src/views/portal/amenities/AmenityList.tsx(141,14): error TS17004: Cannot use JSX unless the '--jsx' flag is provided.
src/views/portal/amenities/AmenityList.tsx(143,11): error TS17004: Cannot use JSX unless the '--jsx' flag is provided.
src/views/portal/amenities/AmenityList.tsx(144,14): error TS17004: Cannot use JSX unless the '--jsx' flag is provided.
src/views/portal/amenities/AmenityList.tsx(145,16): error TS17004: Cannot use JSX unless the '--jsx' flag is provided.
src/views/portal/amenities/AmenityList.tsx(146,18): error TS17004: Cannot use JSX unless the '--jsx' flag is provided.
src/views/portal/amenities/AmenityList.tsx(148,16): error TS17004: Cannot use JSX unless the '--jsx' flag is provided.
src/views/portal/amenities/AmenityList.tsx(149,18): error TS17004: Cannot use JSX unless the '--jsx' flag is provided.
src/views/portal/amenities/AmenityList.tsx(150,18): error TS17004: Cannot use JSX unless the '--jsx' flag is provided.
src/views/portal/amenities/AmenityList.tsx(154,14): error TS17004: Cannot use JSX unless the '--jsx' flag is provided.
src/views/portal/amenities/AmenityList.tsx(155,17): error TS17004: Cannot use JSX unless the '--jsx' flag is provided.
src/views/portal/amenities/AmenityList.tsx(163,9): error TS17004: Cannot use JSX unless the '--jsx' flag is provided.
src/views/portal/amenities/AmenityList.tsx(164,11): error TS17004: Cannot use JSX unless the '--jsx' flag is provided.
src/views/portal/amenities/AmenityList.tsx(165,11): error TS17004: Cannot use JSX unless the '--jsx' flag is provided.
src/views/portal/amenities/AmenityList.tsx(169,9): error TS17004: Cannot use JSX unless the '--jsx' flag is provided.
src/views/portal/amenities/AmenityList.tsx(177,15): error TS17004: Cannot use JSX unless the '--jsx' flag is provided.
src/views/portal/amenities/AmenityList.tsx(188,17): error TS17004: Cannot use JSX unless the '--jsx' flag is provided.
src/views/portal/amenities/AmenityList.tsx(189,19): error TS17004: Cannot use JSX unless the '--jsx' flag is provided.
src/views/portal/amenities/AmenityList.tsx(192,17): error TS17004: Cannot use JSX unless the '--jsx' flag is provided.
src/views/portal/amenities/AmenityList.tsx(193,19): error TS17004: Cannot use JSX unless the '--jsx' flag is provided.
src/views/portal/amenities/AmenityList.tsx(196,17): error TS17004: Cannot use JSX unless the '--jsx' flag is provided.
src/views/portal/amenities/AmenityList.tsx(197,19): error TS17004: Cannot use JSX unless the '--jsx' flag is provided.
src/views/portal/amenities/AmenityList.tsx(198,19): error TS17004: Cannot use JSX unless the '--jsx' flag is provided.
src/views/portal/amenities/AmenityList.tsx(203,17): error TS17004: Cannot use JSX unless the '--jsx' flag is provided.
src/views/portal/amenities/AmenityList.tsx(205,22): error TS17004: Cannot use JSX unless the '--jsx' flag is provided.
src/views/portal/amenities/AmenityList.tsx(206,25): error TS17004: Cannot use JSX unless the '--jsx' flag is provided.
src/views/portal/amenities/AmenityList.tsx(207,25): error TS17004: Cannot use JSX unless the '--jsx' flag is provided.
src/views/portal/amenities/AmenityList.tsx(210,22): error TS17004: Cannot use JSX unless the '--jsx' flag is provided.
src/views/portal/amenities/AmenityList.tsx(222,11): error TS17004: Cannot use JSX unless the '--jsx' flag is provided.
src/views/portal/amenities/AmenityList.tsx(223,13): error TS17004: Cannot use JSX unless the '--jsx' flag is provided.
src/views/portal/amenities/AmenityList.tsx(224,13): error TS17004: Cannot use JSX unless the '--jsx' flag is provided.
src/views/portal/amenities/AmenityList.tsx(230,7): error TS17004: Cannot use JSX unless the '--jsx' flag is provided.
src/views/portal/amenities/AmenityList.tsx(236,11): error TS17004: Cannot use JSX unless the '--jsx' flag is provided.
src/views/portal/amenities/AmenityList.tsx(238,14): error TS17004: Cannot use JSX unless the '--jsx' flag is provided.
src/views/portal/amenities/AmenityList.tsx(239,17): error TS17004: Cannot use JSX unless the '--jsx' flag is provided.
src/views/portal/amenities/AmenityList.tsx(242,17): error TS17004: Cannot use JSX unless the '--jsx' flag is provided.
src/views/portal/amenities/AmenityList.tsx(243,20): error TS17004: Cannot use JSX unless the '--jsx' flag is provided.
src/views/portal/amenities/AmenityList.tsx(246,20): error TS17004: Cannot use JSX unless the '--jsx' flag is provided.
src/views/portal/amenities/AmenityList.tsx(247,23): error TS17004: Cannot use JSX unless the '--jsx' flag is provided.
src/views/portal/amenities/AmenityList.tsx(248,23): error TS17004: Cannot use JSX unless the '--jsx' flag is provided.
src/views/portal/amenities/AmenityList.tsx(249,23): error TS17004: Cannot use JSX unless the '--jsx' flag is provided.
src/views/portal/amenities/AmenityList.tsx(250,23): error TS17004: Cannot use JSX unless the '--jsx' flag is provided.
src/views/portal/amenities/AmenityList.tsx(258,14): error TS17004: Cannot use JSX unless the '--jsx' flag is provided.
src/views/portal/amenities/AmenityList.tsx(259,17): error TS17004: Cannot use JSX unless the '--jsx' flag is provided.
src/views/portal/amenities/AmenityList.tsx(260,20): error TS17004: Cannot use JSX unless the '--jsx' flag is provided.
src/views/portal/amenities/AmenityList.tsx(261,20): error TS17004: Cannot use JSX unless the '--jsx' flag is provided.
src/views/portal/amenities/AmenityList.tsx(263,17): error TS17004: Cannot use JSX unless the '--jsx' flag is provided.
src/views/portal/amenities/AmenityList.tsx(264,36): error TS7006: Parameter 'date' implicitly has an 'any' type.
src/views/portal/amenities/AmenityList.tsx(264,42): error TS7006: Parameter 'i' implicitly has an 'any' type.
src/views/portal/amenities/AmenityList.tsx(267,24): error TS17004: Cannot use JSX unless the '--jsx' flag is provided.
src/views/portal/amenities/AmenityList.tsx(277,26): error TS17004: Cannot use JSX unless the '--jsx' flag is provided.
src/views/portal/amenities/AmenityList.tsx(280,26): error TS17004: Cannot use JSX unless the '--jsx' flag is provided.
src/views/portal/amenities/AmenityList.tsx(281,26): error TS17004: Cannot use JSX unless the '--jsx' flag is provided.
src/views/portal/amenities/AmenityList.tsx(289,14): error TS17004: Cannot use JSX unless the '--jsx' flag is provided.
src/views/portal/amenities/AmenityList.tsx(290,17): error TS17004: Cannot use JSX unless the '--jsx' flag is provided.
src/views/portal/amenities/AmenityList.tsx(291,20): error TS17004: Cannot use JSX unless the '--jsx' flag is provided.
src/views/portal/amenities/AmenityList.tsx(292,20): error TS17004: Cannot use JSX unless the '--jsx' flag is provided.
src/views/portal/amenities/AmenityList.tsx(295,17): error TS17004: Cannot use JSX unless the '--jsx' flag is provided.
src/views/portal/amenities/AmenityList.tsx(296,36): error TS7006: Parameter 'slot' implicitly has an 'any' type.
src/views/portal/amenities/AmenityList.tsx(296,42): error TS7006: Parameter 'i' implicitly has an 'any' type.
src/views/portal/amenities/AmenityList.tsx(299,24): error TS17004: Cannot use JSX unless the '--jsx' flag is provided.
src/views/portal/amenities/AmenityList.tsx(313,41): error TS17004: Cannot use JSX unless the '--jsx' flag is provided.
src/views/portal/amenities/AmenityList.tsx(321,14): error TS17004: Cannot use JSX unless the '--jsx' flag is provided.
src/views/portal/amenities/AmenityList.tsx(322,16): error TS17004: Cannot use JSX unless the '--jsx' flag is provided.
src/views/portal/amenities/AmenityList.tsx(323,16): error TS17004: Cannot use JSX unless the '--jsx' flag is provided.
src/views/portal/amenities/AmenityList.tsx(329,14): error TS17004: Cannot use JSX unless the '--jsx' flag is provided.
src/views/portal/amenities/AmenityList.tsx(330,17): error TS17004: Cannot use JSX unless the '--jsx' flag is provided.
src/views/portal/amenities/AmenityList.tsx(341,41): error TS17004: Cannot use JSX unless the '--jsx' flag is provided.
src/views/portal/amenities/MyBookings.tsx(1,8): error TS1259: Module '"C:/code_visual_xanh/lab60622/lab60622/node_modules/@types/react/index"' can only be default-imported using the 'esModuleInterop' flag
src/views/portal/amenities/MyBookings.tsx(12,3): error TS6133: 'X' is declared but its value is never read.
src/views/portal/amenities/MyBookings.tsx(14,20): error TS2307: Cannot find module '@/utils' or its corresponding type declarations.
src/views/portal/amenities/MyBookings.tsx(16,1): error TS6133: 'vi' is declared but its value is never read.
src/views/portal/amenities/MyBookings.tsx(92,11): error TS2550: Property 'includes' does not exist on type 'string'. Do you need to change your target library? Try changing the 'lib' compiler option to 'es2015' or later.
src/views/portal/amenities/MyBookings.tsx(93,11): error TS2550: Property 'includes' does not exist on type 'string'. Do you need to change your target library? Try changing the 'lib' compiler option to 'es2015' or later.
src/views/portal/amenities/MyBookings.tsx(93,32): error TS2550: Property 'includes' does not exist on type 'string'. Do you need to change your target library? Try changing the 'lib' compiler option to 'es2015' or later.
src/views/portal/amenities/MyBookings.tsx(94,11): error TS2550: Property 'includes' does not exist on type 'string'. Do you need to change your target library? Try changing the 'lib' compiler option to 'es2015' or later.
src/views/portal/amenities/MyBookings.tsx(94,32): error TS2550: Property 'includes' does not exist on type 'string'. Do you need to change your target library? Try changing the 'lib' compiler option to 'es2015' or later.
src/views/portal/amenities/MyBookings.tsx(95,11): error TS2550: Property 'includes' does not exist on type 'string'. Do you need to change your target library? Try changing the 'lib' compiler option to 'es2015' or later.
src/views/portal/amenities/MyBookings.tsx(95,35): error TS2550: Property 'includes' does not exist on type 'string'. Do you need to change your target library? Try changing the 'lib' compiler option to 'es2015' or later.
src/views/portal/amenities/MyBookings.tsx(102,16): error TS17004: Cannot use JSX unless the '--jsx' flag is provided.
src/views/portal/amenities/MyBookings.tsx(104,16): error TS17004: Cannot use JSX unless the '--jsx' flag is provided.
src/views/portal/amenities/MyBookings.tsx(106,16): error TS17004: Cannot use JSX unless the '--jsx' flag is provided.
src/views/portal/amenities/MyBookings.tsx(119,5): error TS17004: Cannot use JSX unless the '--jsx' flag is provided.
src/views/portal/amenities/MyBookings.tsx(121,7): error TS17004: Cannot use JSX unless the '--jsx' flag is provided.
src/views/portal/amenities/MyBookings.tsx(122,9): error TS17004: Cannot use JSX unless the '--jsx' flag is provided.
src/views/portal/amenities/MyBookings.tsx(123,11): error TS17004: Cannot use JSX unless the '--jsx' flag is provided.
src/views/portal/amenities/MyBookings.tsx(124,13): error TS17004: Cannot use JSX unless the '--jsx' flag is provided.
src/views/portal/amenities/MyBookings.tsx(126,11): error TS17004: Cannot use JSX unless the '--jsx' flag is provided.
src/views/portal/amenities/MyBookings.tsx(130,9): error TS17004: Cannot use JSX unless the '--jsx' flag is provided.
src/views/portal/amenities/MyBookings.tsx(131,11): error TS17004: Cannot use JSX unless the '--jsx' flag is provided.
src/views/portal/amenities/MyBookings.tsx(140,11): error TS17004: Cannot use JSX unless the '--jsx' flag is provided.
src/views/portal/amenities/MyBookings.tsx(152,7): error TS17004: Cannot use JSX unless the '--jsx' flag is provided.
src/views/portal/amenities/MyBookings.tsx(154,11): error TS17004: Cannot use JSX unless the '--jsx' flag is provided.
src/views/portal/amenities/MyBookings.tsx(155,13): error TS17004: Cannot use JSX unless the '--jsx' flag is provided.
src/views/portal/amenities/MyBookings.tsx(156,13): error TS17004: Cannot use JSX unless the '--jsx' flag is provided.
src/views/portal/amenities/MyBookings.tsx(164,15): error TS17004: Cannot use JSX unless the '--jsx' flag is provided.
src/views/portal/amenities/MyBookings.tsx(165,17): error TS17004: Cannot use JSX unless the '--jsx' flag is provided.
src/views/portal/amenities/MyBookings.tsx(166,19): error TS17004: Cannot use JSX unless the '--jsx' flag is provided.
src/views/portal/amenities/MyBookings.tsx(167,21): error TS17004: Cannot use JSX unless the '--jsx' flag is provided.
src/views/portal/amenities/MyBookings.tsx(169,19): error TS17004: Cannot use JSX unless the '--jsx' flag is provided.
src/views/portal/amenities/MyBookings.tsx(170,21): error TS17004: Cannot use JSX unless the '--jsx' flag is provided.
src/views/portal/amenities/MyBookings.tsx(171,23): error TS17004: Cannot use JSX unless the '--jsx' flag is provided.
src/views/portal/amenities/MyBookings.tsx(174,21): error TS17004: Cannot use JSX unless the '--jsx' flag is provided.
src/views/portal/amenities/MyBookings.tsx(175,23): error TS17004: Cannot use JSX unless the '--jsx' flag is provided.
src/views/portal/amenities/MyBookings.tsx(176,23): error TS17004: Cannot use JSX unless the '--jsx' flag is provided.
src/views/portal/amenities/MyBookings.tsx(177,23): error TS17004: Cannot use JSX unless the '--jsx' flag is provided.
src/views/portal/amenities/MyBookings.tsx(178,23): error TS17004: Cannot use JSX unless the '--jsx' flag is provided.
src/views/portal/amenities/MyBookings.tsx(183,17): error TS17004: Cannot use JSX unless the '--jsx' flag is provided.
src/views/portal/amenities/MyBookings.tsx(184,19): error TS17004: Cannot use JSX unless the '--jsx' flag is provided.
src/views/portal/amenities/MyBookings.tsx(185,21): error TS17004: Cannot use JSX unless the '--jsx' flag is provided.
src/views/portal/amenities/MyBookings.tsx(186,21): error TS17004: Cannot use JSX unless the '--jsx' flag is provided.
src/views/portal/amenities/MyBookings.tsx(188,23): error TS17004: Cannot use JSX unless the '--jsx' flag is provided.
src/views/portal/amenities/MyBookings.tsx(195,21): error TS17004: Cannot use JSX unless the '--jsx' flag is provided.
src/views/portal/amenities/MyBookings.tsx(211,9): error TS17004: Cannot use JSX unless the '--jsx' flag is provided.
src/views/portal/amenities/MyBookings.tsx(212,11): error TS17004: Cannot use JSX unless the '--jsx' flag is provided.
src/views/portal/amenities/MyBookings.tsx(213,13): error TS17004: Cannot use JSX unless the '--jsx' flag is provided.
src/views/portal/amenities/MyBookings.tsx(215,13): error TS17004: Cannot use JSX unless the '--jsx' flag is provided.
src/views/portal/amenities/MyBookings.tsx(216,15): error TS17004: Cannot use JSX unless the '--jsx' flag is provided.
src/views/portal/amenities/MyBookings.tsx(219,13): error TS17004: Cannot use JSX unless the '--jsx' flag is provided.
src/views/portal/amenities/MyBookings.tsx(220,13): error TS17004: Cannot use JSX unless the '--jsx' flag is provided.
src/views/portal/amenities/MyBookings.tsx(221,49): error TS17004: Cannot use JSX unless the '--jsx' flag is provided.
src/views/portal/amenities/MyBookings.tsx(221,134): error TS17004: Cannot use JSX unless the '--jsx' flag is provided.
src/views/portal/amenities/MyBookings.tsx(224,15): error TS17004: Cannot use JSX unless the '--jsx' flag is provided.
src/views/portal/amenities/MyBookings.tsx(229,13): error TS17004: Cannot use JSX unless the '--jsx' flag is provided.
src/views/portal/amenities/MyBookings.tsx(230,15): error TS17004: Cannot use JSX unless the '--jsx' flag is provided.
src/views/portal/amenities/MyBookings.tsx(236,15): error TS17004: Cannot use JSX unless the '--jsx' flag is provided.
src/views/portal/auth/ForgotPassword.tsx(1,8): error TS1259: Module '"C:/code_visual_xanh/lab60622/lab60622/node_modules/@types/react/index"' can only be default-imported using the 'esModuleInterop' flag
src/views/portal/auth/ForgotPassword.tsx(5,39): error TS2307: Cannot find module '@/components/shared' or its corresponding type declarations.
src/views/portal/auth/ForgotPassword.tsx(6,20): error TS2307: Cannot find module '@/utils' or its corresponding type declarations.
src/views/portal/auth/ForgotPassword.tsx(26,34): error TS2705: An async function or method in ES5 requires the 'Promise' constructor.  Make sure you have a declaration for the 'Promise' constructor or include 'ES2015' in your '--lib' option.
src/views/portal/auth/ForgotPassword.tsx(29,15): error TS2585: 'Promise' only refers to a type, but is being used as a value here. Do you need to change your target library? Try changing the 'lib' compiler option to es2015 or later.
src/views/portal/auth/ForgotPassword.tsx(29,23): error TS7006: Parameter 'resolve' implicitly has an 'any' type.
src/views/portal/auth/ForgotPassword.tsx(52,26): error TS7006: Parameter 'char' implicitly has an 'any' type.
src/views/portal/auth/ForgotPassword.tsx(54,27): error TS7006: Parameter 'char' implicitly has an 'any' type.
src/views/portal/auth/ForgotPassword.tsx(54,33): error TS7006: Parameter 'i' implicitly has an 'any' type.
src/views/portal/auth/ForgotPassword.tsx(66,27): error TS2705: An async function or method in ES5 requires the 'Promise' constructor.  Make sure you have a declaration for the 'Promise' constructor or include 'ES2015' in your '--lib' option.
src/views/portal/auth/ForgotPassword.tsx(68,15): error TS2585: 'Promise' only refers to a type, but is being used as a value here. Do you need to change your target library? Try changing the 'lib' compiler option to es2015 or later.
src/views/portal/auth/ForgotPassword.tsx(68,23): error TS7006: Parameter 'resolve' implicitly has an 'any' type.
src/views/portal/auth/ForgotPassword.tsx(79,32): error TS2705: An async function or method in ES5 requires the 'Promise' constructor.  Make sure you have a declaration for the 'Promise' constructor or include 'ES2015' in your '--lib' option.
src/views/portal/auth/ForgotPassword.tsx(86,15): error TS2585: 'Promise' only refers to a type, but is being used as a value here. Do you need to change your target library? Try changing the 'lib' compiler option to es2015 or later.
src/views/portal/auth/ForgotPassword.tsx(86,23): error TS7006: Parameter 'resolve' implicitly has an 'any' type.
src/views/portal/auth/ForgotPassword.tsx(96,11): error TS17004: Cannot use JSX unless the '--jsx' flag is provided.
src/views/portal/auth/ForgotPassword.tsx(97,13): error TS17004: Cannot use JSX unless the '--jsx' flag is provided.
src/views/portal/auth/ForgotPassword.tsx(98,15): error TS17004: Cannot use JSX unless the '--jsx' flag is provided.
src/views/portal/auth/ForgotPassword.tsx(99,17): error TS17004: Cannot use JSX unless the '--jsx' flag is provided.
src/views/portal/auth/ForgotPassword.tsx(101,15): error TS17004: Cannot use JSX unless the '--jsx' flag is provided.
src/views/portal/auth/ForgotPassword.tsx(102,17): error TS17004: Cannot use JSX unless the '--jsx' flag is provided.
src/views/portal/auth/ForgotPassword.tsx(103,17): error TS17004: Cannot use JSX unless the '--jsx' flag is provided.
src/views/portal/auth/ForgotPassword.tsx(109,13): error TS17004: Cannot use JSX unless the '--jsx' flag is provided.
src/views/portal/auth/ForgotPassword.tsx(110,15): error TS17004: Cannot use JSX unless the '--jsx' flag is provided.
src/views/portal/auth/ForgotPassword.tsx(120,13): error TS17004: Cannot use JSX unless the '--jsx' flag is provided.
src/views/portal/auth/ForgotPassword.tsx(125,26): error TS17004: Cannot use JSX unless the '--jsx' flag is provided.
src/views/portal/auth/ForgotPassword.tsx(125,122): error TS17004: Cannot use JSX unless the '--jsx' flag is provided.
src/views/portal/auth/ForgotPassword.tsx(125,133): error TS17004: Cannot use JSX unless the '--jsx' flag is provided.
src/views/portal/auth/ForgotPassword.tsx(131,11): error TS17004: Cannot use JSX unless the '--jsx' flag is provided.
src/views/portal/auth/ForgotPassword.tsx(132,13): error TS17004: Cannot use JSX unless the '--jsx' flag is provided.
src/views/portal/auth/ForgotPassword.tsx(133,15): error TS17004: Cannot use JSX unless the '--jsx' flag is provided.
src/views/portal/auth/ForgotPassword.tsx(134,17): error TS17004: Cannot use JSX unless the '--jsx' flag is provided.
src/views/portal/auth/ForgotPassword.tsx(136,15): error TS17004: Cannot use JSX unless the '--jsx' flag is provided.
src/views/portal/auth/ForgotPassword.tsx(137,17): error TS17004: Cannot use JSX unless the '--jsx' flag is provided.
src/views/portal/auth/ForgotPassword.tsx(138,17): error TS17004: Cannot use JSX unless the '--jsx' flag is provided.
src/views/portal/auth/ForgotPassword.tsx(139,48): error TS17004: Cannot use JSX unless the '--jsx' flag is provided.
src/views/portal/auth/ForgotPassword.tsx(139,53): error TS17004: Cannot use JSX unless the '--jsx' flag is provided.
src/views/portal/auth/ForgotPassword.tsx(144,13): error TS17004: Cannot use JSX unless the '--jsx' flag is provided.
src/views/portal/auth/ForgotPassword.tsx(146,17): error TS17004: Cannot use JSX unless the '--jsx' flag is provided.
src/views/portal/auth/ForgotPassword.tsx(166,13): error TS17004: Cannot use JSX unless the '--jsx' flag is provided.
src/views/portal/auth/ForgotPassword.tsx(168,18): error TS17004: Cannot use JSX unless the '--jsx' flag is provided.
src/views/portal/auth/ForgotPassword.tsx(168,71): error TS17004: Cannot use JSX unless the '--jsx' flag is provided.
src/views/portal/auth/ForgotPassword.tsx(170,18): error TS17004: Cannot use JSX unless the '--jsx' flag is provided.
src/views/portal/auth/ForgotPassword.tsx(179,11): error TS17004: Cannot use JSX unless the '--jsx' flag is provided.
src/views/portal/auth/ForgotPassword.tsx(180,13): error TS17004: Cannot use JSX unless the '--jsx' flag is provided.
src/views/portal/auth/ForgotPassword.tsx(181,15): error TS17004: Cannot use JSX unless the '--jsx' flag is provided.
src/views/portal/auth/ForgotPassword.tsx(182,17): error TS17004: Cannot use JSX unless the '--jsx' flag is provided.
src/views/portal/auth/ForgotPassword.tsx(184,15): error TS17004: Cannot use JSX unless the '--jsx' flag is provided.
src/views/portal/auth/ForgotPassword.tsx(185,17): error TS17004: Cannot use JSX unless the '--jsx' flag is provided.
src/views/portal/auth/ForgotPassword.tsx(186,17): error TS17004: Cannot use JSX unless the '--jsx' flag is provided.
src/views/portal/auth/ForgotPassword.tsx(190,13): error TS17004: Cannot use JSX unless the '--jsx' flag is provided.
src/views/portal/auth/ForgotPassword.tsx(191,16): error TS17004: Cannot use JSX unless the '--jsx' flag is provided.
src/views/portal/auth/ForgotPassword.tsx(192,18): error TS17004: Cannot use JSX unless the '--jsx' flag is provided.
src/views/portal/auth/ForgotPassword.tsx(200,31): error TS17004: Cannot use JSX unless the '--jsx' flag is provided.
src/views/portal/auth/ForgotPassword.tsx(202,16): error TS17004: Cannot use JSX unless the '--jsx' flag is provided.
src/views/portal/auth/ForgotPassword.tsx(203,18): error TS17004: Cannot use JSX unless the '--jsx' flag is provided.
src/views/portal/auth/ForgotPassword.tsx(214,13): error TS17004: Cannot use JSX unless the '--jsx' flag is provided.
src/views/portal/auth/ForgotPassword.tsx(219,27): error TS17004: Cannot use JSX unless the '--jsx' flag is provided.
src/views/portal/auth/ForgotPassword.tsx(225,11): error TS17004: Cannot use JSX unless the '--jsx' flag is provided.
src/views/portal/auth/ForgotPassword.tsx(226,13): error TS17004: Cannot use JSX unless the '--jsx' flag is provided.
src/views/portal/auth/ForgotPassword.tsx(227,15): error TS17004: Cannot use JSX unless the '--jsx' flag is provided.
src/views/portal/auth/ForgotPassword.tsx(229,13): error TS17004: Cannot use JSX unless the '--jsx' flag is provided.
src/views/portal/auth/ForgotPassword.tsx(230,15): error TS17004: Cannot use JSX unless the '--jsx' flag is provided.
src/views/portal/auth/ForgotPassword.tsx(231,15): error TS17004: Cannot use JSX unless the '--jsx' flag is provided.
src/views/portal/auth/ForgotPassword.tsx(231,93): error TS17004: Cannot use JSX unless the '--jsx' flag is provided.
src/views/portal/auth/ForgotPassword.tsx(239,5): error TS17004: Cannot use JSX unless the '--jsx' flag is provided.
src/views/portal/auth/ForgotPassword.tsx(240,7): error TS17004: Cannot use JSX unless the '--jsx' flag is provided.
src/views/portal/auth/ForgotPassword.tsx(242,11): error TS17004: Cannot use JSX unless the '--jsx' flag is provided.
src/views/portal/auth/ForgotPassword.tsx(246,13): error TS17004: Cannot use JSX unless the '--jsx' flag is provided.
src/views/portal/auth/ForgotPassword.tsx(249,9): error TS17004: Cannot use JSX unless the '--jsx' flag is provided.
src/views/portal/auth/OtpVerification.tsx(1,8): error TS1259: Module '"C:/code_visual_xanh/lab60622/lab60622/node_modules/@types/react/index"' can only be default-imported using the 'esModuleInterop' flag
src/views/portal/auth/OtpVerification.tsx(4,20): error TS2307: Cannot find module '@/utils' or its corresponding type declarations.
src/views/portal/auth/OtpVerification.tsx(50,26): error TS7006: Parameter 'char' implicitly has an 'any' type.
src/views/portal/auth/OtpVerification.tsx(52,27): error TS7006: Parameter 'char' implicitly has an 'any' type.
src/views/portal/auth/OtpVerification.tsx(52,33): error TS7006: Parameter 'i' implicitly has an 'any' type.
src/views/portal/auth/OtpVerification.tsx(64,24): error TS2705: An async function or method in ES5 requires the 'Promise' constructor.  Make sure you have a declaration for the 'Promise' constructor or include 'ES2015' in your '--lib' option.
src/views/portal/auth/OtpVerification.tsx(67,17): error TS2585: 'Promise' only refers to a type, but is being used as a value here. Do you need to change your target library? Try changing the 'lib' compiler option to es2015 or later.
src/views/portal/auth/OtpVerification.tsx(67,25): error TS7006: Parameter 'resolve' implicitly has an 'any' type.
src/views/portal/auth/OtpVerification.tsx(93,5): error TS17004: Cannot use JSX unless the '--jsx' flag is provided.
src/views/portal/auth/OtpVerification.tsx(94,7): error TS17004: Cannot use JSX unless the '--jsx' flag is provided.
src/views/portal/auth/OtpVerification.tsx(98,9): error TS17004: Cannot use JSX unless the '--jsx' flag is provided.
src/views/portal/auth/OtpVerification.tsx(102,11): error TS17004: Cannot use JSX unless the '--jsx' flag is provided.
src/views/portal/auth/OtpVerification.tsx(105,9): error TS17004: Cannot use JSX unless the '--jsx' flag is provided.
src/views/portal/auth/OtpVerification.tsx(106,11): error TS17004: Cannot use JSX unless the '--jsx' flag is provided.
src/views/portal/auth/OtpVerification.tsx(107,13): error TS17004: Cannot use JSX unless the '--jsx' flag is provided.
src/views/portal/auth/OtpVerification.tsx(109,11): error TS17004: Cannot use JSX unless the '--jsx' flag is provided.
src/views/portal/auth/OtpVerification.tsx(110,11): error TS17004: Cannot use JSX unless the '--jsx' flag is provided.
src/views/portal/auth/OtpVerification.tsx(111,45): error TS17004: Cannot use JSX unless the '--jsx' flag is provided.
src/views/portal/auth/OtpVerification.tsx(115,9): error TS17004: Cannot use JSX unless the '--jsx' flag is provided.
src/views/portal/auth/OtpVerification.tsx(117,13): error TS17004: Cannot use JSX unless the '--jsx' flag is provided.
src/views/portal/auth/OtpVerification.tsx(138,9): error TS17004: Cannot use JSX unless the '--jsx' flag is provided.
src/views/portal/auth/OtpVerification.tsx(140,13): error TS17004: Cannot use JSX unless the '--jsx' flag is provided.
src/views/portal/auth/OtpVerification.tsx(141,30): error TS17004: Cannot use JSX unless the '--jsx' flag is provided.
src/views/portal/auth/OtpVerification.tsx(144,13): error TS17004: Cannot use JSX unless the '--jsx' flag is provided.
src/views/portal/auth/OtpVerification.tsx(154,9): error TS17004: Cannot use JSX unless the '--jsx' flag is provided.
src/views/portal/auth/OtpVerification.tsx(160,13): error TS17004: Cannot use JSX unless the '--jsx' flag is provided.
src/views/portal/auth/OtpVerification.tsx(167,7): error TS17004: Cannot use JSX unless the '--jsx' flag is provided.
src/views/portal/auth/PortalLogin.tsx(1,8): error TS1259: Module '"C:/code_visual_xanh/lab60622/lab60622/node_modules/@types/react/index"' can only be default-imported using the 'esModuleInterop' flag
src/views/portal/auth/PortalLogin.tsx(5,26): error TS2307: Cannot find module '@/stores/authStore' or its corresponding type declarations.
src/views/portal/auth/PortalLogin.tsx(17,34): error TS7006: Parameter 'state' implicitly has an 'any' type.
src/views/portal/auth/PortalLogin.tsx(29,23): error TS2705: An async function or method in ES5 requires the 'Promise' constructor.  Make sure you have a declaration for the 'Promise' constructor or include 'ES2015' in your '--lib' option.
src/views/portal/auth/PortalLogin.tsx(38,17): error TS2585: 'Promise' only refers to a type, but is being used as a value here. Do you need to change your target library? Try changing the 'lib' compiler option to es2015 or later.
src/views/portal/auth/PortalLogin.tsx(38,25): error TS7006: Parameter 'resolve' implicitly has an 'any' type.
src/views/portal/auth/PortalLogin.tsx(72,5): error TS17004: Cannot use JSX unless the '--jsx' flag is provided.
src/views/portal/auth/PortalLogin.tsx(74,7): error TS17004: Cannot use JSX unless the '--jsx' flag is provided.
src/views/portal/auth/PortalLogin.tsx(77,9): error TS17004: Cannot use JSX unless the '--jsx' flag is provided.
src/views/portal/auth/PortalLogin.tsx(78,11): error TS17004: Cannot use JSX unless the '--jsx' flag is provided.
src/views/portal/auth/PortalLogin.tsx(79,13): error TS17004: Cannot use JSX unless the '--jsx' flag is provided.
src/views/portal/auth/PortalLogin.tsx(81,11): error TS17004: Cannot use JSX unless the '--jsx' flag is provided.
src/views/portal/auth/PortalLogin.tsx(82,13): error TS17004: Cannot use JSX unless the '--jsx' flag is provided.
src/views/portal/auth/PortalLogin.tsx(83,13): error TS17004: Cannot use JSX unless the '--jsx' flag is provided.
src/views/portal/auth/PortalLogin.tsx(87,9): error TS17004: Cannot use JSX unless the '--jsx' flag is provided.
src/views/portal/auth/PortalLogin.tsx(89,11): error TS17004: Cannot use JSX unless the '--jsx' flag is provided.
src/views/portal/auth/PortalLogin.tsx(90,13): error TS17004: Cannot use JSX unless the '--jsx' flag is provided.
src/views/portal/auth/PortalLogin.tsx(100,11): error TS17004: Cannot use JSX unless the '--jsx' flag is provided.
src/views/portal/auth/PortalLogin.tsx(101,13): error TS17004: Cannot use JSX unless the '--jsx' flag is provided.
src/views/portal/auth/PortalLogin.tsx(109,13): error TS17004: Cannot use JSX unless the '--jsx' flag is provided.
src/views/portal/auth/PortalLogin.tsx(114,31): error TS17004: Cannot use JSX unless the '--jsx' flag is provided.
src/views/portal/auth/PortalLogin.tsx(114,54): error TS17004: Cannot use JSX unless the '--jsx' flag is provided.
src/views/portal/auth/PortalLogin.tsx(118,11): error TS17004: Cannot use JSX unless the '--jsx' flag is provided.
src/views/portal/auth/PortalLogin.tsx(119,13): error TS17004: Cannot use JSX unless the '--jsx' flag is provided.
src/views/portal/auth/PortalLogin.tsx(120,15): error TS17004: Cannot use JSX unless the '--jsx' flag is provided.
src/views/portal/auth/PortalLogin.tsx(126,15): error TS17004: Cannot use JSX unless the '--jsx' flag is provided.
src/views/portal/auth/PortalLogin.tsx(128,13): error TS17004: Cannot use JSX unless the '--jsx' flag is provided.
src/views/portal/auth/PortalLogin.tsx(137,11): error TS17004: Cannot use JSX unless the '--jsx' flag is provided.
src/views/portal/auth/PortalLogin.tsx(145,15): error TS17004: Cannot use JSX unless the '--jsx' flag is provided.
src/views/portal/auth/PortalLogin.tsx(153,9): error TS17004: Cannot use JSX unless the '--jsx' flag is provided.
src/views/portal/auth/PortalLogin.tsx(154,13): error TS17004: Cannot use JSX unless the '--jsx' flag is provided.
src/views/portal/auth/PortalLogin.tsx(156,16): error TS17004: Cannot use JSX unless the '--jsx' flag is provided.
src/views/portal/contracts/ContractView.tsx(1,8): error TS1259: Module '"C:/code_visual_xanh/lab60622/lab60622/node_modules/@types/react/index"' can only be default-imported using the 'esModuleInterop' flag
src/views/portal/contracts/ContractView.tsx(4,3): error TS6133: 'FileText' is declared but its value is never read.
src/views/portal/contracts/ContractView.tsx(6,3): error TS6133: 'MapPin' is declared but its value is never read.
src/views/portal/contracts/ContractView.tsx(10,3): error TS6133: 'CheckCircle2' is declared but its value is never read.
src/views/portal/contracts/ContractView.tsx(16,26): error TS2307: Cannot find module '@/components/layout/PortalLayout' or its corresponding type declarations.
src/views/portal/contracts/ContractView.tsx(17,17): error TS2307: Cannot find module '@/services/apiClient' or its corresponding type declarations.
src/views/portal/contracts/ContractView.tsx(18,43): error TS2307: Cannot find module '@/utils' or its corresponding type declarations.
src/views/portal/contracts/ContractView.tsx(19,25): error TS2307: Cannot find module '@/components/ui/Feedback' or its corresponding type declarations.
src/views/portal/contracts/ContractView.tsx(32,5): error TS17004: Cannot use JSX unless the '--jsx' flag is provided.
src/views/portal/contracts/ContractView.tsx(36,9): error TS17004: Cannot use JSX unless the '--jsx' flag is provided.
src/views/portal/contracts/ContractView.tsx(37,11): error TS17004: Cannot use JSX unless the '--jsx' flag is provided.
src/views/portal/contracts/ContractView.tsx(41,7): error TS17004: Cannot use JSX unless the '--jsx' flag is provided.
src/views/portal/contracts/ContractView.tsx(43,11): error TS17004: Cannot use JSX unless the '--jsx' flag is provided.
src/views/portal/contracts/ContractView.tsx(43,54): error TS17004: Cannot use JSX unless the '--jsx' flag is provided.
src/views/portal/contracts/ContractView.tsx(45,11): error TS17004: Cannot use JSX unless the '--jsx' flag is provided.
src/views/portal/contracts/ContractView.tsx(47,13): error TS17004: Cannot use JSX unless the '--jsx' flag is provided.
src/views/portal/contracts/ContractView.tsx(48,15): error TS17004: Cannot use JSX unless the '--jsx' flag is provided.
src/views/portal/contracts/ContractView.tsx(49,17): error TS17004: Cannot use JSX unless the '--jsx' flag is provided.
src/views/portal/contracts/ContractView.tsx(50,19): error TS17004: Cannot use JSX unless the '--jsx' flag is provided.
src/views/portal/contracts/ContractView.tsx(51,21): error TS17004: Cannot use JSX unless the '--jsx' flag is provided.
src/views/portal/contracts/ContractView.tsx(52,21): error TS17004: Cannot use JSX unless the '--jsx' flag is provided.
src/views/portal/contracts/ContractView.tsx(53,23): error TS17004: Cannot use JSX unless the '--jsx' flag is provided.
src/views/portal/contracts/ContractView.tsx(56,19): error TS17004: Cannot use JSX unless the '--jsx' flag is provided.
src/views/portal/contracts/ContractView.tsx(57,19): error TS17004: Cannot use JSX unless the '--jsx' flag is provided.
src/views/portal/contracts/ContractView.tsx(59,17): error TS17004: Cannot use JSX unless the '--jsx' flag is provided.
src/views/portal/contracts/ContractView.tsx(64,13): error TS17004: Cannot use JSX unless the '--jsx' flag is provided.
src/views/portal/contracts/ContractView.tsx(65,15): error TS17004: Cannot use JSX unless the '--jsx' flag is provided.
src/views/portal/contracts/ContractView.tsx(66,15): error TS17004: Cannot use JSX unless the '--jsx' flag is provided.
src/views/portal/contracts/ContractView.tsx(70,13): error TS17004: Cannot use JSX unless the '--jsx' flag is provided.
src/views/portal/contracts/ContractView.tsx(71,15): error TS17004: Cannot use JSX unless the '--jsx' flag is provided.
src/views/portal/contracts/ContractView.tsx(72,17): error TS17004: Cannot use JSX unless the '--jsx' flag is provided.
src/views/portal/contracts/ContractView.tsx(73,19): error TS17004: Cannot use JSX unless the '--jsx' flag is provided.
src/views/portal/contracts/ContractView.tsx(74,19): error TS17004: Cannot use JSX unless the '--jsx' flag is provided.
src/views/portal/contracts/ContractView.tsx(75,21): error TS17004: Cannot use JSX unless the '--jsx' flag is provided.
src/views/portal/contracts/ContractView.tsx(76,21): error TS17004: Cannot use JSX unless the '--jsx' flag is provided.
src/views/portal/contracts/ContractView.tsx(77,21): error TS17004: Cannot use JSX unless the '--jsx' flag is provided.
src/views/portal/contracts/ContractView.tsx(80,17): error TS17004: Cannot use JSX unless the '--jsx' flag is provided.
src/views/portal/contracts/ContractView.tsx(81,19): error TS17004: Cannot use JSX unless the '--jsx' flag is provided.
src/views/portal/contracts/ContractView.tsx(87,13): error TS17004: Cannot use JSX unless the '--jsx' flag is provided.
src/views/portal/contracts/ContractView.tsx(88,15): error TS17004: Cannot use JSX unless the '--jsx' flag is provided.
src/views/portal/contracts/ContractView.tsx(89,15): error TS17004: Cannot use JSX unless the '--jsx' flag is provided.
src/views/portal/contracts/ContractView.tsx(95,19): error TS17004: Cannot use JSX unless the '--jsx' flag is provided.
src/views/portal/contracts/ContractView.tsx(96,21): error TS17004: Cannot use JSX unless the '--jsx' flag is provided.
src/views/portal/contracts/ContractView.tsx(97,23): error TS17004: Cannot use JSX unless the '--jsx' flag is provided.
src/views/portal/contracts/ContractView.tsx(98,25): error TS17004: Cannot use JSX unless the '--jsx' flag is provided.
src/views/portal/contracts/ContractView.tsx(100,23): error TS17004: Cannot use JSX unless the '--jsx' flag is provided.
src/views/portal/contracts/ContractView.tsx(102,21): error TS17004: Cannot use JSX unless the '--jsx' flag is provided.
src/views/portal/contracts/ContractView.tsx(102,94): error TS17004: Cannot use JSX unless the '--jsx' flag is provided.
src/views/portal/contracts/ContractView.tsx(109,13): error TS17004: Cannot use JSX unless the '--jsx' flag is provided.
src/views/portal/contracts/ContractView.tsx(110,16): error TS17004: Cannot use JSX unless the '--jsx' flag is provided.
src/views/portal/contracts/ContractView.tsx(111,19): error TS17004: Cannot use JSX unless the '--jsx' flag is provided.
src/views/portal/contracts/ContractView.tsx(112,19): error TS17004: Cannot use JSX unless the '--jsx' flag is provided.
src/views/portal/contracts/ContractView.tsx(125,3): error TS17004: Cannot use JSX unless the '--jsx' flag is provided.
src/views/portal/contracts/ContractView.tsx(126,5): error TS17004: Cannot use JSX unless the '--jsx' flag is provided.
src/views/portal/contracts/ContractView.tsx(127,7): error TS17004: Cannot use JSX unless the '--jsx' flag is provided.
src/views/portal/contracts/ContractView.tsx(129,5): error TS17004: Cannot use JSX unless the '--jsx' flag is provided.
src/views/portal/contracts/ContractView.tsx(130,7): error TS17004: Cannot use JSX unless the '--jsx' flag is provided.
src/views/portal/contracts/ContractView.tsx(131,7): error TS17004: Cannot use JSX unless the '--jsx' flag is provided.
src/views/portal/dashboard/TenantDashboard.tsx(1,8): error TS1259: Module '"C:/code_visual_xanh/lab60622/lab60622/node_modules/@types/react/index"' can only be default-imported using the 'esModuleInterop' flag
src/views/portal/dashboard/TenantDashboard.tsx(3,3): error TS6133: 'Bell' is declared but its value is never read.
src/views/portal/dashboard/TenantDashboard.tsx(12,3): error TS6133: 'Info' is declared but its value is never read.
src/views/portal/dashboard/TenantDashboard.tsx(13,3): error TS6133: 'AlertTriangle' is declared but its value is never read.
src/views/portal/dashboard/TenantDashboard.tsx(15,3): error TS6133: 'Users' is declared but its value is never read.
src/views/portal/dashboard/TenantDashboard.tsx(16,3): error TS6133: 'CalendarDays' is declared but its value is never read.
src/views/portal/dashboard/TenantDashboard.tsx(20,24): error TS2307: Cannot find module '@/components/ui/Button' or its corresponding type declarations.
src/views/portal/dashboard/TenantDashboard.tsx(21,20): error TS2307: Cannot find module '@/utils' or its corresponding type declarations.
src/views/portal/dashboard/TenantDashboard.tsx(23,58): error TS2307: Cannot find module '@/services/tenantDashboardService' or its corresponding type declarations.
src/views/portal/dashboard/TenantDashboard.tsx(24,28): error TS6133: 'formatDistanceToNow' is declared but its value is never read.
src/views/portal/dashboard/TenantDashboard.tsx(24,49): error TS6133: 'isPast' is declared but its value is never read.
src/views/portal/dashboard/TenantDashboard.tsx(25,1): error TS6133: 'vi' is declared but its value is never read.
src/views/portal/dashboard/TenantDashboard.tsx(34,23): error TS2705: An async function or method in ES5 requires the 'Promise' constructor.  Make sure you have a declaration for the 'Promise' constructor or include 'ES2015' in your '--lib' option.
src/views/portal/dashboard/TenantDashboard.tsx(49,7): error TS17004: Cannot use JSX unless the '--jsx' flag is provided.
src/views/portal/dashboard/TenantDashboard.tsx(50,9): error TS17004: Cannot use JSX unless the '--jsx' flag is provided.
src/views/portal/dashboard/TenantDashboard.tsx(51,11): error TS17004: Cannot use JSX unless the '--jsx' flag is provided.
src/views/portal/dashboard/TenantDashboard.tsx(52,11): error TS17004: Cannot use JSX unless the '--jsx' flag is provided.
src/views/portal/dashboard/TenantDashboard.tsx(53,14): error TS17004: Cannot use JSX unless the '--jsx' flag is provided.
src/views/portal/dashboard/TenantDashboard.tsx(56,9): error TS17004: Cannot use JSX unless the '--jsx' flag is provided.
src/views/portal/dashboard/TenantDashboard.tsx(57,11): error TS17004: Cannot use JSX unless the '--jsx' flag is provided.
src/views/portal/dashboard/TenantDashboard.tsx(58,11): error TS17004: Cannot use JSX unless the '--jsx' flag is provided.
src/views/portal/dashboard/TenantDashboard.tsx(68,5): error TS17004: Cannot use JSX unless the '--jsx' flag is provided.
src/views/portal/dashboard/TenantDashboard.tsx(70,7): error TS17004: Cannot use JSX unless the '--jsx' flag is provided.
src/views/portal/dashboard/TenantDashboard.tsx(72,9): error TS17004: Cannot use JSX unless the '--jsx' flag is provided.
src/views/portal/dashboard/TenantDashboard.tsx(73,11): error TS17004: Cannot use JSX unless the '--jsx' flag is provided.
src/views/portal/dashboard/TenantDashboard.tsx(74,11): error TS17004: Cannot use JSX unless the '--jsx' flag is provided.
src/views/portal/dashboard/TenantDashboard.tsx(77,9): error TS17004: Cannot use JSX unless the '--jsx' flag is provided.
src/views/portal/dashboard/TenantDashboard.tsx(78,11): error TS17004: Cannot use JSX unless the '--jsx' flag is provided.
src/views/portal/dashboard/TenantDashboard.tsx(79,11): error TS17004: Cannot use JSX unless the '--jsx' flag is provided.
src/views/portal/dashboard/TenantDashboard.tsx(80,22): error TS17004: Cannot use JSX unless the '--jsx' flag is provided.
src/views/portal/dashboard/TenantDashboard.tsx(81,13): error TS17004: Cannot use JSX unless the '--jsx' flag is provided.
src/views/portal/dashboard/TenantDashboard.tsx(86,9): error TS17004: Cannot use JSX unless the '--jsx' flag is provided.
src/views/portal/dashboard/TenantDashboard.tsx(87,12): error TS17004: Cannot use JSX unless the '--jsx' flag is provided.
src/views/portal/dashboard/TenantDashboard.tsx(92,7): error TS17004: Cannot use JSX unless the '--jsx' flag is provided.
src/views/portal/dashboard/TenantDashboard.tsx(95,9): error TS17004: Cannot use JSX unless the '--jsx' flag is provided.
src/views/portal/dashboard/TenantDashboard.tsx(96,11): error TS17004: Cannot use JSX unless the '--jsx' flag is provided.
src/views/portal/dashboard/TenantDashboard.tsx(97,13): error TS17004: Cannot use JSX unless the '--jsx' flag is provided.
src/views/portal/dashboard/TenantDashboard.tsx(98,16): error TS17004: Cannot use JSX unless the '--jsx' flag is provided.
src/views/portal/dashboard/TenantDashboard.tsx(100,13): error TS17004: Cannot use JSX unless the '--jsx' flag is provided.
src/views/portal/dashboard/TenantDashboard.tsx(101,15): error TS17004: Cannot use JSX unless the '--jsx' flag is provided.
src/views/portal/dashboard/TenantDashboard.tsx(102,17): error TS17004: Cannot use JSX unless the '--jsx' flag is provided.
src/views/portal/dashboard/TenantDashboard.tsx(103,17): error TS17004: Cannot use JSX unless the '--jsx' flag is provided.
src/views/portal/dashboard/TenantDashboard.tsx(105,15): error TS17004: Cannot use JSX unless the '--jsx' flag is provided.
src/views/portal/dashboard/TenantDashboard.tsx(109,11): error TS17004: Cannot use JSX unless the '--jsx' flag is provided.
src/views/portal/dashboard/TenantDashboard.tsx(110,14): error TS17004: Cannot use JSX unless the '--jsx' flag is provided.
src/views/portal/dashboard/TenantDashboard.tsx(111,17): error TS17004: Cannot use JSX unless the '--jsx' flag is provided.
src/views/portal/dashboard/TenantDashboard.tsx(112,17): error TS17004: Cannot use JSX unless the '--jsx' flag is provided.
src/views/portal/dashboard/TenantDashboard.tsx(114,14): error TS17004: Cannot use JSX unless the '--jsx' flag is provided.
src/views/portal/dashboard/TenantDashboard.tsx(124,9): error TS17004: Cannot use JSX unless the '--jsx' flag is provided.
src/views/portal/dashboard/TenantDashboard.tsx(125,11): error TS17004: Cannot use JSX unless the '--jsx' flag is provided.
src/views/portal/dashboard/TenantDashboard.tsx(126,11): error TS17004: Cannot use JSX unless the '--jsx' flag is provided.
src/views/portal/dashboard/TenantDashboard.tsx(128,13): error TS17004: Cannot use JSX unless the '--jsx' flag is provided.
src/views/portal/dashboard/TenantDashboard.tsx(129,13): error TS17004: Cannot use JSX unless the '--jsx' flag is provided.
src/views/portal/dashboard/TenantDashboard.tsx(131,13): error TS17004: Cannot use JSX unless the '--jsx' flag is provided.
src/views/portal/dashboard/TenantDashboard.tsx(132,16): error TS17004: Cannot use JSX unless the '--jsx' flag is provided.
src/views/portal/dashboard/TenantDashboard.tsx(133,19): error TS17004: Cannot use JSX unless the '--jsx' flag is provided.
src/views/portal/dashboard/TenantDashboard.tsx(134,22): error TS17004: Cannot use JSX unless the '--jsx' flag is provided.
src/views/portal/dashboard/TenantDashboard.tsx(135,22): error TS17004: Cannot use JSX unless the '--jsx' flag is provided.
src/views/portal/dashboard/TenantDashboard.tsx(136,25): error TS17004: Cannot use JSX unless the '--jsx' flag is provided.
src/views/portal/dashboard/TenantDashboard.tsx(139,25): error TS17004: Cannot use JSX unless the '--jsx' flag is provided.
src/views/portal/dashboard/TenantDashboard.tsx(142,19): error TS17004: Cannot use JSX unless the '--jsx' flag is provided.
src/views/portal/dashboard/TenantDashboard.tsx(143,21): error TS17004: Cannot use JSX unless the '--jsx' flag is provided.
src/views/portal/dashboard/TenantDashboard.tsx(147,16): error TS17004: Cannot use JSX unless the '--jsx' flag is provided.
src/views/portal/dashboard/TenantDashboard.tsx(148,19): error TS17004: Cannot use JSX unless the '--jsx' flag is provided.
src/views/portal/dashboard/TenantDashboard.tsx(149,21): error TS17004: Cannot use JSX unless the '--jsx' flag is provided.
src/views/portal/dashboard/TenantDashboard.tsx(151,19): error TS17004: Cannot use JSX unless the '--jsx' flag is provided.
src/views/portal/dashboard/TenantDashboard.tsx(152,21): error TS17004: Cannot use JSX unless the '--jsx' flag is provided.
src/views/portal/dashboard/TenantDashboard.tsx(153,21): error TS17004: Cannot use JSX unless the '--jsx' flag is provided.
src/views/portal/dashboard/TenantDashboard.tsx(155,19): error TS17004: Cannot use JSX unless the '--jsx' flag is provided.
src/views/portal/dashboard/TenantDashboard.tsx(158,16): error TS17004: Cannot use JSX unless the '--jsx' flag is provided.
src/views/portal/dashboard/TenantDashboard.tsx(166,9): error TS17004: Cannot use JSX unless the '--jsx' flag is provided.
src/views/portal/dashboard/TenantDashboard.tsx(169,11): error TS17004: Cannot use JSX unless the '--jsx' flag is provided.
src/views/portal/dashboard/TenantDashboard.tsx(170,13): error TS17004: Cannot use JSX unless the '--jsx' flag is provided.
src/views/portal/dashboard/TenantDashboard.tsx(171,16): error TS17004: Cannot use JSX unless the '--jsx' flag is provided.
src/views/portal/dashboard/TenantDashboard.tsx(172,19): error TS17004: Cannot use JSX unless the '--jsx' flag is provided.
src/views/portal/dashboard/TenantDashboard.tsx(173,19): error TS17004: Cannot use JSX unless the '--jsx' flag is provided.
src/views/portal/dashboard/TenantDashboard.tsx(175,16): error TS17004: Cannot use JSX unless the '--jsx' flag is provided.
src/views/portal/dashboard/TenantDashboard.tsx(178,13): error TS17004: Cannot use JSX unless the '--jsx' flag is provided.
src/views/portal/dashboard/TenantDashboard.tsx(179,55): error TS7006: Parameter 'inv' implicitly has an 'any' type.
src/views/portal/dashboard/TenantDashboard.tsx(180,17): error TS17004: Cannot use JSX unless the '--jsx' flag is provided.
src/views/portal/dashboard/TenantDashboard.tsx(181,19): error TS17004: Cannot use JSX unless the '--jsx' flag is provided.
src/views/portal/dashboard/TenantDashboard.tsx(182,22): error TS17004: Cannot use JSX unless the '--jsx' flag is provided.
src/views/portal/dashboard/TenantDashboard.tsx(183,24): error TS17004: Cannot use JSX unless the '--jsx' flag is provided.
src/views/portal/dashboard/TenantDashboard.tsx(185,22): error TS17004: Cannot use JSX unless the '--jsx' flag is provided.
src/views/portal/dashboard/TenantDashboard.tsx(186,24): error TS17004: Cannot use JSX unless the '--jsx' flag is provided.
src/views/portal/dashboard/TenantDashboard.tsx(187,24): error TS17004: Cannot use JSX unless the '--jsx' flag is provided.
src/views/portal/dashboard/TenantDashboard.tsx(190,19): error TS17004: Cannot use JSX unless the '--jsx' flag is provided.
src/views/portal/dashboard/TenantDashboard.tsx(191,21): error TS17004: Cannot use JSX unless the '--jsx' flag is provided.
src/views/portal/dashboard/TenantDashboard.tsx(192,21): error TS17004: Cannot use JSX unless the '--jsx' flag is provided.
src/views/portal/dashboard/TenantDashboard.tsx(200,11): error TS17004: Cannot use JSX unless the '--jsx' flag is provided.
src/views/portal/dashboard/TenantDashboard.tsx(201,14): error TS17004: Cannot use JSX unless the '--jsx' flag is provided.
src/views/portal/dashboard/TenantDashboard.tsx(202,17): error TS17004: Cannot use JSX unless the '--jsx' flag is provided.
src/views/portal/dashboard/TenantDashboard.tsx(203,20): error TS17004: Cannot use JSX unless the '--jsx' flag is provided.
src/views/portal/dashboard/TenantDashboard.tsx(205,17): error TS17004: Cannot use JSX unless the '--jsx' flag is provided.
src/views/portal/dashboard/TenantDashboard.tsx(206,20): error TS17004: Cannot use JSX unless the '--jsx' flag is provided.
src/views/portal/dashboard/TenantDashboard.tsx(207,20): error TS17004: Cannot use JSX unless the '--jsx' flag is provided.
src/views/portal/dashboard/TenantDashboard.tsx(208,49): error TS7006: Parameter 't' implicitly has an 'any' type.
src/views/portal/dashboard/TenantDashboard.tsx(213,14): error TS17004: Cannot use JSX unless the '--jsx' flag is provided.
src/views/portal/dashboard/TenantDashboard.tsx(214,17): error TS17004: Cannot use JSX unless the '--jsx' flag is provided.
src/views/portal/dashboard/TenantDashboard.tsx(215,20): error TS17004: Cannot use JSX unless the '--jsx' flag is provided.
src/views/portal/dashboard/TenantDashboard.tsx(217,17): error TS17004: Cannot use JSX unless the '--jsx' flag is provided.
src/views/portal/dashboard/TenantDashboard.tsx(218,20): error TS17004: Cannot use JSX unless the '--jsx' flag is provided.
src/views/portal/dashboard/TenantDashboard.tsx(219,20): error TS17004: Cannot use JSX unless the '--jsx' flag is provided.
src/views/portal/dashboard/TenantDashboard.tsx(225,11): error TS17004: Cannot use JSX unless the '--jsx' flag is provided.
src/views/portal/dashboard/TenantDashboard.tsx(226,14): error TS17004: Cannot use JSX unless the '--jsx' flag is provided.
src/views/portal/dashboard/TenantDashboard.tsx(227,17): error TS17004: Cannot use JSX unless the '--jsx' flag is provided.
src/views/portal/dashboard/TenantDashboard.tsx(229,14): error TS17004: Cannot use JSX unless the '--jsx' flag is provided.
src/views/portal/dashboard/TenantDashboard.tsx(230,17): error TS17004: Cannot use JSX unless the '--jsx' flag is provided.
src/views/portal/dashboard/TenantDashboard.tsx(231,20): error TS17004: Cannot use JSX unless the '--jsx' flag is provided.
src/views/portal/dashboard/TenantDashboard.tsx(232,20): error TS17004: Cannot use JSX unless the '--jsx' flag is provided.
src/views/portal/dashboard/TenantDashboard.tsx(234,17): error TS17004: Cannot use JSX unless the '--jsx' flag is provided.
src/views/portal/dashboard/TenantDashboard.tsx(235,20): error TS17004: Cannot use JSX unless the '--jsx' flag is provided.
src/views/portal/dashboard/TenantDashboard.tsx(236,23): error TS17004: Cannot use JSX unless the '--jsx' flag is provided.
src/views/portal/dashboard/TenantDashboard.tsx(237,26): error TS17004: Cannot use JSX unless the '--jsx' flag is provided.
src/views/portal/dashboard/TenantDashboard.tsx(238,26): error TS17004: Cannot use JSX unless the '--jsx' flag is provided.
src/views/portal/dashboard/TenantDashboard.tsx(240,23): error TS17004: Cannot use JSX unless the '--jsx' flag is provided.
src/views/portal/dashboard/TenantDashboard.tsx(240,112): error TS17004: Cannot use JSX unless the '--jsx' flag is provided.
src/views/portal/dashboard/TenantDashboard.tsx(242,20): error TS17004: Cannot use JSX unless the '--jsx' flag is provided.
src/views/portal/dashboard/TenantDashboard.tsx(243,23): error TS17004: Cannot use JSX unless the '--jsx' flag is provided.
src/views/portal/dashboard/TenantDashboard.tsx(244,26): error TS17004: Cannot use JSX unless the '--jsx' flag is provided.
src/views/portal/dashboard/TenantDashboard.tsx(245,26): error TS17004: Cannot use JSX unless the '--jsx' flag is provided.
src/views/portal/dashboard/TenantDashboard.tsx(247,23): error TS17004: Cannot use JSX unless the '--jsx' flag is provided.
src/views/portal/dashboard/TenantDashboard.tsx(247,111): error TS17004: Cannot use JSX unless the '--jsx' flag is provided.
src/views/portal/dashboard/TenantDashboard.tsx(250,17): error TS17004: Cannot use JSX unless the '--jsx' flag is provided.
src/views/portal/dashboard/TenantDashboard.tsx(256,9): error TS17004: Cannot use JSX unless the '--jsx' flag is provided.
src/views/portal/dashboard/TenantDashboard.tsx(257,12): error TS17004: Cannot use JSX unless the '--jsx' flag is provided.
src/views/portal/dashboard/TenantDashboard.tsx(258,15): error TS17004: Cannot use JSX unless the '--jsx' flag is provided.
src/views/portal/dashboard/TenantDashboard.tsx(259,15): error TS17004: Cannot use JSX unless the '--jsx' flag is provided.
src/views/portal/dashboard/TenantDashboard.tsx(260,15): error TS17004: Cannot use JSX unless the '--jsx' flag is provided.
src/views/portal/dashboard/TenantDashboard.tsx(262,12): error TS17004: Cannot use JSX unless the '--jsx' flag is provided.
src/views/portal/finance/BalanceDetail.tsx(1,8): error TS1259: Module '"C:/code_visual_xanh/lab60622/lab60622/node_modules/@types/react/index"' can only be default-imported using the 'esModuleInterop' flag
src/views/portal/finance/BalanceDetail.tsx(9,3): error TS6133: 'Filter' is declared but its value is never read.
src/views/portal/finance/BalanceDetail.tsx(13,1): error TS6133: 'api' is declared but its value is never read.
src/views/portal/finance/BalanceDetail.tsx(13,17): error TS2307: Cannot find module '@/services/apiClient' or its corresponding type declarations.
src/views/portal/finance/BalanceDetail.tsx(14,34): error TS2307: Cannot find module '@/services/portalFinanceService' or its corresponding type declarations.
src/views/portal/finance/BalanceDetail.tsx(15,43): error TS2307: Cannot find module '@/utils' or its corresponding type declarations.
src/views/portal/finance/BalanceDetail.tsx(16,25): error TS2307: Cannot find module '@/components/ui/Feedback' or its corresponding type declarations.
src/views/portal/finance/BalanceDetail.tsx(17,1): error TS6133: 'toast' is declared but its value is never read.
src/views/portal/finance/BalanceDetail.tsx(35,5): error TS17004: Cannot use JSX unless the '--jsx' flag is provided.
src/views/portal/finance/BalanceDetail.tsx(37,9): error TS17004: Cannot use JSX unless the '--jsx' flag is provided.
src/views/portal/finance/BalanceDetail.tsx(38,13): error TS17004: Cannot use JSX unless the '--jsx' flag is provided.
src/views/portal/finance/BalanceDetail.tsx(39,17): error TS17004: Cannot use JSX unless the '--jsx' flag is provided.
src/views/portal/finance/BalanceDetail.tsx(40,21): error TS17004: Cannot use JSX unless the '--jsx' flag is provided.
src/views/portal/finance/BalanceDetail.tsx(41,21): error TS17004: Cannot use JSX unless the '--jsx' flag is provided.
src/views/portal/finance/BalanceDetail.tsx(44,21): error TS17004: Cannot use JSX unless the '--jsx' flag is provided.
src/views/portal/finance/BalanceDetail.tsx(45,25): error TS17004: Cannot use JSX unless the '--jsx' flag is provided.
src/views/portal/finance/BalanceDetail.tsx(46,29): error TS17004: Cannot use JSX unless the '--jsx' flag is provided.
src/views/portal/finance/BalanceDetail.tsx(47,29): error TS17004: Cannot use JSX unless the '--jsx' flag is provided.
src/views/portal/finance/BalanceDetail.tsx(51,17): error TS17004: Cannot use JSX unless the '--jsx' flag is provided.
src/views/portal/finance/BalanceDetail.tsx(52,21): error TS17004: Cannot use JSX unless the '--jsx' flag is provided.
src/views/portal/finance/BalanceDetail.tsx(58,9): error TS17004: Cannot use JSX unless the '--jsx' flag is provided.
src/views/portal/finance/BalanceDetail.tsx(59,13): error TS17004: Cannot use JSX unless the '--jsx' flag is provided.
src/views/portal/finance/BalanceDetail.tsx(60,17): error TS17004: Cannot use JSX unless the '--jsx' flag is provided.
src/views/portal/finance/BalanceDetail.tsx(61,17): error TS17004: Cannot use JSX unless the '--jsx' flag is provided.
src/views/portal/finance/BalanceDetail.tsx(62,21): error TS17004: Cannot use JSX unless the '--jsx' flag is provided.
src/views/portal/finance/BalanceDetail.tsx(63,21): error TS17004: Cannot use JSX unless the '--jsx' flag is provided.
src/views/portal/finance/BalanceDetail.tsx(71,9): error TS17004: Cannot use JSX unless the '--jsx' flag is provided.
src/views/portal/finance/BalanceDetail.tsx(72,13): error TS17004: Cannot use JSX unless the '--jsx' flag is provided.
src/views/portal/finance/BalanceDetail.tsx(73,17): error TS17004: Cannot use JSX unless the '--jsx' flag is provided.
src/views/portal/finance/BalanceDetail.tsx(74,21): error TS17004: Cannot use JSX unless the '--jsx' flag is provided.
src/views/portal/finance/BalanceDetail.tsx(78,13): error TS17004: Cannot use JSX unless the '--jsx' flag is provided.
src/views/portal/finance/BalanceDetail.tsx(80,21): error TS17004: Cannot use JSX unless the '--jsx' flag is provided.
src/views/portal/finance/BalanceDetail.tsx(80,64): error TS17004: Cannot use JSX unless the '--jsx' flag is provided.
src/views/portal/finance/BalanceDetail.tsx(82,57): error TS17004: Cannot use JSX unless the '--jsx' flag is provided.
src/views/portal/finance/BalanceDetail.tsx(86,25): error TS17004: Cannot use JSX unless the '--jsx' flag is provided.
src/views/portal/finance/BalanceDetail.tsx(110,5): error TS17004: Cannot use JSX unless the '--jsx' flag is provided.
src/views/portal/finance/BalanceDetail.tsx(111,9): error TS17004: Cannot use JSX unless the '--jsx' flag is provided.
src/views/portal/finance/BalanceDetail.tsx(112,13): error TS17004: Cannot use JSX unless the '--jsx' flag is provided.
src/views/portal/finance/BalanceDetail.tsx(116,29): error TS17004: Cannot use JSX unless the '--jsx' flag is provided.
src/views/portal/finance/BalanceDetail.tsx(116,59): error TS17004: Cannot use JSX unless the '--jsx' flag is provided.
src/views/portal/finance/BalanceDetail.tsx(118,13): error TS17004: Cannot use JSX unless the '--jsx' flag is provided.
src/views/portal/finance/BalanceDetail.tsx(119,17): error TS17004: Cannot use JSX unless the '--jsx' flag is provided.
src/views/portal/finance/BalanceDetail.tsx(120,17): error TS17004: Cannot use JSX unless the '--jsx' flag is provided.
src/views/portal/finance/BalanceDetail.tsx(121,21): error TS17004: Cannot use JSX unless the '--jsx' flag is provided.
src/views/portal/finance/BalanceDetail.tsx(122,21): error TS17004: Cannot use JSX unless the '--jsx' flag is provided.
src/views/portal/finance/BalanceDetail.tsx(125,17): error TS17004: Cannot use JSX unless the '--jsx' flag is provided.
src/views/portal/finance/BalanceDetail.tsx(126,21): error TS17004: Cannot use JSX unless the '--jsx' flag is provided.
src/views/portal/finance/BalanceDetail.tsx(127,21): error TS17004: Cannot use JSX unless the '--jsx' flag is provided.
src/views/portal/finance/BalanceDetail.tsx(128,21): error TS17004: Cannot use JSX unless the '--jsx' flag is provided.
src/views/portal/finance/BalanceDetail.tsx(132,9): error TS17004: Cannot use JSX unless the '--jsx' flag is provided.
src/views/portal/finance/InvoiceDetail.tsx(1,8): error TS1259: Module '"C:/code_visual_xanh/lab60622/lab60622/node_modules/@types/react/index"' can only be default-imported using the 'esModuleInterop' flag
src/views/portal/finance/InvoiceDetail.tsx(3,31): error TS6133: 'Phone' is declared but its value is never read.
src/views/portal/finance/InvoiceDetail.tsx(3,105): error TS6133: 'QrCode' is declared but its value is never read.
src/views/portal/finance/InvoiceDetail.tsx(4,47): error TS2307: Cannot find module '@/services/invoiceService' or its corresponding type declarations.
src/views/portal/finance/InvoiceDetail.tsx(5,49): error TS2307: Cannot find module '@/models/Invoice' or its corresponding type declarations.
src/views/portal/finance/InvoiceDetail.tsx(6,20): error TS2307: Cannot find module '@/utils' or its corresponding type declarations.
src/views/portal/finance/InvoiceDetail.tsx(21,25): error TS2705: An async function or method in ES5 requires the 'Promise' constructor.  Make sure you have a declaration for the 'Promise' constructor or include 'ES2015' in your '--lib' option.
src/views/portal/finance/InvoiceDetail.tsx(51,21): error TS2705: An async function or method in ES5 requires the 'Promise' constructor.  Make sure you have a declaration for the 'Promise' constructor or include 'ES2015' in your '--lib' option.
src/views/portal/finance/InvoiceDetail.tsx(71,7): error TS17004: Cannot use JSX unless the '--jsx' flag is provided.
src/views/portal/finance/InvoiceDetail.tsx(72,9): error TS17004: Cannot use JSX unless the '--jsx' flag is provided.
src/views/portal/finance/InvoiceDetail.tsx(73,9): error TS17004: Cannot use JSX unless the '--jsx' flag is provided.
src/views/portal/finance/InvoiceDetail.tsx(81,5): error TS17004: Cannot use JSX unless the '--jsx' flag is provided.
src/views/portal/finance/InvoiceDetail.tsx(83,7): error TS17004: Cannot use JSX unless the '--jsx' flag is provided.
src/views/portal/finance/InvoiceDetail.tsx(84,9): error TS17004: Cannot use JSX unless the '--jsx' flag is provided.
src/views/portal/finance/InvoiceDetail.tsx(85,11): error TS17004: Cannot use JSX unless the '--jsx' flag is provided.
src/views/portal/finance/InvoiceDetail.tsx(87,9): error TS17004: Cannot use JSX unless the '--jsx' flag is provided.
src/views/portal/finance/InvoiceDetail.tsx(88,13): error TS17004: Cannot use JSX unless the '--jsx' flag is provided.
src/views/portal/finance/InvoiceDetail.tsx(89,13): error TS17004: Cannot use JSX unless the '--jsx' flag is provided.
src/views/portal/finance/InvoiceDetail.tsx(91,9): error TS17004: Cannot use JSX unless the '--jsx' flag is provided.
src/views/portal/finance/InvoiceDetail.tsx(92,11): error TS17004: Cannot use JSX unless the '--jsx' flag is provided.
src/views/portal/finance/InvoiceDetail.tsx(96,7): error TS17004: Cannot use JSX unless the '--jsx' flag is provided.
src/views/portal/finance/InvoiceDetail.tsx(99,9): error TS17004: Cannot use JSX unless the '--jsx' flag is provided.
src/views/portal/finance/InvoiceDetail.tsx(100,12): error TS17004: Cannot use JSX unless the '--jsx' flag is provided.
src/views/portal/finance/InvoiceDetail.tsx(103,12): error TS17004: Cannot use JSX unless the '--jsx' flag is provided.
src/views/portal/finance/InvoiceDetail.tsx(104,14): error TS17004: Cannot use JSX unless the '--jsx' flag is provided.
src/views/portal/finance/InvoiceDetail.tsx(105,14): error TS17004: Cannot use JSX unless the '--jsx' flag is provided.
src/views/portal/finance/InvoiceDetail.tsx(108,15): error TS17004: Cannot use JSX unless the '--jsx' flag is provided.
src/views/portal/finance/InvoiceDetail.tsx(115,9): error TS17004: Cannot use JSX unless the '--jsx' flag is provided.
src/views/portal/finance/InvoiceDetail.tsx(116,12): error TS17004: Cannot use JSX unless the '--jsx' flag is provided.
src/views/portal/finance/InvoiceDetail.tsx(117,15): error TS17004: Cannot use JSX unless the '--jsx' flag is provided.
src/views/portal/finance/InvoiceDetail.tsx(118,15): error TS17004: Cannot use JSX unless the '--jsx' flag is provided.
src/views/portal/finance/InvoiceDetail.tsx(121,12): error TS17004: Cannot use JSX unless the '--jsx' flag is provided.
src/views/portal/finance/InvoiceDetail.tsx(122,34): error TS7006: Parameter 'item' implicitly has an 'any' type.
src/views/portal/finance/InvoiceDetail.tsx(123,16): error TS17004: Cannot use JSX unless the '--jsx' flag is provided.
src/views/portal/finance/InvoiceDetail.tsx(124,19): error TS17004: Cannot use JSX unless the '--jsx' flag is provided.
src/views/portal/finance/InvoiceDetail.tsx(128,22): error TS17004: Cannot use JSX unless the '--jsx' flag is provided.
src/views/portal/finance/InvoiceDetail.tsx(129,25): error TS17004: Cannot use JSX unless the '--jsx' flag is provided.
src/views/portal/finance/InvoiceDetail.tsx(130,28): error TS17004: Cannot use JSX unless the '--jsx' flag is provided.
src/views/portal/finance/InvoiceDetail.tsx(132,30): error TS17004: Cannot use JSX unless the '--jsx' flag is provided.
src/views/portal/finance/InvoiceDetail.tsx(135,25): error TS17004: Cannot use JSX unless the '--jsx' flag is provided.
src/views/portal/finance/InvoiceDetail.tsx(139,22): error TS17004: Cannot use JSX unless the '--jsx' flag is provided.
src/views/portal/finance/InvoiceDetail.tsx(140,55): error TS17004: Cannot use JSX unless the '--jsx' flag is provided.
src/views/portal/finance/InvoiceDetail.tsx(146,21): error TS17004: Cannot use JSX unless the '--jsx' flag is provided.
src/views/portal/finance/InvoiceDetail.tsx(147,24): error TS17004: Cannot use JSX unless the '--jsx' flag is provided.
src/views/portal/finance/InvoiceDetail.tsx(149,26): error TS17004: Cannot use JSX unless the '--jsx' flag is provided.
src/views/portal/finance/InvoiceDetail.tsx(150,28): error TS17004: Cannot use JSX unless the '--jsx' flag is provided.
src/views/portal/finance/InvoiceDetail.tsx(151,28): error TS17004: Cannot use JSX unless the '--jsx' flag is provided.
src/views/portal/finance/InvoiceDetail.tsx(152,30): error TS17004: Cannot use JSX unless the '--jsx' flag is provided.
src/views/portal/finance/InvoiceDetail.tsx(153,30): error TS17004: Cannot use JSX unless the '--jsx' flag is provided.
src/views/portal/finance/InvoiceDetail.tsx(163,17): error TS17004: Cannot use JSX unless the '--jsx' flag is provided.
src/views/portal/finance/InvoiceDetail.tsx(164,20): error TS17004: Cannot use JSX unless the '--jsx' flag is provided.
src/views/portal/finance/InvoiceDetail.tsx(165,22): error TS17004: Cannot use JSX unless the '--jsx' flag is provided.
src/views/portal/finance/InvoiceDetail.tsx(166,22): error TS17004: Cannot use JSX unless the '--jsx' flag is provided.
src/views/portal/finance/InvoiceDetail.tsx(168,20): error TS17004: Cannot use JSX unless the '--jsx' flag is provided.
src/views/portal/finance/InvoiceDetail.tsx(169,60): error TS17004: Cannot use JSX unless the '--jsx' flag is provided.
src/views/portal/finance/InvoiceDetail.tsx(175,12): error TS17004: Cannot use JSX unless the '--jsx' flag is provided.
src/views/portal/finance/InvoiceDetail.tsx(176,15): error TS17004: Cannot use JSX unless the '--jsx' flag is provided.
src/views/portal/finance/InvoiceDetail.tsx(177,15): error TS17004: Cannot use JSX unless the '--jsx' flag is provided.
src/views/portal/finance/InvoiceDetail.tsx(178,18): error TS17004: Cannot use JSX unless the '--jsx' flag is provided.
src/views/portal/finance/InvoiceDetail.tsx(179,18): error TS17004: Cannot use JSX unless the '--jsx' flag is provided.
src/views/portal/finance/InvoiceDetail.tsx(186,12): error TS17004: Cannot use JSX unless the '--jsx' flag is provided.
src/views/portal/finance/InvoiceDetail.tsx(187,15): error TS17004: Cannot use JSX unless the '--jsx' flag is provided.
src/views/portal/finance/InvoiceDetail.tsx(189,15): error TS17004: Cannot use JSX unless the '--jsx' flag is provided.
src/views/portal/finance/InvoiceDetail.tsx(191,18): error TS17004: Cannot use JSX unless the '--jsx' flag is provided.
src/views/portal/finance/InvoiceDetail.tsx(198,21): error TS17004: Cannot use JSX unless the '--jsx' flag is provided.
src/views/portal/finance/InvoiceDetail.tsx(199,24): error TS17004: Cannot use JSX unless the '--jsx' flag is provided.
src/views/portal/finance/InvoiceDetail.tsx(201,21): error TS17004: Cannot use JSX unless the '--jsx' flag is provided.
src/views/portal/finance/InvoiceDetail.tsx(202,24): error TS17004: Cannot use JSX unless the '--jsx' flag is provided.
src/views/portal/finance/InvoiceDetail.tsx(203,24): error TS17004: Cannot use JSX unless the '--jsx' flag is provided.
src/views/portal/finance/InvoiceDetail.tsx(203,85): error TS17004: Cannot use JSX unless the '--jsx' flag is provided.
src/views/portal/finance/InvoiceDetail.tsx(205,21): error TS17004: Cannot use JSX unless the '--jsx' flag is provided.
src/views/portal/finance/InvoiceDetail.tsx(206,55): error TS17004: Cannot use JSX unless the '--jsx' flag is provided.
src/views/portal/finance/InvoiceDetail.tsx(211,18): error TS17004: Cannot use JSX unless the '--jsx' flag is provided.
src/views/portal/finance/InvoiceDetail.tsx(218,21): error TS17004: Cannot use JSX unless the '--jsx' flag is provided.
src/views/portal/finance/InvoiceDetail.tsx(219,24): error TS17004: Cannot use JSX unless the '--jsx' flag is provided.
src/views/portal/finance/InvoiceDetail.tsx(221,21): error TS17004: Cannot use JSX unless the '--jsx' flag is provided.
src/views/portal/finance/InvoiceDetail.tsx(222,24): error TS17004: Cannot use JSX unless the '--jsx' flag is provided.
src/views/portal/finance/InvoiceDetail.tsx(223,24): error TS17004: Cannot use JSX unless the '--jsx' flag is provided.
src/views/portal/finance/InvoiceDetail.tsx(225,21): error TS17004: Cannot use JSX unless the '--jsx' flag is provided.
src/views/portal/finance/InvoiceDetail.tsx(226,54): error TS17004: Cannot use JSX unless the '--jsx' flag is provided.
src/views/portal/finance/InvoiceDetail.tsx(231,18): error TS17004: Cannot use JSX unless the '--jsx' flag is provided.
src/views/portal/finance/InvoiceDetail.tsx(238,21): error TS17004: Cannot use JSX unless the '--jsx' flag is provided.
src/views/portal/finance/InvoiceDetail.tsx(239,24): error TS17004: Cannot use JSX unless the '--jsx' flag is provided.
src/views/portal/finance/InvoiceDetail.tsx(241,21): error TS17004: Cannot use JSX unless the '--jsx' flag is provided.
src/views/portal/finance/InvoiceDetail.tsx(242,24): error TS17004: Cannot use JSX unless the '--jsx' flag is provided.
src/views/portal/finance/InvoiceDetail.tsx(243,24): error TS17004: Cannot use JSX unless the '--jsx' flag is provided.
src/views/portal/finance/InvoiceDetail.tsx(245,21): error TS17004: Cannot use JSX unless the '--jsx' flag is provided.
src/views/portal/finance/InvoiceDetail.tsx(246,57): error TS17004: Cannot use JSX unless the '--jsx' flag is provided.
src/views/portal/finance/InvoiceDetail.tsx(255,12): error TS17004: Cannot use JSX unless the '--jsx' flag is provided.
src/views/portal/finance/InvoiceDetail.tsx(256,15): error TS17004: Cannot use JSX unless the '--jsx' flag is provided.
src/views/portal/finance/InvoiceDetail.tsx(257,18): error TS17004: Cannot use JSX unless the '--jsx' flag is provided.
src/views/portal/finance/InvoiceDetail.tsx(258,18): error TS17004: Cannot use JSX unless the '--jsx' flag is provided.
src/views/portal/finance/InvoiceDetail.tsx(261,15): error TS17004: Cannot use JSX unless the '--jsx' flag is provided.
src/views/portal/finance/InvoiceDetail.tsx(262,18): error TS17004: Cannot use JSX unless the '--jsx' flag is provided.
src/views/portal/finance/InvoiceDetail.tsx(265,15): error TS17004: Cannot use JSX unless the '--jsx' flag is provided.
src/views/portal/finance/InvoiceDetail.tsx(266,18): error TS17004: Cannot use JSX unless the '--jsx' flag is provided.
src/views/portal/finance/InvoiceDetail.tsx(267,21): error TS17004: Cannot use JSX unless the '--jsx' flag is provided.
src/views/portal/finance/InvoiceDetail.tsx(268,24): error TS17004: Cannot use JSX unless the '--jsx' flag is provided.
src/views/portal/finance/InvoiceDetail.tsx(269,24): error TS17004: Cannot use JSX unless the '--jsx' flag is provided.
src/views/portal/finance/InvoiceDetail.tsx(272,18): error TS17004: Cannot use JSX unless the '--jsx' flag is provided.
src/views/portal/finance/InvoiceDetail.tsx(273,21): error TS17004: Cannot use JSX unless the '--jsx' flag is provided.
src/views/portal/finance/InvoiceDetail.tsx(274,24): error TS17004: Cannot use JSX unless the '--jsx' flag is provided.
src/views/portal/finance/InvoiceDetail.tsx(275,24): error TS17004: Cannot use JSX unless the '--jsx' flag is provided.
src/views/portal/finance/InvoiceDetail.tsx(278,18): error TS17004: Cannot use JSX unless the '--jsx' flag is provided.
src/views/portal/finance/InvoiceDetail.tsx(279,21): error TS17004: Cannot use JSX unless the '--jsx' flag is provided.
src/views/portal/finance/InvoiceDetail.tsx(280,24): error TS17004: Cannot use JSX unless the '--jsx' flag is provided.
src/views/portal/finance/InvoiceDetail.tsx(281,24): error TS17004: Cannot use JSX unless the '--jsx' flag is provided.
src/views/portal/finance/InvoiceDetail.tsx(283,21): error TS17004: Cannot use JSX unless the '--jsx' flag is provided.
src/views/portal/finance/InvoiceDetail.tsx(284,24): error TS17004: Cannot use JSX unless the '--jsx' flag is provided.
src/views/portal/finance/InvoiceDetail.tsx(287,18): error TS17004: Cannot use JSX unless the '--jsx' flag is provided.
src/views/portal/finance/InvoiceDetail.tsx(288,21): error TS17004: Cannot use JSX unless the '--jsx' flag is provided.
src/views/portal/finance/InvoiceDetail.tsx(289,24): error TS17004: Cannot use JSX unless the '--jsx' flag is provided.
src/views/portal/finance/InvoiceDetail.tsx(290,24): error TS17004: Cannot use JSX unless the '--jsx' flag is provided.
src/views/portal/finance/InvoiceDetail.tsx(292,21): error TS17004: Cannot use JSX unless the '--jsx' flag is provided.
src/views/portal/finance/InvoiceDetail.tsx(293,24): error TS17004: Cannot use JSX unless the '--jsx' flag is provided.
src/views/portal/finance/InvoiceDetail.tsx(304,9): error TS17004: Cannot use JSX unless the '--jsx' flag is provided.
src/views/portal/finance/InvoiceDetail.tsx(305,12): error TS17004: Cannot use JSX unless the '--jsx' flag is provided.
src/views/portal/finance/InvoiceDetail.tsx(306,15): error TS17004: Cannot use JSX unless the '--jsx' flag is provided.
src/views/portal/finance/InvoiceDetail.tsx(307,18): error TS17004: Cannot use JSX unless the '--jsx' flag is provided.
src/views/portal/finance/InvoiceDetail.tsx(308,18): error TS17004: Cannot use JSX unless the '--jsx' flag is provided.
src/views/portal/finance/InvoiceDetail.tsx(309,20): error TS17004: Cannot use JSX unless the '--jsx' flag is provided.
src/views/portal/finance/InvoiceDetail.tsx(310,20): error TS17004: Cannot use JSX unless the '--jsx' flag is provided.
src/views/portal/finance/InvoiceDetail.tsx(313,15): error TS17004: Cannot use JSX unless the '--jsx' flag is provided.
src/views/portal/finance/InvoiceDetail.tsx(324,20): error TS17004: Cannot use JSX unless the '--jsx' flag is provided.
src/views/portal/finance/InvoiceDetail.tsx(326,20): error TS17004: Cannot use JSX unless the '--jsx' flag is provided.
src/views/portal/finance/InvoiceDetail.tsx(328,22): error TS17004: Cannot use JSX unless the '--jsx' flag is provided.
src/views/portal/finance/InvoiceList.tsx(1,8): error TS1259: Module '"C:/code_visual_xanh/lab60622/lab60622/node_modules/@types/react/index"' can only be default-imported using the 'esModuleInterop' flag
src/views/portal/finance/InvoiceList.tsx(4,32): error TS2307: Cannot find module '@/services/invoiceService' or its corresponding type declarations.
src/views/portal/finance/InvoiceList.tsx(5,25): error TS2307: Cannot find module '@/models/Invoice' or its corresponding type declarations.
src/views/portal/finance/InvoiceList.tsx(6,20): error TS2307: Cannot find module '@/utils' or its corresponding type declarations.
src/views/portal/finance/InvoiceList.tsx(21,25): error TS2705: An async function or method in ES5 requires the 'Promise' constructor.  Make sure you have a declaration for the 'Promise' constructor or include 'ES2015' in your '--lib' option.
src/views/portal/finance/InvoiceList.tsx(31,23): error TS2705: An async function or method in ES5 requires the 'Promise' constructor.  Make sure you have a declaration for the 'Promise' constructor or include 'ES2015' in your '--lib' option.
src/views/portal/finance/InvoiceList.tsx(39,25): error TS2705: An async function or method in ES5 requires the 'Promise' constructor.  Make sure you have a declaration for the 'Promise' constructor or include 'ES2015' in your '--lib' option.
src/views/portal/finance/InvoiceList.tsx(60,26): error TS2705: An async function or method in ES5 requires the 'Promise' constructor.  Make sure you have a declaration for the 'Promise' constructor or include 'ES2015' in your '--lib' option.
src/views/portal/finance/InvoiceList.tsx(88,27): error TS17004: Cannot use JSX unless the '--jsx' flag is provided.
src/views/portal/finance/InvoiceList.tsx(89,29): error TS17004: Cannot use JSX unless the '--jsx' flag is provided.
src/views/portal/finance/InvoiceList.tsx(90,30): error TS17004: Cannot use JSX unless the '--jsx' flag is provided.
src/views/portal/finance/InvoiceList.tsx(106,7): error TS17004: Cannot use JSX unless the '--jsx' flag is provided.
src/views/portal/finance/InvoiceList.tsx(107,9): error TS17004: Cannot use JSX unless the '--jsx' flag is provided.
src/views/portal/finance/InvoiceList.tsx(108,9): error TS17004: Cannot use JSX unless the '--jsx' flag is provided.
src/views/portal/finance/InvoiceList.tsx(114,5): error TS17004: Cannot use JSX unless the '--jsx' flag is provided.
src/views/portal/finance/InvoiceList.tsx(123,9): error TS17004: Cannot use JSX unless the '--jsx' flag is provided.
src/views/portal/finance/InvoiceList.tsx(127,11): error TS17004: Cannot use JSX unless the '--jsx' flag is provided.
src/views/portal/finance/InvoiceList.tsx(128,14): error TS17004: Cannot use JSX unless the '--jsx' flag is provided.
src/views/portal/finance/InvoiceList.tsx(129,51): error TS17004: Cannot use JSX unless the '--jsx' flag is provided.
src/views/portal/finance/InvoiceList.tsx(130,29): error TS17004: Cannot use JSX unless the '--jsx' flag is provided.
src/views/portal/finance/InvoiceList.tsx(136,7): error TS17004: Cannot use JSX unless the '--jsx' flag is provided.
src/views/portal/finance/InvoiceList.tsx(137,9): error TS17004: Cannot use JSX unless the '--jsx' flag is provided.
src/views/portal/finance/InvoiceList.tsx(138,11): error TS17004: Cannot use JSX unless the '--jsx' flag is provided.
src/views/portal/finance/InvoiceList.tsx(139,14): error TS17004: Cannot use JSX unless the '--jsx' flag is provided.
src/views/portal/finance/InvoiceList.tsx(140,14): error TS17004: Cannot use JSX unless the '--jsx' flag is provided.
src/views/portal/finance/InvoiceList.tsx(142,17): error TS17004: Cannot use JSX unless the '--jsx' flag is provided.
src/views/portal/finance/InvoiceList.tsx(143,19): error TS17004: Cannot use JSX unless the '--jsx' flag is provided.
src/views/portal/finance/InvoiceList.tsx(147,11): error TS17004: Cannot use JSX unless the '--jsx' flag is provided.
src/views/portal/finance/InvoiceList.tsx(148,13): error TS17004: Cannot use JSX unless the '--jsx' flag is provided.
src/views/portal/finance/InvoiceList.tsx(149,15): error TS17004: Cannot use JSX unless the '--jsx' flag is provided.
src/views/portal/finance/InvoiceList.tsx(151,13): error TS17004: Cannot use JSX unless the '--jsx' flag is provided.
src/views/portal/finance/InvoiceList.tsx(152,15): error TS17004: Cannot use JSX unless the '--jsx' flag is provided.
src/views/portal/finance/InvoiceList.tsx(158,9): error TS17004: Cannot use JSX unless the '--jsx' flag is provided.
src/views/portal/finance/InvoiceList.tsx(166,15): error TS17004: Cannot use JSX unless the '--jsx' flag is provided.
src/views/portal/finance/InvoiceList.tsx(176,17): error TS17004: Cannot use JSX unless the '--jsx' flag is provided.
src/views/portal/finance/InvoiceList.tsx(179,22): error TS17004: Cannot use JSX unless the '--jsx' flag is provided.
src/views/portal/finance/InvoiceList.tsx(192,9): error TS17004: Cannot use JSX unless the '--jsx' flag is provided.
src/views/portal/finance/InvoiceList.tsx(193,12): error TS17004: Cannot use JSX unless the '--jsx' flag is provided.
src/views/portal/finance/InvoiceList.tsx(194,12): error TS17004: Cannot use JSX unless the '--jsx' flag is provided.
src/views/portal/finance/InvoiceList.tsx(195,14): error TS17004: Cannot use JSX unless the '--jsx' flag is provided.
src/views/portal/finance/InvoiceList.tsx(197,12): error TS17004: Cannot use JSX unless the '--jsx' flag is provided.
src/views/portal/finance/InvoiceList.tsx(198,14): error TS17004: Cannot use JSX unless the '--jsx' flag is provided.
src/views/portal/finance/InvoiceList.tsx(199,14): error TS17004: Cannot use JSX unless the '--jsx' flag is provided.
src/views/portal/finance/InvoiceList.tsx(205,7): error TS17004: Cannot use JSX unless the '--jsx' flag is provided.
src/views/portal/finance/InvoiceList.tsx(208,13): error TS17004: Cannot use JSX unless the '--jsx' flag is provided.
src/views/portal/finance/InvoiceList.tsx(216,44): error TS17004: Cannot use JSX unless the '--jsx' flag is provided.
src/views/portal/finance/InvoiceList.tsx(218,15): error TS17004: Cannot use JSX unless the '--jsx' flag is provided.
src/views/portal/finance/InvoiceList.tsx(219,17): error TS17004: Cannot use JSX unless the '--jsx' flag is provided.
src/views/portal/finance/InvoiceList.tsx(220,19): error TS17004: Cannot use JSX unless the '--jsx' flag is provided.
src/views/portal/finance/InvoiceList.tsx(221,19): error TS17004: Cannot use JSX unless the '--jsx' flag is provided.
src/views/portal/finance/InvoiceList.tsx(223,17): error TS17004: Cannot use JSX unless the '--jsx' flag is provided.
src/views/portal/finance/InvoiceList.tsx(229,15): error TS17004: Cannot use JSX unless the '--jsx' flag is provided.
src/views/portal/finance/InvoiceList.tsx(230,18): error TS17004: Cannot use JSX unless the '--jsx' flag is provided.
src/views/portal/finance/InvoiceList.tsx(231,21): error TS17004: Cannot use JSX unless the '--jsx' flag is provided.
src/views/portal/finance/InvoiceList.tsx(232,21): error TS17004: Cannot use JSX unless the '--jsx' flag is provided.
src/views/portal/finance/InvoiceList.tsx(234,18): error TS17004: Cannot use JSX unless the '--jsx' flag is provided.
src/views/portal/finance/InvoiceList.tsx(235,21): error TS17004: Cannot use JSX unless the '--jsx' flag is provided.
src/views/portal/finance/InvoiceList.tsx(236,21): error TS17004: Cannot use JSX unless the '--jsx' flag is provided.
src/views/portal/finance/InvoiceList.tsx(240,15): error TS17004: Cannot use JSX unless the '--jsx' flag is provided.
src/views/portal/finance/InvoiceList.tsx(241,17): error TS17004: Cannot use JSX unless the '--jsx' flag is provided.
src/views/portal/finance/InvoiceList.tsx(242,19): error TS17004: Cannot use JSX unless the '--jsx' flag is provided.
src/views/portal/finance/InvoiceList.tsx(245,19): error TS17004: Cannot use JSX unless the '--jsx' flag is provided.
src/views/portal/finance/InvoiceList.tsx(246,21): error TS17004: Cannot use JSX unless the '--jsx' flag is provided.
src/views/portal/finance/InvoiceList.tsx(247,21): error TS17004: Cannot use JSX unless the '--jsx' flag is provided.
src/views/portal/finance/InvoiceList.tsx(252,19): error TS17004: Cannot use JSX unless the '--jsx' flag is provided.
src/views/portal/finance/InvoiceList.tsx(256,20): error TS17004: Cannot use JSX unless the '--jsx' flag is provided.
src/views/portal/finance/InvoiceList.tsx(257,22): error TS17004: Cannot use JSX unless the '--jsx' flag is provided.
src/views/portal/finance/InvoiceList.tsx(264,11): error TS17004: Cannot use JSX unless the '--jsx' flag is provided.
src/views/portal/finance/InvoiceList.tsx(265,13): error TS17004: Cannot use JSX unless the '--jsx' flag is provided.
src/views/portal/finance/InvoiceList.tsx(266,16): error TS17004: Cannot use JSX unless the '--jsx' flag is provided.
src/views/portal/finance/InvoiceList.tsx(268,13): error TS17004: Cannot use JSX unless the '--jsx' flag is provided.
src/views/portal/finance/InvoiceList.tsx(269,13): error TS17004: Cannot use JSX unless the '--jsx' flag is provided.
src/views/portal/finance/PaymentHistory.tsx(1,8): error TS1259: Module '"C:/code_visual_xanh/lab60622/lab60622/node_modules/@types/react/index"' can only be default-imported using the 'esModuleInterop' flag
src/views/portal/finance/PaymentHistory.tsx(5,3): error TS6133: 'Calendar' is declared but its value is never read.
src/views/portal/finance/PaymentHistory.tsx(6,3): error TS6133: 'ChevronRight' is declared but its value is never read.
src/views/portal/finance/PaymentHistory.tsx(8,3): error TS6133: 'Filter' is declared but its value is never read.
src/views/portal/finance/PaymentHistory.tsx(15,1): error TS6133: 'PortalLayout' is declared but its value is never read.
src/views/portal/finance/PaymentHistory.tsx(15,26): error TS2307: Cannot find module '@/components/layout/PortalLayout' or its corresponding type declarations.
src/views/portal/finance/PaymentHistory.tsx(16,17): error TS2307: Cannot find module '@/services/apiClient' or its corresponding type declarations.
src/views/portal/finance/PaymentHistory.tsx(17,43): error TS2307: Cannot find module '@/utils' or its corresponding type declarations.
src/views/portal/finance/PaymentHistory.tsx(18,25): error TS2307: Cannot find module '@/components/ui/Feedback' or its corresponding type declarations.
src/views/portal/finance/PaymentHistory.tsx(32,5): error TS17004: Cannot use JSX unless the '--jsx' flag is provided.
src/views/portal/finance/PaymentHistory.tsx(34,9): error TS17004: Cannot use JSX unless the '--jsx' flag is provided.
src/views/portal/finance/PaymentHistory.tsx(35,11): error TS17004: Cannot use JSX unless the '--jsx' flag is provided.
src/views/portal/finance/PaymentHistory.tsx(36,11): error TS17004: Cannot use JSX unless the '--jsx' flag is provided.
src/views/portal/finance/PaymentHistory.tsx(44,9): error TS17004: Cannot use JSX unless the '--jsx' flag is provided.
src/views/portal/finance/PaymentHistory.tsx(46,13): error TS17004: Cannot use JSX unless the '--jsx' flag is provided.
src/views/portal/finance/PaymentHistory.tsx(47,15): error TS17004: Cannot use JSX unless the '--jsx' flag is provided.
src/views/portal/finance/PaymentHistory.tsx(51,15): error TS17004: Cannot use JSX unless the '--jsx' flag is provided.
src/views/portal/finance/PaymentHistory.tsx(56,15): error TS17004: Cannot use JSX unless the '--jsx' flag is provided.
src/views/portal/finance/PaymentHistory.tsx(82,5): error TS17004: Cannot use JSX unless the '--jsx' flag is provided.
src/views/portal/finance/PaymentHistory.tsx(86,7): error TS17004: Cannot use JSX unless the '--jsx' flag is provided.
src/views/portal/finance/PaymentHistory.tsx(87,9): error TS17004: Cannot use JSX unless the '--jsx' flag is provided.
src/views/portal/finance/PaymentHistory.tsx(88,11): error TS17004: Cannot use JSX unless the '--jsx' flag is provided.
src/views/portal/finance/PaymentHistory.tsx(90,9): error TS17004: Cannot use JSX unless the '--jsx' flag is provided.
src/views/portal/finance/PaymentHistory.tsx(91,11): error TS17004: Cannot use JSX unless the '--jsx' flag is provided.
src/views/portal/finance/PaymentHistory.tsx(92,13): error TS17004: Cannot use JSX unless the '--jsx' flag is provided.
src/views/portal/finance/PaymentHistory.tsx(93,13): error TS17004: Cannot use JSX unless the '--jsx' flag is provided.
src/views/portal/finance/PaymentHistory.tsx(94,16): error TS17004: Cannot use JSX unless the '--jsx' flag is provided.
src/views/portal/finance/PaymentHistory.tsx(97,11): error TS17004: Cannot use JSX unless the '--jsx' flag is provided.
src/views/portal/finance/PaymentHistory.tsx(98,11): error TS17004: Cannot use JSX unless the '--jsx' flag is provided.
src/views/portal/finance/PaymentHistory.tsx(101,7): error TS17004: Cannot use JSX unless the '--jsx' flag is provided.
src/views/portal/finance/PaymentHistory.tsx(102,9): error TS17004: Cannot use JSX unless the '--jsx' flag is provided.
src/views/portal/finance/PaymentHistory.tsx(103,9): error TS17004: Cannot use JSX unless the '--jsx' flag is provided.
src/views/portal/finance/PaymentHistory.tsx(104,11): error TS17004: Cannot use JSX unless the '--jsx' flag is provided.
src/views/portal/info/Announcements.tsx(1,8): error TS1259: Module '"C:/code_visual_xanh/lab60622/lab60622/node_modules/@types/react/index"' can only be default-imported using the 'esModuleInterop' flag
src/views/portal/info/Announcements.tsx(5,3): error TS6133: 'Search' is declared but its value is never read.
src/views/portal/info/Announcements.tsx(6,3): error TS6133: 'ChevronRight' is declared but its value is never read.
src/views/portal/info/Announcements.tsx(10,3): error TS6133: 'History' is declared but its value is never read.
src/views/portal/info/Announcements.tsx(11,3): error TS6133: 'Info' is declared but its value is never read.
src/views/portal/info/Announcements.tsx(14,3): error TS6133: 'BellRing' is declared but its value is never read.
src/views/portal/info/Announcements.tsx(15,3): error TS6133: 'ArrowLeft' is declared but its value is never read.
src/views/portal/info/Announcements.tsx(16,3): error TS6133: 'Filter' is declared but its value is never read.
src/views/portal/info/Announcements.tsx(23,1): error TS6133: 'api' is declared but its value is never read.
src/views/portal/info/Announcements.tsx(23,17): error TS2307: Cannot find module '@/services/apiClient' or its corresponding type declarations.
src/views/portal/info/Announcements.tsx(24,39): error TS2307: Cannot find module '@/services/portalAnnouncementService' or its corresponding type declarations.
src/views/portal/info/Announcements.tsx(25,20): error TS2307: Cannot find module '@/utils' or its corresponding type declarations.
src/views/portal/info/Announcements.tsx(26,29): error TS2307: Cannot find module '@/components/portal/BottomSheet' or its corresponding type declarations.
src/views/portal/info/Announcements.tsx(27,32): error TS2307: Cannot find module '@/components/shared/RichTextEditor' or its corresponding type declarations.
src/views/portal/info/Announcements.tsx(38,9): error TS6133: 'navigate' is declared but its value is never read.
src/views/portal/info/Announcements.tsx(62,23): error TS2705: An async function or method in ES5 requires the 'Promise' constructor.  Make sure you have a declaration for the 'Promise' constructor or include 'ES2015' in your '--lib' option.
src/views/portal/info/Announcements.tsx(85,5): error TS17004: Cannot use JSX unless the '--jsx' flag is provided.
src/views/portal/info/Announcements.tsx(87,7): error TS17004: Cannot use JSX unless the '--jsx' flag is provided.
src/views/portal/info/Announcements.tsx(88,9): error TS17004: Cannot use JSX unless the '--jsx' flag is provided.
src/views/portal/info/Announcements.tsx(89,11): error TS17004: Cannot use JSX unless the '--jsx' flag is provided.
src/views/portal/info/Announcements.tsx(90,11): error TS17004: Cannot use JSX unless the '--jsx' flag is provided.
src/views/portal/info/Announcements.tsx(91,13): error TS17004: Cannot use JSX unless the '--jsx' flag is provided.
src/views/portal/info/Announcements.tsx(92,15): error TS17004: Cannot use JSX unless the '--jsx' flag is provided.
src/views/portal/info/Announcements.tsx(93,17): error TS17004: Cannot use JSX unless the '--jsx' flag is provided.
src/views/portal/info/Announcements.tsx(95,15): error TS17004: Cannot use JSX unless the '--jsx' flag is provided.
src/views/portal/info/Announcements.tsx(96,17): error TS17004: Cannot use JSX unless the '--jsx' flag is provided.
src/views/portal/info/Announcements.tsx(97,17): error TS17004: Cannot use JSX unless the '--jsx' flag is provided.
src/views/portal/info/Announcements.tsx(100,13): error TS17004: Cannot use JSX unless the '--jsx' flag is provided.
src/views/portal/info/Announcements.tsx(104,11): error TS17004: Cannot use JSX unless the '--jsx' flag is provided.
src/views/portal/info/Announcements.tsx(105,13): error TS17004: Cannot use JSX unless the '--jsx' flag is provided.
src/views/portal/info/Announcements.tsx(110,7): error TS17004: Cannot use JSX unless the '--jsx' flag is provided.
src/views/portal/info/Announcements.tsx(112,9): error TS17004: Cannot use JSX unless the '--jsx' flag is provided.
src/views/portal/info/Announcements.tsx(114,13): error TS17004: Cannot use JSX unless the '--jsx' flag is provided.
src/views/portal/info/Announcements.tsx(130,9): error TS17004: Cannot use JSX unless the '--jsx' flag is provided.
src/views/portal/info/Announcements.tsx(132,22): error TS2550: Property 'fill' does not exist on type 'any[]'. Do you need to change your target library? Try changing the 'lib' compiler option to 'es2015' or later.
src/views/portal/info/Announcements.tsx(132,35): error TS7006: Parameter '_' implicitly has an 'any' type.
src/views/portal/info/Announcements.tsx(132,38): error TS7006: Parameter 'i' implicitly has an 'any' type.
src/views/portal/info/Announcements.tsx(133,15): error TS17004: Cannot use JSX unless the '--jsx' flag is provided.
src/views/portal/info/Announcements.tsx(136,13): error TS17004: Cannot use JSX unless the '--jsx' flag is provided.
src/views/portal/info/Announcements.tsx(138,17): error TS17004: Cannot use JSX unless the '--jsx' flag is provided.
src/views/portal/info/Announcements.tsx(141,17): error TS17004: Cannot use JSX unless the '--jsx' flag is provided.
src/views/portal/info/Announcements.tsx(145,13): error TS17004: Cannot use JSX unless the '--jsx' flag is provided.
src/views/portal/info/Announcements.tsx(146,16): error TS17004: Cannot use JSX unless the '--jsx' flag is provided.
src/views/portal/info/Announcements.tsx(147,18): error TS17004: Cannot use JSX unless the '--jsx' flag is provided.
src/views/portal/info/Announcements.tsx(149,16): error TS17004: Cannot use JSX unless the '--jsx' flag is provided.
src/views/portal/info/Announcements.tsx(155,7): error TS17004: Cannot use JSX unless the '--jsx' flag is provided.
src/views/portal/info/Announcements.tsx(161,11): error TS17004: Cannot use JSX unless the '--jsx' flag is provided.
src/views/portal/info/Announcements.tsx(162,13): error TS17004: Cannot use JSX unless the '--jsx' flag is provided.
src/views/portal/info/Announcements.tsx(163,16): error TS17004: Cannot use JSX unless the '--jsx' flag is provided.
src/views/portal/info/Announcements.tsx(164,19): error TS17004: Cannot use JSX unless the '--jsx' flag is provided.
src/views/portal/info/Announcements.tsx(166,40): error TS2550: Property 'find' does not exist on type '({ id: string; label: string; color?: undefined; } | { id: string; label: string; color: string; })[]'. Do you need to change your target library? Try changing the 'lib' compiler option to 'es2015' or later.
src/views/portal/info/Announcements.tsx(166,45): error TS7006: Parameter 't' implicitly has an 'any' type.
src/views/portal/info/Announcements.tsx(170,19): error TS17004: Cannot use JSX unless the '--jsx' flag is provided.
src/views/portal/info/Announcements.tsx(174,16): error TS17004: Cannot use JSX unless the '--jsx' flag is provided.
src/views/portal/info/Announcements.tsx(177,16): error TS17004: Cannot use JSX unless the '--jsx' flag is provided.
src/views/portal/info/Announcements.tsx(178,19): error TS17004: Cannot use JSX unless the '--jsx' flag is provided.
src/views/portal/info/Announcements.tsx(179,19): error TS17004: Cannot use JSX unless the '--jsx' flag is provided.
src/views/portal/info/Announcements.tsx(183,13): error TS17004: Cannot use JSX unless the '--jsx' flag is provided.
src/views/portal/info/Announcements.tsx(184,16): error TS17004: Cannot use JSX unless the '--jsx' flag is provided.
src/views/portal/info/Announcements.tsx(187,13): error TS17004: Cannot use JSX unless the '--jsx' flag is provided.
src/views/portal/info/Announcements.tsx(188,16): error TS17004: Cannot use JSX unless the '--jsx' flag is provided.
src/views/portal/info/Announcements.tsx(192,19): error TS17004: Cannot use JSX unless the '--jsx' flag is provided.
src/views/portal/info/Announcements.tsx(195,16): error TS17004: Cannot use JSX unless the '--jsx' flag is provided.
src/views/portal/info/Announcements.tsx(211,40): error TS2550: Property 'find' does not exist on type '({ id: string; label: string; color?: undefined; } | { id: string; label: string; color: string; })[]'. Do you need to change your target library? Try changing the 'lib' compiler option to 'es2015' or later.
src/views/portal/info/Announcements.tsx(211,45): error TS7006: Parameter 't' implicitly has an 'any' type.
src/views/portal/info/Announcements.tsx(214,5): error TS17004: Cannot use JSX unless the '--jsx' flag is provided.
src/views/portal/info/Announcements.tsx(222,7): error TS17004: Cannot use JSX unless the '--jsx' flag is provided.
src/views/portal/info/Announcements.tsx(223,9): error TS17004: Cannot use JSX unless the '--jsx' flag is provided.
src/views/portal/info/Announcements.tsx(224,12): error TS17004: Cannot use JSX unless the '--jsx' flag is provided.
src/views/portal/info/Announcements.tsx(231,14): error TS17004: Cannot use JSX unless the '--jsx' flag is provided.
src/views/portal/info/Announcements.tsx(232,17): error TS17004: Cannot use JSX unless the '--jsx' flag is provided.
src/views/portal/info/Announcements.tsx(235,14): error TS17004: Cannot use JSX unless the '--jsx' flag is provided.
src/views/portal/info/Announcements.tsx(241,9): error TS17004: Cannot use JSX unless the '--jsx' flag is provided.
src/views/portal/info/Announcements.tsx(243,15): error TS17004: Cannot use JSX unless the '--jsx' flag is provided.
src/views/portal/info/Announcements.tsx(244,18): error TS17004: Cannot use JSX unless the '--jsx' flag is provided.
src/views/portal/info/Announcements.tsx(247,12): error TS17004: Cannot use JSX unless the '--jsx' flag is provided.
src/views/portal/info/Announcements.tsx(248,15): error TS17004: Cannot use JSX unless the '--jsx' flag is provided.
src/views/portal/info/Announcements.tsx(251,15): error TS17004: Cannot use JSX unless the '--jsx' flag is provided.
src/views/portal/info/Announcements.tsx(255,12): error TS17004: Cannot use JSX unless the '--jsx' flag is provided.
src/views/portal/info/Announcements.tsx(256,15): error TS17004: Cannot use JSX unless the '--jsx' flag is provided.
src/views/portal/info/Faq.tsx(1,8): error TS1259: Module '"C:/code_visual_xanh/lab60622/lab60622/node_modules/@types/react/index"' can only be default-imported using the 'esModuleInterop' flag
src/views/portal/info/Faq.tsx(5,3): error TS6133: 'ChevronRight' is declared but its value is never read.
src/views/portal/info/Faq.tsx(7,3): error TS6133: 'Phone' is declared but its value is never read.
src/views/portal/info/Faq.tsx(8,3): error TS6133: 'Mail' is declared but its value is never read.
src/views/portal/info/Faq.tsx(10,3): error TS6133: 'Sparkles' is declared but its value is never read.
src/views/portal/info/Faq.tsx(18,20): error TS2307: Cannot find module '@/utils' or its corresponding type declarations.
src/views/portal/info/Faq.tsx(21,29): error TS2307: Cannot find module '@/components/portal/BottomSheet' or its corresponding type declarations.
src/views/portal/info/Faq.tsx(22,32): error TS2307: Cannot find module '@/components/shared/RichTextEditor' or its corresponding type declarations.
src/views/portal/info/Faq.tsx(27,13): error TS2585: 'Promise' only refers to a type, but is being used as a value here. Do you need to change your target library? Try changing the 'lib' compiler option to es2015 or later.
src/views/portal/info/Faq.tsx(27,21): error TS7006: Parameter 'res' implicitly has an 'any' type.
src/views/portal/info/Faq.tsx(38,47): error TS2550: Property 'includes' does not exist on type 'string'. Do you need to change your target library? Try changing the 'lib' compiler option to 'es2015' or later.
src/views/portal/info/Faq.tsx(77,27): error TS6133: 'isHelpful' is declared but its value is never read.
src/views/portal/info/Faq.tsx(83,5): error TS17004: Cannot use JSX unless the '--jsx' flag is provided.
src/views/portal/info/Faq.tsx(85,7): error TS17004: Cannot use JSX unless the '--jsx' flag is provided.
src/views/portal/info/Faq.tsx(86,9): error TS17004: Cannot use JSX unless the '--jsx' flag is provided.
src/views/portal/info/Faq.tsx(87,11): error TS17004: Cannot use JSX unless the '--jsx' flag is provided.
src/views/portal/info/Faq.tsx(88,13): error TS17004: Cannot use JSX unless the '--jsx' flag is provided.
src/views/portal/info/Faq.tsx(90,11): error TS17004: Cannot use JSX unless the '--jsx' flag is provided.
src/views/portal/info/Faq.tsx(94,7): error TS17004: Cannot use JSX unless the '--jsx' flag is provided.
src/views/portal/info/Faq.tsx(96,9): error TS17004: Cannot use JSX unless the '--jsx' flag is provided.
src/views/portal/info/Faq.tsx(97,11): error TS17004: Cannot use JSX unless the '--jsx' flag is provided.
src/views/portal/info/Faq.tsx(98,14): error TS17004: Cannot use JSX unless the '--jsx' flag is provided.
src/views/portal/info/Faq.tsx(100,11): error TS17004: Cannot use JSX unless the '--jsx' flag is provided.
src/views/portal/info/Faq.tsx(101,14): error TS17004: Cannot use JSX unless the '--jsx' flag is provided.
src/views/portal/info/Faq.tsx(102,17): error TS17004: Cannot use JSX unless the '--jsx' flag is provided.
src/views/portal/info/Faq.tsx(103,17): error TS17004: Cannot use JSX unless the '--jsx' flag is provided.
src/views/portal/info/Faq.tsx(105,14): error TS17004: Cannot use JSX unless the '--jsx' flag is provided.
src/views/portal/info/Faq.tsx(106,17): error TS17004: Cannot use JSX unless the '--jsx' flag is provided.
src/views/portal/info/Faq.tsx(113,17): error TS17004: Cannot use JSX unless the '--jsx' flag is provided.
src/views/portal/info/Faq.tsx(119,9): error TS17004: Cannot use JSX unless the '--jsx' flag is provided.
src/views/portal/info/Faq.tsx(121,13): error TS17004: Cannot use JSX unless the '--jsx' flag is provided.
src/views/portal/info/Faq.tsx(137,11): error TS17004: Cannot use JSX unless the '--jsx' flag is provided.
src/views/portal/info/Faq.tsx(138,13): error TS17004: Cannot use JSX unless the '--jsx' flag is provided.
src/views/portal/info/Faq.tsx(141,11): error TS17004: Cannot use JSX unless the '--jsx' flag is provided.
src/views/portal/info/Faq.tsx(144,15): error TS17004: Cannot use JSX unless the '--jsx' flag is provided.
src/views/portal/info/Faq.tsx(145,17): error TS17004: Cannot use JSX unless the '--jsx' flag is provided.
src/views/portal/info/Faq.tsx(146,19): error TS17004: Cannot use JSX unless the '--jsx' flag is provided.
src/views/portal/info/Faq.tsx(148,17): error TS17004: Cannot use JSX unless the '--jsx' flag is provided.
src/views/portal/info/Faq.tsx(150,21): error TS17004: Cannot use JSX unless the '--jsx' flag is provided.
src/views/portal/info/Faq.tsx(156,26): error TS17004: Cannot use JSX unless the '--jsx' flag is provided.
src/views/portal/info/Faq.tsx(157,28): error TS17004: Cannot use JSX unless the '--jsx' flag is provided.
src/views/portal/info/Faq.tsx(160,26): error TS17004: Cannot use JSX unless the '--jsx' flag is provided.
src/views/portal/info/Faq.tsx(161,28): error TS17004: Cannot use JSX unless the '--jsx' flag is provided.
src/views/portal/info/Faq.tsx(164,23): error TS17004: Cannot use JSX unless the '--jsx' flag is provided.
src/views/portal/info/Faq.tsx(173,15): error TS17004: Cannot use JSX unless the '--jsx' flag is provided.
src/views/portal/info/Faq.tsx(174,17): error TS17004: Cannot use JSX unless the '--jsx' flag is provided.
src/views/portal/info/Faq.tsx(175,19): error TS17004: Cannot use JSX unless the '--jsx' flag is provided.
src/views/portal/info/Faq.tsx(177,17): error TS17004: Cannot use JSX unless the '--jsx' flag is provided.
src/views/portal/info/Faq.tsx(179,23): error TS17004: Cannot use JSX unless the '--jsx' flag is provided.
src/views/portal/info/Faq.tsx(186,26): error TS17004: Cannot use JSX unless the '--jsx' flag is provided.
src/views/portal/info/Faq.tsx(190,29): error TS17004: Cannot use JSX unless the '--jsx' flag is provided.
src/views/portal/info/Faq.tsx(196,29): error TS17004: Cannot use JSX unless the '--jsx' flag is provided.
src/views/portal/info/Faq.tsx(200,32): error TS17004: Cannot use JSX unless the '--jsx' flag is provided.
src/views/portal/info/Faq.tsx(204,26): error TS17004: Cannot use JSX unless the '--jsx' flag is provided.
src/views/portal/info/Faq.tsx(208,29): error TS17004: Cannot use JSX unless the '--jsx' flag is provided.
src/views/portal/info/Faq.tsx(219,16): error TS17004: Cannot use JSX unless the '--jsx' flag is provided.
src/views/portal/info/Faq.tsx(220,19): error TS17004: Cannot use JSX unless the '--jsx' flag is provided.
src/views/portal/info/Faq.tsx(221,19): error TS17004: Cannot use JSX unless the '--jsx' flag is provided.
src/views/portal/info/Faq.tsx(230,7): error TS17004: Cannot use JSX unless the '--jsx' flag is provided.
src/views/portal/info/Faq.tsx(232,11): error TS17004: Cannot use JSX unless the '--jsx' flag is provided.
src/views/portal/info/Faq.tsx(233,14): error TS17004: Cannot use JSX unless the '--jsx' flag is provided.
src/views/portal/info/Faq.tsx(235,18): error TS17004: Cannot use JSX unless the '--jsx' flag is provided.
src/views/portal/info/Faq.tsx(236,20): error TS17004: Cannot use JSX unless the '--jsx' flag is provided.
src/views/portal/info/Faq.tsx(239,16): error TS17004: Cannot use JSX unless the '--jsx' flag is provided.
src/views/portal/info/Faq.tsx(240,16): error TS17004: Cannot use JSX unless the '--jsx' flag is provided.
src/views/portal/info/Faq.tsx(241,18): error TS17004: Cannot use JSX unless the '--jsx' flag is provided.
src/views/portal/info/Faq.tsx(245,14): error TS17004: Cannot use JSX unless the '--jsx' flag is provided.
src/views/portal/info/Faq.tsx(246,17): error TS17004: Cannot use JSX unless the '--jsx' flag is provided.
src/views/portal/info/Faq.tsx(247,17): error TS17004: Cannot use JSX unless the '--jsx' flag is provided.
src/views/portal/info/Faq.tsx(248,20): error TS17004: Cannot use JSX unless the '--jsx' flag is provided.
src/views/portal/info/Faq.tsx(252,23): error TS17004: Cannot use JSX unless the '--jsx' flag is provided.
src/views/portal/info/Faq.tsx(254,20): error TS17004: Cannot use JSX unless the '--jsx' flag is provided.
src/views/portal/info/Faq.tsx(258,23): error TS17004: Cannot use JSX unless the '--jsx' flag is provided.
src/views/portal/meters/MeterReadingList.tsx(1,8): error TS1259: Module '"C:/code_visual_xanh/lab60622/lab60622/node_modules/@types/react/index"' can only be default-imported using the 'esModuleInterop' flag
src/views/portal/meters/MeterReadingList.tsx(10,3): error TS6133: 'Info' is declared but its value is never read.
src/views/portal/meters/MeterReadingList.tsx(15,31): error TS2307: Cannot find module '@/utils' or its corresponding type declarations.
src/views/portal/meters/MeterReadingList.tsx(38,5): error TS17004: Cannot use JSX unless the '--jsx' flag is provided.
src/views/portal/meters/MeterReadingList.tsx(40,7): error TS17004: Cannot use JSX unless the '--jsx' flag is provided.
src/views/portal/meters/MeterReadingList.tsx(46,10): error TS17004: Cannot use JSX unless the '--jsx' flag is provided.
src/views/portal/meters/MeterReadingList.tsx(47,10): error TS17004: Cannot use JSX unless the '--jsx' flag is provided.
src/views/portal/meters/MeterReadingList.tsx(50,10): error TS17004: Cannot use JSX unless the '--jsx' flag is provided.
src/views/portal/meters/MeterReadingList.tsx(54,10): error TS17004: Cannot use JSX unless the '--jsx' flag is provided.
src/views/portal/meters/MeterReadingList.tsx(60,7): error TS17004: Cannot use JSX unless the '--jsx' flag is provided.
src/views/portal/meters/MeterReadingList.tsx(62,9): error TS17004: Cannot use JSX unless the '--jsx' flag is provided.
src/views/portal/meters/MeterReadingList.tsx(63,11): error TS17004: Cannot use JSX unless the '--jsx' flag is provided.
src/views/portal/meters/MeterReadingList.tsx(67,13): error TS17004: Cannot use JSX unless the '--jsx' flag is provided.
src/views/portal/meters/MeterReadingList.tsx(69,11): error TS17004: Cannot use JSX unless the '--jsx' flag is provided.
src/views/portal/meters/MeterReadingList.tsx(70,14): error TS17004: Cannot use JSX unless the '--jsx' flag is provided.
src/views/portal/meters/MeterReadingList.tsx(75,9): error TS17004: Cannot use JSX unless the '--jsx' flag is provided.
src/views/portal/meters/MeterReadingList.tsx(76,12): error TS17004: Cannot use JSX unless the '--jsx' flag is provided.
src/views/portal/meters/MeterReadingList.tsx(77,21): error TS17004: Cannot use JSX unless the '--jsx' flag is provided.
src/views/portal/meters/MeterReadingList.tsx(79,12): error TS17004: Cannot use JSX unless the '--jsx' flag is provided.
src/views/portal/meters/MeterReadingList.tsx(80,14): error TS17004: Cannot use JSX unless the '--jsx' flag is provided.
src/views/portal/meters/MeterReadingList.tsx(81,14): error TS17004: Cannot use JSX unless the '--jsx' flag is provided.
src/views/portal/meters/MeterReadingList.tsx(86,9): error TS17004: Cannot use JSX unless the '--jsx' flag is provided.
src/views/portal/meters/MeterReadingList.tsx(87,12): error TS17004: Cannot use JSX unless the '--jsx' flag is provided.
src/views/portal/meters/MeterReadingList.tsx(91,28): error TS17004: Cannot use JSX unless the '--jsx' flag is provided.
src/views/portal/meters/MeterReadingList.tsx(91,49): error TS17004: Cannot use JSX unless the '--jsx' flag is provided.
src/views/portal/meters/MeterReadingList.tsx(94,12): error TS17004: Cannot use JSX unless the '--jsx' flag is provided.
src/views/portal/meters/MeterReadingList.tsx(95,15): error TS17004: Cannot use JSX unless the '--jsx' flag is provided.
src/views/portal/meters/MeterReadingList.tsx(96,18): error TS17004: Cannot use JSX unless the '--jsx' flag is provided.
src/views/portal/meters/MeterReadingList.tsx(97,21): error TS17004: Cannot use JSX unless the '--jsx' flag is provided.
src/views/portal/meters/MeterReadingList.tsx(98,21): error TS17004: Cannot use JSX unless the '--jsx' flag is provided.
src/views/portal/meters/MeterReadingList.tsx(99,24): error TS17004: Cannot use JSX unless the '--jsx' flag is provided.
src/views/portal/meters/MeterReadingList.tsx(102,24): error TS17004: Cannot use JSX unless the '--jsx' flag is provided.
src/views/portal/meters/MeterReadingList.tsx(105,18): error TS17004: Cannot use JSX unless the '--jsx' flag is provided.
src/views/portal/meters/MeterReadingList.tsx(109,34): error TS17004: Cannot use JSX unless the '--jsx' flag is provided.
src/views/portal/meters/MeterReadingList.tsx(109,72): error TS17004: Cannot use JSX unless the '--jsx' flag is provided.
src/views/portal/meters/MeterReadingList.tsx(113,15): error TS17004: Cannot use JSX unless the '--jsx' flag is provided.
src/views/portal/meters/MeterReadingList.tsx(114,18): error TS17004: Cannot use JSX unless the '--jsx' flag is provided.
src/views/portal/meters/MeterReadingList.tsx(115,21): error TS17004: Cannot use JSX unless the '--jsx' flag is provided.
src/views/portal/meters/MeterReadingList.tsx(116,21): error TS17004: Cannot use JSX unless the '--jsx' flag is provided.
src/views/portal/meters/MeterReadingList.tsx(118,18): error TS17004: Cannot use JSX unless the '--jsx' flag is provided.
src/views/portal/meters/MeterReadingList.tsx(119,21): error TS17004: Cannot use JSX unless the '--jsx' flag is provided.
src/views/portal/meters/MeterReadingList.tsx(120,21): error TS17004: Cannot use JSX unless the '--jsx' flag is provided.
src/views/portal/meters/MeterReadingList.tsx(124,15): error TS17004: Cannot use JSX unless the '--jsx' flag is provided.
src/views/portal/meters/MeterReadingList.tsx(125,18): error TS17004: Cannot use JSX unless the '--jsx' flag is provided.
src/views/portal/meters/MeterReadingList.tsx(126,21): error TS17004: Cannot use JSX unless the '--jsx' flag is provided.
src/views/portal/meters/MeterReadingList.tsx(127,21): error TS17004: Cannot use JSX unless the '--jsx' flag is provided.
src/views/portal/meters/MeterReadingList.tsx(127,111): error TS17004: Cannot use JSX unless the '--jsx' flag is provided.
src/views/portal/meters/MeterReadingList.tsx(129,18): error TS17004: Cannot use JSX unless the '--jsx' flag is provided.
src/views/portal/meters/MeterReadingList.tsx(135,9): error TS17004: Cannot use JSX unless the '--jsx' flag is provided.
src/views/portal/meters/MeterReadingList.tsx(136,12): error TS17004: Cannot use JSX unless the '--jsx' flag is provided.
src/views/portal/meters/MeterReadingList.tsx(137,15): error TS17004: Cannot use JSX unless the '--jsx' flag is provided.
src/views/portal/meters/MeterReadingList.tsx(138,18): error TS17004: Cannot use JSX unless the '--jsx' flag is provided.
src/views/portal/meters/MeterReadingList.tsx(140,15): error TS17004: Cannot use JSX unless the '--jsx' flag is provided.
src/views/portal/meters/MeterReadingList.tsx(143,12): error TS17004: Cannot use JSX unless the '--jsx' flag is provided.
src/views/portal/meters/MeterReadingList.tsx(144,37): error TS6133: 'i' is declared but its value is never read.
src/views/portal/meters/MeterReadingList.tsx(145,17): error TS17004: Cannot use JSX unless the '--jsx' flag is provided.
src/views/portal/meters/MeterReadingList.tsx(146,20): error TS17004: Cannot use JSX unless the '--jsx' flag is provided.
src/views/portal/meters/MeterReadingList.tsx(147,23): error TS17004: Cannot use JSX unless the '--jsx' flag is provided.
src/views/portal/meters/MeterReadingList.tsx(148,26): error TS17004: Cannot use JSX unless the '--jsx' flag is provided.
src/views/portal/meters/MeterReadingList.tsx(150,23): error TS17004: Cannot use JSX unless the '--jsx' flag is provided.
src/views/portal/meters/MeterReadingList.tsx(151,26): error TS17004: Cannot use JSX unless the '--jsx' flag is provided.
src/views/portal/meters/MeterReadingList.tsx(152,26): error TS17004: Cannot use JSX unless the '--jsx' flag is provided.
src/views/portal/meters/MeterReadingList.tsx(155,20): error TS17004: Cannot use JSX unless the '--jsx' flag is provided.
src/views/portal/meters/MeterReadingList.tsx(156,23): error TS17004: Cannot use JSX unless the '--jsx' flag is provided.
src/views/portal/meters/MeterReadingList.tsx(162,23): error TS17004: Cannot use JSX unless the '--jsx' flag is provided.
src/views/portal/meters/MeterReadingList.tsx(170,9): error TS17004: Cannot use JSX unless the '--jsx' flag is provided.
src/views/portal/meters/MeterReadingList.tsx(171,12): error TS17004: Cannot use JSX unless the '--jsx' flag is provided.
src/views/portal/meters/MeterReadingList.tsx(172,15): error TS17004: Cannot use JSX unless the '--jsx' flag is provided.
src/views/portal/meters/MeterReadingList.tsx(173,15): error TS17004: Cannot use JSX unless the '--jsx' flag is provided.
src/views/portal/meters/MeterReadingList.tsx(174,17): error TS17004: Cannot use JSX unless the '--jsx' flag is provided.
src/views/portal/meters/MeterReadingList.tsx(175,17): error TS17004: Cannot use JSX unless the '--jsx' flag is provided.
src/views/portal/notifications/NotificationCenter.tsx(1,8): error TS1259: Module '"C:/code_visual_xanh/lab60622/lab60622/node_modules/@types/react/index"' can only be default-imported using the 'esModuleInterop' flag
src/views/portal/notifications/NotificationCenter.tsx(6,3): error TS6133: 'Info' is declared but its value is never read.
src/views/portal/notifications/NotificationCenter.tsx(7,3): error TS6133: 'AlertTriangle' is declared but its value is never read.
src/views/portal/notifications/NotificationCenter.tsx(9,3): error TS6133: 'Ticket' is declared but its value is never read.
src/views/portal/notifications/NotificationCenter.tsx(10,3): error TS6133: 'History' is declared but its value is never read.
src/views/portal/notifications/NotificationCenter.tsx(13,3): error TS6133: 'Clock' is declared but its value is never read.
src/views/portal/notifications/NotificationCenter.tsx(15,3): error TS6133: 'ArrowLeft' is declared but its value is never read.
src/views/portal/notifications/NotificationCenter.tsx(25,1): error TS6133: 'api' is declared but its value is never read.
src/views/portal/notifications/NotificationCenter.tsx(25,17): error TS2307: Cannot find module '@/services/apiClient' or its corresponding type declarations.
src/views/portal/notifications/NotificationCenter.tsx(26,33): error TS2307: Cannot find module '@/services/notificationService' or its corresponding type declarations.
src/views/portal/notifications/NotificationCenter.tsx(27,20): error TS2307: Cannot find module '@/utils' or its corresponding type declarations.
src/views/portal/notifications/NotificationCenter.tsx(35,34): error TS17004: Cannot use JSX unless the '--jsx' flag is provided.
src/views/portal/notifications/NotificationCenter.tsx(36,34): error TS17004: Cannot use JSX unless the '--jsx' flag is provided.
src/views/portal/notifications/NotificationCenter.tsx(37,38): error TS17004: Cannot use JSX unless the '--jsx' flag is provided.
src/views/portal/notifications/NotificationCenter.tsx(38,36): error TS17004: Cannot use JSX unless the '--jsx' flag is provided.
src/views/portal/notifications/NotificationCenter.tsx(39,40): error TS17004: Cannot use JSX unless the '--jsx' flag is provided.
src/views/portal/notifications/NotificationCenter.tsx(40,35): error TS17004: Cannot use JSX unless the '--jsx' flag is provided.
src/views/portal/notifications/NotificationCenter.tsx(41,23): error TS17004: Cannot use JSX unless the '--jsx' flag is provided.
src/views/portal/notifications/NotificationCenter.tsx(77,5): error TS17004: Cannot use JSX unless the '--jsx' flag is provided.
src/views/portal/notifications/NotificationCenter.tsx(79,7): error TS17004: Cannot use JSX unless the '--jsx' flag is provided.
src/views/portal/notifications/NotificationCenter.tsx(80,9): error TS17004: Cannot use JSX unless the '--jsx' flag is provided.
src/views/portal/notifications/NotificationCenter.tsx(81,11): error TS17004: Cannot use JSX unless the '--jsx' flag is provided.
src/views/portal/notifications/NotificationCenter.tsx(82,11): error TS17004: Cannot use JSX unless the '--jsx' flag is provided.
src/views/portal/notifications/NotificationCenter.tsx(87,7): error TS17004: Cannot use JSX unless the '--jsx' flag is provided.
src/views/portal/notifications/NotificationCenter.tsx(99,9): error TS17004: Cannot use JSX unless the '--jsx' flag is provided.
src/views/portal/notifications/NotificationCenter.tsx(100,11): error TS17004: Cannot use JSX unless the '--jsx' flag is provided.
src/views/portal/notifications/NotificationCenter.tsx(107,11): error TS17004: Cannot use JSX unless the '--jsx' flag is provided.
src/views/portal/notifications/NotificationCenter.tsx(108,13): error TS17004: Cannot use JSX unless the '--jsx' flag is provided.
src/views/portal/notifications/NotificationCenter.tsx(109,15): error TS17004: Cannot use JSX unless the '--jsx' flag is provided.
src/views/portal/notifications/NotificationCenter.tsx(113,18): error TS17004: Cannot use JSX unless the '--jsx' flag is provided.
src/views/portal/notifications/NotificationCenter.tsx(117,13): error TS17004: Cannot use JSX unless the '--jsx' flag is provided.
src/views/portal/notifications/NotificationCenter.tsx(124,13): error TS17004: Cannot use JSX unless the '--jsx' flag is provided.
src/views/portal/notifications/NotificationCenter.tsx(132,11): error TS17004: Cannot use JSX unless the '--jsx' flag is provided.
src/views/portal/notifications/NotificationCenter.tsx(133,14): error TS17004: Cannot use JSX unless the '--jsx' flag is provided.
src/views/portal/notifications/NotificationCenter.tsx(134,17): error TS17004: Cannot use JSX unless the '--jsx' flag is provided.
src/views/portal/notifications/NotificationCenter.tsx(135,17): error TS17004: Cannot use JSX unless the '--jsx' flag is provided.
src/views/portal/notifications/NotificationCenter.tsx(137,14): error TS17004: Cannot use JSX unless the '--jsx' flag is provided.
src/views/portal/notifications/NotificationCenter.tsx(170,9): error TS6133: 'getIcon' is declared but its value is never read.
src/views/portal/notifications/NotificationCenter.tsx(172,11): error TS2550: Property 'includes' does not exist on type 'string'. Do you need to change your target library? Try changing the 'lib' compiler option to 'es2015' or later.
src/views/portal/notifications/NotificationCenter.tsx(172,39): error TS17004: Cannot use JSX unless the '--jsx' flag is provided.
src/views/portal/notifications/NotificationCenter.tsx(173,11): error TS2550: Property 'includes' does not exist on type 'string'. Do you need to change your target library? Try changing the 'lib' compiler option to 'es2015' or later.
src/views/portal/notifications/NotificationCenter.tsx(173,39): error TS17004: Cannot use JSX unless the '--jsx' flag is provided.
src/views/portal/notifications/NotificationCenter.tsx(174,11): error TS2550: Property 'includes' does not exist on type 'string'. Do you need to change your target library? Try changing the 'lib' compiler option to 'es2015' or later.
src/views/portal/notifications/NotificationCenter.tsx(174,38): error TS17004: Cannot use JSX unless the '--jsx' flag is provided.
src/views/portal/notifications/NotificationCenter.tsx(175,11): error TS2550: Property 'includes' does not exist on type 'string'. Do you need to change your target library? Try changing the 'lib' compiler option to 'es2015' or later.
src/views/portal/notifications/NotificationCenter.tsx(175,40): error TS17004: Cannot use JSX unless the '--jsx' flag is provided.
src/views/portal/notifications/NotificationCenter.tsx(176,11): error TS2550: Property 'includes' does not exist on type 'string'. Do you need to change your target library? Try changing the 'lib' compiler option to 'es2015' or later.
src/views/portal/notifications/NotificationCenter.tsx(176,44): error TS17004: Cannot use JSX unless the '--jsx' flag is provided.
src/views/portal/notifications/NotificationCenter.tsx(177,12): error TS17004: Cannot use JSX unless the '--jsx' flag is provided.
src/views/portal/notifications/NotificationCenter.tsx(180,9): error TS6133: 'getIconColor' is declared but its value is never read.
src/views/portal/notifications/NotificationCenter.tsx(182,11): error TS2550: Property 'includes' does not exist on type 'string'. Do you need to change your target library? Try changing the 'lib' compiler option to 'es2015' or later.
src/views/portal/notifications/NotificationCenter.tsx(183,11): error TS2550: Property 'includes' does not exist on type 'string'. Do you need to change your target library? Try changing the 'lib' compiler option to 'es2015' or later.
src/views/portal/notifications/NotificationCenter.tsx(184,11): error TS2550: Property 'includes' does not exist on type 'string'. Do you need to change your target library? Try changing the 'lib' compiler option to 'es2015' or later.
src/views/portal/notifications/NotificationCenter.tsx(185,11): error TS2550: Property 'includes' does not exist on type 'string'. Do you need to change your target library? Try changing the 'lib' compiler option to 'es2015' or later.
src/views/portal/notifications/NotificationCenter.tsx(186,11): error TS2550: Property 'includes' does not exist on type 'string'. Do you need to change your target library? Try changing the 'lib' compiler option to 'es2015' or later.
src/views/portal/notifications/NotificationCenter.tsx(206,5): error TS17004: Cannot use JSX unless the '--jsx' flag is provided.
src/views/portal/notifications/NotificationCenter.tsx(207,7): error TS17004: Cannot use JSX unless the '--jsx' flag is provided.
src/views/portal/notifications/NotificationCenter.tsx(209,9): error TS17004: Cannot use JSX unless the '--jsx' flag is provided.
src/views/portal/notifications/NotificationCenter.tsx(210,11): error TS17004: Cannot use JSX unless the '--jsx' flag is provided.
src/views/portal/notifications/NotificationCenter.tsx(211,13): error TS17004: Cannot use JSX unless the '--jsx' flag is provided.
src/views/portal/notifications/NotificationCenter.tsx(212,13): error TS17004: Cannot use JSX unless the '--jsx' flag is provided.
src/views/portal/notifications/NotificationCenter.tsx(214,11): error TS17004: Cannot use JSX unless the '--jsx' flag is provided.
src/views/portal/notifications/NotificationCenter.tsx(219,14): error TS17004: Cannot use JSX unless the '--jsx' flag is provided.
src/views/portal/notifications/NotificationCenter.tsx(224,9): error TS17004: Cannot use JSX unless the '--jsx' flag is provided.
src/views/portal/notifications/NotificationCenter.tsx(225,12): error TS17004: Cannot use JSX unless the '--jsx' flag is provided.
src/views/portal/notifications/NotificationCenter.tsx(234,12): error TS17004: Cannot use JSX unless the '--jsx' flag is provided.
src/views/portal/notifications/NotificationCenter.tsx(246,9): error TS17004: Cannot use JSX unless the '--jsx' flag is provided.
src/views/portal/notifications/NotificationCenter.tsx(248,22): error TS2550: Property 'fill' does not exist on type 'any[]'. Do you need to change your target library? Try changing the 'lib' compiler option to 'es2015' or later.
src/views/portal/notifications/NotificationCenter.tsx(248,35): error TS7006: Parameter '_' implicitly has an 'any' type.
src/views/portal/notifications/NotificationCenter.tsx(248,38): error TS7006: Parameter 'i' implicitly has an 'any' type.
src/views/portal/notifications/NotificationCenter.tsx(249,15): error TS17004: Cannot use JSX unless the '--jsx' flag is provided.
src/views/portal/notifications/NotificationCenter.tsx(252,13): error TS17004: Cannot use JSX unless the '--jsx' flag is provided.
src/views/portal/notifications/NotificationCenter.tsx(253,16): error TS17004: Cannot use JSX unless the '--jsx' flag is provided.
src/views/portal/notifications/NotificationCenter.tsx(254,18): error TS17004: Cannot use JSX unless the '--jsx' flag is provided.
src/views/portal/notifications/NotificationCenter.tsx(256,16): error TS17004: Cannot use JSX unless the '--jsx' flag is provided.
src/views/portal/notifications/NotificationCenter.tsx(257,18): error TS17004: Cannot use JSX unless the '--jsx' flag is provided.
src/views/portal/notifications/NotificationCenter.tsx(258,18): error TS17004: Cannot use JSX unless the '--jsx' flag is provided.
src/views/portal/notifications/NotificationCenter.tsx(263,15): error TS17004: Cannot use JSX unless the '--jsx' flag is provided.
src/views/portal/onboarding/Onboarding.tsx(1,8): error TS1259: Module '"C:/code_visual_xanh/lab60622/lab60622/node_modules/@types/react/index"' can only be default-imported using the 'esModuleInterop' flag
src/views/portal/onboarding/Onboarding.tsx(14,3): error TS6133: 'ChevronRight' is declared but its value is never read.
src/views/portal/onboarding/Onboarding.tsx(17,20): error TS2307: Cannot find module '@/utils' or its corresponding type declarations.
src/views/portal/onboarding/Onboarding.tsx(18,58): error TS2307: Cannot find module '@/services/tenantDashboardService' or its corresponding type declarations.
src/views/portal/onboarding/Onboarding.tsx(21,26): error TS2307: Cannot find module '@/stores/authStore' or its corresponding type declarations.
src/views/portal/onboarding/Onboarding.tsx(31,23): error TS2705: An async function or method in ES5 requires the 'Promise' constructor.  Make sure you have a declaration for the 'Promise' constructor or include 'ES2015' in your '--lib' option.
src/views/portal/onboarding/Onboarding.tsx(46,7): error TS17004: Cannot use JSX unless the '--jsx' flag is provided.
src/views/portal/onboarding/Onboarding.tsx(47,9): error TS17004: Cannot use JSX unless the '--jsx' flag is provided.
src/views/portal/onboarding/Onboarding.tsx(109,9): error TS6133: 'handleComplete' is declared but its value is never read.
src/views/portal/onboarding/Onboarding.tsx(116,7): error TS17004: Cannot use JSX unless the '--jsx' flag is provided.
src/views/portal/onboarding/Onboarding.tsx(117,9): error TS17004: Cannot use JSX unless the '--jsx' flag is provided.
src/views/portal/onboarding/Onboarding.tsx(123,9): error TS17004: Cannot use JSX unless the '--jsx' flag is provided.
src/views/portal/onboarding/Onboarding.tsx(124,11): error TS17004: Cannot use JSX unless the '--jsx' flag is provided.
src/views/portal/onboarding/Onboarding.tsx(126,9): error TS17004: Cannot use JSX unless the '--jsx' flag is provided.
src/views/portal/onboarding/Onboarding.tsx(127,9): error TS17004: Cannot use JSX unless the '--jsx' flag is provided.
src/views/portal/onboarding/Onboarding.tsx(130,9): error TS17004: Cannot use JSX unless the '--jsx' flag is provided.
src/views/portal/onboarding/Onboarding.tsx(134,25): error TS17004: Cannot use JSX unless the '--jsx' flag is provided.
src/views/portal/onboarding/Onboarding.tsx(146,5): error TS17004: Cannot use JSX unless the '--jsx' flag is provided.
src/views/portal/onboarding/Onboarding.tsx(148,7): error TS17004: Cannot use JSX unless the '--jsx' flag is provided.
src/views/portal/onboarding/Onboarding.tsx(149,9): error TS17004: Cannot use JSX unless the '--jsx' flag is provided.
src/views/portal/onboarding/Onboarding.tsx(150,11): error TS17004: Cannot use JSX unless the '--jsx' flag is provided.
src/views/portal/onboarding/Onboarding.tsx(151,13): error TS17004: Cannot use JSX unless the '--jsx' flag is provided.
src/views/portal/onboarding/Onboarding.tsx(152,15): error TS17004: Cannot use JSX unless the '--jsx' flag is provided.
src/views/portal/onboarding/Onboarding.tsx(153,15): error TS17004: Cannot use JSX unless the '--jsx' flag is provided.
src/views/portal/onboarding/Onboarding.tsx(154,17): error TS17004: Cannot use JSX unless the '--jsx' flag is provided.
src/views/portal/onboarding/Onboarding.tsx(158,13): error TS17004: Cannot use JSX unless the '--jsx' flag is provided.
src/views/portal/onboarding/Onboarding.tsx(164,11): error TS17004: Cannot use JSX unless the '--jsx' flag is provided.
src/views/portal/onboarding/Onboarding.tsx(165,13): error TS17004: Cannot use JSX unless the '--jsx' flag is provided.
src/views/portal/onboarding/Onboarding.tsx(173,7): error TS17004: Cannot use JSX unless the '--jsx' flag is provided.
src/views/portal/onboarding/Onboarding.tsx(175,11): error TS17004: Cannot use JSX unless the '--jsx' flag is provided.
src/views/portal/onboarding/Onboarding.tsx(183,13): error TS17004: Cannot use JSX unless the '--jsx' flag is provided.
src/views/portal/onboarding/Onboarding.tsx(189,13): error TS17004: Cannot use JSX unless the '--jsx' flag is provided.
src/views/portal/onboarding/Onboarding.tsx(193,15): error TS17004: Cannot use JSX unless the '--jsx' flag is provided.
src/views/portal/onboarding/Onboarding.tsx(197,13): error TS17004: Cannot use JSX unless the '--jsx' flag is provided.
src/views/portal/onboarding/Onboarding.tsx(198,15): error TS17004: Cannot use JSX unless the '--jsx' flag is provided.
src/views/portal/onboarding/Onboarding.tsx(201,15): error TS17004: Cannot use JSX unless the '--jsx' flag is provided.
src/views/portal/onboarding/Onboarding.tsx(207,13): error TS17004: Cannot use JSX unless the '--jsx' flag is provided.
src/views/portal/onboarding/Onboarding.tsx(209,18): error TS17004: Cannot use JSX unless the '--jsx' flag is provided.
src/views/portal/onboarding/Onboarding.tsx(210,20): error TS17004: Cannot use JSX unless the '--jsx' flag is provided.
src/views/portal/onboarding/Onboarding.tsx(213,18): error TS17004: Cannot use JSX unless the '--jsx' flag is provided.
src/views/portal/onboarding/Onboarding.tsx(217,18): error TS17004: Cannot use JSX unless the '--jsx' flag is provided.
src/views/portal/onboarding/Onboarding.tsx(218,20): error TS17004: Cannot use JSX unless the '--jsx' flag is provided.
src/views/portal/onboarding/Onboarding.tsx(219,20): error TS17004: Cannot use JSX unless the '--jsx' flag is provided.
src/views/portal/PortalHome.tsx(1,8): error TS1259: Module '"C:/code_visual_xanh/lab60622/lab60622/node_modules/@types/react/index"' can only be default-imported using the 'esModuleInterop' flag
src/views/portal/PortalHome.tsx(3,20): error TS2307: Cannot find module '@/utils' or its corresponding type declarations.
src/views/portal/PortalHome.tsx(7,5): error TS17004: Cannot use JSX unless the '--jsx' flag is provided.
src/views/portal/PortalHome.tsx(9,7): error TS17004: Cannot use JSX unless the '--jsx' flag is provided.
src/views/portal/PortalHome.tsx(11,9): error TS17004: Cannot use JSX unless the '--jsx' flag is provided.
src/views/portal/PortalHome.tsx(12,11): error TS17004: Cannot use JSX unless the '--jsx' flag is provided.
src/views/portal/PortalHome.tsx(15,9): error TS17004: Cannot use JSX unless the '--jsx' flag is provided.
src/views/portal/PortalHome.tsx(16,11): error TS17004: Cannot use JSX unless the '--jsx' flag is provided.
src/views/portal/PortalHome.tsx(17,13): error TS17004: Cannot use JSX unless the '--jsx' flag is provided.
src/views/portal/PortalHome.tsx(18,13): error TS17004: Cannot use JSX unless the '--jsx' flag is provided.
src/views/portal/PortalHome.tsx(21,11): error TS17004: Cannot use JSX unless the '--jsx' flag is provided.
src/views/portal/PortalHome.tsx(22,13): error TS17004: Cannot use JSX unless the '--jsx' flag is provided.
src/views/portal/PortalHome.tsx(23,15): error TS17004: Cannot use JSX unless the '--jsx' flag is provided.
src/views/portal/PortalHome.tsx(24,15): error TS17004: Cannot use JSX unless the '--jsx' flag is provided.
src/views/portal/PortalHome.tsx(24,76): error TS17004: Cannot use JSX unless the '--jsx' flag is provided.
src/views/portal/PortalHome.tsx(26,13): error TS17004: Cannot use JSX unless the '--jsx' flag is provided.
src/views/portal/PortalHome.tsx(27,15): error TS17004: Cannot use JSX unless the '--jsx' flag is provided.
src/views/portal/PortalHome.tsx(31,11): error TS17004: Cannot use JSX unless the '--jsx' flag is provided.
src/views/portal/PortalHome.tsx(38,7): error TS17004: Cannot use JSX unless the '--jsx' flag is provided.
src/views/portal/PortalHome.tsx(43,11): error TS17004: Cannot use JSX unless the '--jsx' flag is provided.
src/views/portal/PortalHome.tsx(44,13): error TS17004: Cannot use JSX unless the '--jsx' flag is provided.
src/views/portal/PortalHome.tsx(45,15): error TS17004: Cannot use JSX unless the '--jsx' flag is provided.
src/views/portal/PortalHome.tsx(47,13): error TS17004: Cannot use JSX unless the '--jsx' flag is provided.
src/views/portal/PortalHome.tsx(48,15): error TS17004: Cannot use JSX unless the '--jsx' flag is provided.
src/views/portal/PortalHome.tsx(49,15): error TS17004: Cannot use JSX unless the '--jsx' flag is provided.
src/views/portal/PortalHome.tsx(56,7): error TS17004: Cannot use JSX unless the '--jsx' flag is provided.
src/views/portal/PortalHome.tsx(57,9): error TS17004: Cannot use JSX unless the '--jsx' flag is provided.
src/views/portal/PortalHome.tsx(58,9): error TS17004: Cannot use JSX unless the '--jsx' flag is provided.
src/views/portal/PortalHome.tsx(60,13): error TS17004: Cannot use JSX unless the '--jsx' flag is provided.
src/views/portal/PortalHome.tsx(61,15): error TS17004: Cannot use JSX unless the '--jsx' flag is provided.
src/views/portal/PortalHome.tsx(62,17): error TS17004: Cannot use JSX unless the '--jsx' flag is provided.
src/views/portal/PortalHome.tsx(64,15): error TS17004: Cannot use JSX unless the '--jsx' flag is provided.
src/views/portal/profile/Documents.tsx(1,8): error TS1259: Module '"C:/code_visual_xanh/lab60622/lab60622/node_modules/@types/react/index"' can only be default-imported using the 'esModuleInterop' flag
src/views/portal/profile/Documents.tsx(2,1): error TS6133: 'useQuery' is declared but its value is never read.
src/views/portal/profile/Documents.tsx(10,3): error TS6133: 'ArrowRight' is declared but its value is never read.
src/views/portal/profile/Documents.tsx(13,1): error TS6133: 'api' is declared but its value is never read.
src/views/portal/profile/Documents.tsx(13,17): error TS2307: Cannot find module '@/services/apiClient' or its corresponding type declarations.
src/views/portal/profile/Documents.tsx(14,32): error TS2307: Cannot find module '@/utils' or its corresponding type declarations.
src/views/portal/profile/Documents.tsx(15,1): error TS6133: 'Spinner' is declared but its value is never read.
src/views/portal/profile/Documents.tsx(15,25): error TS2307: Cannot find module '@/components/ui/Feedback' or its corresponding type declarations.
src/views/portal/profile/Documents.tsx(37,5): error TS17004: Cannot use JSX unless the '--jsx' flag is provided.
src/views/portal/profile/Documents.tsx(39,9): error TS17004: Cannot use JSX unless the '--jsx' flag is provided.
src/views/portal/profile/Documents.tsx(40,13): error TS17004: Cannot use JSX unless the '--jsx' flag is provided.
src/views/portal/profile/Documents.tsx(42,21): error TS17004: Cannot use JSX unless the '--jsx' flag is provided.
src/views/portal/profile/Documents.tsx(43,25): error TS17004: Cannot use JSX unless the '--jsx' flag is provided.
src/views/portal/profile/Documents.tsx(44,29): error TS17004: Cannot use JSX unless the '--jsx' flag is provided.
src/views/portal/profile/Documents.tsx(46,25): error TS17004: Cannot use JSX unless the '--jsx' flag is provided.
src/views/portal/profile/Documents.tsx(47,29): error TS17004: Cannot use JSX unless the '--jsx' flag is provided.
src/views/portal/profile/Documents.tsx(48,29): error TS17004: Cannot use JSX unless the '--jsx' flag is provided.
src/views/portal/profile/Documents.tsx(56,9): error TS17004: Cannot use JSX unless the '--jsx' flag is provided.
src/views/portal/profile/Documents.tsx(57,13): error TS17004: Cannot use JSX unless the '--jsx' flag is provided.
src/views/portal/profile/Documents.tsx(58,17): error TS17004: Cannot use JSX unless the '--jsx' flag is provided.
src/views/portal/profile/Documents.tsx(59,17): error TS17004: Cannot use JSX unless the '--jsx' flag is provided.
src/views/portal/profile/Documents.tsx(67,13): error TS17004: Cannot use JSX unless the '--jsx' flag is provided.
src/views/portal/profile/Documents.tsx(68,17): error TS17004: Cannot use JSX unless the '--jsx' flag is provided.
src/views/portal/profile/Documents.tsx(69,21): error TS17004: Cannot use JSX unless the '--jsx' flag is provided.
src/views/portal/profile/Documents.tsx(70,25): error TS17004: Cannot use JSX unless the '--jsx' flag is provided.
src/views/portal/profile/Documents.tsx(72,21): error TS17004: Cannot use JSX unless the '--jsx' flag is provided.
src/views/portal/profile/Documents.tsx(75,17): error TS17004: Cannot use JSX unless the '--jsx' flag is provided.
src/views/portal/profile/Documents.tsx(76,55): error TS17004: Cannot use JSX unless the '--jsx' flag is provided.
src/views/portal/profile/Documents.tsx(88,5): error TS17004: Cannot use JSX unless the '--jsx' flag is provided.
src/views/portal/profile/Documents.tsx(89,9): error TS17004: Cannot use JSX unless the '--jsx' flag is provided.
src/views/portal/profile/Documents.tsx(90,13): error TS17004: Cannot use JSX unless the '--jsx' flag is provided.
src/views/portal/profile/Documents.tsx(94,17): error TS17004: Cannot use JSX unless the '--jsx' flag is provided.
src/views/portal/profile/Documents.tsx(96,13): error TS17004: Cannot use JSX unless the '--jsx' flag is provided.
src/views/portal/profile/Documents.tsx(97,17): error TS17004: Cannot use JSX unless the '--jsx' flag is provided.
src/views/portal/profile/Documents.tsx(98,17): error TS17004: Cannot use JSX unless the '--jsx' flag is provided.
src/views/portal/profile/Documents.tsx(101,9): error TS17004: Cannot use JSX unless the '--jsx' flag is provided.
src/views/portal/profile/Documents.tsx(102,13): error TS17004: Cannot use JSX unless the '--jsx' flag is provided.
src/views/portal/profile/Profile.tsx(1,8): error TS1259: Module '"C:/code_visual_xanh/lab60622/lab60622/node_modules/@types/react/index"' can only be default-imported using the 'esModuleInterop' flag
src/views/portal/profile/Profile.tsx(12,3): error TS6133: 'Plus' is declared but its value is never read.
src/views/portal/profile/Profile.tsx(13,3): error TS6133: 'Trash2' is declared but its value is never read.
src/views/portal/profile/Profile.tsx(16,3): error TS6133: 'Phone' is declared but its value is never read.
src/views/portal/profile/Profile.tsx(17,3): error TS6133: 'Settings' is declared but its value is never read.
src/views/portal/profile/Profile.tsx(19,3): error TS6133: 'CreditCard' is declared but its value is never read.
src/views/portal/profile/Profile.tsx(30,3): error TS6133: 'FileText' is declared but its value is never read.
src/views/portal/profile/Profile.tsx(31,3): error TS6133: 'ArrowLeft' is declared but its value is never read.
src/views/portal/profile/Profile.tsx(36,1): error TS6133: 'format' is declared but its value is never read.
src/views/portal/profile/Profile.tsx(38,1): error TS6133: 'api' is declared but its value is never read.
src/views/portal/profile/Profile.tsx(38,17): error TS2307: Cannot find module '@/services/apiClient' or its corresponding type declarations.
src/views/portal/profile/Profile.tsx(39,34): error TS2307: Cannot find module '@/services/portalProfileService' or its corresponding type declarations.
src/views/portal/profile/Profile.tsx(40,14): error TS6133: 'formatVND' is declared but its value is never read.
src/views/portal/profile/Profile.tsx(40,31): error TS2307: Cannot find module '@/utils' or its corresponding type declarations.
src/views/portal/profile/Profile.tsx(41,26): error TS2307: Cannot find module '@/stores/authStore' or its corresponding type declarations.
src/views/portal/profile/Profile.tsx(42,28): error TS2307: Cannot find module '@/hooks/useConfirm' or its corresponding type declarations.
src/views/portal/profile/Profile.tsx(43,29): error TS2307: Cannot find module '@/components/portal/BottomSheet' or its corresponding type declarations.
src/views/portal/profile/Profile.tsx(44,39): error TS2307: Cannot find module '@/components/shared' or its corresponding type declarations.
src/views/portal/profile/Profile.tsx(45,1): error TS6133: 'PortalLayout' is declared but its value is never read.
src/views/portal/profile/Profile.tsx(45,26): error TS2307: Cannot find module '@/components/layout/PortalLayout' or its corresponding type declarations.
src/views/portal/profile/Profile.tsx(63,24): error TS2705: An async function or method in ES5 requires the 'Promise' constructor.  Make sure you have a declaration for the 'Promise' constructor or include 'ES2015' in your '--lib' option.
src/views/portal/profile/Profile.tsx(102,5): error TS17004: Cannot use JSX unless the '--jsx' flag is provided.
src/views/portal/profile/Profile.tsx(103,5): error TS17004: Cannot use JSX unless the '--jsx' flag is provided.
src/views/portal/profile/Profile.tsx(107,9): error TS17004: Cannot use JSX unless the '--jsx' flag is provided.
src/views/portal/profile/Profile.tsx(108,12): error TS17004: Cannot use JSX unless the '--jsx' flag is provided.
src/views/portal/profile/Profile.tsx(109,12): error TS17004: Cannot use JSX unless the '--jsx' flag is provided.
src/views/portal/profile/Profile.tsx(111,12): error TS17004: Cannot use JSX unless the '--jsx' flag is provided.
src/views/portal/profile/Profile.tsx(112,15): error TS17004: Cannot use JSX unless the '--jsx' flag is provided.
src/views/portal/profile/Profile.tsx(113,18): error TS17004: Cannot use JSX unless the '--jsx' flag is provided.
src/views/portal/profile/Profile.tsx(114,21): error TS17004: Cannot use JSX unless the '--jsx' flag is provided.
src/views/portal/profile/Profile.tsx(116,27): error TS17004: Cannot use JSX unless the '--jsx' flag is provided.
src/views/portal/profile/Profile.tsx(118,27): error TS17004: Cannot use JSX unless the '--jsx' flag is provided.
src/views/portal/profile/Profile.tsx(124,18): error TS17004: Cannot use JSX unless the '--jsx' flag is provided.
src/views/portal/profile/Profile.tsx(125,21): error TS17004: Cannot use JSX unless the '--jsx' flag is provided.
src/views/portal/profile/Profile.tsx(126,21): error TS17004: Cannot use JSX unless the '--jsx' flag is provided.
src/views/portal/profile/Profile.tsx(135,15): error TS17004: Cannot use JSX unless the '--jsx' flag is provided.
src/views/portal/profile/Profile.tsx(136,18): error TS17004: Cannot use JSX unless the '--jsx' flag is provided.
src/views/portal/profile/Profile.tsx(139,18): error TS17004: Cannot use JSX unless the '--jsx' flag is provided.
src/views/portal/profile/Profile.tsx(140,21): error TS17004: Cannot use JSX unless the '--jsx' flag is provided.
src/views/portal/profile/Profile.tsx(141,24): error TS17004: Cannot use JSX unless the '--jsx' flag is provided.
src/views/portal/profile/Profile.tsx(142,24): error TS17004: Cannot use JSX unless the '--jsx' flag is provided.
src/views/portal/profile/Profile.tsx(144,22): error TS17004: Cannot use JSX unless the '--jsx' flag is provided.
src/views/portal/profile/Profile.tsx(145,24): error TS17004: Cannot use JSX unless the '--jsx' flag is provided.
src/views/portal/profile/Profile.tsx(146,24): error TS17004: Cannot use JSX unless the '--jsx' flag is provided.
src/views/portal/profile/Profile.tsx(152,12): error TS17004: Cannot use JSX unless the '--jsx' flag is provided.
src/views/portal/profile/Profile.tsx(153,15): error TS17004: Cannot use JSX unless the '--jsx' flag is provided.
src/views/portal/profile/Profile.tsx(158,9): error TS17004: Cannot use JSX unless the '--jsx' flag is provided.
src/views/portal/profile/Profile.tsx(161,12): error TS17004: Cannot use JSX unless the '--jsx' flag is provided.
src/views/portal/profile/Profile.tsx(162,15): error TS17004: Cannot use JSX unless the '--jsx' flag is provided.
src/views/portal/profile/Profile.tsx(163,18): error TS17004: Cannot use JSX unless the '--jsx' flag is provided.
src/views/portal/profile/Profile.tsx(164,21): error TS17004: Cannot use JSX unless the '--jsx' flag is provided.
src/views/portal/profile/Profile.tsx(166,18): error TS17004: Cannot use JSX unless the '--jsx' flag is provided.
src/views/portal/profile/Profile.tsx(168,15): error TS17004: Cannot use JSX unless the '--jsx' flag is provided.
src/views/portal/profile/Profile.tsx(169,18): error TS17004: Cannot use JSX unless the '--jsx' flag is provided.
src/views/portal/profile/Profile.tsx(170,21): error TS17004: Cannot use JSX unless the '--jsx' flag is provided.
src/views/portal/profile/Profile.tsx(172,19): error TS17004: Cannot use JSX unless the '--jsx' flag is provided.
src/views/portal/profile/Profile.tsx(177,12): error TS17004: Cannot use JSX unless the '--jsx' flag is provided.
src/views/portal/profile/Profile.tsx(178,15): error TS17004: Cannot use JSX unless the '--jsx' flag is provided.
src/views/portal/profile/Profile.tsx(179,18): error TS17004: Cannot use JSX unless the '--jsx' flag is provided.
src/views/portal/profile/Profile.tsx(180,18): error TS17004: Cannot use JSX unless the '--jsx' flag is provided.
src/views/portal/profile/Profile.tsx(182,15): error TS17004: Cannot use JSX unless the '--jsx' flag is provided.
src/views/portal/profile/Profile.tsx(183,18): error TS17004: Cannot use JSX unless the '--jsx' flag is provided.
src/views/portal/profile/Profile.tsx(184,18): error TS17004: Cannot use JSX unless the '--jsx' flag is provided.
src/views/portal/profile/Profile.tsx(185,18): error TS17004: Cannot use JSX unless the '--jsx' flag is provided.
src/views/portal/profile/Profile.tsx(186,18): error TS17004: Cannot use JSX unless the '--jsx' flag is provided.
src/views/portal/profile/Profile.tsx(191,12): error TS17004: Cannot use JSX unless the '--jsx' flag is provided.
src/views/portal/profile/Profile.tsx(192,15): error TS17004: Cannot use JSX unless the '--jsx' flag is provided.
src/views/portal/profile/Profile.tsx(193,18): error TS17004: Cannot use JSX unless the '--jsx' flag is provided.
src/views/portal/profile/Profile.tsx(194,18): error TS17004: Cannot use JSX unless the '--jsx' flag is provided.
src/views/portal/profile/Profile.tsx(196,15): error TS17004: Cannot use JSX unless the '--jsx' flag is provided.
src/views/portal/profile/Profile.tsx(197,18): error TS17004: Cannot use JSX unless the '--jsx' flag is provided.
src/views/portal/profile/Profile.tsx(198,18): error TS17004: Cannot use JSX unless the '--jsx' flag is provided.
src/views/portal/profile/Profile.tsx(199,19): error TS17004: Cannot use JSX unless the '--jsx' flag is provided.
src/views/portal/profile/Profile.tsx(200,19): error TS17004: Cannot use JSX unless the '--jsx' flag is provided.
src/views/portal/profile/Profile.tsx(205,12): error TS17004: Cannot use JSX unless the '--jsx' flag is provided.
src/views/portal/profile/Profile.tsx(206,15): error TS17004: Cannot use JSX unless the '--jsx' flag is provided.
src/views/portal/profile/Profile.tsx(210,17): error TS17004: Cannot use JSX unless the '--jsx' flag is provided.
src/views/portal/profile/Profile.tsx(211,20): error TS17004: Cannot use JSX unless the '--jsx' flag is provided.
src/views/portal/profile/Profile.tsx(216,15): error TS17004: Cannot use JSX unless the '--jsx' flag is provided.
src/views/portal/profile/Profile.tsx(217,18): error TS17004: Cannot use JSX unless the '--jsx' flag is provided.
src/views/portal/profile/Profile.tsx(218,18): error TS17004: Cannot use JSX unless the '--jsx' flag is provided.
src/views/portal/profile/Profile.tsx(219,21): error TS17004: Cannot use JSX unless the '--jsx' flag is provided.
src/views/portal/profile/Profile.tsx(220,21): error TS17004: Cannot use JSX unless the '--jsx' flag is provided.
src/views/portal/profile/Profile.tsx(229,7): error TS17004: Cannot use JSX unless the '--jsx' flag is provided.
src/views/portal/profile/Profile.tsx(230,9): error TS17004: Cannot use JSX unless the '--jsx' flag is provided.
src/views/portal/profile/Profile.tsx(234,7): error TS17004: Cannot use JSX unless the '--jsx' flag is provided.
src/views/portal/profile/Profile.tsx(235,9): error TS17004: Cannot use JSX unless the '--jsx' flag is provided.
src/views/portal/profile/Profile.tsx(239,7): error TS17004: Cannot use JSX unless the '--jsx' flag is provided.
src/views/portal/profile/Profile.tsx(240,9): error TS17004: Cannot use JSX unless the '--jsx' flag is provided.
src/views/portal/profile/Profile.tsx(244,7): error TS17004: Cannot use JSX unless the '--jsx' flag is provided.
src/views/portal/profile/Profile.tsx(245,9): error TS17004: Cannot use JSX unless the '--jsx' flag is provided.
src/views/portal/profile/Profile.tsx(249,7): error TS17004: Cannot use JSX unless the '--jsx' flag is provided.
src/views/portal/profile/Profile.tsx(250,10): error TS17004: Cannot use JSX unless the '--jsx' flag is provided.
src/views/portal/profile/Profile.tsx(251,13): error TS17004: Cannot use JSX unless the '--jsx' flag is provided.
src/views/portal/profile/Profile.tsx(252,16): error TS17004: Cannot use JSX unless the '--jsx' flag is provided.
src/views/portal/profile/Profile.tsx(253,16): error TS17004: Cannot use JSX unless the '--jsx' flag is provided.
src/views/portal/profile/Profile.tsx(254,19): error TS17004: Cannot use JSX unless the '--jsx' flag is provided.
src/views/portal/profile/Profile.tsx(257,13): error TS17004: Cannot use JSX unless the '--jsx' flag is provided.
src/views/portal/profile/Profile.tsx(258,16): error TS17004: Cannot use JSX unless the '--jsx' flag is provided.
src/views/portal/profile/Profile.tsx(259,19): error TS17004: Cannot use JSX unless the '--jsx' flag is provided.
src/views/portal/profile/Profile.tsx(260,19): error TS17004: Cannot use JSX unless the '--jsx' flag is provided.
src/views/portal/profile/Profile.tsx(262,16): error TS17004: Cannot use JSX unless the '--jsx' flag is provided.
src/views/portal/profile/Profile.tsx(263,16): error TS17004: Cannot use JSX unless the '--jsx' flag is provided.
src/views/portal/profile/Profile.tsx(265,13): error TS17004: Cannot use JSX unless the '--jsx' flag is provided.
src/views/portal/profile/Profile.tsx(275,7): error TS17004: Cannot use JSX unless the '--jsx' flag is provided.
src/views/portal/profile/Profile.tsx(276,9): error TS17004: Cannot use JSX unless the '--jsx' flag is provided.
src/views/portal/profile/Profile.tsx(277,12): error TS17004: Cannot use JSX unless the '--jsx' flag is provided.
src/views/portal/profile/Profile.tsx(278,15): error TS17004: Cannot use JSX unless the '--jsx' flag is provided.
src/views/portal/profile/Profile.tsx(279,15): error TS17004: Cannot use JSX unless the '--jsx' flag is provided.
src/views/portal/profile/Profile.tsx(280,18): error TS17004: Cannot use JSX unless the '--jsx' flag is provided.
src/views/portal/profile/Profile.tsx(283,12): error TS17004: Cannot use JSX unless the '--jsx' flag is provided.
src/views/portal/profile/Profile.tsx(284,15): error TS17004: Cannot use JSX unless the '--jsx' flag is provided.
src/views/portal/profile/Profile.tsx(285,15): error TS17004: Cannot use JSX unless the '--jsx' flag is provided.
src/views/portal/profile/Profile.tsx(289,12): error TS17004: Cannot use JSX unless the '--jsx' flag is provided.
src/views/portal/profile/Profile.tsx(290,15): error TS17004: Cannot use JSX unless the '--jsx' flag is provided.
src/views/portal/profile/Profile.tsx(291,15): error TS17004: Cannot use JSX unless the '--jsx' flag is provided.
src/views/portal/profile/Profile.tsx(292,15): error TS17004: Cannot use JSX unless the '--jsx' flag is provided.
src/views/portal/profile/Profile.tsx(293,15): error TS17004: Cannot use JSX unless the '--jsx' flag is provided.
src/views/portal/profile/Profile.tsx(303,3): error TS17004: Cannot use JSX unless the '--jsx' flag is provided.
src/views/portal/profile/Profile.tsx(307,5): error TS17004: Cannot use JSX unless the '--jsx' flag is provided.
src/views/portal/profile/Profile.tsx(308,7): error TS17004: Cannot use JSX unless the '--jsx' flag is provided.
src/views/portal/profile/Profile.tsx(309,9): error TS17004: Cannot use JSX unless the '--jsx' flag is provided.
src/views/portal/profile/Profile.tsx(311,7): error TS17004: Cannot use JSX unless the '--jsx' flag is provided.
src/views/portal/profile/Profile.tsx(312,9): error TS17004: Cannot use JSX unless the '--jsx' flag is provided.
src/views/portal/profile/Profile.tsx(313,9): error TS17004: Cannot use JSX unless the '--jsx' flag is provided.
src/views/portal/profile/Profile.tsx(316,5): error TS17004: Cannot use JSX unless the '--jsx' flag is provided.
src/views/portal/profile/Profile.tsx(317,8): error TS17004: Cannot use JSX unless the '--jsx' flag is provided.
src/views/portal/profile/Profile.tsx(323,3): error TS17004: Cannot use JSX unless the '--jsx' flag is provided.
src/views/portal/profile/Profile.tsx(324,6): error TS17004: Cannot use JSX unless the '--jsx' flag is provided.
src/views/portal/profile/Profile.tsx(325,6): error TS17004: Cannot use JSX unless the '--jsx' flag is provided.
src/views/portal/profile/Profile.tsx(345,5): error TS17004: Cannot use JSX unless the '--jsx' flag is provided.
src/views/portal/profile/Profile.tsx(346,8): error TS17004: Cannot use JSX unless the '--jsx' flag is provided.
src/views/portal/profile/Profile.tsx(347,11): error TS17004: Cannot use JSX unless the '--jsx' flag is provided.
src/views/portal/profile/Profile.tsx(348,11): error TS17004: Cannot use JSX unless the '--jsx' flag is provided.
src/views/portal/profile/Profile.tsx(349,11): error TS17004: Cannot use JSX unless the '--jsx' flag is provided.
src/views/portal/profile/Profile.tsx(351,8): error TS17004: Cannot use JSX unless the '--jsx' flag is provided.
src/views/portal/profile/Profile.tsx(356,10): error TS17004: Cannot use JSX unless the '--jsx' flag is provided.
src/views/portal/profile/Profile.tsx(368,12): error TS17004: Cannot use JSX unless the '--jsx' flag is provided.
src/views/portal/profile/Profile.tsx(372,5): error TS17004: Cannot use JSX unless the '--jsx' flag is provided.
src/views/portal/profile/Profile.tsx(373,8): error TS17004: Cannot use JSX unless the '--jsx' flag is provided.
src/views/portal/profile/Profile.tsx(374,11): error TS17004: Cannot use JSX unless the '--jsx' flag is provided.
src/views/portal/profile/Profile.tsx(378,14): error TS17004: Cannot use JSX unless the '--jsx' flag is provided.
src/views/portal/profile/Profile.tsx(379,16): error TS17004: Cannot use JSX unless the '--jsx' flag is provided.
src/views/portal/profile/Profile.tsx(380,19): error TS17004: Cannot use JSX unless the '--jsx' flag is provided.
src/views/portal/profile/Profile.tsx(382,16): error TS17004: Cannot use JSX unless the '--jsx' flag is provided.
src/views/portal/profile/Profile.tsx(383,19): error TS17004: Cannot use JSX unless the '--jsx' flag is provided.
src/views/portal/profile/Profile.tsx(384,19): error TS17004: Cannot use JSX unless the '--jsx' flag is provided.
src/views/portal/profile/Profile.tsx(387,14): error TS17004: Cannot use JSX unless the '--jsx' flag is provided.
src/views/portal/profile/Profile.tsx(390,11): error TS17004: Cannot use JSX unless the '--jsx' flag is provided.
src/views/portal/profile/Profile.tsx(391,14): error TS17004: Cannot use JSX unless the '--jsx' flag is provided.
src/views/portal/profile/Profile.tsx(392,17): error TS17004: Cannot use JSX unless the '--jsx' flag is provided.
src/views/portal/profile/Profile.tsx(393,20): error TS17004: Cannot use JSX unless the '--jsx' flag is provided.
src/views/portal/profile/Profile.tsx(395,17): error TS17004: Cannot use JSX unless the '--jsx' flag is provided.
src/views/portal/profile/Profile.tsx(396,19): error TS17004: Cannot use JSX unless the '--jsx' flag is provided.
src/views/portal/profile/Profile.tsx(397,19): error TS17004: Cannot use JSX unless the '--jsx' flag is provided.
src/views/portal/profile/Profile.tsx(400,14): error TS17004: Cannot use JSX unless the '--jsx' flag is provided.
src/views/portal/profile/Profile.tsx(407,8): error TS17004: Cannot use JSX unless the '--jsx' flag is provided.
src/views/portal/profile/Profile.tsx(408,11): error TS17004: Cannot use JSX unless the '--jsx' flag is provided.
src/views/portal/profile/Profile.tsx(409,11): error TS17004: Cannot use JSX unless the '--jsx' flag is provided.
src/views/portal/profile/Profile.tsx(428,5): error TS17004: Cannot use JSX unless the '--jsx' flag is provided.
src/views/portal/profile/Profile.tsx(429,8): error TS17004: Cannot use JSX unless the '--jsx' flag is provided.
src/views/portal/profile/Profile.tsx(430,11): error TS17004: Cannot use JSX unless the '--jsx' flag is provided.
src/views/portal/profile/Profile.tsx(432,8): error TS17004: Cannot use JSX unless the '--jsx' flag is provided.
src/views/portal/profile/Profile.tsx(433,11): error TS17004: Cannot use JSX unless the '--jsx' flag is provided.
src/views/portal/profile/Profile.tsx(434,11): error TS17004: Cannot use JSX unless the '--jsx' flag is provided.
src/views/portal/profile/Profile.tsx(435,13): error TS17004: Cannot use JSX unless the '--jsx' flag is provided.
src/views/portal/profile/Profile.tsx(436,13): error TS17004: Cannot use JSX unless the '--jsx' flag is provided.
src/views/portal/profile/Profile.tsx(437,16): error TS17004: Cannot use JSX unless the '--jsx' flag is provided.
src/views/portal/profile/Profile.tsx(440,11): error TS17004: Cannot use JSX unless the '--jsx' flag is provided.
src/views/portal/profile/Profile.tsx(442,8): error TS17004: Cannot use JSX unless the '--jsx' flag is provided.
src/views/portal/profile/Profile.tsx(447,32): error TS17004: Cannot use JSX unless the '--jsx' flag is provided.
src/views/portal/profile/Profile.tsx(447,81): error TS17004: Cannot use JSX unless the '--jsx' flag is provided.
src/views/portal/profile/Profile.tsx(465,5): error TS17004: Cannot use JSX unless the '--jsx' flag is provided.
src/views/portal/profile/Profile.tsx(466,8): error TS17004: Cannot use JSX unless the '--jsx' flag is provided.
src/views/portal/profile/Profile.tsx(467,11): error TS17004: Cannot use JSX unless the '--jsx' flag is provided.
src/views/portal/profile/Profile.tsx(468,14): error TS17004: Cannot use JSX unless the '--jsx' flag is provided.
src/views/portal/profile/Profile.tsx(469,14): error TS17004: Cannot use JSX unless the '--jsx' flag is provided.
src/views/portal/profile/Profile.tsx(470,17): error TS17004: Cannot use JSX unless the '--jsx' flag is provided.
src/views/portal/profile/Profile.tsx(473,11): error TS17004: Cannot use JSX unless the '--jsx' flag is provided.
src/views/portal/profile/Profile.tsx(474,14): error TS17004: Cannot use JSX unless the '--jsx' flag is provided.
src/views/portal/profile/Profile.tsx(475,14): error TS17004: Cannot use JSX unless the '--jsx' flag is provided.
src/views/portal/profile/Profile.tsx(478,8): error TS17004: Cannot use JSX unless the '--jsx' flag is provided.
src/views/portal/profile/Profile.tsx(484,8): error TS17004: Cannot use JSX unless the '--jsx' flag is provided.
src/views/portal/profile/Profile.tsx(489,32): error TS17004: Cannot use JSX unless the '--jsx' flag is provided.
src/views/portal/profile/Profile.tsx(496,3): error TS17004: Cannot use JSX unless the '--jsx' flag is provided.
src/views/portal/profile/Profile.tsx(497,6): error TS17004: Cannot use JSX unless the '--jsx' flag is provided.
src/views/portal/profile/Profile.tsx(498,18): error TS17004: Cannot use JSX unless the '--jsx' flag is provided.
src/views/portal/profile/Profile.tsx(500,6): error TS17004: Cannot use JSX unless the '--jsx' flag is provided.
src/views/portal/profile/Profile.tsx(518,5): error TS17004: Cannot use JSX unless the '--jsx' flag is provided.
src/views/portal/profile/Profile.tsx(519,8): error TS17004: Cannot use JSX unless the '--jsx' flag is provided.
src/views/portal/profile/Profile.tsx(520,11): error TS17004: Cannot use JSX unless the '--jsx' flag is provided.
src/views/portal/profile/Profile.tsx(528,11): error TS17004: Cannot use JSX unless the '--jsx' flag is provided.
src/views/portal/profile/Profile.tsx(536,11): error TS17004: Cannot use JSX unless the '--jsx' flag is provided.
src/views/portal/profile/Profile.tsx(545,8): error TS17004: Cannot use JSX unless the '--jsx' flag is provided.
src/views/portal/profile/Profile.tsx(546,11): error TS17004: Cannot use JSX unless the '--jsx' flag is provided.
src/views/portal/profile/Profile.tsx(553,3): error TS17004: Cannot use JSX unless the '--jsx' flag is provided.
src/views/portal/profile/Profile.tsx(554,6): error TS17004: Cannot use JSX unless the '--jsx' flag is provided.
src/views/portal/profile/Profile.tsx(555,9): error TS17004: Cannot use JSX unless the '--jsx' flag is provided.
src/views/portal/profile/Profile.tsx(556,12): error TS17004: Cannot use JSX unless the '--jsx' flag is provided.
src/views/portal/profile/Profile.tsx(558,9): error TS17004: Cannot use JSX unless the '--jsx' flag is provided.
src/views/portal/profile/Profile.tsx(559,12): error TS17004: Cannot use JSX unless the '--jsx' flag is provided.
src/views/portal/profile/Profile.tsx(560,12): error TS17004: Cannot use JSX unless the '--jsx' flag is provided.
src/views/portal/profile/Profile.tsx(563,6): error TS17004: Cannot use JSX unless the '--jsx' flag is provided.
src/views/portal/profile/Profile.tsx(568,3): error TS17004: Cannot use JSX unless the '--jsx' flag is provided.
src/views/portal/profile/Profile.tsx(575,5): error TS17004: Cannot use JSX unless the '--jsx' flag is provided.
src/views/portal/services/ServiceRequests.tsx(1,8): error TS1259: Module '"C:/code_visual_xanh/lab60622/lab60622/node_modules/@types/react/index"' can only be default-imported using the 'esModuleInterop' flag
src/views/portal/services/ServiceRequests.tsx(15,3): error TS6133: 'CheckCircle2' is declared but its value is never read.
src/views/portal/services/ServiceRequests.tsx(19,20): error TS2307: Cannot find module '@/utils' or its corresponding type declarations.
src/views/portal/services/ServiceRequests.tsx(20,29): error TS2307: Cannot find module '@/components/portal/BottomSheet' or its corresponding type declarations.
src/views/portal/services/ServiceRequests.tsx(43,27): error TS2705: An async function or method in ES5 requires the 'Promise' constructor.  Make sure you have a declaration for the 'Promise' constructor or include 'ES2015' in your '--lib' option.
src/views/portal/services/ServiceRequests.tsx(46,15): error TS2585: 'Promise' only refers to a type, but is being used as a value here. Do you need to change your target library? Try changing the 'lib' compiler option to es2015 or later.
src/views/portal/services/ServiceRequests.tsx(46,23): error TS7006: Parameter 'r' implicitly has an 'any' type.
src/views/portal/services/ServiceRequests.tsx(52,24): error TS2705: An async function or method in ES5 requires the 'Promise' constructor.  Make sure you have a declaration for the 'Promise' constructor or include 'ES2015' in your '--lib' option.
src/views/portal/services/ServiceRequests.tsx(55,15): error TS2585: 'Promise' only refers to a type, but is being used as a value here. Do you need to change your target library? Try changing the 'lib' compiler option to es2015 or later.
src/views/portal/services/ServiceRequests.tsx(55,23): error TS7006: Parameter 'r' implicitly has an 'any' type.
src/views/portal/services/ServiceRequests.tsx(62,5): error TS17004: Cannot use JSX unless the '--jsx' flag is provided.
src/views/portal/services/ServiceRequests.tsx(64,7): error TS17004: Cannot use JSX unless the '--jsx' flag is provided.
src/views/portal/services/ServiceRequests.tsx(65,9): error TS17004: Cannot use JSX unless the '--jsx' flag is provided.
src/views/portal/services/ServiceRequests.tsx(66,11): error TS17004: Cannot use JSX unless the '--jsx' flag is provided.
src/views/portal/services/ServiceRequests.tsx(67,13): error TS17004: Cannot use JSX unless the '--jsx' flag is provided.
src/views/portal/services/ServiceRequests.tsx(68,15): error TS17004: Cannot use JSX unless the '--jsx' flag is provided.
src/views/portal/services/ServiceRequests.tsx(70,13): error TS17004: Cannot use JSX unless the '--jsx' flag is provided.
src/views/portal/services/ServiceRequests.tsx(72,11): error TS17004: Cannot use JSX unless the '--jsx' flag is provided.
src/views/portal/services/ServiceRequests.tsx(73,13): error TS17004: Cannot use JSX unless the '--jsx' flag is provided.
src/views/portal/services/ServiceRequests.tsx(78,9): error TS17004: Cannot use JSX unless the '--jsx' flag is provided.
src/views/portal/services/ServiceRequests.tsx(79,11): error TS17004: Cannot use JSX unless the '--jsx' flag is provided.
src/views/portal/services/ServiceRequests.tsx(88,11): error TS17004: Cannot use JSX unless the '--jsx' flag is provided.
src/views/portal/services/ServiceRequests.tsx(100,7): error TS17004: Cannot use JSX unless the '--jsx' flag is provided.
src/views/portal/services/ServiceRequests.tsx(104,11): error TS17004: Cannot use JSX unless the '--jsx' flag is provided.
src/views/portal/services/ServiceRequests.tsx(107,18): error TS17004: Cannot use JSX unless the '--jsx' flag is provided.
src/views/portal/services/ServiceRequests.tsx(108,21): error TS17004: Cannot use JSX unless the '--jsx' flag is provided.
src/views/portal/services/ServiceRequests.tsx(109,24): error TS17004: Cannot use JSX unless the '--jsx' flag is provided.
src/views/portal/services/ServiceRequests.tsx(110,27): error TS17004: Cannot use JSX unless the '--jsx' flag is provided.
src/views/portal/services/ServiceRequests.tsx(112,24): error TS17004: Cannot use JSX unless the '--jsx' flag is provided.
src/views/portal/services/ServiceRequests.tsx(113,27): error TS17004: Cannot use JSX unless the '--jsx' flag is provided.
src/views/portal/services/ServiceRequests.tsx(114,27): error TS17004: Cannot use JSX unless the '--jsx' flag is provided.
src/views/portal/services/ServiceRequests.tsx(115,30): error TS17004: Cannot use JSX unless the '--jsx' flag is provided.
src/views/portal/services/ServiceRequests.tsx(116,30): error TS17004: Cannot use JSX unless the '--jsx' flag is provided.
src/views/portal/services/ServiceRequests.tsx(120,21): error TS17004: Cannot use JSX unless the '--jsx' flag is provided.
src/views/portal/services/ServiceRequests.tsx(121,24): error TS17004: Cannot use JSX unless the '--jsx' flag is provided.
src/views/portal/services/ServiceRequests.tsx(128,17): error TS17004: Cannot use JSX unless the '--jsx' flag is provided.
src/views/portal/services/ServiceRequests.tsx(129,20): error TS17004: Cannot use JSX unless the '--jsx' flag is provided.
src/views/portal/services/ServiceRequests.tsx(130,20): error TS17004: Cannot use JSX unless the '--jsx' flag is provided.
src/views/portal/services/ServiceRequests.tsx(131,20): error TS17004: Cannot use JSX unless the '--jsx' flag is provided.
src/views/portal/services/ServiceRequests.tsx(139,11): error TS17004: Cannot use JSX unless the '--jsx' flag is provided.
src/views/portal/services/ServiceRequests.tsx(140,14): error TS17004: Cannot use JSX unless the '--jsx' flag is provided.
src/views/portal/services/ServiceRequests.tsx(141,17): error TS17004: Cannot use JSX unless the '--jsx' flag is provided.
src/views/portal/services/ServiceRequests.tsx(142,20): error TS17004: Cannot use JSX unless the '--jsx' flag is provided.
src/views/portal/services/ServiceRequests.tsx(144,17): error TS17004: Cannot use JSX unless the '--jsx' flag is provided.
src/views/portal/services/ServiceRequests.tsx(145,20): error TS17004: Cannot use JSX unless the '--jsx' flag is provided.
src/views/portal/services/ServiceRequests.tsx(146,20): error TS17004: Cannot use JSX unless the '--jsx' flag is provided.
src/views/portal/services/ServiceRequests.tsx(152,14): error TS17004: Cannot use JSX unless the '--jsx' flag is provided.
src/views/portal/services/ServiceRequests.tsx(154,18): error TS17004: Cannot use JSX unless the '--jsx' flag is provided.
src/views/portal/services/ServiceRequests.tsx(159,21): error TS17004: Cannot use JSX unless the '--jsx' flag is provided.
src/views/portal/services/ServiceRequests.tsx(160,24): error TS17004: Cannot use JSX unless the '--jsx' flag is provided.
src/views/portal/services/ServiceRequests.tsx(162,21): error TS17004: Cannot use JSX unless the '--jsx' flag is provided.
src/views/portal/services/ServiceRequests.tsx(163,24): error TS17004: Cannot use JSX unless the '--jsx' flag is provided.
src/views/portal/services/ServiceRequests.tsx(164,24): error TS17004: Cannot use JSX unless the '--jsx' flag is provided.
src/views/portal/services/ServiceRequests.tsx(165,26): error TS17004: Cannot use JSX unless the '--jsx' flag is provided.
src/views/portal/services/ServiceRequests.tsx(166,26): error TS17004: Cannot use JSX unless the '--jsx' flag is provided.
src/views/portal/services/ServiceRequests.tsx(169,21): error TS17004: Cannot use JSX unless the '--jsx' flag is provided.
src/views/portal/services/ServiceRequests.tsx(170,24): error TS17004: Cannot use JSX unless the '--jsx' flag is provided.
src/views/portal/services/ServiceRequests.tsx(171,24): error TS17004: Cannot use JSX unless the '--jsx' flag is provided.
src/views/portal/services/ServiceRequests.tsx(182,7): error TS17004: Cannot use JSX unless the '--jsx' flag is provided.
src/views/portal/services/ServiceRequests.tsx(184,11): error TS17004: Cannot use JSX unless the '--jsx' flag is provided.
src/views/portal/services/ServiceRequests.tsx(185,14): error TS17004: Cannot use JSX unless the '--jsx' flag is provided.
src/views/portal/services/ServiceRequests.tsx(186,17): error TS17004: Cannot use JSX unless the '--jsx' flag is provided.
src/views/portal/services/ServiceRequests.tsx(187,20): error TS17004: Cannot use JSX unless the '--jsx' flag is provided.
src/views/portal/services/ServiceRequests.tsx(189,17): error TS17004: Cannot use JSX unless the '--jsx' flag is provided.
src/views/portal/services/ServiceRequests.tsx(190,20): error TS17004: Cannot use JSX unless the '--jsx' flag is provided.
src/views/portal/services/ServiceRequests.tsx(191,20): error TS17004: Cannot use JSX unless the '--jsx' flag is provided.
src/views/portal/services/ServiceRequests.tsx(192,23): error TS17004: Cannot use JSX unless the '--jsx' flag is provided.
src/views/portal/services/ServiceRequests.tsx(193,23): error TS17004: Cannot use JSX unless the '--jsx' flag is provided.
src/views/portal/services/ServiceRequests.tsx(198,14): error TS17004: Cannot use JSX unless the '--jsx' flag is provided.
src/views/portal/services/ServiceRequests.tsx(199,17): error TS17004: Cannot use JSX unless the '--jsx' flag is provided.
src/views/portal/services/ServiceRequests.tsx(200,20): error TS17004: Cannot use JSX unless the '--jsx' flag is provided.
src/views/portal/services/ServiceRequests.tsx(201,20): error TS17004: Cannot use JSX unless the '--jsx' flag is provided.
src/views/portal/services/ServiceRequests.tsx(202,22): error TS17004: Cannot use JSX unless the '--jsx' flag is provided.
src/views/portal/services/ServiceRequests.tsx(203,22): error TS17004: Cannot use JSX unless the '--jsx' flag is provided.
src/views/portal/services/ServiceRequests.tsx(206,17): error TS17004: Cannot use JSX unless the '--jsx' flag is provided.
src/views/portal/services/ServiceRequests.tsx(211,14): error TS17004: Cannot use JSX unless the '--jsx' flag is provided.
src/views/portal/services/ServiceRequests.tsx(216,31): error TS17004: Cannot use JSX unless the '--jsx' flag is provided.
src/views/portal/services/ServiceRequests.tsx(223,7): error TS17004: Cannot use JSX unless the '--jsx' flag is provided.
src/views/portal/services/ServiceRequests.tsx(225,11): error TS17004: Cannot use JSX unless the '--jsx' flag is provided.
src/views/portal/services/ServiceRequests.tsx(226,14): error TS17004: Cannot use JSX unless the '--jsx' flag is provided.
src/views/portal/services/ServiceRequests.tsx(227,17): error TS17004: Cannot use JSX unless the '--jsx' flag is provided.
src/views/portal/services/ServiceRequests.tsx(229,14): error TS17004: Cannot use JSX unless the '--jsx' flag is provided.
src/views/portal/services/ServiceRequests.tsx(230,17): error TS17004: Cannot use JSX unless the '--jsx' flag is provided.
src/views/portal/services/ServiceRequests.tsx(231,17): error TS17004: Cannot use JSX unless the '--jsx' flag is provided.
src/views/portal/services/ServiceRequests.tsx(231,80): error TS17004: Cannot use JSX unless the '--jsx' flag is provided.
src/views/portal/services/ServiceRequests.tsx(234,14): error TS17004: Cannot use JSX unless the '--jsx' flag is provided.
src/views/portal/services/ServiceRequests.tsx(235,17): error TS17004: Cannot use JSX unless the '--jsx' flag is provided.
src/views/portal/services/ServiceRequests.tsx(242,17): error TS17004: Cannot use JSX unless the '--jsx' flag is provided.
src/views/portal/services/ServiceRequests.tsx(247,34): error TS17004: Cannot use JSX unless the '--jsx' flag is provided.
src/views/portal/tickets/CreateTicket.tsx(1,8): error TS1259: Module '"C:/code_visual_xanh/lab60622/lab60622/node_modules/@types/react/index"' can only be default-imported using the 'esModuleInterop' flag
src/views/portal/tickets/CreateTicket.tsx(4,39): error TS6133: 'ChevronRight' is declared but its value is never read.
src/views/portal/tickets/CreateTicket.tsx(7,20): error TS2307: Cannot find module '@/utils' or its corresponding type declarations.
src/views/portal/tickets/CreateTicket.tsx(37,12): error TS2550: Property 'includes' does not exist on type 'string[]'. Do you need to change your target library? Try changing the 'lib' compiler option to 'es2016' or later.
src/views/portal/tickets/CreateTicket.tsx(43,30): error TS2550: Property 'from' does not exist on type 'ArrayConstructor'. Do you need to change your target library? Try changing the 'lib' compiler option to 'es2015' or later.
src/views/portal/tickets/CreateTicket.tsx(44,42): error TS7006: Parameter 'f' implicitly has an 'any' type.
src/views/portal/tickets/CreateTicket.tsx(77,11): error TS6133: 'priority' is declared but its value is never read.
src/views/portal/tickets/CreateTicket.tsx(85,5): error TS17004: Cannot use JSX unless the '--jsx' flag is provided.
src/views/portal/tickets/CreateTicket.tsx(88,7): error TS17004: Cannot use JSX unless the '--jsx' flag is provided.
src/views/portal/tickets/CreateTicket.tsx(90,9): error TS17004: Cannot use JSX unless the '--jsx' flag is provided.
src/views/portal/tickets/CreateTicket.tsx(91,11): error TS17004: Cannot use JSX unless the '--jsx' flag is provided.
src/views/portal/tickets/CreateTicket.tsx(92,11): error TS17004: Cannot use JSX unless the '--jsx' flag is provided.
src/views/portal/tickets/CreateTicket.tsx(95,9): error TS17004: Cannot use JSX unless the '--jsx' flag is provided.
src/views/portal/tickets/CreateTicket.tsx(96,11): error TS17004: Cannot use JSX unless the '--jsx' flag is provided.
src/views/portal/tickets/CreateTicket.tsx(97,13): error TS17004: Cannot use JSX unless the '--jsx' flag is provided.
src/views/portal/tickets/CreateTicket.tsx(101,15): error TS17004: Cannot use JSX unless the '--jsx' flag is provided.
src/views/portal/tickets/CreateTicket.tsx(103,13): error TS17004: Cannot use JSX unless the '--jsx' flag is provided.
src/views/portal/tickets/CreateTicket.tsx(104,16): error TS17004: Cannot use JSX unless the '--jsx' flag is provided.
src/views/portal/tickets/CreateTicket.tsx(108,11): error TS17004: Cannot use JSX unless the '--jsx' flag is provided.
src/views/portal/tickets/CreateTicket.tsx(109,13): error TS17004: Cannot use JSX unless the '--jsx' flag is provided.
src/views/portal/tickets/CreateTicket.tsx(110,13): error TS17004: Cannot use JSX unless the '--jsx' flag is provided.
src/views/portal/tickets/CreateTicket.tsx(111,19): error TS17004: Cannot use JSX unless the '--jsx' flag is provided.
src/views/portal/tickets/CreateTicket.tsx(118,7): error TS17004: Cannot use JSX unless the '--jsx' flag is provided.
src/views/portal/tickets/CreateTicket.tsx(119,9): error TS17004: Cannot use JSX unless the '--jsx' flag is provided.
src/views/portal/tickets/CreateTicket.tsx(122,11): error TS17004: Cannot use JSX unless the '--jsx' flag is provided.
src/views/portal/tickets/CreateTicket.tsx(123,13): error TS17004: Cannot use JSX unless the '--jsx' flag is provided.
src/views/portal/tickets/CreateTicket.tsx(124,15): error TS17004: Cannot use JSX unless the '--jsx' flag is provided.
src/views/portal/tickets/CreateTicket.tsx(124,118): error TS17004: Cannot use JSX unless the '--jsx' flag is provided.
src/views/portal/tickets/CreateTicket.tsx(125,15): error TS17004: Cannot use JSX unless the '--jsx' flag is provided.
src/views/portal/tickets/CreateTicket.tsx(128,13): error TS17004: Cannot use JSX unless the '--jsx' flag is provided.
src/views/portal/tickets/CreateTicket.tsx(132,23): error TS6133: 'isCatEmergency' is declared but its value is never read.
src/views/portal/tickets/CreateTicket.tsx(135,19): error TS17004: Cannot use JSX unless the '--jsx' flag is provided.
src/views/portal/tickets/CreateTicket.tsx(146,21): error TS17004: Cannot use JSX unless the '--jsx' flag is provided.
src/views/portal/tickets/CreateTicket.tsx(150,23): error TS17004: Cannot use JSX unless the '--jsx' flag is provided.
src/views/portal/tickets/CreateTicket.tsx(152,21): error TS17004: Cannot use JSX unless the '--jsx' flag is provided.
src/views/portal/tickets/CreateTicket.tsx(153,24): error TS17004: Cannot use JSX unless the '--jsx' flag is provided.
src/views/portal/tickets/CreateTicket.tsx(158,26): error TS17004: Cannot use JSX unless the '--jsx' flag is provided.
src/views/portal/tickets/CreateTicket.tsx(162,23): error TS17004: Cannot use JSX unless the '--jsx' flag is provided.
src/views/portal/tickets/CreateTicket.tsx(170,11): error TS17004: Cannot use JSX unless the '--jsx' flag is provided.
src/views/portal/tickets/CreateTicket.tsx(173,11): error TS17004: Cannot use JSX unless the '--jsx' flag is provided.
src/views/portal/tickets/CreateTicket.tsx(174,13): error TS17004: Cannot use JSX unless the '--jsx' flag is provided.
src/views/portal/tickets/CreateTicket.tsx(177,13): error TS17004: Cannot use JSX unless the '--jsx' flag is provided.
src/views/portal/tickets/CreateTicket.tsx(178,16): error TS17004: Cannot use JSX unless the '--jsx' flag is provided.
src/views/portal/tickets/CreateTicket.tsx(179,16): error TS17004: Cannot use JSX unless the '--jsx' flag is provided.
src/views/portal/tickets/CreateTicket.tsx(189,13): error TS17004: Cannot use JSX unless the '--jsx' flag is provided.
src/views/portal/tickets/CreateTicket.tsx(190,16): error TS17004: Cannot use JSX unless the '--jsx' flag is provided.
src/views/portal/tickets/CreateTicket.tsx(191,16): error TS17004: Cannot use JSX unless the '--jsx' flag is provided.
src/views/portal/tickets/CreateTicket.tsx(202,11): error TS17004: Cannot use JSX unless the '--jsx' flag is provided.
src/views/portal/tickets/CreateTicket.tsx(203,14): error TS17004: Cannot use JSX unless the '--jsx' flag is provided.
src/views/portal/tickets/CreateTicket.tsx(204,16): error TS17004: Cannot use JSX unless the '--jsx' flag is provided.
src/views/portal/tickets/CreateTicket.tsx(205,16): error TS17004: Cannot use JSX unless the '--jsx' flag is provided.
src/views/portal/tickets/CreateTicket.tsx(207,14): error TS17004: Cannot use JSX unless the '--jsx' flag is provided.
src/views/portal/tickets/CreateTicket.tsx(209,20): error TS17004: Cannot use JSX unless the '--jsx' flag is provided.
src/views/portal/tickets/CreateTicket.tsx(210,23): error TS17004: Cannot use JSX unless the '--jsx' flag is provided.
src/views/portal/tickets/CreateTicket.tsx(211,26): error TS17004: Cannot use JSX unless the '--jsx' flag is provided.
src/views/portal/tickets/CreateTicket.tsx(212,26): error TS17004: Cannot use JSX unless the '--jsx' flag is provided.
src/views/portal/tickets/CreateTicket.tsx(214,23): error TS17004: Cannot use JSX unless the '--jsx' flag is provided.
src/views/portal/tickets/CreateTicket.tsx(215,26): error TS17004: Cannot use JSX unless the '--jsx' flag is provided.
src/views/portal/tickets/CreateTicket.tsx(216,26): error TS17004: Cannot use JSX unless the '--jsx' flag is provided.
src/views/portal/tickets/CreateTicket.tsx(221,17): error TS17004: Cannot use JSX unless the '--jsx' flag is provided.
src/views/portal/tickets/CreateTicket.tsx(222,17): error TS17004: Cannot use JSX unless the '--jsx' flag is provided.
src/views/portal/tickets/CreateTicket.tsx(225,20): error TS17004: Cannot use JSX unless the '--jsx' flag is provided.
src/views/portal/tickets/CreateTicket.tsx(226,23): error TS17004: Cannot use JSX unless the '--jsx' flag is provided.
src/views/portal/tickets/CreateTicket.tsx(227,23): error TS17004: Cannot use JSX unless the '--jsx' flag is provided.
src/views/portal/tickets/CreateTicket.tsx(228,26): error TS17004: Cannot use JSX unless the '--jsx' flag is provided.
src/views/portal/tickets/CreateTicket.tsx(235,11): error TS17004: Cannot use JSX unless the '--jsx' flag is provided.
src/views/portal/tickets/CreateTicket.tsx(238,11): error TS17004: Cannot use JSX unless the '--jsx' flag is provided.
src/views/portal/tickets/CreateTicket.tsx(239,14): error TS17004: Cannot use JSX unless the '--jsx' flag is provided.
src/views/portal/tickets/CreateTicket.tsx(240,16): error TS17004: Cannot use JSX unless the '--jsx' flag is provided.
src/views/portal/tickets/CreateTicket.tsx(241,16): error TS17004: Cannot use JSX unless the '--jsx' flag is provided.
src/views/portal/tickets/CreateTicket.tsx(243,14): error TS17004: Cannot use JSX unless the '--jsx' flag is provided.
src/views/portal/tickets/CreateTicket.tsx(245,53): error TS2550: Property 'includes' does not exist on type 'string[]'. Do you need to change your target library? Try changing the 'lib' compiler option to 'es2016' or later.
src/views/portal/tickets/CreateTicket.tsx(247,21): error TS17004: Cannot use JSX unless the '--jsx' flag is provided.
src/views/portal/tickets/CreateTicket.tsx(251,24): error TS17004: Cannot use JSX unless the '--jsx' flag is provided.
src/views/portal/tickets/CreateTicket.tsx(252,27): error TS17004: Cannot use JSX unless the '--jsx' flag is provided.
src/views/portal/tickets/CreateTicket.tsx(253,45): error TS17004: Cannot use JSX unless the '--jsx' flag is provided.
src/views/portal/tickets/CreateTicket.tsx(255,27): error TS17004: Cannot use JSX unless the '--jsx' flag is provided.
src/views/portal/tickets/CreateTicket.tsx(256,30): error TS17004: Cannot use JSX unless the '--jsx' flag is provided.
src/views/portal/tickets/CreateTicket.tsx(257,30): error TS17004: Cannot use JSX unless the '--jsx' flag is provided.
src/views/portal/tickets/CreateTicket.tsx(260,24): error TS17004: Cannot use JSX unless the '--jsx' flag is provided.
src/views/portal/tickets/CreateTicket.tsx(270,9): error TS17004: Cannot use JSX unless the '--jsx' flag is provided.
src/views/portal/tickets/CreateTicket.tsx(272,14): error TS17004: Cannot use JSX unless the '--jsx' flag is provided.
src/views/portal/tickets/CreateTicket.tsx(273,17): error TS17004: Cannot use JSX unless the '--jsx' flag is provided.
src/views/portal/tickets/CreateTicket.tsx(274,17): error TS17004: Cannot use JSX unless the '--jsx' flag is provided.
src/views/portal/tickets/CreateTicket.tsx(277,12): error TS17004: Cannot use JSX unless the '--jsx' flag is provided.
src/views/portal/tickets/CreateTicket.tsx(285,15): error TS17004: Cannot use JSX unless the '--jsx' flag is provided.
src/views/portal/tickets/CreateTicket.tsx(286,15): error TS17004: Cannot use JSX unless the '--jsx' flag is provided.
src/views/portal/tickets/TicketDetail.tsx(1,8): error TS1259: Module '"C:/code_visual_xanh/lab60622/lab60622/node_modules/@types/react/index"' can only be default-imported using the 'esModuleInterop' flag
src/views/portal/tickets/TicketDetail.tsx(4,31): error TS2307: Cannot find module '@/services/ticketService' or its corresponding type declarations.
src/views/portal/tickets/TicketDetail.tsx(5,39): error TS2307: Cannot find module '@/models/Ticket' or its corresponding type declarations.
src/views/portal/tickets/TicketDetail.tsx(6,20): error TS2307: Cannot find module '@/utils' or its corresponding type declarations.
src/views/portal/tickets/TicketDetail.tsx(17,23): error TS2705: An async function or method in ES5 requires the 'Promise' constructor.  Make sure you have a declaration for the 'Promise' constructor or include 'ES2015' in your '--lib' option.
src/views/portal/tickets/TicketDetail.tsx(21,49): error TS2585: 'Promise' only refers to a type, but is being used as a value here. Do you need to change your target library? Try changing the 'lib' compiler option to es2015 or later.
src/views/portal/tickets/TicketDetail.tsx(36,22): error TS2705: An async function or method in ES5 requires the 'Promise' constructor.  Make sure you have a declaration for the 'Promise' constructor or include 'ES2015' in your '--lib' option.
src/views/portal/tickets/TicketDetail.tsx(49,7): error TS17004: Cannot use JSX unless the '--jsx' flag is provided.
src/views/portal/tickets/TicketDetail.tsx(50,9): error TS17004: Cannot use JSX unless the '--jsx' flag is provided.
src/views/portal/tickets/TicketDetail.tsx(51,9): error TS17004: Cannot use JSX unless the '--jsx' flag is provided.
src/views/portal/tickets/TicketDetail.tsx(59,5): error TS17004: Cannot use JSX unless the '--jsx' flag is provided.
src/views/portal/tickets/TicketDetail.tsx(61,7): error TS17004: Cannot use JSX unless the '--jsx' flag is provided.
src/views/portal/tickets/TicketDetail.tsx(62,9): error TS17004: Cannot use JSX unless the '--jsx' flag is provided.
src/views/portal/tickets/TicketDetail.tsx(63,11): error TS17004: Cannot use JSX unless the '--jsx' flag is provided.
src/views/portal/tickets/TicketDetail.tsx(65,9): error TS17004: Cannot use JSX unless the '--jsx' flag is provided.
src/views/portal/tickets/TicketDetail.tsx(66,11): error TS17004: Cannot use JSX unless the '--jsx' flag is provided.
src/views/portal/tickets/TicketDetail.tsx(67,11): error TS17004: Cannot use JSX unless the '--jsx' flag is provided.
src/views/portal/tickets/TicketDetail.tsx(69,9): error TS17004: Cannot use JSX unless the '--jsx' flag is provided.
src/views/portal/tickets/TicketDetail.tsx(70,11): error TS17004: Cannot use JSX unless the '--jsx' flag is provided.
src/views/portal/tickets/TicketDetail.tsx(75,7): error TS17004: Cannot use JSX unless the '--jsx' flag is provided.
src/views/portal/tickets/TicketDetail.tsx(77,9): error TS17004: Cannot use JSX unless the '--jsx' flag is provided.
src/views/portal/tickets/TicketDetail.tsx(78,11): error TS17004: Cannot use JSX unless the '--jsx' flag is provided.
src/views/portal/tickets/TicketDetail.tsx(84,9): error TS17004: Cannot use JSX unless the '--jsx' flag is provided.
src/views/portal/tickets/TicketDetail.tsx(85,11): error TS17004: Cannot use JSX unless the '--jsx' flag is provided.
src/views/portal/tickets/TicketDetail.tsx(86,13): error TS17004: Cannot use JSX unless the '--jsx' flag is provided.
src/views/portal/tickets/TicketDetail.tsx(87,15): error TS17004: Cannot use JSX unless the '--jsx' flag is provided.
src/views/portal/tickets/TicketDetail.tsx(89,13): error TS17004: Cannot use JSX unless the '--jsx' flag is provided.
src/views/portal/tickets/TicketDetail.tsx(96,29): error TS6133: 'i' is declared but its value is never read.
src/views/portal/tickets/TicketDetail.tsx(99,13): error TS17004: Cannot use JSX unless the '--jsx' flag is provided.
src/views/portal/tickets/TicketDetail.tsx(104,17): error TS17004: Cannot use JSX unless the '--jsx' flag is provided.
src/views/portal/tickets/TicketDetail.tsx(105,19): error TS17004: Cannot use JSX unless the '--jsx' flag is provided.
src/views/portal/tickets/TicketDetail.tsx(108,15): error TS17004: Cannot use JSX unless the '--jsx' flag is provided.
src/views/portal/tickets/TicketDetail.tsx(109,17): error TS17004: Cannot use JSX unless the '--jsx' flag is provided.
src/views/portal/tickets/TicketDetail.tsx(115,31): error TS17004: Cannot use JSX unless the '--jsx' flag is provided.
src/views/portal/tickets/TicketDetail.tsx(116,19): error TS17004: Cannot use JSX unless the '--jsx' flag is provided.
src/views/portal/tickets/TicketDetail.tsx(118,17): error TS17004: Cannot use JSX unless the '--jsx' flag is provided.
src/views/portal/tickets/TicketDetail.tsx(130,11): error TS17004: Cannot use JSX unless the '--jsx' flag is provided.
src/views/portal/tickets/TicketDetail.tsx(131,14): error TS17004: Cannot use JSX unless the '--jsx' flag is provided.
src/views/portal/tickets/TicketDetail.tsx(132,16): error TS17004: Cannot use JSX unless the '--jsx' flag is provided.
src/views/portal/tickets/TicketDetail.tsx(134,14): error TS17004: Cannot use JSX unless the '--jsx' flag is provided.
src/views/portal/tickets/TicketDetail.tsx(141,9): error TS17004: Cannot use JSX unless the '--jsx' flag is provided.
src/views/portal/tickets/TicketDetail.tsx(142,11): error TS17004: Cannot use JSX unless the '--jsx' flag is provided.
src/views/portal/tickets/TicketDetail.tsx(143,13): error TS17004: Cannot use JSX unless the '--jsx' flag is provided.
src/views/portal/tickets/TicketDetail.tsx(144,15): error TS17004: Cannot use JSX unless the '--jsx' flag is provided.
src/views/portal/tickets/TicketDetail.tsx(146,13): error TS17004: Cannot use JSX unless the '--jsx' flag is provided.
src/views/portal/tickets/TicketDetail.tsx(154,13): error TS17004: Cannot use JSX unless the '--jsx' flag is provided.
src/views/portal/tickets/TicketDetail.tsx(164,15): error TS17004: Cannot use JSX unless the '--jsx' flag is provided.
src/views/portal/tickets/TicketDetail.tsx(167,11): error TS17004: Cannot use JSX unless the '--jsx' flag is provided.
src/views/portal/tickets/TicketDetail.tsx(168,14): error TS17004: Cannot use JSX unless the '--jsx' flag is provided.
src/views/portal/tickets/TicketList.tsx(1,8): error TS1259: Module '"C:/code_visual_xanh/lab60622/lab60622/node_modules/@types/react/index"' can only be default-imported using the 'esModuleInterop' flag
src/views/portal/tickets/TicketList.tsx(3,63): error TS6133: 'ArrowRight' is declared but its value is never read.
src/views/portal/tickets/TicketList.tsx(4,24): error TS2307: Cannot find module '@/components/ui/Button' or its corresponding type declarations.
src/views/portal/tickets/TicketList.tsx(5,31): error TS2307: Cannot find module '@/services/ticketService' or its corresponding type declarations.
src/views/portal/tickets/TicketList.tsx(6,24): error TS2307: Cannot find module '@/models/Ticket' or its corresponding type declarations.
src/views/portal/tickets/TicketList.tsx(7,20): error TS2307: Cannot find module '@/utils' or its corresponding type declarations.
src/views/portal/tickets/TicketList.tsx(18,26): error TS2705: An async function or method in ES5 requires the 'Promise' constructor.  Make sure you have a declaration for the 'Promise' constructor or include 'ES2015' in your '--lib' option.
src/views/portal/tickets/TicketList.tsx(59,9): error TS17004: Cannot use JSX unless the '--jsx' flag is provided.
src/views/portal/tickets/TicketList.tsx(60,11): error TS17004: Cannot use JSX unless the '--jsx' flag is provided.
src/views/portal/tickets/TicketList.tsx(70,7): error TS17004: Cannot use JSX unless the '--jsx' flag is provided.
src/views/portal/tickets/TicketList.tsx(74,9): error TS17004: Cannot use JSX unless the '--jsx' flag is provided.
src/views/portal/tickets/TicketList.tsx(87,7): error TS17004: Cannot use JSX unless the '--jsx' flag is provided.
src/views/portal/tickets/TicketList.tsx(88,9): error TS17004: Cannot use JSX unless the '--jsx' flag is provided.
src/views/portal/tickets/TicketList.tsx(89,9): error TS17004: Cannot use JSX unless the '--jsx' flag is provided.
src/views/portal/tickets/TicketList.tsx(90,11): error TS17004: Cannot use JSX unless the '--jsx' flag is provided.
src/views/portal/tickets/TicketList.tsx(97,5): error TS17004: Cannot use JSX unless the '--jsx' flag is provided.
src/views/portal/tickets/TicketList.tsx(100,7): error TS17004: Cannot use JSX unless the '--jsx' flag is provided.
src/views/portal/tickets/TicketList.tsx(102,9): error TS17004: Cannot use JSX unless the '--jsx' flag is provided.
src/views/portal/tickets/TicketList.tsx(103,11): error TS17004: Cannot use JSX unless the '--jsx' flag is provided.
src/views/portal/tickets/TicketList.tsx(104,11): error TS17004: Cannot use JSX unless the '--jsx' flag is provided.
src/views/portal/tickets/TicketList.tsx(107,9): error TS17004: Cannot use JSX unless the '--jsx' flag is provided.
src/views/portal/tickets/TicketList.tsx(108,11): error TS17004: Cannot use JSX unless the '--jsx' flag is provided.
src/views/portal/tickets/TicketList.tsx(109,13): error TS17004: Cannot use JSX unless the '--jsx' flag is provided.
src/views/portal/tickets/TicketList.tsx(110,15): error TS17004: Cannot use JSX unless the '--jsx' flag is provided.
src/views/portal/tickets/TicketList.tsx(111,15): error TS17004: Cannot use JSX unless the '--jsx' flag is provided.
src/views/portal/tickets/TicketList.tsx(112,24): error TS17004: Cannot use JSX unless the '--jsx' flag is provided.
src/views/portal/tickets/TicketList.tsx(115,13): error TS17004: Cannot use JSX unless the '--jsx' flag is provided.
src/views/portal/tickets/TicketList.tsx(119,15): error TS17004: Cannot use JSX unless the '--jsx' flag is provided.
src/views/portal/tickets/TicketList.tsx(124,11): error TS17004: Cannot use JSX unless the '--jsx' flag is provided.
src/views/portal/tickets/TicketList.tsx(132,17): error TS17004: Cannot use JSX unless the '--jsx' flag is provided.
src/views/portal/tickets/TicketList.tsx(140,19): error TS17004: Cannot use JSX unless the '--jsx' flag is provided.
src/views/portal/tickets/TicketList.tsx(142,21): error TS17004: Cannot use JSX unless the '--jsx' flag is provided.
src/views/portal/tickets/TicketList.tsx(149,32): error TS17004: Cannot use JSX unless the '--jsx' flag is provided.
src/views/portal/tickets/TicketList.tsx(158,7): error TS17004: Cannot use JSX unless the '--jsx' flag is provided.
src/views/portal/tickets/TicketList.tsx(166,15): error TS17004: Cannot use JSX unless the '--jsx' flag is provided.
src/views/portal/tickets/TicketList.tsx(173,17): error TS17004: Cannot use JSX unless the '--jsx' flag is provided.
src/views/portal/tickets/TicketList.tsx(174,20): error TS17004: Cannot use JSX unless the '--jsx' flag is provided.
src/views/portal/tickets/TicketList.tsx(175,20): error TS17004: Cannot use JSX unless the '--jsx' flag is provided.
src/views/portal/tickets/TicketList.tsx(178,17): error TS17004: Cannot use JSX unless the '--jsx' flag is provided.
src/views/portal/tickets/TicketList.tsx(180,19): error TS17004: Cannot use JSX unless the '--jsx' flag is provided.
src/views/portal/tickets/TicketList.tsx(181,22): error TS17004: Cannot use JSX unless the '--jsx' flag is provided.
src/views/portal/tickets/TicketList.tsx(182,25): error TS17004: Cannot use JSX unless the '--jsx' flag is provided.
src/views/portal/tickets/TicketList.tsx(184,22): error TS17004: Cannot use JSX unless the '--jsx' flag is provided.
src/views/portal/tickets/TicketList.tsx(185,25): error TS17004: Cannot use JSX unless the '--jsx' flag is provided.
src/views/portal/tickets/TicketList.tsx(186,25): error TS17004: Cannot use JSX unless the '--jsx' flag is provided.
src/views/portal/tickets/TicketList.tsx(196,19): error TS17004: Cannot use JSX unless the '--jsx' flag is provided.
src/views/portal/tickets/TicketList.tsx(197,21): error TS17004: Cannot use JSX unless the '--jsx' flag is provided.
src/views/portal/tickets/TicketList.tsx(198,21): error TS17004: Cannot use JSX unless the '--jsx' flag is provided.
src/views/portal/tickets/TicketList.tsx(199,24): error TS17004: Cannot use JSX unless the '--jsx' flag is provided.
src/views/portal/tickets/TicketList.tsx(200,27): error TS17004: Cannot use JSX unless the '--jsx' flag is provided.
src/views/portal/tickets/TicketList.tsx(201,30): error TS17004: Cannot use JSX unless the '--jsx' flag is provided.
src/views/portal/tickets/TicketList.tsx(203,34): error TS17004: Cannot use JSX unless the '--jsx' flag is provided.
src/views/portal/tickets/TicketList.tsx(205,34): error TS17004: Cannot use JSX unless the '--jsx' flag is provided.
src/views/portal/tickets/TicketList.tsx(207,32): error TS17004: Cannot use JSX unless the '--jsx' flag is provided.
src/views/portal/tickets/TicketList.tsx(209,30): error TS17004: Cannot use JSX unless the '--jsx' flag is provided.
src/views/portal/tickets/TicketList.tsx(210,32): error TS17004: Cannot use JSX unless the '--jsx' flag is provided.
src/views/portal/tickets/TicketList.tsx(211,32): error TS17004: Cannot use JSX unless the '--jsx' flag is provided.
src/views/portal/tickets/TicketList.tsx(217,27): error TS17004: Cannot use JSX unless the '--jsx' flag is provided.
src/views/portal/tickets/TicketList.tsx(218,30): error TS17004: Cannot use JSX unless the '--jsx' flag is provided.
src/views/portal/tickets/TicketList.tsx(219,30): error TS17004: Cannot use JSX unless the '--jsx' flag is provided.
src/views/portal/tickets/TicketList.tsx(229,21): error TS17004: Cannot use JSX unless the '--jsx' flag is provided.
src/views/portal/tickets/TicketList.tsx(235,25): error TS17004: Cannot use JSX unless the '--jsx' flag is provided.
src/views/portal/tickets/TicketList.tsx(239,28): error TS17004: Cannot use JSX unless the '--jsx' flag is provided.
src/views/portal/tickets/TicketList.tsx(244,25): error TS17004: Cannot use JSX unless the '--jsx' flag is provided.
src/views/portal/tickets/TicketList.tsx(245,34): error TS2550: Property 'from' does not exist on type 'ArrayConstructor'. Do you need to change your target library? Try changing the 'lib' compiler option to 'es2015' or later.
src/views/portal/tickets/TicketList.tsx(245,57): error TS7006: Parameter '_' implicitly has an 'any' type.
src/views/portal/tickets/TicketList.tsx(245,60): error TS7006: Parameter 'i' implicitly has an 'any' type.
src/views/portal/tickets/TicketList.tsx(246,30): error TS17004: Cannot use JSX unless the '--jsx' flag is provided.
src/views/portal/tickets/TicketList.tsx(251,23): error TS17004: Cannot use JSX unless the '--jsx' flag is provided.
src/views/portal/tickets/TicketList.tsx(252,25): error TS17004: Cannot use JSX unless the '--jsx' flag is provided.
src/views/portal/tickets/TicketList.tsx(261,11): error TS17004: Cannot use JSX unless the '--jsx' flag is provided.
src/views/portal/tickets/TicketList.tsx(262,13): error TS17004: Cannot use JSX unless the '--jsx' flag is provided.
src/views/portal/tickets/TicketList.tsx(263,16): error TS17004: Cannot use JSX unless the '--jsx' flag is provided.
src/views/portal/tickets/TicketList.tsx(264,16): error TS17004: Cannot use JSX unless the '--jsx' flag is provided.
src/views/portal/tickets/TicketList.tsx(265,19): error TS17004: Cannot use JSX unless the '--jsx' flag is provided.
src/views/portal/tickets/TicketList.tsx(268,13): error TS17004: Cannot use JSX unless the '--jsx' flag is provided.
src/views/portal/tickets/TicketList.tsx(269,15): error TS17004: Cannot use JSX unless the '--jsx' flag is provided.
src/views/portal/tickets/TicketList.tsx(270,15): error TS17004: Cannot use JSX unless the '--jsx' flag is provided.
src/views/portal/tickets/TicketList.tsx(274,13): error TS17004: Cannot use JSX unless the '--jsx' flag is provided.
src/views/portal/tickets/TicketList.tsx(280,7): error TS17004: Cannot use JSX unless the '--jsx' flag is provided.
src/views/portal/tickets/TicketList.tsx(281,9): error TS17004: Cannot use JSX unless the '--jsx' flag is provided.
src/views/portal/tickets/TicketList.tsx(285,11): error TS17004: Cannot use JSX unless the '--jsx' flag is provided.
src/views/portal/tickets/TicketList.tsx(286,11): error TS17004: Cannot use JSX unless the '--jsx' flag is provided.
src/views/portal/visitors/VisitorList.tsx(1,8): error TS1259: Module '"C:/code_visual_xanh/lab60622/lab60622/node_modules/@types/react/index"' can only be default-imported using the 'esModuleInterop' flag
src/views/portal/visitors/VisitorList.tsx(5,3): error TS6133: 'Clock' is declared but its value is never read.
src/views/portal/visitors/VisitorList.tsx(7,3): error TS6133: 'MoreVertical' is declared but its value is never read.
src/views/portal/visitors/VisitorList.tsx(8,3): error TS6133: 'CheckCircle2' is declared but its value is never read.
src/views/portal/visitors/VisitorList.tsx(9,3): error TS6133: 'XCircle' is declared but its value is never read.
src/views/portal/visitors/VisitorList.tsx(15,3): error TS6133: 'QrCode' is declared but its value is never read.
src/views/portal/visitors/VisitorList.tsx(18,20): error TS2307: Cannot find module '@/utils' or its corresponding type declarations.
src/views/portal/visitors/VisitorList.tsx(19,32): error TS2307: Cannot find module '@/services/visitorService' or its corresponding type declarations.
src/views/portal/visitors/VisitorList.tsx(20,40): error TS2307: Cannot find module '@/mocks/visitorMocks' or its corresponding type declarations.
src/views/portal/visitors/VisitorList.tsx(21,29): error TS2307: Cannot find module '@/components/portal/BottomSheet' or its corresponding type declarations.
src/views/portal/visitors/VisitorList.tsx(44,27): error TS2705: An async function or method in ES5 requires the 'Promise' constructor.  Make sure you have a declaration for the 'Promise' constructor or include 'ES2015' in your '--lib' option.
src/views/portal/visitors/VisitorList.tsx(109,7): error TS17004: Cannot use JSX unless the '--jsx' flag is provided.
src/views/portal/visitors/VisitorList.tsx(110,9): error TS17004: Cannot use JSX unless the '--jsx' flag is provided.
src/views/portal/visitors/VisitorList.tsx(111,9): error TS17004: Cannot use JSX unless the '--jsx' flag is provided.
src/views/portal/visitors/VisitorList.tsx(117,5): error TS17004: Cannot use JSX unless the '--jsx' flag is provided.
src/views/portal/visitors/VisitorList.tsx(119,7): error TS17004: Cannot use JSX unless the '--jsx' flag is provided.
src/views/portal/visitors/VisitorList.tsx(120,9): error TS17004: Cannot use JSX unless the '--jsx' flag is provided.
src/views/portal/visitors/VisitorList.tsx(121,11): error TS17004: Cannot use JSX unless the '--jsx' flag is provided.
src/views/portal/visitors/VisitorList.tsx(122,13): error TS17004: Cannot use JSX unless the '--jsx' flag is provided.
src/views/portal/visitors/VisitorList.tsx(124,11): error TS17004: Cannot use JSX unless the '--jsx' flag is provided.
src/views/portal/visitors/VisitorList.tsx(126,9): error TS17004: Cannot use JSX unless the '--jsx' flag is provided.
src/views/portal/visitors/VisitorList.tsx(130,11): error TS17004: Cannot use JSX unless the '--jsx' flag is provided.
src/views/portal/visitors/VisitorList.tsx(134,7): error TS17004: Cannot use JSX unless the '--jsx' flag is provided.
src/views/portal/visitors/VisitorList.tsx(136,9): error TS17004: Cannot use JSX unless the '--jsx' flag is provided.
src/views/portal/visitors/VisitorList.tsx(138,13): error TS17004: Cannot use JSX unless the '--jsx' flag is provided.
src/views/portal/visitors/VisitorList.tsx(154,9): error TS17004: Cannot use JSX unless the '--jsx' flag is provided.
src/views/portal/visitors/VisitorList.tsx(157,15): error TS17004: Cannot use JSX unless the '--jsx' flag is provided.
src/views/portal/visitors/VisitorList.tsx(158,17): error TS17004: Cannot use JSX unless the '--jsx' flag is provided.
src/views/portal/visitors/VisitorList.tsx(159,19): error TS17004: Cannot use JSX unless the '--jsx' flag is provided.
src/views/portal/visitors/VisitorList.tsx(160,21): error TS17004: Cannot use JSX unless the '--jsx' flag is provided.
src/views/portal/visitors/VisitorList.tsx(163,21): error TS17004: Cannot use JSX unless the '--jsx' flag is provided.
src/views/portal/visitors/VisitorList.tsx(164,23): error TS17004: Cannot use JSX unless the '--jsx' flag is provided.
src/views/portal/visitors/VisitorList.tsx(165,23): error TS17004: Cannot use JSX unless the '--jsx' flag is provided.
src/views/portal/visitors/VisitorList.tsx(166,25): error TS17004: Cannot use JSX unless the '--jsx' flag is provided.
src/views/portal/visitors/VisitorList.tsx(167,25): error TS17004: Cannot use JSX unless the '--jsx' flag is provided.
src/views/portal/visitors/VisitorList.tsx(171,19): error TS17004: Cannot use JSX unless the '--jsx' flag is provided.
src/views/portal/visitors/VisitorList.tsx(172,22): error TS17004: Cannot use JSX unless the '--jsx' flag is provided.
src/views/portal/visitors/VisitorList.tsx(183,17): error TS17004: Cannot use JSX unless the '--jsx' flag is provided.
src/views/portal/visitors/VisitorList.tsx(184,19): error TS17004: Cannot use JSX unless the '--jsx' flag is provided.
src/views/portal/visitors/VisitorList.tsx(185,21): error TS17004: Cannot use JSX unless the '--jsx' flag is provided.
src/views/portal/visitors/VisitorList.tsx(186,21): error TS17004: Cannot use JSX unless the '--jsx' flag is provided.
src/views/portal/visitors/VisitorList.tsx(187,23): error TS17004: Cannot use JSX unless the '--jsx' flag is provided.
src/views/portal/visitors/VisitorList.tsx(188,23): error TS17004: Cannot use JSX unless the '--jsx' flag is provided.
src/views/portal/visitors/VisitorList.tsx(189,23): error TS17004: Cannot use JSX unless the '--jsx' flag is provided.
src/views/portal/visitors/VisitorList.tsx(190,23): error TS17004: Cannot use JSX unless the '--jsx' flag is provided.
src/views/portal/visitors/VisitorList.tsx(195,21): error TS17004: Cannot use JSX unless the '--jsx' flag is provided.
src/views/portal/visitors/VisitorList.tsx(199,23): error TS17004: Cannot use JSX unless the '--jsx' flag is provided.
src/views/portal/visitors/VisitorList.tsx(200,23): error TS17004: Cannot use JSX unless the '--jsx' flag is provided.
src/views/portal/visitors/VisitorList.tsx(207,13): error TS17004: Cannot use JSX unless the '--jsx' flag is provided.
src/views/portal/visitors/VisitorList.tsx(208,15): error TS17004: Cannot use JSX unless the '--jsx' flag is provided.
src/views/portal/visitors/VisitorList.tsx(209,15): error TS17004: Cannot use JSX unless the '--jsx' flag is provided.
src/views/portal/visitors/VisitorList.tsx(215,9): error TS17004: Cannot use JSX unless the '--jsx' flag is provided.
src/views/portal/visitors/VisitorList.tsx(216,11): error TS17004: Cannot use JSX unless the '--jsx' flag is provided.
src/views/portal/visitors/VisitorList.tsx(217,13): error TS17004: Cannot use JSX unless the '--jsx' flag is provided.
src/views/portal/visitors/VisitorList.tsx(219,11): error TS17004: Cannot use JSX unless the '--jsx' flag is provided.
src/views/portal/visitors/VisitorList.tsx(220,13): error TS17004: Cannot use JSX unless the '--jsx' flag is provided.
src/views/portal/visitors/VisitorList.tsx(221,15): error TS17004: Cannot use JSX unless the '--jsx' flag is provided.
src/views/portal/visitors/VisitorList.tsx(222,15): error TS17004: Cannot use JSX unless the '--jsx' flag is provided.
src/views/portal/visitors/VisitorList.tsx(226,13): error TS17004: Cannot use JSX unless the '--jsx' flag is provided.
src/views/portal/visitors/VisitorList.tsx(231,15): error TS17004: Cannot use JSX unless the '--jsx' flag is provided.
src/views/portal/visitors/VisitorList.tsx(237,7): error TS17004: Cannot use JSX unless the '--jsx' flag is provided.
src/views/portal/visitors/VisitorList.tsx(238,9): error TS17004: Cannot use JSX unless the '--jsx' flag is provided.
src/views/portal/visitors/VisitorList.tsx(240,11): error TS17004: Cannot use JSX unless the '--jsx' flag is provided.
src/views/portal/visitors/VisitorList.tsx(241,13): error TS17004: Cannot use JSX unless the '--jsx' flag is provided.
src/views/portal/visitors/VisitorList.tsx(242,15): error TS17004: Cannot use JSX unless the '--jsx' flag is provided.
src/views/portal/visitors/VisitorList.tsx(242,119): error TS17004: Cannot use JSX unless the '--jsx' flag is provided.
src/views/portal/visitors/VisitorList.tsx(243,15): error TS17004: Cannot use JSX unless the '--jsx' flag is provided.
src/views/portal/visitors/VisitorList.tsx(249,13): error TS17004: Cannot use JSX unless the '--jsx' flag is provided.
src/views/portal/visitors/VisitorList.tsx(250,16): error TS17004: Cannot use JSX unless the '--jsx' flag is provided.
src/views/portal/visitors/VisitorList.tsx(251,18): error TS17004: Cannot use JSX unless the '--jsx' flag is provided.
src/views/portal/visitors/VisitorList.tsx(251,116): error TS17004: Cannot use JSX unless the '--jsx' flag is provided.
src/views/portal/visitors/VisitorList.tsx(252,18): error TS17004: Cannot use JSX unless the '--jsx' flag is provided.
src/views/portal/visitors/VisitorList.tsx(257,16): error TS17004: Cannot use JSX unless the '--jsx' flag is provided.
src/views/portal/visitors/VisitorList.tsx(258,18): error TS17004: Cannot use JSX unless the '--jsx' flag is provided.
src/views/portal/visitors/VisitorList.tsx(259,18): error TS17004: Cannot use JSX unless the '--jsx' flag is provided.
src/views/portal/visitors/VisitorList.tsx(266,13): error TS17004: Cannot use JSX unless the '--jsx' flag is provided.
src/views/portal/visitors/VisitorList.tsx(267,16): error TS17004: Cannot use JSX unless the '--jsx' flag is provided.
src/views/portal/visitors/VisitorList.tsx(268,18): error TS17004: Cannot use JSX unless the '--jsx' flag is provided.
src/views/portal/visitors/VisitorList.tsx(268,115): error TS17004: Cannot use JSX unless the '--jsx' flag is provided.
src/views/portal/visitors/VisitorList.tsx(269,18): error TS17004: Cannot use JSX unless the '--jsx' flag is provided.
src/views/portal/visitors/VisitorList.tsx(274,16): error TS17004: Cannot use JSX unless the '--jsx' flag is provided.
src/views/portal/visitors/VisitorList.tsx(275,18): error TS17004: Cannot use JSX unless the '--jsx' flag is provided.
src/views/portal/visitors/VisitorList.tsx(275,114): error TS17004: Cannot use JSX unless the '--jsx' flag is provided.
src/views/portal/visitors/VisitorList.tsx(276,18): error TS17004: Cannot use JSX unless the '--jsx' flag is provided.
src/views/portal/visitors/VisitorList.tsx(283,13): error TS17004: Cannot use JSX unless the '--jsx' flag is provided.
src/views/portal/visitors/VisitorList.tsx(284,15): error TS17004: Cannot use JSX unless the '--jsx' flag is provided.
src/views/portal/visitors/VisitorList.tsx(285,15): error TS17004: Cannot use JSX unless the '--jsx' flag is provided.
src/views/portal/visitors/VisitorList.tsx(286,18): error TS17004: Cannot use JSX unless the '--jsx' flag is provided.
src/views/portal/visitors/VisitorList.tsx(287,18): error TS17004: Cannot use JSX unless the '--jsx' flag is provided.
src/views/portal/visitors/VisitorList.tsx(291,13): error TS17004: Cannot use JSX unless the '--jsx' flag is provided.
src/views/portal/visitors/VisitorList.tsx(292,15): error TS17004: Cannot use JSX unless the '--jsx' flag is provided.
src/views/portal/visitors/VisitorList.tsx(293,15): error TS17004: Cannot use JSX unless the '--jsx' flag is provided.
src/views/portal/visitors/VisitorList.tsx(300,11): error TS17004: Cannot use JSX unless the '--jsx' flag is provided.
src/views/portal/visitors/VisitorList.tsx(301,13): error TS17004: Cannot use JSX unless the '--jsx' flag is provided.
src/views/portal/visitors/VisitorList.tsx(306,15): error TS17004: Cannot use JSX unless the '--jsx' flag is provided.
src/views/public/LandingPage.tsx(1,8): error TS1259: Module '"C:/code_visual_xanh/lab60622/lab60622/node_modules/@types/react/index"' can only be default-imported using the 'esModuleInterop' flag
src/views/public/LandingPage.tsx(1,27): error TS6133: 'useEffect' is declared but its value is never read.
src/views/public/LandingPage.tsx(3,21): error TS6133: 'CheckCircle2' is declared but its value is never read.
src/views/public/LandingPage.tsx(4,8): error TS6133: 'BarChart3' is declared but its value is never read.
src/views/public/LandingPage.tsx(4,34): error TS6133: 'Plus' is declared but its value is never read.
src/views/public/LandingPage.tsx(7,44): error TS6142: Module '../layouts/PublicComponents' was resolved to 'C:/code_visual_xanh/lab60622/lab60622/src/views/layouts/PublicComponents.tsx', but '--jsx' is not set.
src/views/public/LandingPage.tsx(8,29): error TS2307: Cannot find module '@/components/ui/StatusBadge' or its corresponding type declarations.
src/views/public/LandingPage.tsx(9,20): error TS2307: Cannot find module '@/utils' or its corresponding type declarations.
src/views/public/LandingPage.tsx(12,3): error TS17004: Cannot use JSX unless the '--jsx' flag is provided.
src/views/public/LandingPage.tsx(13,5): error TS17004: Cannot use JSX unless the '--jsx' flag is provided.
src/views/public/LandingPage.tsx(14,7): error TS17004: Cannot use JSX unless the '--jsx' flag is provided.
src/views/public/LandingPage.tsx(16,5): error TS17004: Cannot use JSX unless the '--jsx' flag is provided.
src/views/public/LandingPage.tsx(17,5): error TS17004: Cannot use JSX unless the '--jsx' flag is provided.
src/views/public/LandingPage.tsx(24,5): error TS17004: Cannot use JSX unless the '--jsx' flag is provided.
src/views/public/LandingPage.tsx(25,7): error TS17004: Cannot use JSX unless the '--jsx' flag is provided.
src/views/public/LandingPage.tsx(29,9): error TS17004: Cannot use JSX unless the '--jsx' flag is provided.
src/views/public/LandingPage.tsx(30,19): error TS17004: Cannot use JSX unless the '--jsx' flag is provided.
src/views/public/LandingPage.tsx(30,45): error TS17004: Cannot use JSX unless the '--jsx' flag is provided.
src/views/public/LandingPage.tsx(32,7): error TS17004: Cannot use JSX unless the '--jsx' flag is provided.
src/views/public/LandingPage.tsx(36,9): error TS17004: Cannot use JSX unless the '--jsx' flag is provided.
src/views/public/LandingPage.tsx(43,3): error TS17004: Cannot use JSX unless the '--jsx' flag is provided.
src/views/public/LandingPage.tsx(44,5): error TS17004: Cannot use JSX unless the '--jsx' flag is provided.
src/views/public/LandingPage.tsx(45,7): error TS17004: Cannot use JSX unless the '--jsx' flag is provided.
src/views/public/LandingPage.tsx(47,5): error TS17004: Cannot use JSX unless the '--jsx' flag is provided.
src/views/public/LandingPage.tsx(48,7): error TS17004: Cannot use JSX unless the '--jsx' flag is provided.
src/views/public/LandingPage.tsx(49,35): error TS17004: Cannot use JSX unless the '--jsx' flag is provided.
src/views/public/LandingPage.tsx(51,7): error TS17004: Cannot use JSX unless the '--jsx' flag is provided.
src/views/public/LandingPage.tsx(52,7): error TS17004: Cannot use JSX unless the '--jsx' flag is provided.
src/views/public/LandingPage.tsx(53,9): error TS17004: Cannot use JSX unless the '--jsx' flag is provided.
src/views/public/LandingPage.tsx(54,9): error TS17004: Cannot use JSX unless the '--jsx' flag is provided.
src/views/public/LandingPage.tsx(71,5): error TS17004: Cannot use JSX unless the '--jsx' flag is provided.
src/views/public/LandingPage.tsx(72,7): error TS17004: Cannot use JSX unless the '--jsx' flag is provided.
src/views/public/LandingPage.tsx(75,7): error TS17004: Cannot use JSX unless the '--jsx' flag is provided.
src/views/public/LandingPage.tsx(76,9): error TS17004: Cannot use JSX unless the '--jsx' flag is provided.
src/views/public/LandingPage.tsx(77,9): error TS17004: Cannot use JSX unless the '--jsx' flag is provided.
src/views/public/LandingPage.tsx(78,11): error TS17004: Cannot use JSX unless the '--jsx' flag is provided.
src/views/public/LandingPage.tsx(79,13): error TS17004: Cannot use JSX unless the '--jsx' flag is provided.
src/views/public/LandingPage.tsx(80,13): error TS17004: Cannot use JSX unless the '--jsx' flag is provided.
src/views/public/LandingPage.tsx(81,31): error TS17004: Cannot use JSX unless the '--jsx' flag is provided.
src/views/public/LandingPage.tsx(81,38): error TS17004: Cannot use JSX unless the '--jsx' flag is provided.
src/views/public/LandingPage.tsx(81,91): error TS17004: Cannot use JSX unless the '--jsx' flag is provided.
src/views/public/LandingPage.tsx(83,13): error TS17004: Cannot use JSX unless the '--jsx' flag is provided.
src/views/public/LandingPage.tsx(86,13): error TS17004: Cannot use JSX unless the '--jsx' flag is provided.
src/views/public/LandingPage.tsx(87,15): error TS17004: Cannot use JSX unless the '--jsx' flag is provided.
src/views/public/LandingPage.tsx(88,34): error TS17004: Cannot use JSX unless the '--jsx' flag is provided.
src/views/public/LandingPage.tsx(90,15): error TS17004: Cannot use JSX unless the '--jsx' flag is provided.
src/views/public/LandingPage.tsx(95,11): error TS17004: Cannot use JSX unless the '--jsx' flag is provided.
src/views/public/LandingPage.tsx(96,13): error TS17004: Cannot use JSX unless the '--jsx' flag is provided.
src/views/public/LandingPage.tsx(97,15): error TS17004: Cannot use JSX unless the '--jsx' flag is provided.
src/views/public/LandingPage.tsx(98,15): error TS17004: Cannot use JSX unless the '--jsx' flag is provided.
src/views/public/LandingPage.tsx(109,7): error TS17004: Cannot use JSX unless the '--jsx' flag is provided.
src/views/public/LandingPage.tsx(110,9): error TS17004: Cannot use JSX unless the '--jsx' flag is provided.
src/views/public/LandingPage.tsx(111,11): error TS17004: Cannot use JSX unless the '--jsx' flag is provided.
src/views/public/LandingPage.tsx(118,15): error TS17004: Cannot use JSX unless the '--jsx' flag is provided.
src/views/public/LandingPage.tsx(119,17): error TS17004: Cannot use JSX unless the '--jsx' flag is provided.
src/views/public/LandingPage.tsx(120,19): error TS17004: Cannot use JSX unless the '--jsx' flag is provided.
src/views/public/LandingPage.tsx(122,17): error TS17004: Cannot use JSX unless the '--jsx' flag is provided.
src/views/public/LandingPage.tsx(123,17): error TS17004: Cannot use JSX unless the '--jsx' flag is provided.
src/views/public/LandingPage.tsx(131,7): error TS17004: Cannot use JSX unless the '--jsx' flag is provided.
src/views/public/LandingPage.tsx(132,9): error TS17004: Cannot use JSX unless the '--jsx' flag is provided.
src/views/public/LandingPage.tsx(133,11): error TS17004: Cannot use JSX unless the '--jsx' flag is provided.
src/views/public/LandingPage.tsx(134,13): error TS17004: Cannot use JSX unless the '--jsx' flag is provided.
src/views/public/LandingPage.tsx(135,13): error TS17004: Cannot use JSX unless the '--jsx' flag is provided.
src/views/public/LandingPage.tsx(136,13): error TS17004: Cannot use JSX unless the '--jsx' flag is provided.
src/views/public/LandingPage.tsx(138,11): error TS17004: Cannot use JSX unless the '--jsx' flag is provided.
src/views/public/LandingPage.tsx(139,13): error TS17004: Cannot use JSX unless the '--jsx' flag is provided.
src/views/public/LandingPage.tsx(140,13): error TS17004: Cannot use JSX unless the '--jsx' flag is provided.
src/views/public/LandingPage.tsx(141,13): error TS17004: Cannot use JSX unless the '--jsx' flag is provided.
src/views/public/LandingPage.tsx(142,13): error TS17004: Cannot use JSX unless the '--jsx' flag is provided.
src/views/public/LandingPage.tsx(143,13): error TS17004: Cannot use JSX unless the '--jsx' flag is provided.
src/views/public/LandingPage.tsx(144,13): error TS17004: Cannot use JSX unless the '--jsx' flag is provided.
src/views/public/LandingPage.tsx(150,7): error TS17004: Cannot use JSX unless the '--jsx' flag is provided.
src/views/public/LandingPage.tsx(151,9): error TS17004: Cannot use JSX unless the '--jsx' flag is provided.
src/views/public/LandingPage.tsx(152,11): error TS17004: Cannot use JSX unless the '--jsx' flag is provided.
src/views/public/LandingPage.tsx(153,13): error TS17004: Cannot use JSX unless the '--jsx' flag is provided.
src/views/public/LandingPage.tsx(155,11): error TS17004: Cannot use JSX unless the '--jsx' flag is provided.
src/views/public/LandingPage.tsx(156,13): error TS17004: Cannot use JSX unless the '--jsx' flag is provided.
src/views/public/LandingPage.tsx(162,15): error TS17004: Cannot use JSX unless the '--jsx' flag is provided.
src/views/public/LandingPage.tsx(163,17): error TS17004: Cannot use JSX unless the '--jsx' flag is provided.
src/views/public/LandingPage.tsx(164,19): error TS17004: Cannot use JSX unless the '--jsx' flag is provided.
src/views/public/LandingPage.tsx(166,17): error TS17004: Cannot use JSX unless the '--jsx' flag is provided.
src/views/public/LandingPage.tsx(167,17): error TS17004: Cannot use JSX unless the '--jsx' flag is provided.
src/views/public/LandingPage.tsx(168,17): error TS17004: Cannot use JSX unless the '--jsx' flag is provided.
src/views/public/LandingPage.tsx(176,7): error TS17004: Cannot use JSX unless the '--jsx' flag is provided.
src/views/public/LandingPage.tsx(177,9): error TS17004: Cannot use JSX unless the '--jsx' flag is provided.
src/views/public/LandingPage.tsx(178,11): error TS17004: Cannot use JSX unless the '--jsx' flag is provided.
src/views/public/LandingPage.tsx(179,13): error TS17004: Cannot use JSX unless the '--jsx' flag is provided.
src/views/public/LandingPage.tsx(180,13): error TS17004: Cannot use JSX unless the '--jsx' flag is provided.
src/views/public/LandingPage.tsx(186,17): error TS17004: Cannot use JSX unless the '--jsx' flag is provided.
src/views/public/LandingPage.tsx(199,11): error TS17004: Cannot use JSX unless the '--jsx' flag is provided.
src/views/public/LandingPage.tsx(200,13): error TS17004: Cannot use JSX unless the '--jsx' flag is provided.
src/views/public/LandingPage.tsx(201,15): error TS17004: Cannot use JSX unless the '--jsx' flag is provided.
src/views/public/LandingPage.tsx(202,17): error TS17004: Cannot use JSX unless the '--jsx' flag is provided.
src/views/public/LandingPage.tsx(203,17): error TS17004: Cannot use JSX unless the '--jsx' flag is provided.
src/views/public/LandingPage.tsx(204,17): error TS17004: Cannot use JSX unless the '--jsx' flag is provided.
src/views/public/LandingPage.tsx(206,15): error TS17004: Cannot use JSX unless the '--jsx' flag is provided.
src/views/public/LandingPage.tsx(207,17): error TS17004: Cannot use JSX unless the '--jsx' flag is provided.
src/views/public/LandingPage.tsx(219,7): error TS17004: Cannot use JSX unless the '--jsx' flag is provided.
src/views/public/LandingPage.tsx(220,9): error TS17004: Cannot use JSX unless the '--jsx' flag is provided.
src/views/public/LandingPage.tsx(221,11): error TS17004: Cannot use JSX unless the '--jsx' flag is provided.
src/views/public/LandingPage.tsx(222,13): error TS17004: Cannot use JSX unless the '--jsx' flag is provided.
src/views/public/LandingPage.tsx(224,11): error TS17004: Cannot use JSX unless the '--jsx' flag is provided.
src/views/public/LandingPage.tsx(225,13): error TS17004: Cannot use JSX unless the '--jsx' flag is provided.
src/views/public/LandingPage.tsx(231,13): error TS17004: Cannot use JSX unless the '--jsx' flag is provided.
src/views/public/LandingPage.tsx(237,13): error TS17004: Cannot use JSX unless the '--jsx' flag is provided.
src/views/public/LandingPage.tsx(248,7): error TS17004: Cannot use JSX unless the '--jsx' flag is provided.
src/views/public/LandingPage.tsx(249,9): error TS17004: Cannot use JSX unless the '--jsx' flag is provided.
src/views/public/LandingPage.tsx(250,11): error TS17004: Cannot use JSX unless the '--jsx' flag is provided.
src/views/public/LandingPage.tsx(251,13): error TS17004: Cannot use JSX unless the '--jsx' flag is provided.
src/views/public/LandingPage.tsx(252,13): error TS17004: Cannot use JSX unless the '--jsx' flag is provided.
src/views/public/LandingPage.tsx(254,17): error TS17004: Cannot use JSX unless the '--jsx' flag is provided.
src/views/public/LandingPage.tsx(267,11): error TS17004: Cannot use JSX unless the '--jsx' flag is provided.
src/views/public/LandingPage.tsx(269,15): error TS17004: Cannot use JSX unless the '--jsx' flag is provided.
src/views/public/LandingPage.tsx(270,17): error TS17004: Cannot use JSX unless the '--jsx' flag is provided.
src/views/public/LandingPage.tsx(271,17): error TS17004: Cannot use JSX unless the '--jsx' flag is provided.
src/views/public/LandingPage.tsx(275,15): error TS17004: Cannot use JSX unless the '--jsx' flag is provided.
src/views/public/LandingPage.tsx(276,17): error TS17004: Cannot use JSX unless the '--jsx' flag is provided.
src/views/public/LandingPage.tsx(277,17): error TS17004: Cannot use JSX unless the '--jsx' flag is provided.
src/views/public/LandingPage.tsx(281,15): error TS17004: Cannot use JSX unless the '--jsx' flag is provided.
src/views/public/LandingPage.tsx(282,17): error TS17004: Cannot use JSX unless the '--jsx' flag is provided.
src/views/public/LandingPage.tsx(283,17): error TS17004: Cannot use JSX unless the '--jsx' flag is provided.
src/views/public/LandingPage.tsx(290,7): error TS17004: Cannot use JSX unless the '--jsx' flag is provided.
tsconfig.app.json(2,14): error TS6053: File '@vue/tsconfig/tsconfig.dom.json' not found.
